 tbb

 Timestamp is 5057888e (Tue Sep 18 04:31:10 2012)

 Preferred load address is 10000000

 Start         Length     Name                   Class
 0001:00000000 00019674H .text                   CODE
 0001:00019680 00000c93H .text$x                 CODE
 0001:0001a320 00000026H .text$yc                CODE
 0001:0001a350 0000000aH .text$yd                CODE
 0002:00000000 000001c4H .idata$5                DATA
 0002:000001c4 00000004H .CRT$XCA                DATA
 0002:000001c8 00000008H .CRT$XCU                DATA
 0002:000001d0 00000004H .CRT$XCZ                DATA
 0002:000001d4 00000004H .CRT$XIA                DATA
 0002:000001d8 00000004H .CRT$XIAA               DATA
 0002:000001dc 00000004H .CRT$XIZ                DATA
 0002:000001e0 000025a8H .rdata                  DATA
 0002:00002788 00000061H .rdata$debug            DATA
 0002:000027ec 00000d68H .rdata$r                DATA
 0002:00003554 00000004H .rtc$IAA                DATA
 0002:00003558 00000004H .rtc$IZZ                DATA
 0002:0000355c 00000004H .rtc$TAA                DATA
 0002:00003560 00000004H .rtc$TZZ                DATA
 0002:00003568 000012acH .xdata$x                DATA
 0002:00004814 0000003cH .idata$2                DATA
 0002:00004850 00000014H .idata$3                DATA
 0002:00004864 000001c4H .idata$4                DATA
 0002:00004a28 000008b2H .idata$6                DATA
 0002:000052e0 000034ddH .edata                  DATA
 0003:00000000 00001518H .data                   DATA
 0003:00001518 00002738H .bss                    DATA
 0004:00000000 00000058H .rsrc$01                DATA
 0004:00000060 00000890H .rsrc$02                DATA

  Address         Publics by Value              Rva+Base       Lib:Object

 0000:00000000       __except_list              00000000     <absolute>
 0000:00000000       ___safe_se_handler_count   00000000     <absolute>
 0000:00000000       ___safe_se_handler_table   00000000     <absolute>
 0000:00009876       __fltused                  00009876     <absolute>
 0000:00009876       __ldused                   00009876     <absolute>
 0000:00000000       ___ImageBase               10000000     <linker-defined>
 0001:00000000       ?size_t_select@internal@tbb@@YAII_K@Z 10001000 f i concurrent_hash_map.obj
 0001:00000010       ??_H@YGXPAXIHP6EPAX0@Z@Z   10001010 f i concurrent_hash_map.obj
 0001:00000040       ?load_with_acquire@?$machine_load_store@H$03@internal@tbb@@SAHADH@Z 10001040 f i concurrent_hash_map.obj
 0001:00000050       ??$__TBB_load_with_acquire@H@internal@tbb@@YAHADH@Z 10001050 f i concurrent_hash_map.obj
 0001:00000060       ??B?$atomic_impl@I@internal@tbb@@QDEIXZ 10001060 f i concurrent_hash_map.obj
 0001:00000070       ?internal_grow_predicate@hash_map_segment_base@internal@tbb@@QBE_NXZ 10001070 f   concurrent_hash_map.obj
 0001:00000090       ??0no_copy@internal@tbb@@QAE@XZ 10001090 f i concurrent_queue.obj
 0001:00000130       ?atomic_fence@tbb@@YAXXZ   10001130 f i concurrent_queue.obj
 0001:00000140       ??0atomic_backoff@internal@tbb@@QAE@XZ 10001140 f i concurrent_queue.obj
 0001:00000150       ?pause@atomic_backoff@internal@tbb@@QAEXXZ 10001150 f i concurrent_queue.obj
 0001:00000180       ?__TBB_TryLockByte@@YA_NAAE@Z 10001180 f i concurrent_queue.obj
 0001:000001b0       ?__TBB_LockByte@@YAEAAE@Z  100011b0 f i concurrent_queue.obj
 0001:00000220       ??2@YAPAXIPAX@Z            10001220 f i concurrent_queue.obj
 0001:00000230       ??3@YAXPAX0@Z              10001230 f i concurrent_queue.obj
 0001:00000240       ?throw_exception@internal@tbb@@YAXW4exception_id@12@@Z 10001240 f i concurrent_queue.obj
 0001:00000250       ??0spin_mutex@tbb@@QAE@XZ  10001250 f i concurrent_queue.obj
 0001:00000260       ??0scoped_lock@spin_mutex@tbb@@QAE@AAV12@@Z 10001260 f i concurrent_queue.obj
 0001:00000280       ??0node_t@circular_doubly_linked_list_with_sentinel@internal@tbb@@QAE@XZ 10001280 f i concurrent_queue.obj
 0001:00000290       ??1circular_doubly_linked_list_with_sentinel@internal@tbb@@QAE@XZ 10001290 f i concurrent_queue.obj
 0001:000002a0       ?size@circular_doubly_linked_list_with_sentinel@internal@tbb@@QBEIXZ 100012a0 f i concurrent_queue.obj
 0001:000002b0       ?empty@circular_doubly_linked_list_with_sentinel@internal@tbb@@QBE_NXZ 100012b0 f i concurrent_queue.obj
 0001:000002c0       ?front@circular_doubly_linked_list_with_sentinel@internal@tbb@@QBEPAUnode_t@123@XZ 100012c0 f i concurrent_queue.obj
 0001:000002d0       ?last@circular_doubly_linked_list_with_sentinel@internal@tbb@@QBEPAUnode_t@123@XZ 100012d0 f i concurrent_queue.obj
 0001:000002e0       ?end@circular_doubly_linked_list_with_sentinel@internal@tbb@@QBEPBUnode_t@123@XZ 100012e0 f i concurrent_queue.obj
 0001:000002f0       ?abort_all@concurrent_monitor@internal@tbb@@QAEXXZ 100012f0 f i concurrent_queue.obj
 0001:00000300       ?to_thread_context@concurrent_monitor@internal@tbb@@AAEPAVthread_context@123@PAUnode_t@circular_doubly_linked_list_with_sentinel@23@@Z 10001300 f i concurrent_queue.obj
 0001:00000310       ??_Gbinary_semaphore@internal@tbb@@QAEPAXI@Z 10001310 f i concurrent_queue.obj
 0001:00000330       ??0micro_queue_pop_finalizer@internal@tbb@@QAE@AAUmicro_queue@12@AAVconcurrent_queue_base_v3@12@IPAUpage@412@@Z 10001330 f i concurrent_queue.obj
 0001:00000350       ??0predicate_leq@internal@tbb@@QAE@I@Z 10001350 f i concurrent_queue.obj
 0001:00000360       ??Rpredicate_leq@internal@tbb@@QBE_NI@Z 10001360 f i concurrent_queue.obj
 0001:00000370       ?index@concurrent_queue_rep@internal@tbb@@SAII@Z 10001370 f i concurrent_queue.obj
 0001:00000380       ?choose@concurrent_queue_rep@internal@tbb@@QAEAAUmicro_queue@23@I@Z 10001380 f i concurrent_queue.obj
 0001:000003a0       ?make_copy@micro_queue@internal@tbb@@QAEPAUpage@concurrent_queue_base_v3@23@AAV523@PBU4523@IIAAI@Z 100013a0 f   concurrent_queue.obj
 0001:00000410       ?internal_abort@concurrent_queue_base_v3@internal@tbb@@IAEXXZ 10001410 f   concurrent_queue.obj
 0001:00000430       ?internal_set_capacity@concurrent_queue_base_v3@internal@tbb@@IAEXHI@Z 10001430 f   concurrent_queue.obj
 0001:00000450       ?internal_throw_exception@concurrent_queue_base_v3@internal@tbb@@IBEXXZ 10001450 f   concurrent_queue.obj
 0001:00000460       ?store@?$machine_load_store_relaxed@I$03@internal@tbb@@SAXACII@Z 10001460 f i concurrent_queue.obj
 0001:00000470       ??0?$cache_aligned_allocator@Vconcurrent_queue_rep@internal@tbb@@@tbb@@QAE@XZ 10001470 f i concurrent_queue.obj
 0001:00000480       ?allocate@?$cache_aligned_allocator@Vconcurrent_queue_rep@internal@tbb@@@tbb@@QAEPAVconcurrent_queue_rep@internal@2@IPBX@Z 10001480 f i concurrent_queue.obj
 0001:000004a0       ?deallocate@?$cache_aligned_allocator@Vconcurrent_queue_rep@internal@tbb@@@tbb@@QAEXPAVconcurrent_queue_rep@internal@2@I@Z 100014a0 f i concurrent_queue.obj
 0001:000004b0       ??0?$cache_aligned_allocator@Vconcurrent_queue_iterator_rep@internal@tbb@@@tbb@@QAE@XZ 100014b0 f i concurrent_queue.obj
 0001:000004c0       ?allocate@?$cache_aligned_allocator@Vconcurrent_queue_iterator_rep@internal@tbb@@@tbb@@QAEPAVconcurrent_queue_iterator_rep@internal@2@IPBX@Z 100014c0 f i concurrent_queue.obj
 0001:000004e0       ?deallocate@?$cache_aligned_allocator@Vconcurrent_queue_iterator_rep@internal@tbb@@@tbb@@QAEXPAVconcurrent_queue_iterator_rep@internal@2@I@Z 100014e0 f i concurrent_queue.obj
 0001:000004f0       ??$__TBB_store_relaxed@IH@internal@tbb@@YAXACIH@Z 100014f0 f i concurrent_queue.obj
 0001:00000500       ??$punned_cast@PAVbinary_semaphore@internal@tbb@@V?$aligned_space@Vbinary_semaphore@internal@tbb@@$00@3@@internal@tbb@@YAPAVbinary_semaphore@01@PAV?$aligned_space@Vbinary_semaphore@internal@tbb@@$00@1@@Z 10001500 f i concurrent_queue.obj
 0001:00000510       ?load@?$machine_load_store_relaxed@I$03@internal@tbb@@SAIADI@Z 10001510 f i concurrent_queue.obj
 0001:00000520       ?store_with_release@?$machine_load_store@E$00@internal@tbb@@SAXACEE@Z 10001520 f i concurrent_queue.obj
 0001:00000530       ?store_with_release@?$machine_load_store@H$03@internal@tbb@@SAXACHH@Z 10001530 f i concurrent_queue.obj
 0001:00000540       ?compare_and_swap@?$atomic_traits@$03$0A@@internal@tbb@@SAHPCXHH@Z 10001540 f i concurrent_queue.obj
 0001:00000570       ?fetch_and_add@?$atomic_traits@$03$0A@@internal@tbb@@SAHPCXH@Z 10001570 f i concurrent_queue.obj
 0001:00000590       ?store_with_release@?$machine_load_store@C$00@internal@tbb@@SAXACCC@Z 10001590 f i concurrent_queue.obj
 0001:000005a0       ?__TBB_store_relaxed@internal@tbb@@YAXACII@Z 100015a0 f i concurrent_queue.obj
 0001:000005b0       ?clear@circular_doubly_linked_list_with_sentinel@internal@tbb@@QAEXXZ 100015b0 f i concurrent_queue.obj
 0001:000005c0       ??1concurrent_queue_base_v3@internal@tbb@@MAE@XZ 100015c0 f   concurrent_queue.obj
 0001:000005e0       ?assign@concurrent_queue_iterator_base_v3@internal@tbb@@IAEXABV123@@Z 100015e0 f   concurrent_queue.obj
 0001:00000650       ??1concurrent_queue_iterator_base_v3@internal@tbb@@IAE@XZ 10001650 f   concurrent_queue.obj
 0001:00000670       ?begin@?$aligned_space@Vbinary_semaphore@internal@tbb@@$00@tbb@@QAEPAVbinary_semaphore@internal@2@XZ 10001670 f i concurrent_queue.obj
 0001:00000680       ??$__TBB_store_with_release@EE@internal@tbb@@YAXACEE@Z 10001680 f i concurrent_queue.obj
 0001:00000690       ??$__TBB_load_relaxed@I@internal@tbb@@YAIADI@Z 10001690 f i concurrent_queue.obj
 0001:000006a0       ??$__TBB_store_with_release@HH@internal@tbb@@YAXACHH@Z 100016a0 f i concurrent_queue.obj
 0001:000006b0       ??$compare_and_swap@$0A@@?$atomic_impl@I@internal@tbb@@QAEIII@Z 100016b0 f i concurrent_queue.obj
 0001:000006f0       ??$__TBB_store_with_release@CC@internal@tbb@@YAXACCC@Z 100016f0 f i concurrent_queue.obj
 0001:00000700       ??$fetch_and_add@$0A@@?$atomic_impl_with_arithmetic@IID@internal@tbb@@QAEII@Z 10001700 f i concurrent_queue.obj
 0001:00000720       ??1scoped_lock@spin_mutex@tbb@@QAE@XZ 10001720 f i concurrent_queue.obj
 0001:00000730       ??0circular_doubly_linked_list_with_sentinel@internal@tbb@@QAE@XZ 10001730 f i concurrent_queue.obj
 0001:00000750       ?add@circular_doubly_linked_list_with_sentinel@internal@tbb@@QAEXPAUnode_t@123@@Z 10001750 f i concurrent_queue.obj
 0001:00000770       ?remove@circular_doubly_linked_list_with_sentinel@internal@tbb@@QAEXAAUnode_t@123@@Z 10001770 f i concurrent_queue.obj
 0001:00000790       ?semaphore@thread_context@concurrent_monitor@internal@tbb@@QAEAAVbinary_semaphore@34@XZ 10001790 f i concurrent_queue.obj
 0001:000007a0       ??0concurrent_monitor@internal@tbb@@QAE@XZ 100017a0 f i concurrent_queue.obj
 0001:000007d0       ?commit_wait@concurrent_monitor@internal@tbb@@QAE_NAAVthread_context@123@@Z 100017d0 f i concurrent_queue.obj
 0001:00000810       ??0concurrent_queue_base_v3@internal@tbb@@IAE@I@Z 10001810 f   concurrent_queue.obj
 0001:000008e0       ??_Gconcurrent_queue_base_v3@internal@tbb@@MAEPAXI@Z 100018e0 f i concurrent_queue.obj
 0001:000008e0       ??_Econcurrent_queue_base_v3@internal@tbb@@MAEPAXI@Z 100018e0 f i concurrent_queue.obj
 0001:00000910       ?compare_and_swap@?$atomic_impl@I@internal@tbb@@QAEIII@Z 10001910 f i concurrent_queue.obj
 0001:00000950       ?store_with_release@?$atomic_impl@I@internal@tbb@@IAEII@Z 10001950 f i concurrent_queue.obj
 0001:00000960       ??B?$atomic_impl@PAUpage@concurrent_queue_base_v3@internal@tbb@@@internal@tbb@@QDEPAUpage@concurrent_queue_base_v3@12@XZ 10001960 f i concurrent_queue.obj
 0001:00000970       ?fetch_and_add@?$atomic_impl_with_arithmetic@IID@internal@tbb@@QAEII@Z 10001970 f i concurrent_queue.obj
 0001:00000990       ?store_with_release@?$atomic_impl@_N@internal@tbb@@IAE_N_N@Z 10001990 f i concurrent_queue.obj
 0001:000009a0       ?store_with_release@?$atomic_impl@PAUpage@concurrent_queue_base_v3@internal@tbb@@@internal@tbb@@IAEPAUpage@concurrent_queue_base_v3@23@PAU4523@@Z 100019a0 f i concurrent_queue.obj
 0001:000009b0       ??$spin_wait_until_eq@U?$atomic@I@tbb@@I@internal@tbb@@YAXADU?$atomic@I@1@I@Z 100019b0 f i concurrent_queue.obj
 0001:00000a00       ??$spin_wait_while_eq@U?$atomic@I@tbb@@I@internal@tbb@@YAXADU?$atomic@I@1@I@Z 10001a00 f i concurrent_queue.obj
 0001:00000a50       ??4?$atomic@I@tbb@@QAEII@Z 10001a50 f i concurrent_queue.obj
 0001:00000a60       ??4?$atomic@I@tbb@@QAEAAU01@ABU01@@Z 10001a60 f i concurrent_queue.obj
 0001:00000a70       ??1thread_context@concurrent_monitor@internal@tbb@@QAE@XZ 10001a70 f i concurrent_queue.obj
 0001:00000aa0       ?internal_size@concurrent_queue_base_v3@internal@tbb@@IBEHXZ 10001aa0 f   concurrent_queue.obj
 0001:00000ac0       ?internal_empty@concurrent_queue_base_v3@internal@tbb@@IBE_NXZ 10001ac0 f   concurrent_queue.obj
 0001:00000b00       ??0concurrent_queue_iterator_rep@internal@tbb@@QAE@ABVconcurrent_queue_base_v3@12@I@Z 10001b00 f i concurrent_queue.obj
 0001:00000b50       ?get_item@concurrent_queue_iterator_rep@internal@tbb@@QAE_NAAPAXI@Z 10001b50 f i concurrent_queue.obj
 0001:00000bc0       ?advance@concurrent_queue_iterator_base_v3@internal@tbb@@IAEXXZ 10001bc0 f   concurrent_queue.obj
 0001:00000c10       ??Y?$atomic_impl_with_arithmetic@IID@internal@tbb@@QAEII@Z 10001c10 f i concurrent_queue.obj
 0001:00000c40       ??E?$atomic_impl_with_arithmetic@IID@internal@tbb@@QAEIXZ 10001c40 f i concurrent_queue.obj
 0001:00000c60       ??F?$atomic_impl_with_arithmetic@IID@internal@tbb@@QAEIXZ 10001c60 f i concurrent_queue.obj
 0001:00000c80       ??E?$atomic_impl_with_arithmetic@IID@internal@tbb@@QAEIH@Z 10001c80 f i concurrent_queue.obj
 0001:00000ca0       ??F?$atomic_impl_with_arithmetic@IID@internal@tbb@@QAEIH@Z 10001ca0 f i concurrent_queue.obj
 0001:00000cc0       ??4?$atomic@_N@tbb@@QAE_N_N@Z 10001cc0 f i concurrent_queue.obj
 0001:00000cd0       ??4?$atomic@PAUpage@concurrent_queue_base_v3@internal@tbb@@@tbb@@QAEPAUpage@concurrent_queue_base_v3@internal@1@PAU2341@@Z 10001cd0 f i concurrent_queue.obj
 0001:00000ce0       ??$notify_relaxed@Upredicate_leq@internal@tbb@@@concurrent_monitor@internal@tbb@@QAEXABUpredicate_leq@12@@Z 10001ce0 f i concurrent_queue.obj
 0001:00000db0       ??0thread_context@concurrent_monitor@internal@tbb@@QAE@XZ 10001db0 f i concurrent_queue.obj
 0001:00000de0       ??1micro_queue_pop_finalizer@internal@tbb@@QAE@XZ 10001de0 f i concurrent_queue.obj
 0001:00000e40       ?pop@micro_queue@internal@tbb@@QAE_NPAXIAAVconcurrent_queue_base_v3@23@@Z 10001e40 f   concurrent_queue.obj
 0001:00000fb0       ?make_invalid@micro_queue@internal@tbb@@QAEXI@Z 10001fb0 f   concurrent_queue.obj
 0001:00001010       ?internal_finish_clear@concurrent_queue_base_v3@internal@tbb@@IAEXXZ 10002010 f   concurrent_queue.obj
 0001:00001060       ?initialize@concurrent_queue_iterator_base_v3@internal@tbb@@AAEXABVconcurrent_queue_base_v3@23@I@Z 10002060 f   concurrent_queue.obj
 0001:000010b0       ??0concurrent_queue_iterator_base_v3@internal@tbb@@IAE@ABVconcurrent_queue_base_v3@12@@Z 100020b0 f   concurrent_queue.obj
 0001:00001100       ??0concurrent_queue_iterator_base_v3@internal@tbb@@IAE@ABVconcurrent_queue_base_v3@12@I@Z 10002100 f   concurrent_queue.obj
 0001:00001150       ??$notify@Upredicate_leq@internal@tbb@@@concurrent_monitor@internal@tbb@@QAEXABUpredicate_leq@12@@Z 10002150 f i concurrent_queue.obj
 0001:00001160       ?push@micro_queue@internal@tbb@@QAEXPBXIAAVconcurrent_queue_base_v3@23@@Z 10002160 f   concurrent_queue.obj
 0001:00001370       ?abort_push@micro_queue@internal@tbb@@QAEXIAAVconcurrent_queue_base_v3@23@@Z 10002370 f   concurrent_queue.obj
 0001:00001390       ?assign@micro_queue@internal@tbb@@QAEAAU123@ABU123@AAVconcurrent_queue_base_v3@23@@Z 10002390 f   concurrent_queue.obj
 0001:000014c0       ?internal_push@concurrent_queue_base_v3@internal@tbb@@IAEXPBX@Z 100024c0 f   concurrent_queue.obj
 0001:000016e0       ?internal_pop@concurrent_queue_base_v3@internal@tbb@@IAEXPAX@Z 100026e0 f   concurrent_queue.obj
 0001:000018c0       ?internal_pop_if_present@concurrent_queue_base_v3@internal@tbb@@IAE_NPAX@Z 100028c0 f   concurrent_queue.obj
 0001:00001960       ?internal_push_if_not_full@concurrent_queue_base_v3@internal@tbb@@IAE_NPBX@Z 10002960 f   concurrent_queue.obj
 0001:00001a10       ?assign@concurrent_queue_base_v3@internal@tbb@@IAEXABV123@@Z 10002a10 f   concurrent_queue.obj
 0001:00001af0       ?segment_index_of@concurrent_vector_base_v3@internal@tbb@@KAII@Z 10002af0 f i concurrent_vector.obj
 0001:00001b10       ?segment_base@concurrent_vector_base_v3@internal@tbb@@KAII@Z 10002b10 f i concurrent_vector.obj
 0001:00001b20       ?segment_size@concurrent_vector_base_v3@internal@tbb@@KAII@Z 10002b20 f i concurrent_vector.obj
 0001:00001b30       ?incompact_predicate@helper@concurrent_vector_base_v3@internal@tbb@@SA_NI@Z 10002b30 f i concurrent_vector.obj
 0001:00001b60       ?allocate_segment@helper@concurrent_vector_base_v3@internal@tbb@@SAPAXAAV234@I@Z 10002b60 f i concurrent_vector.obj
 0001:00001b90       ??0helper@concurrent_vector_base_v3@internal@tbb@@QAE@PAUsegment_t@123@IIIII@Z 10002b90 f i concurrent_vector.obj
 0001:00001bd0       ?first_segment@helper@concurrent_vector_base_v3@internal@tbb@@QAEXXZ 10002bd0 f i concurrent_vector.obj
 0001:00001c10       ?next_segment@helper@concurrent_vector_base_v3@internal@tbb@@QAEXXZ 10002c10 f i concurrent_vector.obj
 0001:00001c40       ??0init_body@helper@concurrent_vector_base_v3@internal@tbb@@QAE@P6AXPAXPBXI@Z1@Z 10002c40 f i concurrent_vector.obj
 0001:00001c60       ??Rinit_body@helper@concurrent_vector_base_v3@internal@tbb@@QBEXAAUsegment_t@234@PAXI@Z 10002c60 f i concurrent_vector.obj
 0001:00001c80       ??0safe_init_body@helper@concurrent_vector_base_v3@internal@tbb@@QAE@P6AXPAXPBXI@Z1@Z 10002c80 f i concurrent_vector.obj
 0001:00001ca0       ??Rsafe_init_body@helper@concurrent_vector_base_v3@internal@tbb@@QBEXAAUsegment_t@234@PAXI@Z 10002ca0 f i concurrent_vector.obj
 0001:00001cd0       ??0destroy_body@helper@concurrent_vector_base_v3@internal@tbb@@QAE@P6AXPAXI@Z@Z 10002cd0 f i concurrent_vector.obj
 0001:00001ce0       ??Rdestroy_body@helper@concurrent_vector_base_v3@internal@tbb@@QBEXAAUsegment_t@234@PAXI@Z 10002ce0 f i concurrent_vector.obj
 0001:00001d00       ?internal_throw_exception@concurrent_vector_base_v3@internal@tbb@@IBEXI@Z 10002d00 f   concurrent_vector.obj
 0001:00001d40       ??$spin_wait_while_eq@PAXPAX@internal@tbb@@YAXADSAXPAX@Z 10002d40 f i concurrent_vector.obj
 0001:00001d90       ??$apply@Uinit_body@helper@concurrent_vector_base_v3@internal@tbb@@@helper@concurrent_vector_base_v3@internal@tbb@@QAEIABUinit_body@0123@@Z 10002d90 f i concurrent_vector.obj
 0001:00001e50       ??$apply@Usafe_init_body@helper@concurrent_vector_base_v3@internal@tbb@@@helper@concurrent_vector_base_v3@internal@tbb@@QAEIABUsafe_init_body@0123@@Z 10002e50 f i concurrent_vector.obj
 0001:00001f40       ??$apply@Udestroy_body@helper@concurrent_vector_base_v3@internal@tbb@@@helper@concurrent_vector_base_v3@internal@tbb@@QAEIABUdestroy_body@0123@@Z 10002f40 f i concurrent_vector.obj
 0001:00002000       ?load_with_acquire@?$machine_load_store@PAX$03@internal@tbb@@SAPAXADSAX@Z 10003000 f i concurrent_vector.obj
 0001:00002010       ?store_with_release@?$machine_load_store@PAX$03@internal@tbb@@SAXACRAXPAX@Z 10003010 f i concurrent_vector.obj
 0001:00002020       ??$__TBB_store_with_release@PAXPAX@internal@tbb@@YAXACRAXPAX@Z 10003020 f i concurrent_vector.obj
 0001:00002030       ??$__TBB_load_with_acquire@PAX@internal@tbb@@YAPAXADSAX@Z 10003030 f i concurrent_vector.obj
 0001:00002040       ??$compare_and_swap@$0A@@?$atomic_impl@PAUsegment_t@concurrent_vector_base_v3@internal@tbb@@@internal@tbb@@QAEPAUsegment_t@concurrent_vector_base_v3@12@PAU3412@0@Z 10003040 f i concurrent_vector.obj
 0001:00002080       ?publish_segment@helper@concurrent_vector_base_v3@internal@tbb@@SAXAAUsegment_t@234@PAX@Z 10003080 f i concurrent_vector.obj
 0001:000020b0       ?get_segment_ptr@helper@concurrent_vector_base_v3@internal@tbb@@QAEPAXI_N@Z 100030b0 f i concurrent_vector.obj
 0001:00002100       ?cleanup@helper@concurrent_vector_base_v3@internal@tbb@@QAEXXZ 10003100 f   concurrent_vector.obj
 0001:00002320       ?compare_and_swap@?$atomic_impl@PAUsegment_t@concurrent_vector_base_v3@internal@tbb@@@internal@tbb@@QAEPAUsegment_t@concurrent_vector_base_v3@23@PAU4523@0@Z 10003320 f i concurrent_vector.obj
 0001:00002360       ??B?$atomic_impl@PAUsegment_t@concurrent_vector_base_v3@internal@tbb@@@internal@tbb@@QDEPAUsegment_t@concurrent_vector_base_v3@12@XZ 10003360 f i concurrent_vector.obj
 0001:00002370       ?store_with_release@?$atomic_impl@PAUsegment_t@concurrent_vector_base_v3@internal@tbb@@@internal@tbb@@IAEPAUsegment_t@concurrent_vector_base_v3@23@PAU4523@@Z 10003370 f i concurrent_vector.obj
 0001:00002380       ??$spin_wait_while_eq@U?$atomic@PAUsegment_t@concurrent_vector_base_v3@internal@tbb@@@tbb@@PAUsegment_t@concurrent_vector_base_v3@internal@2@@internal@tbb@@YAXADU?$atomic@PAUsegment_t@concurrent_vector_base_v3@internal@tbb@@@1@PAUsegment_t@concurrent_vector_base_v3@01@@Z 10003380 f i concurrent_vector.obj
 0001:000023d0       ?find_segment_end@helper@concurrent_vector_base_v3@internal@tbb@@SAIABV234@@Z 100033d0 f i concurrent_vector.obj
 0001:00002400       ?assign_first_segment_if_neccessary@helper@concurrent_vector_base_v3@internal@tbb@@SAXAAV234@I@Z 10003400 f i concurrent_vector.obj
 0001:00002440       ??1helper@concurrent_vector_base_v3@internal@tbb@@QAE@XZ 10003440 f i concurrent_vector.obj
 0001:00002450       ?extend_segment_table@helper@concurrent_vector_base_v3@internal@tbb@@SAXAAV234@I@Z 10003450 f   concurrent_vector.obj
 0001:00002570       ?enable_segment@helper@concurrent_vector_base_v3@internal@tbb@@SAIAAV234@II@Z 10003570 f   concurrent_vector.obj
 0001:00002770       ?internal_capacity@concurrent_vector_base_v3@internal@tbb@@IBEIXZ 10003770 f   concurrent_vector.obj
 0001:000027b0       ?internal_clear@concurrent_vector_base_v3@internal@tbb@@IAEIP6AXPAXI@Z@Z 100037b0 f   concurrent_vector.obj
 0001:00002880       ?internal_compact@concurrent_vector_base_v3@internal@tbb@@IAEPAXIPAXP6AX0I@ZP6AX0PBXI@Z@Z 10003880 f   concurrent_vector.obj
 0001:00002ba0       ??4?$atomic@PAUsegment_t@concurrent_vector_base_v3@internal@tbb@@@tbb@@QAEPAUsegment_t@concurrent_vector_base_v3@internal@1@PAU2341@@Z 10003ba0 f i concurrent_vector.obj
 0001:00002bb0       ??4?$atomic@PAUsegment_t@concurrent_vector_base_v3@internal@tbb@@@tbb@@QAEAAU01@ABU01@@Z 10003bb0 f i concurrent_vector.obj
 0001:00002bc0       ?extend_table_if_necessary@helper@concurrent_vector_base_v3@internal@tbb@@SAXAAV234@II@Z 10003bc0 f i concurrent_vector.obj
 0001:00002bf0       ?acquire_segment@helper@concurrent_vector_base_v3@internal@tbb@@SAAAUsegment_t@234@AAV234@II_N@Z 10003bf0 f i concurrent_vector.obj
 0001:00002c60       ??1concurrent_vector_base_v3@internal@tbb@@IAE@XZ 10003c60 f   concurrent_vector.obj
 0001:00002c90       ?internal_reserve@concurrent_vector_base_v3@internal@tbb@@IAEXIII@Z 10003c90 f   concurrent_vector.obj
 0001:00002db0       ?internal_copy@concurrent_vector_base_v3@internal@tbb@@IAEXABV123@IP6AXPAXPBXI@Z@Z 10003db0 f   concurrent_vector.obj
 0001:00002eb0       ?internal_assign@concurrent_vector_base_v3@internal@tbb@@IAEXABV123@IP6AXPAXI@ZP6AX1PBXI@Z4@Z 10003eb0 f   concurrent_vector.obj
 0001:000030b0       ?internal_push_back@concurrent_vector_base_v3@internal@tbb@@IAEPAXIAAI@Z 100040b0 f   concurrent_vector.obj
 0001:00003150       ?internal_grow@concurrent_vector_base_v3@internal@tbb@@IAEXIIIP6AXPAXPBXI@Z1@Z 10004150 f   concurrent_vector.obj
 0001:00003380       ?internal_resize@concurrent_vector_base_v3@internal@tbb@@IAEXIIIPBXP6AXPAXI@ZP6AX10I@Z@Z 10004380 f   concurrent_vector.obj
 0001:000034d0       ?internal_swap@concurrent_vector_base_v3@internal@tbb@@IAEXAAV123@@Z 100044d0 f   concurrent_vector.obj
 0001:000035b0       ?internal_grow_to_at_least_with_result@concurrent_vector_base_v3@internal@tbb@@IAEIIIP6AXPAXPBXI@Z1@Z 100045b0 f   concurrent_vector.obj
 0001:000036d0       ?internal_grow_by@concurrent_vector_base_v3@internal@tbb@@IAEIIIP6AXPAXPBXI@Z1@Z 100046d0 f   concurrent_vector.obj
 0001:00003720       ?internal_grow_to_at_least@concurrent_vector_base_v3@internal@tbb@@IAEXIIP6AXPAXPBXI@Z1@Z 10004720 f   concurrent_vector.obj
 0001:00003840       ?dynamic_link@internal@tbb@@YA_NPAUHINSTANCE__@@QBUdynamic_link_descriptor@12@II@Z 10004840 f   dynamic_link.obj
 0001:00003910       ?dynamic_unlink@internal@tbb@@YAXPAUHINSTANCE__@@@Z 10004910 f   dynamic_link.obj
 0001:00003920       ?fetch_and_store@?$atomic_traits@$03$0A@@internal@tbb@@SAHPCXH@Z 10004920 f i dynamic_link.obj
 0001:00003940       ??$fetch_and_store@$0A@@?$atomic_impl@I@internal@tbb@@QAEII@Z 10004940 f i dynamic_link.obj
 0001:00003970       ?fetch_and_store@?$atomic_impl@I@internal@tbb@@QAEII@Z 10004970 f i dynamic_link.obj
 0001:000039a0       ??0handle_storage@internal@tbb@@QAE@XZ 100049a0 f i dynamic_link.obj
 0001:000039b0       ?free_handles@handle_storage@internal@tbb@@QAEXXZ 100049b0 f i dynamic_link.obj
 0001:00003a00       ?dynamic_unlink_all@internal@tbb@@YAXXZ 10004a00 f   dynamic_link.obj
 0001:00003a10       ?add_handle@handle_storage@internal@tbb@@QAEXAAPAUHINSTANCE__@@@Z 10004a10 f i dynamic_link.obj
 0001:00003a40       ?dynamic_link@internal@tbb@@YA_NPBDQBUdynamic_link_descriptor@12@IIPAPAUHINSTANCE__@@@Z 10004a40 f   dynamic_link.obj
 0001:00003bd0       ?__itt_interlocked_increment@@YAHPCJ@Z 10004bd0 f i itt_notify.obj
 0001:000060b0       ___itt_fini_ittlib         100070b0 f   itt_notify.obj
 0001:00006130       ___itt_init_ittlib         10007130 f   itt_notify.obj
 0001:000063e0       ___itt_set_error_handler   100073e0 f   itt_notify.obj
 0001:000063f0       ?__TBB_load_ittnotify@internal@tbb@@YAHXZ 100073f0 f   itt_notify.obj
 0001:00006440       ?NFS_GetLineSize@internal@tbb@@YAIXZ 10007440 f   cache_aligned_allocator.obj
 0001:00006450       ?NFS_Allocate@internal@tbb@@YAPAXIIPAX@Z 10007450 f   cache_aligned_allocator.obj
 0001:000064b0       ?NFS_Free@internal@tbb@@YAXPAX@Z 100074b0 f   cache_aligned_allocator.obj
 0001:00006510       ?allocate_via_handler_v3@internal@tbb@@YAPAXI@Z 10007510 f   cache_aligned_allocator.obj
 0001:00006540       ?deallocate_via_handler_v3@internal@tbb@@YAXPAX@Z 10007540 f   cache_aligned_allocator.obj
 0001:00006560       ?initialize_handler_pointers@internal@tbb@@YAXXZ 10007560 f   cache_aligned_allocator.obj
 0001:000065d0       ??B?$atomic_impl@W4do_once_state@internal@tbb@@@internal@tbb@@QDE?AW4do_once_state@12@XZ 100075d0 f i cache_aligned_allocator.obj
 0001:000065e0       ??$spin_wait_while_eq@U?$atomic@W4do_once_state@internal@tbb@@@tbb@@W4do_once_state@internal@2@@internal@tbb@@YAXADU?$atomic@W4do_once_state@internal@tbb@@@1@W4do_once_state@01@@Z 100075e0 f i cache_aligned_allocator.obj
 0001:00006630       ??$compare_and_swap@$0A@@?$atomic_impl@W4do_once_state@internal@tbb@@@internal@tbb@@QAE?AW4do_once_state@12@W4312@0@Z 10007630 f i cache_aligned_allocator.obj
 0001:00006670       ?store_with_release@?$atomic_impl@W4do_once_state@internal@tbb@@@internal@tbb@@IAE?AW4do_once_state@23@W4423@@Z 10007670 f i cache_aligned_allocator.obj
 0001:00006680       ?compare_and_swap@?$atomic_impl@W4do_once_state@internal@tbb@@@internal@tbb@@QAE?AW4do_once_state@23@W4423@0@Z 10007680 f i cache_aligned_allocator.obj
 0001:000066c0       ??4?$atomic@W4do_once_state@internal@tbb@@@tbb@@QAE?AW4do_once_state@internal@1@W4231@@Z 100076c0 f i cache_aligned_allocator.obj
 0001:000066d0       ?run_initializer@internal@tbb@@YAXP6AXXZAAU?$atomic@W4do_once_state@internal@tbb@@@2@@Z 100076d0 f i cache_aligned_allocator.obj
 0001:000066e0       ??$atomic_do_once@P6AXXZ@internal@tbb@@YAXABQ6AXXZAAU?$atomic@W4do_once_state@internal@tbb@@@1@@Z 100076e0 f i cache_aligned_allocator.obj
 0001:00006780       ?initialize_cache_aligned_allocator@internal@tbb@@YAXXZ 10007780 f   cache_aligned_allocator.obj
 0001:00006820       ?is_malloc_used_v3@internal@tbb@@YA_NXZ 10007820 f   cache_aligned_allocator.obj
 0001:000068b0       ??0allocate_additional_child_of_proxy@internal@tbb@@QAE@AAVtask@2@@Z 100078b0 f i pipeline.obj
 0001:000068d0       ?allocate_additional_child_of@task_base@internal@interface5@tbb@@SA?AVallocate_additional_child_of_proxy@24@AAVtask@4@@Z 100078d0 f i pipeline.obj
 0001:000068f0       ??0allocate_root_with_context_proxy@internal@tbb@@QAE@AAVtask_group_context@2@@Z 100078f0 f i pipeline.obj
 0001:00006900       ??0task_group_context@tbb@@QAE@W4kind_type@01@I@Z 10007900 f i pipeline.obj
 0001:00006930       ??1task@tbb@@UAE@XZ        10007930 f i pipeline.obj
 0001:00006940       ?allocate_root@task@tbb@@SA?AVallocate_root_with_context_proxy@internal@2@AAVtask_group_context@2@@Z 10007940 f i pipeline.obj
 0001:00006950       ?add_to_depth@task@tbb@@QAEXH@Z 10007950 f i pipeline.obj
 0001:00006960       ?prefix@task@tbb@@ABEAAVtask_prefix@internal@2@PAUversion_tag_v3@42@@Z 10007960 f i pipeline.obj
 0001:00006970       ??_Etask@tbb@@UAEPAXI@Z    10007970 f i pipeline.obj
 0001:00006970       ??_Gtask@tbb@@UAEPAXI@Z    10007970 f i pipeline.obj
 0001:00006990       ??0task_base@internal@interface5@tbb@@QAE@XZ 10007990 f i pipeline.obj
 0001:000069a0       ?spawn@task_base@internal@interface5@tbb@@SAXAAVtask@4@@Z 100079a0 f i pipeline.obj
 0001:000069c0       ??2@YAPAXIABVallocate_root_with_context_proxy@internal@tbb@@@Z 100079c0 f i pipeline.obj
 0001:000069d0       ??3@YAXPAXABVallocate_root_with_context_proxy@internal@tbb@@@Z 100079d0 f i pipeline.obj
 0001:000069e0       ??2@YAPAXIABVallocate_additional_child_of_proxy@internal@tbb@@@Z 100079e0 f i pipeline.obj
 0001:000069f0       ??3@YAXPAXABVallocate_additional_child_of_proxy@internal@tbb@@@Z 100079f0 f i pipeline.obj
 0001:00006a00       ?not_in_pipeline@filter@tbb@@CAPAV12@XZ 10007a00 f i pipeline.obj
 0001:00006a10       ?is_serial@filter@tbb@@QBE_NXZ 10007a10 f i pipeline.obj
 0001:00006a20       ?is_ordered@filter@tbb@@QBE_NXZ 10007a20 f i pipeline.obj
 0001:00006a30       ?is_bound@filter@tbb@@QBE_NXZ 10007a30 f i pipeline.obj
 0001:00006a40       ?object_may_be_null@filter@tbb@@QAE_NXZ 10007a40 f i pipeline.obj
 0001:00006a50       ??1semaphore@internal@tbb@@QAE@XZ 10007a50 f i pipeline.obj
 0001:00006a60       ?P@semaphore@internal@tbb@@QAEXXZ 10007a60 f i pipeline.obj
 0001:00006a70       ?V@semaphore@internal@tbb@@QAEXXZ 10007a70 f i pipeline.obj
 0001:00006a80       ?init_semaphore@semaphore@internal@tbb@@AAEXI@Z 10007a80 f i pipeline.obj
 0001:00006aa0       ?reset@task_info@internal@tbb@@QAEXXZ 10007aa0 f i pipeline.obj
 0001:00006ab0       ?sema_P@input_buffer@internal@tbb@@AAEXXZ 10007ab0 f i pipeline.obj
 0001:00006ac0       ?sema_V@input_buffer@internal@tbb@@AAEXXZ 10007ac0 f i pipeline.obj
 0001:00006ae0       ?clear@input_buffer@internal@tbb@@QAEXPAVfilter@3@@Z 10007ae0 f i pipeline.obj
 0001:00006b30       ??_Gsemaphore@internal@tbb@@QAEPAXI@Z 10007b30 f i pipeline.obj
 0001:00006b60       ?reset@stage_task@internal@tbb@@QAEXXZ 10007b60 f i pipeline.obj
 0001:00006b80       ??0pipeline_cleaner@internal@tbb@@QAE@AAVpipeline@2@@Z 10007b80 f i pipeline.obj
 0001:00006b90       ?inject_token@pipeline@tbb@@AAEXAAVtask@2@@Z 10007b90 f   pipeline.obj
 0001:00006ba0       ?clear_filters@pipeline@tbb@@AAEXXZ 10007ba0 f   pipeline.obj
 0001:00006c10       ?create@?$basic_tls@H@internal@tbb@@QAEHXZ 10007c10 f i pipeline.obj
 0001:00006c30       ?destroy@?$basic_tls@H@internal@tbb@@QAEHXZ 10007c30 f i pipeline.obj
 0001:00006c50       ?set@?$basic_tls@H@internal@tbb@@QAEXH@Z 10007c50 f i pipeline.obj
 0001:00006c70       ?get@?$basic_tls@H@internal@tbb@@QAEHXZ 10007c70 f i pipeline.obj
 0001:00006c80       ??0?$cache_aligned_allocator@Utask_info@internal@tbb@@@tbb@@QAE@XZ 10007c80 f i pipeline.obj
 0001:00006c90       ?allocate@?$cache_aligned_allocator@Utask_info@internal@tbb@@@tbb@@QAEPAUtask_info@internal@2@IPBX@Z 10007c90 f i pipeline.obj
 0001:00006cb0       ?deallocate@?$cache_aligned_allocator@Utask_info@internal@tbb@@@tbb@@QAEXPAUtask_info@internal@2@I@Z 10007cb0 f i pipeline.obj
 0001:00006cc0       ??$poison_pointer@Utask_info@internal@tbb@@@internal@tbb@@YAXPAUtask_info@01@@Z 10007cc0 f i pipeline.obj
 0001:00006cd0       ??0task@tbb@@IAE@XZ        10007cd0 f i pipeline.obj
 0001:00006ce0       ?recycle_as_continuation@task@tbb@@QAEXXZ 10007ce0 f i pipeline.obj
 0001:00006cf0       ?spawn_root_and_wait@task@tbb@@SAXAAV12@@Z 10007cf0 f i pipeline.obj
 0001:00006d10       ?parent@task@tbb@@QBEPAV12@XZ 10007d10 f i pipeline.obj
 0001:00006d20       ?is_cancelled@task@tbb@@QBE_NXZ 10007d20 f i pipeline.obj
 0001:00006d30       ??0semaphore@internal@tbb@@QAE@I@Z 10007d30 f i pipeline.obj
 0001:00006d50       ?create_sema@input_buffer@internal@tbb@@AAEXI@Z 10007d50 f i pipeline.obj
 0001:00006d90       ?free_sema@input_buffer@internal@tbb@@AAEXXZ 10007d90 f i pipeline.obj
 0001:00006db0       ?create_my_tls@input_buffer@internal@tbb@@QAEXXZ 10007db0 f i pipeline.obj
 0001:00006de0       ?destroy_my_tls@input_buffer@internal@tbb@@QAEXXZ 10007de0 f i pipeline.obj
 0001:00006e00       ?my_tls_end_of_input@input_buffer@internal@tbb@@QAE_NXZ 10007e00 f i pipeline.obj
 0001:00006e20       ?set_my_tls_end_of_input@input_buffer@internal@tbb@@QAEXXZ 10007e20 f i pipeline.obj
 0001:00006e30       ?grow@input_buffer@internal@tbb@@AAEXK@Z 10007e30 f   pipeline.obj
 0001:00006ef0       ??0stage_task@internal@tbb@@QAE@AAVpipeline@2@@Z 10007ef0 f i pipeline.obj
 0001:00006f20       ??1stage_task@internal@tbb@@UAE@XZ 10007f20 f i pipeline.obj
 0001:00006fa0       ??_Gstage_task@internal@tbb@@UAEPAXI@Z 10007fa0 f i pipeline.obj
 0001:00006fa0       ??_Estage_task@internal@tbb@@UAEPAXI@Z 10007fa0 f i pipeline.obj
 0001:00007030       ??0stage_task@internal@tbb@@QAE@AAVpipeline@2@PAVfilter@2@ABUtask_info@12@@Z 10008030 f i pipeline.obj
 0001:00007070       ?spawn_stage_task@stage_task@internal@tbb@@QAEXABUtask_info@23@@Z 10008070 f i pipeline.obj
 0001:000070f0       ??0pipeline_root_task@internal@tbb@@QAE@AAVpipeline@2@@Z 100080f0 f i pipeline.obj
 0001:00007150       ?allocate_child@task@tbb@@QAEAAVallocate_child_proxy@internal@2@XZ 10008150 f i pipeline.obj
 0001:00007160       ??2@YAPAXIABVallocate_child_proxy@internal@tbb@@@Z 10008160 f i pipeline.obj
 0001:00007170       ??3@YAXPAXABVallocate_child_proxy@internal@tbb@@@Z 10008170 f i pipeline.obj
 0001:00007180       ??1pipeline_root_task@internal@tbb@@UAE@XZ 10008180 f i pipeline.obj
 0001:00007190       ?set_ref_count@task@tbb@@QAEXH@Z 10008190 f i pipeline.obj
 0001:000071a0       ??_Gpipeline_root_task@internal@tbb@@UAEPAXI@Z 100081a0 f i pipeline.obj
 0001:000071a0       ??_Epipeline_root_task@internal@tbb@@UAEPAXI@Z 100081a0 f i pipeline.obj
 0001:000071c0       ??1pipeline_cleaner@internal@tbb@@QAE@XZ 100081c0 f i pipeline.obj
 0001:00007200       ?set_end_of_input@filter@tbb@@IAEXXZ 10008200 f   pipeline.obj
 0001:00007220       ??$fetch_and_add@$0A@@?$atomic_impl_with_arithmetic@KKD@internal@tbb@@QAEKK@Z 10008220 f i pipeline.obj
 0001:00007240       ??0input_buffer@internal@tbb@@QAE@_N0@Z 10008240 f i pipeline.obj
 0001:000072b0       ??1input_buffer@internal@tbb@@QAE@XZ 100082b0 f i pipeline.obj
 0001:00007300       ?put_token@input_buffer@internal@tbb@@QAE_NAAUtask_info@23@_N@Z 10008300 f i pipeline.obj
 0001:00007430       ?return_item@input_buffer@internal@tbb@@QAE_NAAUtask_info@23@_N@Z 10008430 f i pipeline.obj
 0001:000074f0       ?has_item@input_buffer@internal@tbb@@QAE_NXZ 100084f0 f i pipeline.obj
 0001:00007520       ??_Ginput_buffer@internal@tbb@@QAEPAXI@Z 10008520 f i pipeline.obj
 0001:00007580       ?add_filter@pipeline@tbb@@QAEXAAVfilter@2@@Z 10008580 f   pipeline.obj
 0001:00007760       ?remove_filter@pipeline@tbb@@AAEXAAVfilter@2@@Z 10008760 f   pipeline.obj
 0001:00007800       ??1filter@tbb@@UAE@XZ      10008800 f   pipeline.obj
 0001:00007820       ?finalize@filter@tbb@@UAEXPAX@Z 10008820 f i pipeline.obj
 0001:00007830       ??B?$atomic_impl@K@internal@tbb@@QDEKXZ 10008830 f i pipeline.obj
 0001:00007840       ?store_with_release@?$atomic_impl@K@internal@tbb@@IAEKK@Z 10008840 f i pipeline.obj
 0001:00007850       ?fetch_and_add@?$atomic_impl_with_arithmetic@KKD@internal@tbb@@QAEKK@Z 10008850 f i pipeline.obj
 0001:00007870       ??$note_done@Vstage_task@internal@tbb@@@input_buffer@internal@tbb@@QAEXKAAVstage_task@12@@Z 10008870 f i pipeline.obj
 0001:00007950       ??4?$atomic@K@tbb@@QAEKK@Z 10008950 f i pipeline.obj
 0001:00007960       ??_Gfilter@tbb@@UAEPAXI@Z  10008960 f i pipeline.obj
 0001:00007960       ??_Efilter@tbb@@UAEPAXI@Z  10008960 f i pipeline.obj
 0001:000079a0       ??0pipeline@tbb@@QAE@XZ    100089a0 f   pipeline.obj
 0001:000079c0       ?clear@pipeline@tbb@@QAEXXZ 100089c0 f   pipeline.obj
 0001:00007a60       ?run@pipeline@tbb@@QAEXIAAVtask_group_context@2@@Z 10008a60 f   pipeline.obj
 0001:00007b70       ?run@pipeline@tbb@@QAEXI@Z 10008b70 f   pipeline.obj
 0001:00007c40       ?has_more_work@filter@tbb@@AAE_NXZ 10008c40 f   pipeline.obj
 0001:00007c60       ??E?$atomic_impl_with_arithmetic@KKD@internal@tbb@@QAEKXZ 10008c60 f i pipeline.obj
 0001:00007c80       ??F?$atomic_impl_with_arithmetic@KKD@internal@tbb@@QAEKXZ 10008c80 f i pipeline.obj
 0001:00007ca0       ??E?$atomic_impl_with_arithmetic@KKD@internal@tbb@@QAEKH@Z 10008ca0 f i pipeline.obj
 0001:00007cc0       ??F?$atomic_impl_with_arithmetic@KKD@internal@tbb@@QAEKH@Z 10008cc0 f i pipeline.obj
 0001:00007ce0       ?execute@stage_task@internal@tbb@@UAEPAVtask@3@XZ 10008ce0 f   pipeline.obj
 0001:00008070       ?execute@pipeline_root_task@internal@tbb@@EAEPAVtask@3@XZ 10009070 f i pipeline.obj
 0001:000081c0       ??1pipeline@tbb@@UAE@XZ    100091c0 f   pipeline.obj
 0001:000081d0       ?internal_process_item@thread_bound_filter@tbb@@AAE?AW4result_type@12@_N@Z 100091d0 f   pipeline.obj
 0001:000083d0       ??_Epipeline@tbb@@UAEPAXI@Z 100093d0 f i pipeline.obj
 0001:000083d0       ??_Gpipeline@tbb@@UAEPAXI@Z 100093d0 f i pipeline.obj
 0001:00008400       ?process_item@thread_bound_filter@tbb@@QAE?AW4result_type@12@XZ 10009400 f   pipeline.obj
 0001:00008410       ?try_process_item@thread_bound_filter@tbb@@QAE?AW4result_type@12@XZ 10009410 f   pipeline.obj
 0001:00008480       ?initialize@scoped_lock@queuing_mutex@tbb@@AAEXXZ 10009480 f i queuing_mutex.obj
 0001:00008490       ?internal_construct@queuing_mutex@tbb@@QAEXXZ 10009490 f   queuing_mutex.obj
 0001:000084b0       ?store_with_release@?$machine_load_store@I$03@internal@tbb@@SAXACII@Z 100094b0 f i queuing_mutex.obj
 0001:000084c0       ??$spin_wait_while_eq@IK@internal@tbb@@YAXADIK@Z 100094c0 f i queuing_mutex.obj
 0001:00008510       ??$spin_wait_while_eq@PAVscoped_lock@queuing_mutex@tbb@@PAV123@@internal@tbb@@YAXADSAVscoped_lock@queuing_mutex@1@PAV231@@Z 10009510 f i queuing_mutex.obj
 0001:00008560       ??$__TBB_store_with_release@IH@internal@tbb@@YAXACIH@Z 10009560 f i queuing_mutex.obj
 0001:00008570       ?load_with_acquire@?$machine_load_store@I$03@internal@tbb@@SAIADI@Z 10009570 f i queuing_mutex.obj
 0001:00008580       ?compare_and_swap@?$atomic_traits@$03$01@internal@tbb@@SAHPCXHH@Z 10009580 f i queuing_mutex.obj
 0001:000085b0       ?fetch_and_store@?$atomic_traits@$03$01@internal@tbb@@SAHPCXH@Z 100095b0 f i queuing_mutex.obj
 0001:000085d0       ??$fetch_and_store@$01@?$atomic_impl@PAVscoped_lock@queuing_mutex@tbb@@@internal@tbb@@QAEPAVscoped_lock@queuing_mutex@2@PAV342@@Z 100095d0 f i queuing_mutex.obj
 0001:00008600       ??$__TBB_load_with_acquire@I@internal@tbb@@YAIADI@Z 10009600 f i queuing_mutex.obj
 0001:00008610       ??$compare_and_swap@$01@?$atomic_impl@PAVscoped_lock@queuing_mutex@tbb@@@internal@tbb@@QAEPAVscoped_lock@queuing_mutex@2@PAV342@0@Z 10009610 f i queuing_mutex.obj
 0001:00008650       ?acquire@scoped_lock@queuing_mutex@tbb@@QAEXAAV23@@Z 10009650 f   queuing_mutex.obj
 0001:000086d0       ?try_acquire@scoped_lock@queuing_mutex@tbb@@QAE_NAAV23@@Z 100096d0 f   queuing_mutex.obj
 0001:00008740       ?release@scoped_lock@queuing_mutex@tbb@@QAEXXZ 10009740 f   queuing_mutex.obj
 0001:00008860       ?initialize@scoped_lock@queuing_rw_mutex@tbb@@AAEXXZ 10009860 f i queuing_rw_mutex.obj
 0001:00008870       ?get_flag@tbb@@YAIPAVscoped_lock@queuing_rw_mutex@1@@Z 10009870 f i queuing_rw_mutex.obj
 0001:00008880       ?internal_construct@queuing_rw_mutex@tbb@@QAEXXZ 10009880 f   queuing_rw_mutex.obj
 0001:000088a0       ??0?$tricky_atomic_pointer@Vscoped_lock@queuing_rw_mutex@tbb@@@tbb@@QAE@AAPAVscoped_lock@queuing_rw_mutex@1@@Z 100098a0 f i queuing_rw_mutex.obj
 0001:000088b0       ??I?$tricky_atomic_pointer@Vscoped_lock@queuing_rw_mutex@tbb@@@tbb@@QBEPAVscoped_lock@queuing_rw_mutex@1@H@Z 100098b0 f i queuing_rw_mutex.obj
 0001:000088c0       ??U?$tricky_atomic_pointer@Vscoped_lock@queuing_rw_mutex@tbb@@@tbb@@QBEPAVscoped_lock@queuing_rw_mutex@1@H@Z 100098c0 f i queuing_rw_mutex.obj
 0001:000088d0       ??$as_atomic@E@internal@tbb@@YAAAU?$atomic@E@1@AAE@Z 100098d0 f i queuing_rw_mutex.obj
 0001:000088e0       ??$spin_wait_until_eq@EE@internal@tbb@@YAXADEE@Z 100098e0 f i queuing_rw_mutex.obj
 0001:00008930       ??$spin_wait_until_eq@EH@internal@tbb@@YAXADEH@Z 10009930 f i queuing_rw_mutex.obj
 0001:00008980       ??$spin_wait_while_eq@PAVscoped_lock@queuing_rw_mutex@tbb@@PAV123@@internal@tbb@@YAXADSAVscoped_lock@queuing_rw_mutex@1@PAV231@@Z 10009980 f i queuing_rw_mutex.obj
 0001:000089d0       ??$spin_wait_while_eq@PAVscoped_lock@queuing_rw_mutex@tbb@@PAX@internal@tbb@@YAXADSAVscoped_lock@queuing_rw_mutex@1@PAX@Z 100099d0 f i queuing_rw_mutex.obj
 0001:00008a20       ??$spin_wait_while_eq@EH@internal@tbb@@YAXADEH@Z 10009a20 f i queuing_rw_mutex.obj
 0001:00008a70       ?compare_and_swap@?$atomic_traits@$00$00@internal@tbb@@SACPCXCC@Z 10009a70 f i queuing_rw_mutex.obj
 0001:00008aa0       ?load_with_acquire@?$machine_load_store@E$00@internal@tbb@@SAEADE@Z 10009aa0 f i queuing_rw_mutex.obj
 0001:00008ab0       ?load@?$machine_load_store_relaxed@PAVscoped_lock@queuing_rw_mutex@tbb@@$03@internal@tbb@@SAPAVscoped_lock@queuing_rw_mutex@3@ADSAV453@@Z 10009ab0 f i queuing_rw_mutex.obj
 0001:00008ac0       ?store@?$machine_load_store_relaxed@PAVscoped_lock@queuing_rw_mutex@tbb@@$03@internal@tbb@@SAXACRAVscoped_lock@queuing_rw_mutex@3@PAV453@@Z 10009ac0 f i queuing_rw_mutex.obj
 0001:00008ad0       ?store@?$machine_load_store_relaxed@E$00@internal@tbb@@SAXACEE@Z 10009ad0 f i queuing_rw_mutex.obj
 0001:00008ae0       ?load_with_acquire@?$machine_load_store@PAVscoped_lock@queuing_rw_mutex@tbb@@$03@internal@tbb@@SAPAVscoped_lock@queuing_rw_mutex@3@ADSAV453@@Z 10009ae0 f i queuing_rw_mutex.obj
 0001:00008af0       ?store_with_release@?$machine_load_store@PAVscoped_lock@queuing_rw_mutex@tbb@@$03@internal@tbb@@SAXACRAVscoped_lock@queuing_rw_mutex@3@PAV453@@Z 10009af0 f i queuing_rw_mutex.obj
 0001:00008b00       ?fetch_and_add@?$atomic_traits@$03$00@internal@tbb@@SAHPCXH@Z 10009b00 f i queuing_rw_mutex.obj
 0001:00008b20       ?compare_and_swap@?$atomic_traits@$00$01@internal@tbb@@SACPCXCC@Z 10009b20 f i queuing_rw_mutex.obj
 0001:00008b50       ?load_with_acquire@?$machine_load_store@C$00@internal@tbb@@SACADC@Z 10009b50 f i queuing_rw_mutex.obj
 0001:00008b60       ?load@?$machine_load_store_relaxed@H$03@internal@tbb@@SAHADH@Z 10009b60 f i queuing_rw_mutex.obj
 0001:00008b70       ?wait_for_release_of_internal_lock@scoped_lock@queuing_rw_mutex@tbb@@AAEXXZ 10009b70 f i queuing_rw_mutex.obj
 0001:00008b80       ??$compare_and_swap@$00@?$atomic_impl@E@internal@tbb@@QAEEEE@Z 10009b80 f i queuing_rw_mutex.obj
 0001:00008bc0       ??$__TBB_store_relaxed@PAVscoped_lock@queuing_rw_mutex@tbb@@PAV123@@internal@tbb@@YAXACRAVscoped_lock@queuing_rw_mutex@1@PAV231@@Z 10009bc0 f i queuing_rw_mutex.obj
 0001:00008bd0       ??$__TBB_store_relaxed@EH@internal@tbb@@YAXACEH@Z 10009bd0 f i queuing_rw_mutex.obj
 0001:00008be0       ??$fetch_and_store@$01@?$atomic_impl@PAVscoped_lock@queuing_rw_mutex@tbb@@@internal@tbb@@QAEPAVscoped_lock@queuing_rw_mutex@2@PAV342@@Z 10009be0 f i queuing_rw_mutex.obj
 0001:00008c10       ??$__TBB_store_with_release@PAVscoped_lock@queuing_rw_mutex@tbb@@PAV123@@internal@tbb@@YAXACRAVscoped_lock@queuing_rw_mutex@1@PAV231@@Z 10009c10 f i queuing_rw_mutex.obj
 0001:00008c20       ??$__TBB_store_with_release@EH@internal@tbb@@YAXACEH@Z 10009c20 f i queuing_rw_mutex.obj
 0001:00008c30       ??$__TBB_load_with_acquire@E@internal@tbb@@YAEADE@Z 10009c30 f i queuing_rw_mutex.obj
 0001:00008c40       ??$compare_and_swap@$01@?$atomic_impl@PAVscoped_lock@queuing_rw_mutex@tbb@@@internal@tbb@@QAEPAVscoped_lock@queuing_rw_mutex@2@PAV342@0@Z 10009c40 f i queuing_rw_mutex.obj
 0001:00008c80       ??$__TBB_load_with_acquire@PAVscoped_lock@queuing_rw_mutex@tbb@@@internal@tbb@@YAPAVscoped_lock@queuing_rw_mutex@1@ADSAV231@@Z 10009c80 f i queuing_rw_mutex.obj
 0001:00008c90       ??$fetch_and_store@$01@?$tricky_atomic_pointer@Vscoped_lock@queuing_rw_mutex@tbb@@@tbb@@SAPAVscoped_lock@queuing_rw_mutex@1@PCRAV231@PAV231@@Z 10009c90 f i queuing_rw_mutex.obj
 0001:00008cb0       ??$fetch_and_add@$00@?$tricky_atomic_pointer@Vscoped_lock@queuing_rw_mutex@tbb@@@tbb@@SAPAVscoped_lock@queuing_rw_mutex@1@PCRAV231@H@Z 10009cb0 f i queuing_rw_mutex.obj
 0001:00008cd0       ??$compare_and_swap@$01@?$tricky_atomic_pointer@Vscoped_lock@queuing_rw_mutex@tbb@@@tbb@@SAPAVscoped_lock@queuing_rw_mutex@1@PCRAV231@PAV231@1@Z 10009cd0 f i queuing_rw_mutex.obj
 0001:00008d00       ??$__TBB_load_relaxed@PAVscoped_lock@queuing_rw_mutex@tbb@@@internal@tbb@@YAPAVscoped_lock@queuing_rw_mutex@1@ADSAV231@@Z 10009d00 f i queuing_rw_mutex.obj
 0001:00008d10       ??$compare_and_swap@$01@?$atomic_impl@E@internal@tbb@@QAEEEE@Z 10009d10 f i queuing_rw_mutex.obj
 0001:00008d50       ??$__TBB_load_with_acquire@C@internal@tbb@@YACADC@Z 10009d50 f i queuing_rw_mutex.obj
 0001:00008d60       ??$__TBB_load_relaxed@H@internal@tbb@@YAHADH@Z 10009d60 f i queuing_rw_mutex.obj
 0001:00008d70       ?try_acquire_internal_lock@scoped_lock@queuing_rw_mutex@tbb@@AAE_NXZ 10009d70 f i queuing_rw_mutex.obj
 0001:00008db0       ?acquire_internal_lock@scoped_lock@queuing_rw_mutex@tbb@@AAEXXZ 10009db0 f i queuing_rw_mutex.obj
 0001:00008df0       ?release_internal_lock@scoped_lock@queuing_rw_mutex@tbb@@AAEXXZ 10009df0 f i queuing_rw_mutex.obj
 0001:00008e00       ?unblock_or_wait_on_internal_lock@scoped_lock@queuing_rw_mutex@tbb@@AAEXI@Z 10009e00 f i queuing_rw_mutex.obj
 0001:00008e20       ??B?$atomic_impl@E@internal@tbb@@QDEEXZ 10009e20 f i queuing_rw_mutex.obj
 0001:00008e30       ?store_with_release@?$atomic_impl@E@internal@tbb@@IAEEE@Z 10009e30 f i queuing_rw_mutex.obj
 0001:00008e40       ??B?$atomic_impl@PAVscoped_lock@queuing_rw_mutex@tbb@@@internal@tbb@@QDEPAVscoped_lock@queuing_rw_mutex@2@XZ 10009e40 f i queuing_rw_mutex.obj
 0001:00008e50       ??$load@H@?$atomic_load_store_traits@$02@internal@tbb@@SAHADH@Z 10009e50 f i queuing_rw_mutex.obj
 0001:00008e60       ??4?$atomic@E@tbb@@QAEEE@Z 10009e60 f i queuing_rw_mutex.obj
 0001:00008e70       ?acquire@scoped_lock@queuing_rw_mutex@tbb@@QAEXAAV23@_N@Z 10009e70 f   queuing_rw_mutex.obj
 0001:00009000       ?release@scoped_lock@queuing_rw_mutex@tbb@@QAEXXZ 1000a000 f   queuing_rw_mutex.obj
 0001:00009270       ?downgrade_to_reader@scoped_lock@queuing_rw_mutex@tbb@@QAE_NXZ 1000a270 f   queuing_rw_mutex.obj
 0001:00009300       ?upgrade_to_writer@scoped_lock@queuing_rw_mutex@tbb@@QAE_NXZ 1000a300 f   queuing_rw_mutex.obj
 0001:000096f0       ??$load@$02@?$atomic_impl@PAVscoped_lock@queuing_rw_mutex@tbb@@@internal@tbb@@QBEPAVscoped_lock@queuing_rw_mutex@2@XZ 1000a6f0 f i queuing_rw_mutex.obj
 0001:00009700       ??$load@$02PAVscoped_lock@queuing_rw_mutex@tbb@@@tbb@@YAPAVscoped_lock@queuing_rw_mutex@0@ABU?$atomic@PAVscoped_lock@queuing_rw_mutex@tbb@@@0@@Z 1000a700 f i queuing_rw_mutex.obj
 0001:00009710       ?try_acquire@scoped_lock@queuing_rw_mutex@tbb@@QAE_NAAV23@_N@Z 1000a710 f   queuing_rw_mutex.obj
 0001:00009790       ??0id@tbb_thread_v3@internal@tbb@@QAE@XZ 1000a790 f i reader_writer_lock.obj
 0001:000097a0       ??8internal@tbb@@YA_NVid@tbb_thread_v3@01@0@Z 1000a7a0 f i reader_writer_lock.obj
 0001:000097b0       ??9internal@tbb@@YA_NVid@tbb_thread_v3@01@0@Z 1000a7b0 f i reader_writer_lock.obj
 0001:000097c0       ?get_id@this_tbb_thread@tbb@@YA?AVid@tbb_thread_v3@internal@2@XZ 1000a7c0 f i reader_writer_lock.obj
 0001:00009870       ??2scoped_lock@reader_writer_lock@interface5@tbb@@SAPAXI@Z 1000a870 f i reader_writer_lock.obj
 0001:00009880       ??3scoped_lock@reader_writer_lock@interface5@tbb@@SAXPAX@Z 1000a880 f i reader_writer_lock.obj
 0001:00009890       ?internal_destroy@reader_writer_lock@interface5@tbb@@AAEXXZ 1000a890 f   reader_writer_lock.obj
 0001:000098a0       ?is_current_writer@reader_writer_lock@interface5@tbb@@AAE_NXZ 1000a8a0 f i reader_writer_lock.obj
 0001:000098c0       ??$spin_wait_while_eq@PAVscoped_lock@reader_writer_lock@interface5@tbb@@PAV1234@@internal@tbb@@YAXADSAVscoped_lock@reader_writer_lock@interface5@1@PAV2341@@Z 1000a8c0 f i reader_writer_lock.obj
 0001:00009910       ??$fetch_and_store@$0A@@?$atomic_impl@PAVscoped_lock_read@reader_writer_lock@interface5@tbb@@@internal@tbb@@QAEPAVscoped_lock_read@reader_writer_lock@interface5@2@PAV3452@@Z 1000a910 f i reader_writer_lock.obj
 0001:00009940       ??$fetch_and_store@$0A@@?$atomic_impl@PAVscoped_lock@reader_writer_lock@interface5@tbb@@@internal@tbb@@QAEPAVscoped_lock@reader_writer_lock@interface5@2@PAV3452@@Z 1000a940 f i reader_writer_lock.obj
 0001:00009970       ??$compare_and_swap@$0A@@?$atomic_impl@PAVscoped_lock@reader_writer_lock@interface5@tbb@@@internal@tbb@@QAEPAVscoped_lock@reader_writer_lock@interface5@2@PAV3452@0@Z 1000a970 f i reader_writer_lock.obj
 0001:000099b0       ??Z?$atomic_impl_with_arithmetic@IID@internal@tbb@@QAEII@Z 1000a9b0 f i reader_writer_lock.obj
 0001:000099e0       ??B?$atomic_impl@W4status_t@reader_writer_lock@interface5@tbb@@@internal@tbb@@QDE?AW4status_t@reader_writer_lock@interface5@2@XZ 1000a9e0 f i reader_writer_lock.obj
 0001:000099f0       ?fetch_and_store@?$atomic_impl@PAVscoped_lock_read@reader_writer_lock@interface5@tbb@@@internal@tbb@@QAEPAVscoped_lock_read@reader_writer_lock@interface5@3@PAV4563@@Z 1000a9f0 f i reader_writer_lock.obj
 0001:00009a20       ?fetch_and_store@?$atomic_impl@PAVscoped_lock@reader_writer_lock@interface5@tbb@@@internal@tbb@@QAEPAVscoped_lock@reader_writer_lock@interface5@3@PAV4563@@Z 1000aa20 f i reader_writer_lock.obj
 0001:00009a50       ?compare_and_swap@?$atomic_impl@PAVscoped_lock@reader_writer_lock@interface5@tbb@@@internal@tbb@@QAEPAVscoped_lock@reader_writer_lock@interface5@3@PAV4563@0@Z 1000aa50 f i reader_writer_lock.obj
 0001:00009a90       ??B?$atomic_impl@PAVscoped_lock@reader_writer_lock@interface5@tbb@@@internal@tbb@@QDEPAVscoped_lock@reader_writer_lock@interface5@2@XZ 1000aa90 f i reader_writer_lock.obj
 0001:00009aa0       ?store_with_release@?$atomic_impl@W4status_t@reader_writer_lock@interface5@tbb@@@internal@tbb@@IAE?AW4status_t@reader_writer_lock@interface5@3@W44563@@Z 1000aaa0 f i reader_writer_lock.obj
 0001:00009ab0       ?store_with_release@?$atomic_impl@PAVscoped_lock_read@reader_writer_lock@interface5@tbb@@@internal@tbb@@IAEPAVscoped_lock_read@reader_writer_lock@interface5@3@PAV4563@@Z 1000aab0 f i reader_writer_lock.obj
 0001:00009ac0       ?store_with_release@?$atomic_impl@PAVscoped_lock@reader_writer_lock@interface5@tbb@@@internal@tbb@@IAEPAVscoped_lock@reader_writer_lock@interface5@3@PAV4563@@Z 1000aac0 f i reader_writer_lock.obj
 0001:00009ad0       ??$spin_wait_while_eq@U?$atomic@W4status_t@reader_writer_lock@interface5@tbb@@@tbb@@W4status_t@reader_writer_lock@interface5@2@@internal@tbb@@YAXADU?$atomic@W4status_t@reader_writer_lock@interface5@tbb@@@1@W4status_t@reader_writer_lock@interface5@1@@Z 1000aad0 f i reader_writer_lock.obj
 0001:00009b20       ??$spin_wait_until_and@U?$atomic@I@tbb@@I@interface5@tbb@@YAXADU?$atomic@I@1@I@Z 1000ab20 f i reader_writer_lock.obj
 0001:00009b70       ??$spin_wait_while_geq@U?$atomic@I@tbb@@I@interface5@tbb@@YAXADU?$atomic@I@1@I@Z 1000ab70 f i reader_writer_lock.obj
 0001:00009bc0       ?fetch_and_or@interface5@tbb@@YAIAAU?$atomic@I@2@I@Z 1000abc0 f i reader_writer_lock.obj
 0001:00009c30       ?fetch_and_and@interface5@tbb@@YAIAAU?$atomic@I@2@I@Z 1000ac30 f i reader_writer_lock.obj
 0001:00009ca0       ?try_lock_read@reader_writer_lock@interface5@tbb@@QAE_NXZ 1000aca0 f   reader_writer_lock.obj
 0001:00009d20       ?end_read@reader_writer_lock@interface5@tbb@@AAEXXZ 1000ad20 f   reader_writer_lock.obj
 0001:00009d60       ??4?$atomic@W4status_t@reader_writer_lock@interface5@tbb@@@tbb@@QAE?AW4status_t@reader_writer_lock@interface5@1@W42341@@Z 1000ad60 f i reader_writer_lock.obj
 0001:00009d70       ??4?$atomic@PAVscoped_lock_read@reader_writer_lock@interface5@tbb@@@tbb@@QAEPAVscoped_lock_read@reader_writer_lock@interface5@1@PAV2341@@Z 1000ad70 f i reader_writer_lock.obj
 0001:00009d80       ??4?$atomic@PAVscoped_lock@reader_writer_lock@interface5@tbb@@@tbb@@QAEPAVscoped_lock@reader_writer_lock@interface5@1@PAV2341@@Z 1000ad80 f i reader_writer_lock.obj
 0001:00009d90       ??C?$atomic@PAVscoped_lock@reader_writer_lock@interface5@tbb@@@tbb@@QBEPAVscoped_lock@reader_writer_lock@interface5@1@XZ 1000ad90 f i reader_writer_lock.obj
 0001:00009da0       ?internal_construct@reader_writer_lock@interface5@tbb@@AAEXXZ 1000ada0 f   reader_writer_lock.obj
 0001:00009dc0       ?set_next_writer@reader_writer_lock@interface5@tbb@@AAEXPAVscoped_lock@123@@Z 1000adc0 f   reader_writer_lock.obj
 0001:00009e60       ?unblock_readers@reader_writer_lock@interface5@tbb@@AAEXXZ 1000ae60 f   reader_writer_lock.obj
 0001:00009ed0       ?end_write@reader_writer_lock@interface5@tbb@@AAEXPAVscoped_lock@123@@Z 1000aed0 f   reader_writer_lock.obj
 0001:00009fa0       ??0scoped_lock@reader_writer_lock@interface5@tbb@@AAE@XZ 1000afa0 f i reader_writer_lock.obj
 0001:00009fc0       ??0scoped_lock_read@reader_writer_lock@interface5@tbb@@AAE@XZ 1000afc0 f i reader_writer_lock.obj
 0001:00009fe0       ?internal_destroy@scoped_lock@reader_writer_lock@interface5@tbb@@AAEXXZ 1000afe0 f   reader_writer_lock.obj
 0001:0000a000       ?internal_destroy@scoped_lock_read@reader_writer_lock@interface5@tbb@@AAEXXZ 1000b000 f   reader_writer_lock.obj
 0001:0000a050       ??1scoped_lock@reader_writer_lock@interface5@tbb@@QAE@XZ 1000b050 f i reader_writer_lock.obj
 0001:0000a070       ??1scoped_lock_read@reader_writer_lock@interface5@tbb@@QAE@XZ 1000b070 f i reader_writer_lock.obj
 0001:0000a0c0       ??_Gscoped_lock@reader_writer_lock@interface5@tbb@@QAEPAXI@Z 1000b0c0 f i reader_writer_lock.obj
 0001:0000a0f0       ?start_read@reader_writer_lock@interface5@tbb@@AAEXPAVscoped_lock_read@123@@Z 1000b0f0 f   reader_writer_lock.obj
 0001:0000a1a0       ?unlock@reader_writer_lock@interface5@tbb@@QAEXXZ 1000b1a0 f   reader_writer_lock.obj
 0001:0000a210       ?internal_construct@scoped_lock_read@reader_writer_lock@interface5@tbb@@AAEXAAV234@@Z 1000b210 f   reader_writer_lock.obj
 0001:0000a260       ?start_write@reader_writer_lock@interface5@tbb@@AAE_NPAVscoped_lock@123@@Z 1000b260 f   reader_writer_lock.obj
 0001:0000a3e0       ?lock_read@reader_writer_lock@interface5@tbb@@QAEXXZ 1000b3e0 f   reader_writer_lock.obj
 0001:0000a4c0       ?internal_construct@scoped_lock@reader_writer_lock@interface5@tbb@@AAEXAAV234@@Z 1000b4c0 f   reader_writer_lock.obj
 0001:0000a510       ?lock@reader_writer_lock@interface5@tbb@@QAEXXZ 1000b510 f   reader_writer_lock.obj
 0001:0000a580       ?try_lock@reader_writer_lock@interface5@tbb@@QAE_NXZ 1000b580 f   reader_writer_lock.obj
 0001:0000a650       ?reset@atomic_backoff@internal@tbb@@QAEXXZ 1000b650 f i spin_rw_mutex.obj
 0001:0000a660       ?internal_release_writer@spin_rw_mutex_v3@tbb@@AAEXXZ 1000b660 f   spin_rw_mutex.obj
 0001:0000a680       ?internal_acquire_reader@spin_rw_mutex_v3@tbb@@AAEXXZ 1000b680 f   spin_rw_mutex.obj
 0001:0000a710       ?internal_downgrade@spin_rw_mutex_v3@tbb@@AAEXXZ 1000b710 f   spin_rw_mutex.obj
 0001:0000a740       ?internal_release_reader@spin_rw_mutex_v3@tbb@@AAEXXZ 1000b740 f   spin_rw_mutex.obj
 0001:0000a770       ?internal_try_acquire_reader@spin_rw_mutex_v3@tbb@@AAE_NXZ 1000b770 f   spin_rw_mutex.obj
 0001:0000a7d0       ?internal_construct@spin_rw_mutex_v3@tbb@@AAEXXZ 1000b7d0 f   spin_rw_mutex.obj
 0001:0000a820       ?internal_acquire_writer@spin_rw_mutex_v3@tbb@@AAE_NXZ 1000b820 f   spin_rw_mutex.obj
 0001:0000a8c0       ?internal_upgrade@spin_rw_mutex_v3@tbb@@AAE_NXZ 1000b8c0 f   spin_rw_mutex.obj
 0001:0000a9b0       ?internal_try_acquire_writer@spin_rw_mutex_v3@tbb@@AAE_NXZ 1000b9b0 f   spin_rw_mutex.obj
 0001:0000aa50       ?internal_acquire@scoped_lock@spin_mutex@tbb@@AAEXAAV23@@Z 1000ba50 f   spin_mutex.obj
 0001:0000aa90       ?internal_try_acquire@scoped_lock@spin_mutex@tbb@@AAE_NAAV23@@Z 1000ba90 f   spin_mutex.obj
 0001:0000aae0       ?internal_construct@spin_mutex@tbb@@QAEXXZ 1000bae0 f   spin_mutex.obj
 0001:0000ab00       ?internal_release@scoped_lock@spin_mutex@tbb@@AAEXXZ 1000bb00 f   spin_mutex.obj
 0001:0000ab30       ?internal_construct@critical_section_v4@internal@tbb@@QAEXXZ 1000bb30 f   critical_section.obj
 0001:0000ab70       ?prefix@task@tbb@@QBEAAVtask_prefix@internal@2@PAUversion_tag_v3@42@@Z 1000bb70 f i task.obj
 0001:0000ab80       ?clear@task_list@tbb@@QAEXXZ 1000bb80 f i task.obj
 0001:0000ab90       ?assert_task_valid@internal@tbb@@YAXABVtask@2@@Z 1000bb90 f i task.obj
 0001:0000aba0       ?assert_task_pool_valid@generic_scheduler@internal@tbb@@IBEXXZ 1000bba0 f i task.obj
 0001:0000abb0       ?number_of_workers_in_my_arena@generic_scheduler@internal@tbb@@QAEIXZ 1000bbb0 f i task.obj
 0001:0000abc0       ?deallocate_task@generic_scheduler@internal@tbb@@QAEXAAVtask@3@@Z 1000bbc0 f i task.obj
 0001:0000abe0       ?internal_set_ref_count@task@tbb@@AAEXH@Z 1000bbe0 f   task.obj
 0001:0000ac10       ?internal_decrement_ref_count@task@tbb@@AAEHXZ 1000bc10 f   task.obj
 0001:0000ac60       ?is_owned_by_current_thread@task@tbb@@QBE_NXZ 1000bc60 f   task.obj
 0001:0000ac70       ?note_affinity@task@tbb@@UAEXG@Z 1000bc70 f   task.obj
 0001:0000ac80       ?get@?$basic_tls@PAVgeneric_scheduler@internal@tbb@@@internal@tbb@@QAEPAVgeneric_scheduler@23@XZ 1000bc80 f i task.obj
 0001:0000ac90       ?empty@?$deque@PAVtask@tbb@@V?$tbb_allocator@PAVtask@tbb@@@2@@std@@QBE_NXZ 1000bc90 f i task.obj
 0001:0000aca0       ?deallocate@?$tbb_allocator@PAVtask@tbb@@@tbb@@QAEXPAPAVtask@2@I@Z 1000bca0 f i task.obj
 0001:0000acb0       ?deallocate@?$tbb_allocator@PAPAVtask@tbb@@@tbb@@QAEXPAPAPAVtask@2@I@Z 1000bcb0 f i task.obj
 0001:0000acc0       ?deallocate@?$tbb_allocator@U_Container_proxy@std@@@tbb@@QAEXPAU_Container_proxy@std@@I@Z 1000bcc0 f i task.obj
 0001:0000acd0       ??$poison_pointer@Vscheduler@internal@tbb@@@internal@tbb@@YAXPAVscheduler@01@@Z 1000bcd0 f i task.obj
 0001:0000ace0       ??$free_task@$00@generic_scheduler@internal@tbb@@QAEXAAVtask@2@@Z 1000bce0 f i task.obj
 0001:0000ad10       ??$free_task@$0A@@generic_scheduler@internal@tbb@@QAEXAAVtask@2@@Z 1000bd10 f i task.obj
 0001:0000ad50       ??$?0PAVtask@tbb@@@?$tbb_allocator@U_Container_proxy@std@@@tbb@@QAE@ABV?$tbb_allocator@PAVtask@tbb@@@1@@Z 1000bd50 f i task.obj
 0001:0000ad60       ?destroy@?$tbb_allocator@PAVtask@tbb@@@tbb@@QAEXPAPAVtask@2@@Z 1000bd60 f i task.obj
 0001:0000ad70       ?destroy@?$tbb_allocator@PAPAVtask@tbb@@@tbb@@QAEXPAPAPAVtask@2@@Z 1000bd70 f i task.obj
 0001:0000ad80       ?destroy@?$tbb_allocator@U_Container_proxy@std@@@tbb@@QAEXPAU_Container_proxy@std@@@Z 1000bd80 f i task.obj
 0001:0000ad90       ?increment_ref_count@task@tbb@@QAEXXZ 1000bd90 f i task.obj
 0001:0000adb0       ?local_scheduler@governor@internal@tbb@@SAPAVgeneric_scheduler@23@XZ 1000bdb0 f i task.obj
 0001:0000add0       ?max_number_of_workers@governor@internal@tbb@@SAIXZ 1000bdd0 f i task.obj
 0001:0000ae00       ?allocate@allocate_root_proxy@internal@tbb@@SAAAVtask@3@I@Z 1000be00 f   task.obj
 0001:0000ae50       ?free@allocate_root_proxy@internal@tbb@@SAXAAVtask@3@@Z 1000be50 f   task.obj
 0001:0000aea0       ?allocate@allocate_root_with_context_proxy@internal@tbb@@QBEAAVtask@3@I@Z 1000bea0 f   task.obj
 0001:0000af20       ?free@allocate_root_with_context_proxy@internal@tbb@@QBEXAAVtask@3@@Z 1000bf20 f   task.obj
 0001:0000af70       ?allocate@allocate_continuation_proxy@internal@tbb@@QBEAAVtask@3@I@Z 1000bf70 f   task.obj
 0001:0000afb0       ?free@allocate_continuation_proxy@internal@tbb@@QBEXAAVtask@3@@Z 1000bfb0 f   task.obj
 0001:0000b000       ?allocate@allocate_child_proxy@internal@tbb@@QBEAAVtask@3@I@Z 1000c000 f   task.obj
 0001:0000b040       ?free@allocate_child_proxy@internal@tbb@@QBEXAAVtask@3@@Z 1000c040 f   task.obj
 0001:0000b090       ?allocate@allocate_additional_child_of_proxy@internal@tbb@@QBEAAVtask@3@I@Z 1000c090 f   task.obj
 0001:0000b0f0       ?free@allocate_additional_child_of_proxy@internal@tbb@@QBEXAAVtask@3@@Z 1000c0f0 f   task.obj
 0001:0000b190       ?get_initial_auto_partitioner_divisor@internal@tbb@@YAIXZ 1000c190 f   task.obj
 0001:0000b1c0       ?resize@affinity_partitioner_base_v3@internal@tbb@@AAEXI@Z 1000c1c0 f   task.obj
 0001:0000b250       ?self@task@tbb@@SAAAV12@XZ 1000c250 f   task.obj
 0001:0000b280       ?destroy@task_base@internal@interface5@tbb@@SAXAAVtask@4@@Z 1000c280 f   task.obj
 0001:0000b330       ?spawn_and_wait_for_all@task@tbb@@QAEXAAVtask_list@2@@Z 1000c330 f   task.obj
 0001:0000b390       ?change_group@task@tbb@@QAEXAAVtask_group_context@2@@Z 1000c390 f   task.obj
 0001:0000b3f0       ??$_Dest_val@V?$tbb_allocator@PAVtask@tbb@@@tbb@@PAVtask@2@@std@@YAXAAV?$tbb_allocator@PAVtask@tbb@@@tbb@@PAPAVtask@2@@Z 1000c3f0 f i task.obj
 0001:0000b400       ??$_Dest_val@V?$tbb_allocator@PAPAVtask@tbb@@@tbb@@PAPAVtask@2@@std@@YAXAAV?$tbb_allocator@PAPAVtask@tbb@@@tbb@@PAPAPAVtask@2@@Z 1000c400 f i task.obj
 0001:0000b410       ??$_Dest_val@V?$tbb_allocator@U_Container_proxy@std@@@tbb@@U_Container_proxy@std@@@std@@YAXAAV?$tbb_allocator@U_Container_proxy@std@@@tbb@@PAU_Container_proxy@0@@Z 1000c410 f i task.obj
 0001:0000b420       ?pop_back@?$deque@PAVtask@tbb@@V?$tbb_allocator@PAVtask@tbb@@@2@@std@@QAEXXZ 1000c420 f i task.obj
 0001:0000b440       ??1?$_Deque_val@PAVtask@tbb@@V?$tbb_allocator@PAVtask@tbb@@@2@@std@@QAE@XZ 1000c440 f i task.obj
 0001:0000b4a0       ?_Tidy@?$deque@PAVtask@tbb@@V?$tbb_allocator@PAVtask@tbb@@@2@@std@@IAEXXZ 1000c4a0 f i task.obj
 0001:0000b510       ??1?$deque@PAVtask@tbb@@V?$tbb_allocator@PAVtask@tbb@@@2@@std@@QAE@XZ 1000c510 f i task.obj
 0001:0000b570       ??1?$queue_and_mutex@PAVtask@tbb@@Vspin_mutex@2@@internal@tbb@@QAE@XZ 1000c570 f i task.obj
 0001:0000b5d0       ??1?$padded_base@U?$queue_and_mutex@PAVtask@tbb@@Vspin_mutex@2@@internal@tbb@@$0BM@@internal@tbb@@QAE@XZ 1000c5d0 f i task.obj
 0001:0000b630       ??1?$padded@U?$queue_and_mutex@PAVtask@tbb@@Vspin_mutex@2@@internal@tbb@@@internal@tbb@@QAE@XZ 1000c630 f i task.obj
 0001:0000b690       ??_E?$padded@U?$queue_and_mutex@PAVtask@tbb@@Vspin_mutex@2@@internal@tbb@@@internal@tbb@@QAEPAXI@Z 1000c690 f i task.obj
 0001:0000b750       ?strchr@@YAPADPADH@Z       1000c750 f i tbb_misc.obj
 0001:0000b760       ?set_assertion_handler@tbb@@YAP6AXPBDH00@ZP6AX0H00@Z@Z 1000c760 f   tbb_misc.obj
 0001:0000b770       ?assertion_failure@tbb@@YAXPBDH00@Z 1000c770 f   tbb_misc.obj
 0001:0000b7f0       ?runtime_warning@internal@tbb@@YAXPBDZZ 1000c7f0 f   tbb_misc.obj
 0001:0000b870       ??0bad_alloc@std@@QAE@XZ   1000c870 f i tbb_misc.obj
 0001:0000b8a0       ??1bad_alloc@std@@UAE@XZ   1000c8a0 f i tbb_misc.obj
 0001:0000b8b0       ??_Gbad_alloc@std@@UAEPAXI@Z 1000c8b0 f i tbb_misc.obj
 0001:0000b8b0       ??_Ebad_alloc@std@@UAEPAXI@Z 1000c8b0 f i tbb_misc.obj
 0001:0000b8e0       ??0logic_error@std@@QAE@PBD@Z 1000c8e0 f i tbb_misc.obj
 0001:0000b900       ??1logic_error@std@@UAE@XZ 1000c900 f i tbb_misc.obj
 0001:0000b910       ??0invalid_argument@std@@QAE@PBD@Z 1000c910 f i tbb_misc.obj
 0001:0000b940       ??1invalid_argument@std@@UAE@XZ 1000c940 f i tbb_misc.obj
 0001:0000b950       ??0length_error@std@@QAE@PBD@Z 1000c950 f i tbb_misc.obj
 0001:0000b980       ??1length_error@std@@UAE@XZ 1000c980 f i tbb_misc.obj
 0001:0000b990       ??0out_of_range@std@@QAE@PBD@Z 1000c990 f i tbb_misc.obj
 0001:0000b9c0       ??1out_of_range@std@@UAE@XZ 1000c9c0 f i tbb_misc.obj
 0001:0000b9d0       ??0runtime_error@std@@QAE@PBD@Z 1000c9d0 f i tbb_misc.obj
 0001:0000b9f0       ??1runtime_error@std@@UAE@XZ 1000c9f0 f i tbb_misc.obj
 0001:0000ba00       ??0range_error@std@@QAE@PBD@Z 1000ca00 f i tbb_misc.obj
 0001:0000ba30       ??1range_error@std@@UAE@XZ 1000ca30 f i tbb_misc.obj
 0001:0000ba70       ?what@bad_last_alloc@tbb@@UBEPBDXZ 1000ca70 f   tbb_misc.obj
 0001:0000ba80       ?what@improper_lock@tbb@@UBEPBDXZ 1000ca80 f   tbb_misc.obj
 0001:0000ba90       ?what@user_abort@tbb@@UBEPBDXZ 1000ca90 f   tbb_misc.obj
 0001:0000baa0       ?what@invalid_multiple_scheduling@tbb@@UBEPBDXZ 1000caa0 f   tbb_misc.obj
 0001:0000bab0       ?what@missing_wait@tbb@@UBEPBDXZ 1000cab0 f   tbb_misc.obj
 0001:0000bac0       ?handle_perror@internal@tbb@@YAXHPBD@Z 1000cac0 f   tbb_misc.obj
 0001:0000bb60       ??0runtime_error@std@@QAE@ABV01@@Z 1000cb60 f i tbb_misc.obj
 0001:0000bb80       ?handle_win_error@internal@tbb@@YAXH@Z 1000cb80 f   tbb_misc.obj
 0001:0000bbf0       ??0bad_last_alloc@tbb@@QAE@XZ 1000cbf0 f i tbb_misc.obj
 0001:0000bc20       ??1bad_last_alloc@tbb@@UAE@XZ 1000cc20 f i tbb_misc.obj
 0001:0000bc30       ??0missing_wait@tbb@@QAE@XZ 1000cc30 f i tbb_misc.obj
 0001:0000bc50       ??1missing_wait@tbb@@UAE@XZ 1000cc50 f i tbb_misc.obj
 0001:0000bc60       ??0invalid_multiple_scheduling@tbb@@QAE@XZ 1000cc60 f i tbb_misc.obj
 0001:0000bc80       ??1invalid_multiple_scheduling@tbb@@UAE@XZ 1000cc80 f i tbb_misc.obj
 0001:0000bc90       ??0improper_lock@tbb@@QAE@XZ 1000cc90 f i tbb_misc.obj
 0001:0000bcb0       ??1improper_lock@tbb@@UAE@XZ 1000ccb0 f i tbb_misc.obj
 0001:0000bcc0       ??0user_abort@tbb@@QAE@XZ  1000ccc0 f i tbb_misc.obj
 0001:0000bce0       ??1user_abort@tbb@@UAE@XZ  1000cce0 f i tbb_misc.obj
 0001:0000bcf0       ??_Gbad_last_alloc@tbb@@UAEPAXI@Z 1000ccf0 f i tbb_misc.obj
 0001:0000bcf0       ??_Ebad_last_alloc@tbb@@UAEPAXI@Z 1000ccf0 f i tbb_misc.obj
 0001:0000bd20       ??_Gmissing_wait@tbb@@UAEPAXI@Z 1000cd20 f i tbb_misc.obj
 0001:0000bd20       ??_Emissing_wait@tbb@@UAEPAXI@Z 1000cd20 f i tbb_misc.obj
 0001:0000bd40       ??_Ginvalid_multiple_scheduling@tbb@@UAEPAXI@Z 1000cd40 f i tbb_misc.obj
 0001:0000bd40       ??_Einvalid_multiple_scheduling@tbb@@UAEPAXI@Z 1000cd40 f i tbb_misc.obj
 0001:0000bd60       ??_Gimproper_lock@tbb@@UAEPAXI@Z 1000cd60 f i tbb_misc.obj
 0001:0000bd60       ??_Eimproper_lock@tbb@@UAEPAXI@Z 1000cd60 f i tbb_misc.obj
 0001:0000bd80       ??_Euser_abort@tbb@@UAEPAXI@Z 1000cd80 f i tbb_misc.obj
 0001:0000bd80       ??_Guser_abort@tbb@@UAEPAXI@Z 1000cd80 f i tbb_misc.obj
 0001:0000bda0       ?GetBoolEnvironmentVariable@internal@tbb@@YA_NPBD@Z 1000cda0 f   tbb_misc.obj
 0001:0000bdf0       ?PrintVersion@internal@tbb@@YAXXZ 1000cdf0 f   tbb_misc.obj
 0001:0000be10       ?PrintExtraVersionInfo@internal@tbb@@YAXPBD0ZZ 1000ce10 f   tbb_misc.obj
 0001:0000bea0       ?PrintRMLVersionInfo@internal@tbb@@YAXPAXPBD@Z 1000cea0 f   tbb_misc.obj
 0001:0000bec0       _TBB_runtime_interface_version 1000cec0 f   tbb_misc.obj
 0001:0000bed0       ___TBB_machine_store8_slow 1000ced0 f   tbb_misc.obj
 0001:0000bf50       ??_Glogic_error@std@@UAEPAXI@Z 1000cf50 f i tbb_misc.obj
 0001:0000bf50       ??_Elogic_error@std@@UAEPAXI@Z 1000cf50 f i tbb_misc.obj
 0001:0000bf70       ??_Ginvalid_argument@std@@UAEPAXI@Z 1000cf70 f i tbb_misc.obj
 0001:0000bf70       ??_Einvalid_argument@std@@UAEPAXI@Z 1000cf70 f i tbb_misc.obj
 0001:0000bf90       ??_Elength_error@std@@UAEPAXI@Z 1000cf90 f i tbb_misc.obj
 0001:0000bf90       ??_Glength_error@std@@UAEPAXI@Z 1000cf90 f i tbb_misc.obj
 0001:0000bfb0       ??_Eout_of_range@std@@UAEPAXI@Z 1000cfb0 f i tbb_misc.obj
 0001:0000bfb0       ??_Gout_of_range@std@@UAEPAXI@Z 1000cfb0 f i tbb_misc.obj
 0001:0000bfd0       ??_Eruntime_error@std@@UAEPAXI@Z 1000cfd0 f i tbb_misc.obj
 0001:0000bfd0       ??_Gruntime_error@std@@UAEPAXI@Z 1000cfd0 f i tbb_misc.obj
 0001:0000bff0       ??_Erange_error@std@@UAEPAXI@Z 1000cff0 f i tbb_misc.obj
 0001:0000bff0       ??_Grange_error@std@@UAEPAXI@Z 1000cff0 f i tbb_misc.obj
 0001:0000c010       ?throw_exception_v4@internal@tbb@@YAXW4exception_id@12@@Z 1000d010 f   tbb_misc.obj
 0001:0000c2f0       ??0bad_alloc@std@@QAE@ABV01@@Z 1000d2f0 f i tbb_misc.obj
 0001:0000c310       ??0bad_last_alloc@tbb@@QAE@ABV01@@Z 1000d310 f i tbb_misc.obj
 0001:0000c330       ??0logic_error@std@@QAE@ABV01@@Z 1000d330 f i tbb_misc.obj
 0001:0000c350       ??0out_of_range@std@@QAE@ABV01@@Z 1000d350 f i tbb_misc.obj
 0001:0000c370       ??0range_error@std@@QAE@ABV01@@Z 1000d370 f i tbb_misc.obj
 0001:0000c390       ??0missing_wait@tbb@@QAE@ABV01@@Z 1000d390 f i tbb_misc.obj
 0001:0000c3b0       ??0invalid_multiple_scheduling@tbb@@QAE@ABV01@@Z 1000d3b0 f i tbb_misc.obj
 0001:0000c3d0       ??0improper_lock@tbb@@QAE@ABV01@@Z 1000d3d0 f i tbb_misc.obj
 0001:0000c3f0       ??0length_error@std@@QAE@ABV01@@Z 1000d3f0 f i tbb_misc.obj
 0001:0000c410       ??0user_abort@tbb@@QAE@ABV01@@Z 1000d410 f i tbb_misc.obj
 0001:0000c430       ??0invalid_argument@std@@QAE@ABV01@@Z 1000d430 f i tbb_misc.obj
 0001:0000c450       ?throw_bad_last_alloc_exception_v4@internal@tbb@@YAXXZ 1000d450 f   tbb_misc.obj
 0001:0000c470       ??B?$atomic_impl@PAX@internal@tbb@@QDEPAXXZ 1000d470 f i tbb_misc.obj
 0001:0000c480       ?store_with_release@?$atomic_impl@PAX@internal@tbb@@IAEPAXPAX@Z 1000d480 f i tbb_misc.obj
 0001:0000c490       ??4?$atomic@PAX@tbb@@QAEPAXPAX@Z 1000d490 f i tbb_misc.obj
 0001:0000c4a0       ___TBB_machine_store8_slow_perf_warning 1000d4a0 f   tbb_misc.obj
 0001:0000c6e0       ?NumberOfProcessorGroups@internal@tbb@@YAHXZ 1000d6e0 f   tbb_misc_ex.obj
 0001:0000c6f0       ?FindProcessorGroupIndex@internal@tbb@@YAHH@Z 1000d6f0 f   tbb_misc_ex.obj
 0001:0000c7a0       ?MoveThreadIntoProcessorGroup@internal@tbb@@YAXPAXH@Z 1000d7a0 f   tbb_misc_ex.obj
 0001:0000c800       ?AvailableHwConcurrency@internal@tbb@@YAHXZ 1000d800 f   tbb_misc_ex.obj
 0001:0000c830       ?internal_acquire@scoped_lock@mutex@tbb@@AAEXAAV23@@Z 1000d830 f   mutex.obj
 0001:0000c860       ?internal_release@scoped_lock@mutex@tbb@@AAEXXZ 1000d860 f   mutex.obj
 0001:0000c890       ?internal_try_acquire@scoped_lock@mutex@tbb@@AAE_NAAV23@@Z 1000d890 f   mutex.obj
 0001:0000c8c0       ?internal_construct@mutex@tbb@@AAEXXZ 1000d8c0 f   mutex.obj
 0001:0000c8f0       ?internal_destroy@mutex@tbb@@AAEXXZ 1000d8f0 f   mutex.obj
 0001:0000c910       ?internal_acquire@scoped_lock@recursive_mutex@tbb@@AAEXAAV23@@Z 1000d910 f   recursive_mutex.obj
 0001:0000c930       ?internal_release@scoped_lock@recursive_mutex@tbb@@AAEXXZ 1000d930 f   recursive_mutex.obj
 0001:0000c950       ?internal_try_acquire@scoped_lock@recursive_mutex@tbb@@AAE_NAAV23@@Z 1000d950 f   recursive_mutex.obj
 0001:0000c970       ?internal_construct@recursive_mutex@tbb@@AAEXXZ 1000d970 f   recursive_mutex.obj
 0001:0000c9a0       ?internal_destroy@recursive_mutex@tbb@@AAEXXZ 1000d9a0 f   recursive_mutex.obj
 0001:0000ca00       ?native_handle@mutex@tbb@@QAEPAU_RTL_CRITICAL_SECTION@@XZ 1000da00 f i condition_variable.obj
 0001:0000ca10       ?set_state@mutex@tbb@@QAEXW4state_t@12@@Z 1000da10 f i condition_variable.obj
 0001:0000ca20       ?seconds@interval_t@tick_count@tbb@@QBENXZ 1000da20 f i condition_variable.obj
 0001:0000ca40       ?init_condvar_using_event@internal@tbb@@YGXPAUcondition_variable_using_event@1interface5@2@@Z 1000da40 f   condition_variable.obj
 0001:0000ca80       ?sleep_condition_variable_cs_using_event@internal@tbb@@YGHPAUcondition_variable_using_event@1interface5@2@PAU_RTL_CRITICAL_SECTION@@K@Z 1000da80 f   condition_variable.obj
 0001:0000cb50       ?wake_condition_variable_using_event@internal@tbb@@YGXPAUcondition_variable_using_event@1interface5@2@@Z 1000db50 f   condition_variable.obj
 0001:0000cb90       ?wake_all_condition_variable_using_event@internal@tbb@@YGXPAUcondition_variable_using_event@1interface5@2@@Z 1000db90 f   condition_variable.obj
 0001:0000cbd0       ?destroy_condvar_noop@internal@tbb@@YGXPAU_RTL_CONDITION_VARIABLE@@@Z 1000dbd0 f   condition_variable.obj
 0001:0000cbe0       ?init_condvar_module@internal@tbb@@YAXXZ 1000dbe0 f   condition_variable.obj
 0001:0000cc10       ?internal_destroy_condition_variable@internal@interface5@tbb@@YAXAATcondvar_impl_t@123@@Z 1000dc10 f   condition_variable.obj
 0001:0000cc20       ?internal_condition_variable_notify_one@internal@interface5@tbb@@YAXAATcondvar_impl_t@123@@Z 1000dc20 f   condition_variable.obj
 0001:0000cc30       ?internal_condition_variable_notify_all@internal@interface5@tbb@@YAXAATcondvar_impl_t@123@@Z 1000dc30 f   condition_variable.obj
 0001:0000cc40       ?internal_condition_variable_wait@internal@interface5@tbb@@YA_NAATcondvar_impl_t@123@PAVmutex@3@PBVinterval_t@tick_count@3@@Z 1000dc40 f   condition_variable.obj
 0001:0000ccc0       ??$spin_wait_until_eq@HH@internal@tbb@@YAXADHH@Z 1000dcc0 f i condition_variable.obj
 0001:0000cd10       ?destroy_condvar_using_event@internal@tbb@@YGXPAUcondition_variable_using_event@1interface5@2@@Z 1000dd10 f   condition_variable.obj
 0001:0000cd70       ?internal_initialize_condition_variable@internal@interface5@tbb@@YAXAATcondvar_impl_t@123@@Z 1000dd70 f   condition_variable.obj
 0001:0000cda0       ??0interval_t@tick_count@tbb@@AAE@_J@Z 1000dda0 f i tbb_thread.obj
 0001:0000cdc0       ??Gtbb@@YA?AVinterval_t@tick_count@0@ABV120@0@Z 1000ddc0 f i tbb_thread.obj
 0001:0000cde0       ??0tick_count@tbb@@QAE@XZ  1000dde0 f i tbb_thread.obj
 0001:0000cdf0       ?now@tick_count@tbb@@SA?AV12@XZ 1000ddf0 f i tbb_thread.obj
 0001:0000ce30       ??Gtbb@@YA?AVinterval_t@tick_count@0@ABV20@0@Z 1000de30 f i tbb_thread.obj
 0001:0000ce50       ?joinable@tbb_thread_v3@internal@tbb@@QBE_NXZ 1000de50 f i tbb_thread.obj
 0001:0000ce60       ??0id@tbb_thread_v3@internal@tbb@@AAE@K@Z 1000de60 f i tbb_thread.obj
 0001:0000ce70       ?default_num_threads@governor@internal@tbb@@SAIXZ 1000de70 f i tbb_thread.obj
 0001:0000ce90       ?allocate_closure_v3@internal@tbb@@YAPAXI@Z 1000de90 f   tbb_thread.obj
 0001:0000cea0       ?free_closure_v3@internal@tbb@@YAXPAX@Z 1000dea0 f   tbb_thread.obj
 0001:0000ceb0       ?join@tbb_thread_v3@internal@tbb@@QAEXXZ 1000deb0 f   tbb_thread.obj
 0001:0000cf00       ?detach@tbb_thread_v3@internal@tbb@@QAEXXZ 1000df00 f   tbb_thread.obj
 0001:0000cf30       ?internal_start@tbb_thread_v3@internal@tbb@@AAEXP6GIPAX@Z0@Z 1000df30 f   tbb_thread.obj
 0001:0000cf80       ?hardware_concurrency@tbb_thread_v3@internal@tbb@@SAIXZ 1000df80 f   tbb_thread.obj
 0001:0000cfa0       ?thread_get_id_v3@internal@tbb@@YA?AVid@tbb_thread_v3@12@XZ 1000dfa0 f   tbb_thread.obj
 0001:0000cfb0       ?move_v3@internal@tbb@@YAXAAVtbb_thread_v3@12@0@Z 1000dfb0 f   tbb_thread.obj
 0001:0000d000       ?thread_yield_v3@internal@tbb@@YAXXZ 1000e000 f   tbb_thread.obj
 0001:0000d010       ?thread_sleep_v3@internal@tbb@@YAXABVinterval_t@tick_count@2@@Z 1000e010 f   tbb_thread.obj
 0001:0000d140       ?flush_to@circular_doubly_linked_list_with_sentinel@internal@tbb@@QAEXAAV123@@Z 1000e140 f i concurrent_monitor.obj
 0001:0000d180       ?init@thread_context@concurrent_monitor@internal@tbb@@AAEXXZ 1000e180 f   concurrent_monitor.obj
 0001:0000d1e0       ??B?$atomic_impl@_N@internal@tbb@@QDE_NXZ 1000e1e0 f i concurrent_monitor.obj
 0001:0000d1f0       ?prepare_wait@concurrent_monitor@internal@tbb@@QAEXAAVthread_context@123@I@Z 1000e1f0 f   concurrent_monitor.obj
 0001:0000d260       ?cancel_wait@concurrent_monitor@internal@tbb@@QAEXAAVthread_context@123@@Z 1000e260 f   concurrent_monitor.obj
 0001:0000d2b0       ?notify_one_relaxed@concurrent_monitor@internal@tbb@@QAEXXZ 1000e2b0 f   concurrent_monitor.obj
 0001:0000d310       ?notify_all_relaxed@concurrent_monitor@internal@tbb@@QAEXXZ 1000e310 f   concurrent_monitor.obj
 0001:0000d3c0       ?abort_all_relaxed@concurrent_monitor@internal@tbb@@QAEXXZ 1000e3c0 f   concurrent_monitor.obj
 0001:0000d470       ??1concurrent_monitor@internal@tbb@@QAE@XZ 1000e470 f   concurrent_monitor.obj
 0001:0000d4c0       ?init_binsem_using_event@internal@tbb@@YGXPAU_RTL_SRWLOCK@@@Z 1000e4c0 f   semaphore.obj
 0001:0000d4e0       ?acquire_binsem_using_event@internal@tbb@@YGXPAU_RTL_SRWLOCK@@@Z 1000e4e0 f   semaphore.obj
 0001:0000d500       ?release_binsem_using_event@internal@tbb@@YGXPAU_RTL_SRWLOCK@@@Z 1000e500 f   semaphore.obj
 0001:0000d510       ?init_concmon_module@internal@tbb@@YAXXZ 1000e510 f i semaphore.obj
 0001:0000d530       ??1binary_semaphore@internal@tbb@@QAE@XZ 1000e530 f   semaphore.obj
 0001:0000d550       ?P@binary_semaphore@internal@tbb@@QAEXXZ 1000e550 f   semaphore.obj
 0001:0000d560       ?V@binary_semaphore@internal@tbb@@QAEXXZ 1000e560 f   semaphore.obj
 0001:0000d570       ??0binary_semaphore@internal@tbb@@QAE@XZ 1000e570 f   semaphore.obj
 0001:0000d660       ??1thread_monitor@internal@rml@@QAE@XZ 1000e660 f i private_server.obj
 0001:0000d670       ?launch@thread_monitor@internal@rml@@SAXP6GIPAX@Z0IPBI@Z 1000e670 f i private_server.obj
 0001:0000d710       ??1private_worker@rml@internal@tbb@@QAE@XZ 1000e710 f i private_server.obj
 0001:0000d720       ??0versioned_object@rml@@QAE@XZ 1000e720 f i private_server.obj
 0001:0000d730       ??1padded_private_worker@rml@internal@tbb@@QAE@XZ 1000e730 f i private_server.obj
 0001:0000d740       ??0?$cache_aligned_allocator@Vprivate_server@rml@internal@tbb@@@tbb@@QAE@XZ 1000e740 f i private_server.obj
 0001:0000d750       ?allocate@?$cache_aligned_allocator@Vprivate_server@rml@internal@tbb@@@tbb@@QAEPAVprivate_server@rml@internal@2@IPBX@Z 1000e750 f i private_server.obj
 0001:0000d770       ?deallocate@?$cache_aligned_allocator@Vprivate_server@rml@internal@tbb@@@tbb@@QAEXPAVprivate_server@rml@internal@2@I@Z 1000e770 f i private_server.obj
 0001:0000d780       ??0?$cache_aligned_allocator@Vpadded_private_worker@rml@internal@tbb@@@tbb@@QAE@XZ 1000e780 f i private_server.obj
 0001:0000d790       ?allocate@?$cache_aligned_allocator@Vpadded_private_worker@rml@internal@tbb@@@tbb@@QAEPAVpadded_private_worker@rml@internal@2@IPBX@Z 1000e790 f i private_server.obj
 0001:0000d7b0       ?deallocate@?$cache_aligned_allocator@Vpadded_private_worker@rml@internal@tbb@@@tbb@@QAEXPAVpadded_private_worker@rml@internal@2@I@Z 1000e7b0 f i private_server.obj
 0001:0000d7c0       ??$poison_pointer@Vpadded_private_worker@rml@internal@tbb@@@internal@tbb@@YAXPAVpadded_private_worker@rml@01@@Z 1000e7c0 f i private_server.obj
 0001:0000d7d0       ?fetch_and_store@?$atomic_traits@$00$0A@@internal@tbb@@SACPCXC@Z 1000e7d0 f i private_server.obj
 0001:0000d7f0       ??0server@rml@@QAE@XZ      1000e7f0 f i private_server.obj
 0001:0000d800       ??_Gpadded_private_worker@rml@internal@tbb@@QAEPAXI@Z 1000e800 f i private_server.obj
 0001:0000d830       ??$compare_and_swap@$0A@@?$atomic_impl@H@internal@tbb@@QAEHHH@Z 1000e830 f i private_server.obj
 0001:0000d870       ??$fetch_and_store@$0A@@?$atomic_impl@_N@internal@tbb@@QAE_N_N@Z 1000e870 f i private_server.obj
 0001:0000d8a0       ??$compare_and_swap@$0A@@?$atomic_impl@W4state_t@private_worker@rml@internal@tbb@@@internal@tbb@@QAE?AW4state_t@private_worker@rml@12@W434512@0@Z 1000e8a0 f i private_server.obj
 0001:0000d8e0       ??$fetch_and_add@$0A@@?$atomic_impl_with_arithmetic@HHD@internal@tbb@@QAEHH@Z 1000e8e0 f i private_server.obj
 0001:0000d900       ??0tbb_server@rml@internal@tbb@@QAE@XZ 1000e900 f i private_server.obj
 0001:0000d910       ??1private_server@rml@internal@tbb@@EAE@XZ 1000e910 f   private_server.obj
 0001:0000d960       ?version@private_server@rml@internal@tbb@@UBEIXZ 1000e960 f i private_server.obj
 0001:0000d970       ?yield@private_server@rml@internal@tbb@@UAEXXZ 1000e970 f i private_server.obj
[...]
 0001:00018470       ?__TBB_machine_OR@@YAXPCXH@Z 10019470 f   spin_rw_mutex_v2.obj
 0001:00018480       ?__TBB_machine_pause@@YAXH@Z 10019480 f   spin_rw_mutex_v2.obj
 0001:00018490       ?CAS@tbb@@YA_NACIII@Z      10019490 f   spin_rw_mutex_v2.obj
 0001:00018aa0       ?ArrayUnwindFilter@@YAHPAU_EXCEPTION_POINTERS@@@Z 10019aa0 f   MSVCRT:ehvecdtr.obj
 0001:00018d52       _pre_c_init                10019d52 f   MSVCRT:crtdll.obj
 0001:00018faa       ___DllMainCRTStartup       10019faa f   MSVCRT:crtdll.obj
 0001:00019680       __unwindfunclet$?pop@micro_queue@internal@tbb@@QAE_NPAXIAAVconcurrent_queue_base_v3@23@@Z$0 1001a680 f   concurrent_queue.obj
 0001:00019688       __ehhandler$?pop@micro_queue@internal@tbb@@QAE_NPAXIAAVconcurrent_queue_base_v3@23@@Z 1001a688 f   concurrent_queue.obj
 0001:000196b0       __ehhandler$?push@micro_queue@internal@tbb@@QAEXPBXIAAVconcurrent_queue_base_v3@23@@Z 1001a6b0 f   concurrent_queue.obj
 0001:000196d0       __ehhandler$?assign@micro_queue@internal@tbb@@QAEAAU123@ABU123@AAVconcurrent_queue_base_v3@23@@Z 1001a6d0 f   concurrent_queue.obj
 0001:000196f0       __unwindfunclet$?internal_push@concurrent_queue_base_v3@internal@tbb@@IAEXPBX@Z$3 1001a6f0 f   concurrent_queue.obj
 0001:000196f8       __ehhandler$?internal_push@concurrent_queue_base_v3@internal@tbb@@IAEXPBX@Z 1001a6f8 f   concurrent_queue.obj
 0001:00019720       __unwindfunclet$?internal_pop@concurrent_queue_base_v3@internal@tbb@@IAEXPAX@Z$3 1001a720 f   concurrent_queue.obj
 0001:00019728       __ehhandler$?internal_pop@concurrent_queue_base_v3@internal@tbb@@IAEXPAX@Z 1001a728 f   concurrent_queue.obj
 0001:00019750       __ehhandler$?enable_segment@helper@concurrent_vector_base_v3@internal@tbb@@SAIAAV234@II@Z 1001a750 f   concurrent_vector.obj
 0001:00019770       __unwindfunclet$?internal_clear@concurrent_vector_base_v3@internal@tbb@@IAEIP6AXPAXI@Z@Z$0 1001a770 f   concurrent_vector.obj
 0001:00019778       __ehhandler$?internal_clear@concurrent_vector_base_v3@internal@tbb@@IAEIP6AXPAXI@Z@Z 1001a778 f   concurrent_vector.obj
 0001:000197a0       __unwindfunclet$?internal_compact@concurrent_vector_base_v3@internal@tbb@@IAEPAXIPAXP6AX0I@ZP6AX0PBXI@Z@Z$2 1001a7a0 f   concurrent_vector.obj
 0001:000197a8       __ehhandler$?internal_compact@concurrent_vector_base_v3@internal@tbb@@IAEPAXIPAXP6AX0I@ZP6AX0PBXI@Z@Z 1001a7a8 f   concurrent_vector.obj
 0001:000197d0       __ehhandler$?internal_reserve@concurrent_vector_base_v3@internal@tbb@@IAEXIII@Z 1001a7d0 f   concurrent_vector.obj
 0001:000197f0       __unwindfunclet$?internal_grow@concurrent_vector_base_v3@internal@tbb@@IAEXIIIP6AXPAXPBXI@Z1@Z$0 1001a7f0 f   concurrent_vector.obj
 0001:000197f8       __ehhandler$?internal_grow@concurrent_vector_base_v3@internal@tbb@@IAEXIIIP6AXPAXPBXI@Z1@Z 1001a7f8 f   concurrent_vector.obj
 0001:00019820       __unwindfunclet$?internal_resize@concurrent_vector_base_v3@internal@tbb@@IAEXIIIPBXP6AXPAXI@ZP6AX10I@Z@Z$0 1001a820 f   concurrent_vector.obj
 0001:00019828       __unwindfunclet$?internal_resize@concurrent_vector_base_v3@internal@tbb@@IAEXIIIPBXP6AXPAXI@ZP6AX10I@Z@Z$1 1001a828 f   concurrent_vector.obj
 0001:00019830       __ehhandler$?internal_resize@concurrent_vector_base_v3@internal@tbb@@IAEXIIIPBXP6AXPAXI@ZP6AX10I@Z@Z 1001a830 f   concurrent_vector.obj
 0001:00019850       __unwindfunclet$??1stage_task@internal@tbb@@UAE@XZ$0 1001a850 f   pipeline.obj
 0001:00019858       __ehhandler$??1stage_task@internal@tbb@@UAE@XZ 1001a858 f   pipeline.obj
 0001:00019880       __unwindfunclet$??_Gstage_task@internal@tbb@@UAEPAXI@Z$0 1001a880 f   pipeline.obj
 0001:00019888       __ehhandler$??_Gstage_task@internal@tbb@@UAEPAXI@Z 1001a888 f   pipeline.obj
 0001:000198b0       __unwindfunclet$?put_token@input_buffer@internal@tbb@@QAE_NAAUtask_info@23@_N@Z$0 1001a8b0 f   pipeline.obj
 0001:000198b8       __ehhandler$?put_token@input_buffer@internal@tbb@@QAE_NAAUtask_info@23@_N@Z 1001a8b8 f   pipeline.obj
 0001:000198e0       __unwindfunclet$?return_item@input_buffer@internal@tbb@@QAE_NAAUtask_info@23@_N@Z$0 1001a8e0 f   pipeline.obj
 0001:000198e8       __ehhandler$?return_item@input_buffer@internal@tbb@@QAE_NAAUtask_info@23@_N@Z 1001a8e8 f   pipeline.obj
 0001:00019910       __unwindfunclet$?add_filter@pipeline@tbb@@QAEXAAVfilter@2@@Z$0 1001a910 f   pipeline.obj
 0001:0001991b       __unwindfunclet$?add_filter@pipeline@tbb@@QAEXAAVfilter@2@@Z$1 1001a91b f   pipeline.obj
 0001:00019926       __unwindfunclet$?add_filter@pipeline@tbb@@QAEXAAVfilter@2@@Z$2 1001a926 f   pipeline.obj
 0001:00019931       __unwindfunclet$?add_filter@pipeline@tbb@@QAEXAAVfilter@2@@Z$3 1001a931 f   pipeline.obj
 0001:0001993c       __ehhandler$?add_filter@pipeline@tbb@@QAEXAAVfilter@2@@Z 1001a93c f   pipeline.obj
 0001:00019960       __unwindfunclet$??$note_done@Vstage_task@internal@tbb@@@input_buffer@internal@tbb@@QAEXKAAVstage_task@12@@Z$0 1001a960 f   pipeline.obj
 0001:00019968       __ehhandler$??$note_done@Vstage_task@internal@tbb@@@input_buffer@internal@tbb@@QAEXKAAVstage_task@12@@Z 1001a968 f   pipeline.obj
 0001:00019990       __unwindfunclet$?run@pipeline@tbb@@QAEXIAAVtask_group_context@2@@Z$0 1001a990 f   pipeline.obj
 0001:00019998       __ehhandler$?run@pipeline@tbb@@QAEXIAAVtask_group_context@2@@Z 1001a998 f   pipeline.obj
 0001:000199c0       __unwindfunclet$?run@pipeline@tbb@@QAEXI@Z$0 1001a9c0 f   pipeline.obj
 0001:000199cb       __ehhandler$?run@pipeline@tbb@@QAEXI@Z 1001a9cb f   pipeline.obj
 0001:00019a00       __unwindfunclet$?lock_read@reader_writer_lock@interface5@tbb@@QAEXXZ$0 1001aa00 f   reader_writer_lock.obj
 0001:00019a08       __ehhandler$?lock_read@reader_writer_lock@interface5@tbb@@QAEXXZ 1001aa08 f   reader_writer_lock.obj
 0001:00019a30       __unwindfunclet$??1?$_Deque_val@PAVtask@tbb@@V?$tbb_allocator@PAVtask@tbb@@@2@@std@@QAE@XZ$0 1001aa30 f   task.obj
 0001:00019a39       __ehhandler$??1?$_Deque_val@PAVtask@tbb@@V?$tbb_allocator@PAVtask@tbb@@@2@@std@@QAE@XZ 1001aa39 f   task.obj
 0001:00019a60       __unwindfunclet$??1?$deque@PAVtask@tbb@@V?$tbb_allocator@PAVtask@tbb@@@2@@std@@QAE@XZ$0 1001aa60 f   task.obj
 0001:00019a68       __unwindfunclet$??1?$deque@PAVtask@tbb@@V?$tbb_allocator@PAVtask@tbb@@@2@@std@@QAE@XZ$1 1001aa68 f   task.obj
 0001:00019a71       __ehhandler$??1?$deque@PAVtask@tbb@@V?$tbb_allocator@PAVtask@tbb@@@2@@std@@QAE@XZ 1001aa71 f   task.obj
 0001:00019a90       __unwindfunclet$??1?$queue_and_mutex@PAVtask@tbb@@Vspin_mutex@2@@internal@tbb@@QAE@XZ$1 1001aa90 f   task.obj
 0001:00019a98       __unwindfunclet$??1?$queue_and_mutex@PAVtask@tbb@@Vspin_mutex@2@@internal@tbb@@QAE@XZ$2 1001aa98 f   task.obj
 0001:00019aa1       __ehhandler$??1?$queue_and_mutex@PAVtask@tbb@@Vspin_mutex@2@@internal@tbb@@QAE@XZ 1001aaa1 f   task.obj
 0001:00019ac0       __unwindfunclet$??1?$padded_base@U?$queue_and_mutex@PAVtask@tbb@@Vspin_mutex@2@@internal@tbb@@$0BM@@internal@tbb@@QAE@XZ$2 1001aac0 f   task.obj
 0001:00019ac8       __unwindfunclet$??1?$padded_base@U?$queue_and_mutex@PAVtask@tbb@@Vspin_mutex@2@@internal@tbb@@$0BM@@internal@tbb@@QAE@XZ$3 1001aac8 f   task.obj
 0001:00019ad1       __ehhandler$??1?$padded_base@U?$queue_and_mutex@PAVtask@tbb@@Vspin_mutex@2@@internal@tbb@@$0BM@@internal@tbb@@QAE@XZ 1001aad1 f   task.obj
 0001:00019af0       __unwindfunclet$??1?$padded@U?$queue_and_mutex@PAVtask@tbb@@Vspin_mutex@2@@internal@tbb@@@internal@tbb@@QAE@XZ$3 1001aaf0 f   task.obj
 0001:00019af8       __unwindfunclet$??1?$padded@U?$queue_and_mutex@PAVtask@tbb@@Vspin_mutex@2@@internal@tbb@@@internal@tbb@@QAE@XZ$4 1001aaf8 f   task.obj
 0001:00019b01       __ehhandler$??1?$padded@U?$queue_and_mutex@PAVtask@tbb@@Vspin_mutex@2@@internal@tbb@@@internal@tbb@@QAE@XZ 1001ab01 f   task.obj
 0001:00019b20       __unwindfunclet$??_E?$padded@U?$queue_and_mutex@PAVtask@tbb@@Vspin_mutex@2@@internal@tbb@@@internal@tbb@@QAEPAXI@Z$3 1001ab20 f   task.obj
 0001:00019b28       __unwindfunclet$??_E?$padded@U?$queue_and_mutex@PAVtask@tbb@@Vspin_mutex@2@@internal@tbb@@@internal@tbb@@QAEPAXI@Z$4 1001ab28 f   task.obj
 0001:00019b31       __ehhandler$??_E?$padded@U?$queue_and_mutex@PAVtask@tbb@@Vspin_mutex@2@@internal@tbb@@@internal@tbb@@QAEPAXI@Z 1001ab31 f   task.obj
 0001:00019b50       __unwindfunclet$?init@thread_context@concurrent_monitor@internal@tbb@@AAEXXZ$0 1001ab50 f   concurrent_monitor.obj
 0001:00019b61       __ehhandler$?init@thread_context@concurrent_monitor@internal@tbb@@AAEXXZ 1001ab61 f   concurrent_monitor.obj
 0001:00019b80       __unwindfunclet$??0thread_monitor@internal@rml@@QAE@XZ$0 1001ab80 f   private_server.obj
 0001:00019b8b       __ehhandler$??0thread_monitor@internal@rml@@QAE@XZ 1001ab8b f   private_server.obj
 0001:00019bb0       __unwindfunclet$??0private_worker@rml@internal@tbb@@IAE@AAVprivate_server@123@AAVtbb_client@123@I@Z$1 1001abb0 f   private_server.obj
 0001:00019bbb       __ehhandler$??0private_worker@rml@internal@tbb@@IAE@AAVprivate_server@123@AAVtbb_client@123@I@Z 1001abbb f   private_server.obj
 0001:00019be0       __unwindfunclet$??0private_server@rml@internal@tbb@@QAE@AAVtbb_client@123@@Z$0 1001abe0 f   private_server.obj
 0001:00019bfa       __unwindfunclet$??0private_server@rml@internal@tbb@@QAE@AAVtbb_client@123@@Z$3 1001abfa f   private_server.obj
 0001:00019c05       __ehhandler$??0private_server@rml@internal@tbb@@QAE@AAVtbb_client@123@@Z 1001ac05 f   private_server.obj
 0001:00019c20       __unwindfunclet$?make_private_server@rml@internal@tbb@@YAPAVtbb_server@123@AAVtbb_client@123@@Z$0 1001ac20 f   private_server.obj
 0001:00019c31       __ehhandler$?make_private_server@rml@internal@tbb@@YAPAVtbb_server@123@AAVtbb_client@123@@Z 1001ac31 f   private_server.obj
 0001:00019c50       __unwindfunclet$?_Current_exception@_Exception_ptr@std@@SA?AV12@XZ$0 1001ac50 f   task_group_context.obj
 0001:00019c69       __ehhandler$?_Current_exception@_Exception_ptr@std@@SA?AV12@XZ 1001ac69 f   task_group_context.obj
 0001:00019c90       __unwindfunclet$?_Copy_exception@_Exception_ptr@std@@SA?AV12@PAXPBX@Z$0 1001ac90 f   task_group_context.obj
 0001:00019c98       __unwindfunclet$?_Copy_exception@_Exception_ptr@std@@SA?AV12@PAXPBX@Z$1 1001ac98 f   task_group_context.obj
 0001:00019cb1       __ehhandler$?_Copy_exception@_Exception_ptr@std@@SA?AV12@PAXPBX@Z 1001acb1 f   task_group_context.obj
 0001:00019cd0       __unwindfunclet$??$AllocateExceptionContainer@V_Exception_ptr@std@@@internal@tbb@@YAPAVtbb_exception_ptr@01@ABV_Exception_ptr@std@@@Z$0 1001acd0 f   task_group_context.obj
 0001:00019ce1       __ehhandler$??$AllocateExceptionContainer@V_Exception_ptr@std@@@internal@tbb@@YAPAVtbb_exception_ptr@01@ABV_Exception_ptr@std@@@Z 1001ace1 f   task_group_context.obj
 0001:00019d00       __unwindfunclet$?allocate@captured_exception@tbb@@SAPAV12@PBD0@Z$0 1001ad00 f   task_group_context.obj
 0001:00019d11       __ehhandler$?allocate@captured_exception@tbb@@SAPAV12@PBD0@Z 1001ad11 f   task_group_context.obj
 0001:00019d30       __unwindfunclet$?allocate@tbb_exception_ptr@internal@tbb@@SAPAV123@XZ$0 1001ad30 f   task_group_context.obj
 0001:00019d38       __unwindfunclet$?allocate@tbb_exception_ptr@internal@tbb@@SAPAV123@XZ$1 1001ad38 f   task_group_context.obj
 0001:00019d49       __ehhandler$?allocate@tbb_exception_ptr@internal@tbb@@SAPAV123@XZ 1001ad49 f   task_group_context.obj
 0001:00019d70       __unwindfunclet$?allocate@tbb_exception_ptr@internal@tbb@@SAPAV123@ABVtbb_exception@3@@Z$0 1001ad70 f   task_group_context.obj
 0001:00019d78       __unwindfunclet$?allocate@tbb_exception_ptr@internal@tbb@@SAPAV123@ABVtbb_exception@3@@Z$1 1001ad78 f   task_group_context.obj
 0001:00019d89       __ehhandler$?allocate@tbb_exception_ptr@internal@tbb@@SAPAV123@ABVtbb_exception@3@@Z 1001ad89 f   task_group_context.obj
 0001:00019db0       __unwindfunclet$??$copy_exception@Vcaptured_exception@tbb@@@std@@YA?AV_Exception_ptr@0@Vcaptured_exception@tbb@@@Z$0 1001adb0 f   task_group_context.obj
 0001:00019db8       __ehhandler$??$copy_exception@Vcaptured_exception@tbb@@@std@@YA?AV_Exception_ptr@0@Vcaptured_exception@tbb@@@Z 1001adb8 f   task_group_context.obj
 0001:00019de0       __unwindfunclet$??$AllocateExceptionContainer@Vcaptured_exception@tbb@@@internal@tbb@@YAPAVtbb_exception_ptr@01@ABVcaptured_exception@1@@Z$0 1001ade0 f   task_group_context.obj
 0001:00019df1       __ehhandler$??$AllocateExceptionContainer@Vcaptured_exception@tbb@@@internal@tbb@@YAPAVtbb_exception_ptr@01@ABVcaptured_exception@1@@Z 1001adf1 f   task_group_context.obj
 0001:00019e10       __ehhandler$?register_pending_exception@task_group_context@tbb@@QAEXXZ 1001ae10 f   task_group_context.obj
 0001:00019e30       __unwindfunclet$?global_market@market@internal@tbb@@CAAAV123@II@Z$0 1001ae30 f   market.obj
 0001:00019e38       __unwindfunclet$?global_market@market@internal@tbb@@CAAAV123@II@Z$1 1001ae38 f   market.obj
 0001:00019e49       __ehhandler$?global_market@market@internal@tbb@@CAAAV123@II@Z 1001ae49 f   market.obj
 0001:00019e70       __unwindfunclet$?try_destroy_arena@market@internal@tbb@@AAEXPAVarena@23@I@Z$0 1001ae70 f   market.obj
 0001:00019e78       __ehhandler$?try_destroy_arena@market@internal@tbb@@AAEXPAVarena@23@I@Z 1001ae78 f   market.obj
 0001:00019ea0       __unwindfunclet$??0?$_Deque_val@PAVtask@tbb@@V?$tbb_allocator@PAVtask@tbb@@@2@@std@@QAE@V?$tbb_allocator@PAVtask@tbb@@@tbb@@@Z$0 1001aea0 f   arena.obj
 0001:00019ea9       __ehhandler$??0?$_Deque_val@PAVtask@tbb@@V?$tbb_allocator@PAVtask@tbb@@@2@@std@@QAE@V?$tbb_allocator@PAVtask@tbb@@@tbb@@@Z 1001aea9 f   arena.obj
 0001:00019ed0       __unwindfunclet$??0?$deque@PAVtask@tbb@@V?$tbb_allocator@PAVtask@tbb@@@2@@std@@QAE@XZ$1 1001aed0 f   arena.obj
 0001:00019ed9       __ehhandler$??0?$deque@PAVtask@tbb@@V?$tbb_allocator@PAVtask@tbb@@@2@@std@@QAE@XZ 1001aed9 f   arena.obj
 0001:00019f00       __unwindfunclet$??0?$queue_and_mutex@PAVtask@tbb@@Vspin_mutex@2@@internal@tbb@@QAE@XZ$2 1001af00 f   arena.obj
 0001:00019f09       __ehhandler$??0?$queue_and_mutex@PAVtask@tbb@@Vspin_mutex@2@@internal@tbb@@QAE@XZ 1001af09 f   arena.obj
 0001:00019f30       __unwindfunclet$??0?$padded_base@U?$queue_and_mutex@PAVtask@tbb@@Vspin_mutex@2@@internal@tbb@@$0BM@@internal@tbb@@QAE@XZ$3 1001af30 f   arena.obj
 0001:00019f39       __ehhandler$??0?$padded_base@U?$queue_and_mutex@PAVtask@tbb@@Vspin_mutex@2@@internal@tbb@@$0BM@@internal@tbb@@QAE@XZ 1001af39 f   arena.obj
 0001:00019f60       __unwindfunclet$??0?$padded@U?$queue_and_mutex@PAVtask@tbb@@Vspin_mutex@2@@internal@tbb@@@internal@tbb@@QAE@XZ$4 1001af60 f   arena.obj
 0001:00019f69       __ehhandler$??0?$padded@U?$queue_and_mutex@PAVtask@tbb@@Vspin_mutex@2@@internal@tbb@@@internal@tbb@@QAE@XZ 1001af69 f   arena.obj
 0001:00019f90       __unwindfunclet$?initialize@task_stream@internal@tbb@@QAEXI@Z$0 1001af90 f   arena.obj
 0001:00019f9b       __ehhandler$?initialize@task_stream@internal@tbb@@QAEXI@Z 1001af9b f   arena.obj
 0001:00019fc0       __unwindfunclet$??0arena@internal@tbb@@AAE@AAVmarket@12@I@Z$0 1001afc0 f   arena.obj
 0001:00019fc8       __ehhandler$??0arena@internal@tbb@@AAE@AAVmarket@12@I@Z 1001afc8 f   arena.obj
 0001:00019ff0       __unwindfunclet$?allocate_arena@arena@internal@tbb@@CAAAV123@AAVmarket@23@I@Z$0 1001aff0 f   arena.obj
 0001:0001a001       __ehhandler$?allocate_arena@arena@internal@tbb@@CAAAV123@AAVmarket@23@I@Z 1001b001 f   arena.obj
 0001:0001a020       __unwindfunclet$?create_master@generic_scheduler@internal@tbb@@CAPAV123@AAVarena@23@@Z$0 1001b020 f   scheduler.obj
 0001:0001a031       __ehhandler$?create_master@generic_scheduler@internal@tbb@@CAPAV123@AAVarena@23@@Z 1001b031 f   scheduler.obj
 0001:0001a050       __unwindfunclet$?winnow_task_pool@generic_scheduler@internal@tbb@@QAEPAVtask@3@XZ$0 1001b050 f   scheduler.obj
 0001:0001a058       __ehhandler$?winnow_task_pool@generic_scheduler@internal@tbb@@QAEPAVtask@3@XZ 1001b058 f   scheduler.obj
 0001:0001a080       __unwindfunclet$?local_spawn@generic_scheduler@internal@tbb@@QAEXAAVtask@3@AAPAV43@@Z$0 1001b080 f   scheduler.obj
 0001:0001a08b       __ehhandler$?local_spawn@generic_scheduler@internal@tbb@@QAEXAAVtask@3@AAPAV43@@Z 1001b08b f   scheduler.obj
 0001:0001a0b0       __unwindfunclet$?local_spawn_root_and_wait@generic_scheduler@internal@tbb@@QAEXAAVtask@3@AAPAV43@@Z$0 1001b0b0 f   scheduler.obj
 0001:0001a0b8       __ehhandler$?local_spawn_root_and_wait@generic_scheduler@internal@tbb@@QAEXAAVtask@3@AAPAV43@@Z 1001b0b8 f   scheduler.obj
 0001:0001a0e0       __unwindfunclet$?reload_tasks@generic_scheduler@internal@tbb@@QAEPAVtask@3@AAPAV43@AAPAPAV43@H@Z$0 1001b0e0 f   scheduler.obj
 0001:0001a0eb       __ehhandler$?reload_tasks@generic_scheduler@internal@tbb@@QAEPAVtask@3@AAPAV43@AAPAPAV43@H@Z 1001b0eb f   scheduler.obj
 0001:0001a110       __unwindfunclet$??0generic_scheduler@internal@tbb@@IAE@PAVarena@12@I@Z$0 1001b110 f   scheduler.obj
 0001:0001a118       __ehhandler$??0generic_scheduler@internal@tbb@@IAE@PAVarena@12@I@Z 1001b118 f   scheduler.obj
 0001:0001a140       __unwindfunclet$?rethrow_exception@std@@YAXV_Exception_ptr@1@@Z$0 1001b140 f   scheduler.obj
 0001:0001a148       __ehhandler$?rethrow_exception@std@@YAXV_Exception_ptr@1@@Z 1001b148 f   scheduler.obj
 0001:0001a170       __unwindfunclet$?throw_self@tbb_exception_ptr@internal@tbb@@QAEXXZ$1 1001b170 f   scheduler.obj
 0001:0001a178       __ehhandler$?throw_self@tbb_exception_ptr@internal@tbb@@QAEXXZ 1001b178 f   scheduler.obj
 0001:0001a1a0       __ehhandler$?local_wait_for_all@?$custom_scheduler@UDefaultSchedulerTraits@internal@tbb@@@internal@tbb@@EAEXAAVtask@3@PAV43@@Z 1001b1a0 f   scheduler.obj
 0001:0001a1c0       __ehhandler$?local_wait_for_all@?$custom_scheduler@UIntelSchedulerTraits@internal@tbb@@@internal@tbb@@EAEXAAVtask@3@PAV43@@Z 1001b1c0 f   scheduler.obj
 0001:0001a1e0       __unwindfunclet$?allocate_scheduler@?$custom_scheduler@UDefaultSchedulerTraits@internal@tbb@@@internal@tbb@@SAPAVgeneric_scheduler@23@PAVarena@23@I@Z$0 1001b1e0 f   scheduler.obj
 0001:0001a1f1       __ehhandler$?allocate_scheduler@?$custom_scheduler@UDefaultSchedulerTraits@internal@tbb@@@internal@tbb@@SAPAVgeneric_scheduler@23@PAVarena@23@I@Z 1001b1f1 f   scheduler.obj
 0001:0001a210       __unwindfunclet$?allocate_scheduler@?$custom_scheduler@UIntelSchedulerTraits@internal@tbb@@@internal@tbb@@SAPAVgeneric_scheduler@23@PAVarena@23@I@Z$0 1001b210 f   scheduler.obj
 0001:0001a221       __ehhandler$?allocate_scheduler@?$custom_scheduler@UIntelSchedulerTraits@internal@tbb@@@internal@tbb@@SAPAVgeneric_scheduler@23@PAVarena@23@I@Z 1001b221 f   scheduler.obj
 0001:0001a240       __unwindfunclet$?push@task_stream@internal@tbb@@QAEXPAVtask@3@AAI@Z$0 1001b240 f   scheduler.obj
 0001:0001a248       __ehhandler$?push@task_stream@internal@tbb@@QAEXPAVtask@3@AAI@Z 1001b248 f   scheduler.obj
 0001:0001a270       __ehhandler$?process_list@observer_proxy@internal@tbb@@SAPAV123@PAV123@_N1@Z 1001b270 f   observer_proxy.obj
 0001:0001a290       __unwindfunclet$?observe@task_scheduler_observer_v3@internal@tbb@@QAEX_N@Z$0 1001b290 f   observer_proxy.obj
 0001:0001a29b       __ehhandler$?observe@task_scheduler_observer_v3@internal@tbb@@QAEX_N@Z 1001b29b f   observer_proxy.obj
 0001:0001a2c0       __unwindfunclet$?push@micro_queue@internal@tbb@@QAEXPBXIAAVconcurrent_queue_base@23@@Z$0 1001b2c0 f   concurrent_queue_v2.obj
 0001:0001a2c8       __ehhandler$?push@micro_queue@internal@tbb@@QAEXPBXIAAVconcurrent_queue_base@23@@Z 1001b2c8 f   concurrent_queue_v2.obj
 0001:0001a2f0       __unwindfunclet$?pop@micro_queue@internal@tbb@@QAE_NPAXIAAVconcurrent_queue_base@23@@Z$0 1001b2f0 f   concurrent_queue_v2.obj
 0001:0001a2f8       __ehhandler$?pop@micro_queue@internal@tbb@@QAE_NPAXIAAVconcurrent_queue_base@23@@Z 1001b2f8 f   concurrent_queue_v2.obj
 0001:0001a320       ??__Ehandles@internal@tbb@@YAXXZ 1001b320 f   dynamic_link.obj
 0001:0001a330       ??__Ethe_dummy_context@internal@tbb@@YAXXZ 1001b330 f   scheduler.obj
 0001:0001a350       ??__Fthe_dummy_context@internal@tbb@@YAXXZ 1001b350 f   scheduler.obj
