 tbbmalloc

 Timestamp is 5057889d (Tue Sep 18 04:31:25 2012)

 Preferred load address is 10000000

 Start         Length     Name                   Class
 0001:00000000 0000925eH .text                   CODE
 0002:00000000 00000100H .idata$5                DATA
 0002:00000100 00000004H .CRT$XCA                DATA
 0002:00000104 00000004H .CRT$XCZ                DATA
 0002:00000108 00000004H .CRT$XIA                DATA
 0002:0000010c 00000004H .CRT$XIAA               DATA
 0002:00000110 00000004H .CRT$XIZ                DATA
 0002:00000120 00001290H .rdata                  DATA
 0002:000013b0 00000067H .rdata$debug            DATA
 0002:00001420 00000004H .rdata$sxdata           DATA
 0002:00001424 00000004H .rtc$IAA                DATA
 0002:00001428 00000004H .rtc$IZZ                DATA
 0002:0000142c 00000004H .rtc$TAA                DATA
 0002:00001430 00000004H .rtc$TZZ                DATA
 0002:00001438 00000084H .xdata$x                DATA
 0002:000014bc 00000028H .idata$2                DATA
 0002:000014e4 00000014H .idata$3                DATA
 0002:000014f8 00000100H .idata$4                DATA
 0002:000015f8 00000414H .idata$6                DATA
 0002:00001a10 000003eeH .edata                  DATA
 0003:00000000 000010a0H .data                   DATA
 0003:000010a0 0000b588H .bss                    DATA
 0004:00000000 00000058H .rsrc$01                DATA
 0004:00000060 00000890H .rsrc$02                DATA

  Address         Publics by Value              Rva+Base       Lib:Object

 0000:00000000       __except_list              00000000     <absolute>
 0000:00000001       ___safe_se_handler_count   00000001     <absolute>
 0000:00009876       __fltused                  00009876     <absolute>
 0000:00009876       __ldused                   00009876     <absolute>
 0000:00000000       ___ImageBase               10000000     <linker-defined>
 0001:00000000       ??0no_copy@internal@tbb@@QAE@XZ 10001000 f i backend.obj
 0001:000000d0       ??0atomic_backoff@internal@tbb@@QAE@XZ 100010d0 f i backend.obj
 0001:000000e0       ?pause@atomic_backoff@internal@tbb@@QAEXXZ 100010e0 f i backend.obj
 0001:00000110       ?__TBB_TryLockByte@@YA_NAAE@Z 10001110 f i backend.obj
 0001:00000140       ?__TBB_LockByte@@YAEAAE@Z  10001140 f i backend.obj
 0001:000001b0       ??0scoped_lock@MallocMutex@@QAE@AAV1@@Z 100011b0 f i backend.obj
 0001:000001d0       ??0scoped_lock@MallocMutex@@QAE@AAV1@_NPA_N@Z 100011d0 f i backend.obj
 0001:00000240       ?AtomicIncrement@@YAHACH@Z 10001240 f i backend.obj
 0001:00000260       ?AtomicAdd@@YAIACHH@Z      10001260 f i backend.obj
 0001:00000280       ?AtomicCompareExchange@@YAHACHHH@Z 10001280 f i backend.obj
 0001:000002b0       ?BitScanRev@@YAHI@Z        100012b0 f i backend.obj
 0001:000002d0       ?AtomicOr@@YAXPCXI@Z       100012d0 f i backend.obj
 0001:000002e0       ?AtomicAnd@@YAXPCXI@Z      100012e0 f i backend.obj
 0001:000002f0       ?cleanAll@LargeObjectCache@internal@rml@@QAE_NPAUExtMemoryPool@23@@Z 100012f0 f i backend.obj
 0001:00000320       ?consume@BackendSync@internal@rml@@QAEXXZ 10001320 f i backend.obj
 0001:00000340       ?pureSignal@BackendSync@internal@rml@@QAEXXZ 10001340 f i backend.obj
 0001:00000360       ?signal@MemExtendingSema@internal@rml@@QAEXXZ 10001360 f i backend.obj
 0001:00000380       ?reset@Bin@Backend@internal@rml@@QAEXXZ 10001380 f i backend.obj
 0001:00000390       ?empty@Bin@Backend@internal@rml@@QBE_NXZ 10001390 f i backend.obj
 0001:000003a0       ?sizeToBin@Backend@internal@rml@@CAHI@Z 100013a0 f i backend.obj
 0001:000003d0       ?userPool@ExtMemoryPool@internal@rml@@QBE_NXZ 100013d0 f i backend.obj
 0001:000003e0       ?hardCachesCleanup@ExtMemoryPool@internal@rml@@QAE_NXZ 100013e0 f i backend.obj
 0001:00000420       ?mustBeAddedToGlobalLargeBlockList@ExtMemoryPool@internal@rml@@QBE_NXZ 10001420 f i backend.obj
 0001:00000430       ?inUserPool@Backend@internal@rml@@QBE_NXZ 10001430 f i backend.obj
 0001:00000440       ?ErrnoPreservingMalloc@internal@rml@@YAPAXI@Z 10001440 f   backend.obj
 0001:00000470       ?MapMemory@internal@rml@@YAPAXI_N@Z 10001470 f   backend.obj
 0001:00000490       ?UnmapMemory@internal@rml@@YAHPAXI@Z 10001490 f   backend.obj
 0001:000004b0       ?getRawMemory@internal@rml@@YAPAXI_N@Z 100014b0 f   backend.obj
 0001:000004d0       ?freeRawMemory@internal@rml@@YA_NPAXI@Z 100014d0 f   backend.obj
 0001:000004f0       ?freeRawMem@Backend@internal@rml@@ABEXPAXI@Z 100014f0 f   backend.obj
 0001:00000550       ?initLocked@GuardedSize@internal@rml@@QAEXXZ 10001550 f i backend.obj
 0001:00000560       ?makeCoalscing@GuardedSize@internal@rml@@QAEXXZ 10001560 f i backend.obj
 0001:00000570       ?rightNeig@FreeBlock@internal@rml@@QBEPAV123@I@Z 10001570 f i backend.obj
 0001:00000580       ?leftNeig@FreeBlock@internal@rml@@QBEPAV123@I@Z 10001580 f i backend.obj
 0001:00000590       ?initHeader@FreeBlock@internal@rml@@QAEXXZ 10001590 f i backend.obj
 0001:000005a0       ?markCoalescing@FreeBlock@internal@rml@@QAEXI@Z 100015a0 f i backend.obj
 0001:000005c0       ?markUsed@FreeBlock@internal@rml@@QAEXXZ 100015c0 f i backend.obj
 0001:000005d0       ?markBlocks@FreeBlock@internal@rml@@SAXPAV123@HI@Z 100015d0 f i backend.obj
 0001:00000600       ?removeBlock@Bin@Backend@internal@rml@@QAEXPAVFreeBlock@34@@Z 10001600 f   backend.obj
 0001:00000640       ?regionsAreReleaseable@ExtMemoryPool@internal@rml@@QBE_NXZ 10001640 f i backend.obj
 0001:00000660       ?putBackRefSpace@Backend@internal@rml@@QAEXPAXI_N@Z 10001660 f   backend.obj
 0001:00000680       ?verify@IndexedBins@Backend@internal@rml@@QAEXXZ 10001680 f   backend.obj
 0001:000006a0       ?verify@Backend@internal@rml@@QAEXXZ 100016a0 f   backend.obj
 0001:000006b0       ?set@?$BitMask@$0CAA@@internal@rml@@QAEXI_N@Z 100016b0 f i backend.obj
 0001:00000720       ?getMinTrue@?$BitMask@$0CAA@@internal@rml@@QBEHI@Z 10001720 f i backend.obj
 0001:00000790       ?reset@?$BitMask@$0CAA@@internal@rml@@QAEXXZ 10001790 f i backend.obj
 0001:000007d0       ??$spin_wait_while_eq@HH@internal@tbb@@YAXADHH@Z 100017d0 f i backend.obj
 0001:00000820       ??$suppress_unused_warning@H@internal@rml@@YAXABH@Z 10001820 f i backend.obj
 0001:000008a0       ?store_with_release@?$machine_load_store@E$00@internal@tbb@@SAXACEE@Z 100018a0 f i backend.obj
 0001:000008b0       ?load_with_acquire@?$machine_load_store@H$03@internal@tbb@@SAHADH@Z 100018b0 f i backend.obj
 0001:000008c0       ?store_with_release@?$machine_load_store@H$03@internal@tbb@@SAXACHH@Z 100018c0 f i backend.obj
 0001:000008d0       ?SpinWaitWhileEq@@YAXADHH@Z 100018d0 f i backend.obj
 0001:000008e0       ?signal@BackendSync@internal@rml@@QAEXXZ 100018e0 f i backend.obj
 0001:00000930       ?getMinNonemptyBin@IndexedBins@Backend@internal@rml@@QBEHI@Z 10001930 f i backend.obj
 0001:00000950       ?toAlignedBin@Backend@internal@rml@@CA_NPAVFreeBlock@23@I@Z 10001950 f i backend.obj
 0001:00000980       ?getRawMem@Backend@internal@rml@@ABEPAXAAI@Z 10001980 f   backend.obj
 0001:00000a40       ?reset@IndexedBins@Backend@internal@rml@@QAEXXZ 10001a40 f   backend.obj
 0001:00000a90       ?findBlockInRegion@Backend@internal@rml@@AAEPAVFreeBlock@23@PAUMemRegion@23@@Z 10001a90 f   backend.obj
 0001:00000ad0       ?destroy@Backend@internal@rml@@QAE_NXZ 10001ad0 f   backend.obj
 0001:00000b30       ??$__TBB_store_with_release@EE@internal@tbb@@YAXACEE@Z 10001b30 f i backend.obj
 0001:00000b40       ??$__TBB_load_with_acquire@H@internal@tbb@@YAHADH@Z 10001b40 f i backend.obj
 0001:00000b50       ??$__TBB_store_with_release@HH@internal@tbb@@YAXACHH@Z 10001b50 f i backend.obj
 0001:00000b60       ??1scoped_lock@MallocMutex@@QAE@XZ 10001b60 f i backend.obj
 0001:00000b70       ?FencedLoad@@YAHADH@Z      10001b70 f i backend.obj
 0001:00000b80       ?FencedStore@@YAXACHH@Z    10001b80 f i backend.obj
 0001:00000b90       ?getNumOfMods@BackendSync@internal@rml@@QBEHXZ 10001b90 f i backend.obj
 0001:00000ba0       ?waitTillSignalled@BackendSync@internal@rml@@QAE_NH@Z 10001ba0 f i backend.obj
 0001:00000c30       ?wait@MemExtendingSema@internal@rml@@QAE_NXZ 10001c30 f i backend.obj
 0001:00000ca0       ?tryLock@GuardedSize@internal@rml@@QAEIW4State@123@@Z 10001ca0 f i backend.obj
 0001:00000cf0       ?unlock@GuardedSize@internal@rml@@QAEXI@Z 10001cf0 f i backend.obj
 0001:00000d00       ?setMeFree@FreeBlock@internal@rml@@QAEXI@Z 10001d00 f i backend.obj
 0001:00000d10       ?trySetMeUsed@FreeBlock@internal@rml@@QAEIW4State@GuardedSize@23@@Z 10001d10 f i backend.obj
 0001:00000d20       ?setLeftFree@FreeBlock@internal@rml@@QAEXI@Z 10001d20 f i backend.obj
 0001:00000d30       ?trySetLeftUsed@FreeBlock@internal@rml@@QAEIW4State@GuardedSize@23@@Z 10001d30 f i backend.obj
 0001:00000d40       ?tryLockBlock@FreeBlock@internal@rml@@QAEIXZ 10001d40 f i backend.obj
 0001:00000d70       ?putBlock@CoalRequestQ@internal@rml@@QAEXPAVFreeBlock@23@@Z 10001d70 f   backend.obj
 0001:00000dc0       ?getAll@CoalRequestQ@internal@rml@@QAEPAVFreeBlock@23@XZ 10001dc0 f   backend.obj
 0001:00000e20       ?getBlock@IndexedBins@Backend@internal@rml@@QAEPAVFreeBlock@34@HPAVBackendSync@34@I_N11PAH@Z 10001e20 f   backend.obj
 0001:00001130       ?addBlock@IndexedBins@Backend@internal@rml@@QAEXHPAVFreeBlock@34@I@Z 10002130 f   backend.obj
 0001:000011e0       ?tryAddBlock@IndexedBins@Backend@internal@rml@@QAE_NHPAVFreeBlock@34@_N@Z 100021e0 f   backend.obj
 0001:000012f0       ?lockRemoveBlock@IndexedBins@Backend@internal@rml@@QAEXHPAVFreeBlock@34@@Z 100022f0 f   backend.obj
 0001:000013a0       ?correctMaxRequestSize@Backend@internal@rml@@AAEXI@Z 100023a0 f   backend.obj
 0001:00001400       ?removeBlockFromBin@Backend@internal@rml@@AAEXPAVFreeBlock@23@@Z 10002400 f   backend.obj
 0001:00001430       ?add@AllLargeBlocksList@internal@rml@@QAEXPAULargeMemoryBlock@23@@Z 10002430 f   backend.obj
 0001:00001470       ?remove@AllLargeBlocksList@internal@rml@@QAEXPAULargeMemoryBlock@23@@Z 10002470 f   backend.obj
 0001:000014c0       ?releaseRegion@Backend@internal@rml@@AAEXPAUMemRegion@23@@Z 100024c0 f   backend.obj
 0001:00001510       ?doCoalesc@Backend@internal@rml@@AAEPAVFreeBlock@23@PAV423@PAPAUMemRegion@23@@Z 10002510 f   backend.obj
 0001:000016b0       ?coalescAndPutList@Backend@internal@rml@@AAEXPAVFreeBlock@23@_N1@Z 100026b0 f   backend.obj
 0001:00001840       ?coalescAndPut@Backend@internal@rml@@AAEXPAVFreeBlock@23@I@Z 10002840 f   backend.obj
 0001:00001860       ?scanCoalescQ@Backend@internal@rml@@AAE_N_N@Z 10002860 f   backend.obj
 0001:00001890       ?startUseBlock@Backend@internal@rml@@AAEXPAUMemRegion@23@PAVFreeBlock@23@@Z 10002890 f   backend.obj
 0001:00001920       ?addNewRegion@Backend@internal@rml@@AAEII_N@Z 10002920 f   backend.obj
 0001:00001a30       ?reset@Backend@internal@rml@@QAEXXZ 10002a30 f   backend.obj
 0001:00001b20       ?getFromBin@Backend@internal@rml@@AAEPAVFreeBlock@23@HHI_NPAH@Z 10002b20 f   backend.obj
 0001:00001c40       ?getFromAlignedSpace@Backend@internal@rml@@AAEPAVFreeBlock@23@HHI_N0PAH@Z 10002c40 f   backend.obj
 0001:00001d20       ?genericGetBlock@Backend@internal@rml@@AAEPAVFreeBlock@23@HI_N@Z 10002d20 f   backend.obj
 0001:00002400       ?getLargeBlock@Backend@internal@rml@@QAEPAULargeMemoryBlock@23@I@Z 10003400 f   backend.obj
 0001:00002460       ?getBackRefSpace@Backend@internal@rml@@QAEPAXIPA_N@Z 10003460 f   backend.obj
 0001:000024b0       ?genericPutBlock@Backend@internal@rml@@AAEXPAVFreeBlock@23@I@Z 100034b0 f   backend.obj
 0001:00002530       ?putLargeBlock@Backend@internal@rml@@QAEXPAULargeMemoryBlock@23@@Z 10003530 f   backend.obj
 0001:00002590       ?removeAll@AllLargeBlocksList@internal@rml@@QAEXPAVBackend@23@@Z 10003590 f   backend.obj
 0001:000026f0       ?sizeToIdx@LargeObjectCache@internal@rml@@CAHI@Z 100036f0 f i large_objects.obj
 0001:00002700       ??0BackRefIdx@internal@rml@@QAE@XZ 10003700 f i large_objects.obj
 0001:00002710       ?isInvalid@BackRefIdx@internal@rml@@QBE_NXZ 10003710 f i large_objects.obj
 0001:00002730       ?cleanToThreshold@CacheBin@LargeObjectCache@internal@rml@@QAE_NPAUExtMemoryPool@34@I@Z 10003730 f   large_objects.obj
 0001:00002800       ?cleanAll@CacheBin@LargeObjectCache@internal@rml@@QAE_NPAUExtMemoryPool@34@@Z 10003800 f   large_objects.obj
 0001:00002890       ?regularCleanup@LargeObjectCache@internal@rml@@QAE_NPAUExtMemoryPool@23@I@Z 10003890 f   large_objects.obj
 0001:00002990       ?softCachesCleanup@ExtMemoryPool@internal@rml@@QAE_NXZ 10003990 f   large_objects.obj
 0001:000029b0       ?cleanupCacheIfNeed@LargeObjectCache@internal@rml@@QAEIPAUExtMemoryPool@23@@Z 100039b0 f   large_objects.obj
 0001:000029f0       ?put@CacheBin@LargeObjectCache@internal@rml@@QAE_NPAUExtMemoryPool@34@PAULargeMemoryBlock@34@@Z 100039f0 f i large_objects.obj
 0001:00002a90       ?get@CacheBin@LargeObjectCache@internal@rml@@QAEPAULargeMemoryBlock@34@PAUExtMemoryPool@34@I@Z 10003a90 f i large_objects.obj
 0001:00002b20       ?get@LargeObjectCache@internal@rml@@QAEPAULargeMemoryBlock@23@PAUExtMemoryPool@23@I@Z 10003b20 f   large_objects.obj
 0001:00002b70       ?mallocLargeObject@ExtMemoryPool@internal@rml@@QAEPAXII@Z 10003b70 f   large_objects.obj
 0001:00002c60       ?put@LargeObjectCache@internal@rml@@QAE_NPAUExtMemoryPool@23@PAULargeMemoryBlock@23@@Z 10003c60 f   large_objects.obj
 0001:00002cc0       ?freeLargeObject@ExtMemoryPool@internal@rml@@QAEXPAX@Z 10003cc0 f   large_objects.obj
 0001:00002d50       ??2@YAPAXIPAX@Z            10003d50 f i backref.obj
 0001:00002da0       ?getMaster@BackRefIdx@internal@rml@@QBEGXZ 10003da0 f i backref.obj
 0001:00002db0       ?getOffset@BackRefIdx@internal@rml@@QBEGXZ 10003db0 f i backref.obj
 0001:00002dc0       ??0MallocMutex@@QAE@XZ     10003dc0 f i backref.obj
 0001:00002dd0       ?destroyBackRefMaster@internal@rml@@YAXPAVBackend@12@@Z 10003dd0 f   backref.obj
 0001:00002e30       ?addBackRefBlockToList@BackRefMaster@internal@rml@@QAEXPAUBackRefBlock@23@@Z 10003e30 f   backref.obj
 0001:00002e50       ?setBackRef@internal@rml@@YAXVBackRefIdx@12@PAX@Z 10003e50 f   backref.obj
 0001:00002e70       ??0BackRefBlock@internal@rml@@QAE@PAU012@H@Z 10003e70 f i backref.obj
 0001:00002ea0       ?addEmptyBackRefBlock@BackRefMaster@internal@rml@@QAEXPAUBackRefBlock@23@@Z 10003ea0 f   backref.obj
 0001:00002ef0       ?findFreeBlock@BackRefMaster@internal@rml@@QAEPAUBackRefBlock@23@XZ 10003ef0 f   backref.obj
 0001:00002f90       ?getBackRef@internal@rml@@YAPAXVBackRefIdx@12@@Z 10003f90 f   backref.obj
 0001:00002fe0       ?newBackRef@BackRefIdx@internal@rml@@SA?AV123@_N@Z 10003fe0 f   backref.obj
 0001:000030e0       ?removeBackRef@internal@rml@@YAXVBackRefIdx@12@@Z 100040e0 f   backref.obj
 0001:00003170       ?initBackRefMaster@internal@rml@@YA_NPAVBackend@12@@Z 10004170 f   backref.obj
 0001:00003230       ?set_assertion_handler@internal@rml@@YAP6AXPBDH00@ZP6AX0H00@Z@Z 10004230 f   tbbmalloc.obj
 0001:00003240       ?assertion_failure@internal@rml@@YAXPBDH00@Z 10004240 f   tbbmalloc.obj
 0001:000032c0       _MallocInitializeITT       100042c0 f   tbbmalloc.obj
 0001:000032d0       ?init_tbbmalloc@internal@rml@@YAXXZ 100042d0 f   tbbmalloc.obj
 0001:00003300       _DllMain@12                10004300 f   tbbmalloc.obj
 0001:00003330       ?__itt_interlocked_increment@@YAHPCJ@Z 10004330 f i itt_notify_malloc.obj
 0001:00005810       ___itt_fini_ittlib         10006810 f   itt_notify_malloc.obj
 0001:00005890       ___itt_init_ittlib         10006890 f   itt_notify_malloc.obj
 0001:00005b40       ___itt_set_error_handler   10006b40 f   itt_notify_malloc.obj
 0001:00005b50       ?__TBB_load_ittnotify@internal@tbb@@YAHXZ 10006b50 f   itt_notify_malloc.obj
 0001:00005c30       ??0MemPoolPolicy@rml@@QAE@P6APAXHAAI@ZP6AHHPAXI@ZI_N4@Z 10006c30 f i frontend.obj
 0001:00005c70       ?init@CacheBin@LargeObjectCache@internal@rml@@QAEXXZ 10006c70 f i frontend.obj
 0001:00005c90       ?reset@LargeObjectCache@internal@rml@@QAEXXZ 10006c90 f i frontend.obj
 0001:00005cc0       ?isLargeObject@BackRefIdx@internal@rml@@QBE_NXZ 10006cc0 f i frontend.obj
 0001:00005cd0       ?bootstrap@Backend@internal@rml@@QAE_NPAUExtMemoryPool@23@@Z 10006cd0 f i frontend.obj
 0001:00005cf0       ?get16KBlock@Backend@internal@rml@@QAEPAVBlockI@23@H@Z 10006cf0 f i frontend.obj
 0001:00005d10       ?put16KBlock@Backend@internal@rml@@QAEXPAVBlockI@23@@Z 10006d10 f i frontend.obj
 0001:00005d30       ?getHead@AllLargeBlocksList@internal@rml@@QAEPAULargeMemoryBlock@23@XZ 10006d30 f i frontend.obj
 0001:00005d40       ?tooLargeToBeBined@ExtMemoryPool@internal@rml@@SA_NI@Z 10006d40 f i frontend.obj
 0001:00005d50       ?delayRegionsReleasing@ExtMemoryPool@internal@rml@@QAEX_N@Z 10006d50 f i frontend.obj
 0001:00005d60       ??0RecursiveMallocCallProtector@internal@rml@@QAE@XZ 10006d60 f i frontend.obj
 0001:00005d70       ??1RecursiveMallocCallProtector@internal@rml@@QAE@XZ 10006d70 f i frontend.obj
 0001:00005d80       ?do_yield@@YAXXZ           10006d80 f i frontend.obj
 0001:00005d90       ?init@ThreadId@internal@rml@@SAXXZ 10006d90 f i frontend.obj
 0001:00005da0       ?get@ThreadId@internal@rml@@SA?AV123@XZ 10006da0 f i frontend.obj
 0001:00005df0       ?undef@ThreadId@internal@rml@@QAEXXZ 10006df0 f i frontend.obj
 0001:00005e00       ?invalid@ThreadId@internal@rml@@QAEXXZ 10006e00 f i frontend.obj
 0001:00005e10       ?own@ThreadId@internal@rml@@QBE_NXZ 10006e10 f i frontend.obj
 0001:00005e70       ??8internal@rml@@YA_NABVThreadId@01@0@Z 10006e70 f   frontend.obj
 0001:00005e90       ?getThreadId@internal@rml@@YAIXZ 10006e90 f   frontend.obj
 0001:00005ee0       ??0TLSKey@internal@rml@@QAE@XZ 10006ee0 f   frontend.obj
 0001:00005ef0       ??1TLSKey@internal@rml@@QAE@XZ 10006ef0 f   frontend.obj
 0001:00005f00       ?getThreadMallocTLS@TLSKey@internal@rml@@QBEPAVTLSData@23@XZ 10006f00 f i frontend.obj
 0001:00005f10       ?setThreadMallocTLS@TLSKey@internal@rml@@QAEXPAVTLSData@23@@Z 10006f10 f i frontend.obj
 0001:00005f30       ?empty@Block@internal@rml@@QBE_NXZ 10006f30 f i frontend.obj
 0001:00005f50       ?getSize@Block@internal@rml@@QBEIXZ 10006f50 f i frontend.obj
 0001:00005f60       ?getBackRefIdx@Block@internal@rml@@QBEPBVBackRefIdx@23@XZ 10006f60 f i frontend.obj
 0001:00005f70       ?ownBlock@Block@internal@rml@@QBE_NXZ 10006f70 f i frontend.obj
 0001:00005fe0       ?getBackRef@Block@internal@rml@@QBEPBVBackRefIdx@23@XZ 10006fe0 f i frontend.obj
 0001:00005ff0       ?getActiveBlock@Bin@internal@rml@@QBEPAVBlock@23@XZ 10006ff0 f i frontend.obj
 0001:00006000       ?resetActiveBlock@Bin@internal@rml@@QAEXXZ 10007000 f i frontend.obj
 0001:00006010       ?activeBlockUnused@Bin@internal@rml@@QBE_NXZ 10007010 f i frontend.obj
 0001:00006030       ??0ResOfGet@FreeBlockPool@internal@rml@@QAE@PAVBlock@23@_N@Z 10007030 f i frontend.obj
 0001:00006050       ??0FreeBlockPool@internal@rml@@QAE@PAVBackend@12@@Z 10007050 f i frontend.obj
 0001:00006060       ??0Bin@internal@rml@@QAE@XZ 10007060 f i frontend.obj
 0001:00006080       ?reset@BootStrapBlocks@internal@rml@@QAEXXZ 10007080 f   frontend.obj
 0001:00006090       ?isSolidPtr@internal@rml@@YA_NPAX@Z 10007090 f i frontend.obj
 0001:000060a0       ?isNotForUse@internal@rml@@YA_NPAX@Z 100070a0 f i frontend.obj
 0001:000060b0       ??0LifoList@internal@rml@@QAE@XZ 100070b0 f i frontend.obj
 0001:000060c0       ?initTLS@ExtMemoryPool@internal@rml@@QAEXXZ 100070c0 f   frontend.obj
 0001:000060e0       ?getTLS@ExtMemoryPool@internal@rml@@QAEPAVTLSData@23@XZ 100070e0 f i frontend.obj
 0001:000060f0       ?clearTLS@ExtMemoryPool@internal@rml@@QAEXXZ 100070f0 f   frontend.obj
 0001:00006100       ?emptyEnoughToUse@Block@internal@rml@@QAE_NXZ 10007100 f i frontend.obj
 0001:00006150       ?restoreBumpPtr@Block@internal@rml@@QAEXXZ 10007150 f   frontend.obj
 0001:00006170       ?privatizePublicFreeList@Block@internal@rml@@QAEXXZ 10007170 f   frontend.obj
 0001:000061f0       ?privatizeOrphaned@Block@internal@rml@@QAEXPAVBin@23@@Z 100071f0 f   frontend.obj
 0001:00006290       ?shareOrphaned@Block@internal@rml@@QAEXPBVBin@23@@Z 10007290 f   frontend.obj
 0001:00006310       ?cleanBlockHeader@Block@internal@rml@@IAEXXZ 10007310 f   frontend.obj
 0001:00006330       ?reset@OrphanedBlocks@internal@rml@@QAEXXZ 10007330 f   frontend.obj
 0001:00006350       ?insertBlock@FreeBlockPool@internal@rml@@AAEXPAVBlock@23@@Z 10007350 f   frontend.obj
 0001:00006370       ?getBlock@FreeBlockPool@internal@rml@@QAE?AVResOfGet@123@XZ 10007370 f   frontend.obj
 0001:000063b0       ?returnBlock@FreeBlockPool@internal@rml@@QAEXPAVBlock@23@@Z 100073b0 f   frontend.obj
 0001:00006440       ?releaseAllBlocks@FreeBlockPool@internal@rml@@QAE_NXZ 10007440 f   frontend.obj
 0001:000064b0       ?makeEmpty@Block@internal@rml@@QAEXXZ 100074b0 f   frontend.obj
 0001:000064e0       ?setActiveBlock@Bin@internal@rml@@QAEXPAVBlock@23@@Z 100074e0 f i frontend.obj
 0001:000064f0       ?setPreviousBlockActive@Bin@internal@rml@@QAEPAVBlock@23@XZ 100074f0 f i frontend.obj
 0001:00006500       ?GetBoolEnvironmentVariable@internal@rml@@YA_NPBD@Z 10007500 f   frontend.obj
 0001:00006550       ?initDefaultPool@MemoryPool@internal@rml@@SAXXZ 10007550 f   frontend.obj
 0001:00006560       ?allocateFromFreeList@Block@internal@rml@@QAEPAUFreeObject@23@XZ 10007560 f i frontend.obj
 0001:00006580       ?allocateFromBumpPtr@Block@internal@rml@@AAEPAUFreeObject@23@XZ 10007580 f i frontend.obj
 0001:000065b0       ?allocate@Block@internal@rml@@QAEPAUFreeObject@23@XZ 100075b0 f i frontend.obj
 0001:000065f0       ?processExit@ShutdownSync@internal@rml@@QAEXXZ 100075f0 f i frontend.obj
 0001:00006600       ?findAllocatedObject@Block@internal@rml@@ABEPAUFreeObject@23@PBX@Z 10007600 f i frontend.obj
 0001:000066d0       ??_H@YGXPAXIHP6EPAX0@Z@Z   100076d0 f i frontend.obj
 0001:00006700       ??$suppress_unused_warning@I@internal@rml@@YAXABI@Z 10007700 f i frontend.obj
 0001:00006750       ??$suppress_unused_warning@PAX@internal@rml@@YAXABQAX@Z 10007750 f i frontend.obj
 0001:00006760       ??_GTLSKey@internal@rml@@QAEPAXI@Z 10007760 f i frontend.obj
 0001:00006790       ??0TLSData@internal@rml@@QAE@PAVMemoryPool@12@PAVBackend@12@@Z 10007790 f i frontend.obj
 0001:000067a0       ?returnEmptyBlock@MemoryPool@internal@rml@@QAEXPAVBlock@23@_N@Z 100077a0 f   frontend.obj
 0001:00006830       ?init@ExtMemoryPool@internal@rml@@QAE_NHP6APAXHAAI@ZP6AHHPAXI@ZI_N4@Z 10007830 f   frontend.obj
 0001:000068b0       ?verifyTLSBin@Bin@internal@rml@@QBEXI@Z 100078b0 f   frontend.obj
 0001:000068c0       ?pushTLSBin@Bin@internal@rml@@QAEXPAVBlock@23@@Z 100078c0 f   frontend.obj
 0001:000068f0       ?outofTLSBin@Bin@internal@rml@@QAEXPAVBlock@23@@Z 100078f0 f   frontend.obj
 0001:00006930       ?findObjectToFree@Block@internal@rml@@QBEPAUFreeObject@23@PAX@Z 10007930 f i frontend.obj
 0001:00006a40       ?moveBlockToBinFront@Bin@internal@rml@@QAEXPAVBlock@23@@Z 10007a40 f   frontend.obj
 0001:00006aa0       ?processLessUsedBlock@Bin@internal@rml@@QAEXPAVMemoryPool@23@PAVBlock@23@@Z 10007aa0 f   frontend.obj
 0001:00006b30       ?isLargeObject@internal@rml@@YA_NPAX@Z 10007b30 f   frontend.obj
 0001:00006c90       _scalable_msize            10007c90 f   frontend.obj
 0001:00006ca0       _safer_scalable_msize      10007ca0 f   frontend.obj
 0001:00006e00       ?reset@ExtMemoryPool@internal@rml@@QAEXXZ 10007e00 f i frontend.obj
 0001:00006e50       ?destroy@ExtMemoryPool@internal@rml@@QAEXXZ 10007e50 f i frontend.obj
 0001:00006e80       ?release16KBCaches@ExtMemoryPool@internal@rml@@QAE_NXZ 10007e80 f   frontend.obj
 0001:00006f50       ?free@BootStrapBlocks@internal@rml@@QAEXPAX@Z 10007f50 f   frontend.obj
 0001:00006f80       ?push@LifoList@internal@rml@@QAEXPAVBlock@23@@Z 10007f80 f i frontend.obj
 0001:00006fb0       ?pop@LifoList@internal@rml@@QAEPAVBlock@23@XZ 10007fb0 f i frontend.obj
 0001:00006ff0       ?init@MemoryPool@internal@rml@@QAE_NHPBUMemPoolPolicy@3@@Z 10007ff0 f   frontend.obj
 0001:00007070       ?reset@MemoryPool@internal@rml@@QAEXXZ 10008070 f   frontend.obj
 0001:000070e0       ?destroy@MemoryPool@internal@rml@@QAEXXZ 100080e0 f   frontend.obj
 0001:00007180       ?getPublicFreeListBlock@Bin@internal@rml@@QAEPAVBlock@23@XZ 10008180 f   frontend.obj
 0001:000071c0       ?freePublicObject@Block@internal@rml@@QAEXPAUFreeObject@23@@Z 100081c0 f   frontend.obj
 0001:00007240       ?initEmptyBlock@Block@internal@rml@@QAEXPAVBin@23@I@Z 10008240 f   frontend.obj
 0001:000072f0       ?get@OrphanedBlocks@internal@rml@@QAEPAVBlock@23@PAVBin@23@I@Z 100082f0 f   frontend.obj
 0001:00007360       ?put@OrphanedBlocks@internal@rml@@QAEXPAVBin@23@PAVBlock@23@@Z 10008360 f   frontend.obj
 0001:000073c0       ?release@TLSData@internal@rml@@QAEXPAVMemoryPool@23@@Z 100083c0 f   frontend.obj
 0001:000075c0       ?isMallocInitialized@internal@rml@@YA_NXZ 100085c0 f i frontend.obj
 0001:000075d0       ?isMallocInitializedExt@internal@rml@@YA_NXZ 100085d0 f   frontend.obj
 0001:00007680       ?pool_reset@rml@@YA_NPAVMemoryPool@1@@Z 10008680 f   frontend.obj
 0001:000076a0       ?mallocThreadShutdownNotification@@YAXPAX@Z 100086a0 f   frontend.obj
 0001:00007740       ___TBB_mallocThreadShutdownNotification 10008740 f   frontend.obj
 0001:00007750       ___TBB_mallocProcessShutdownNotification 10008750 f   frontend.obj
 0001:00007760       ?getEmptyBlock@MemoryPool@internal@rml@@QAEPAVBlock@23@I@Z 10008760 f   frontend.obj
 0001:00007920       ?allocate@BootStrapBlocks@internal@rml@@QAEPAXPAVMemoryPool@23@I@Z 10008920 f   frontend.obj
 0001:000079c0       ?createTLS@TLSKey@internal@rml@@QAEPAVTLSData@23@PAVMemoryPool@23@PAVBackend@23@@Z 100089c0 f   frontend.obj
 0001:00007a00       ?getAllocationBin@MemoryPool@internal@rml@@QAEPAVBin@23@I@Z 10008a00 f   frontend.obj
 0001:00007a70       ?freeOwnObject@Block@internal@rml@@QAEXPAVMemoryPool@23@PAUFreeObject@23@@Z 10008a70 f i frontend.obj
 0001:00007e40       ?pool_create_v1@rml@@YA?AW4MemPoolError@1@HPBUMemPoolPolicy@1@PAPAVMemoryPool@1@@Z 10008e40 f   frontend.obj
 0001:00007f30       ?pool_destroy@rml@@YA_NPAVMemoryPool@1@@Z 10008f30 f   frontend.obj
 0001:00007f80       ?pool_malloc@rml@@YAPAXPAVMemoryPool@1@I@Z 10008f80 f   frontend.obj
 0001:00007f90       ?pool_free@rml@@YA_NPAVMemoryPool@1@PAX@Z 10008f90 f   frontend.obj
 0001:00008000       _scalable_malloc           10009000 f   frontend.obj
 0001:00008050       _scalable_free             10009050 f   frontend.obj
 0001:00008090       _safer_scalable_free       10009090 f   frontend.obj
 0001:00008130       _scalable_calloc           10009130 f   frontend.obj
 0001:00008190       _scalable_aligned_free     10009190 f   frontend.obj
 0001:00008380       ?pool_create@rml@@YAPAVMemoryPool@1@HPBUMemPoolPolicy@1@@Z 10009380 f   frontend.obj
 0001:000083d0       ?pool_realloc@rml@@YAPAXPAVMemoryPool@1@PAXI@Z 100093d0 f   frontend.obj
 0001:00008440       ?pool_aligned_malloc@rml@@YAPAXPAVMemoryPool@1@II@Z 10009440 f   frontend.obj
 0001:00008470       ?pool_aligned_realloc@rml@@YAPAXPAVMemoryPool@1@PAXII@Z 10009470 f   frontend.obj
 0001:000084d0       _scalable_realloc          100094d0 f   frontend.obj
 0001:00008570       _safer_scalable_realloc    10009570 f   frontend.obj
 0001:00008660       _scalable_posix_memalign   10009660 f   frontend.obj
 0001:000086a0       _scalable_aligned_malloc   100096a0 f   frontend.obj
 0001:000086f0       _scalable_aligned_realloc  100096f0 f   frontend.obj
 0001:00008770       _safer_scalable_aligned_realloc 10009770 f   frontend.obj
 0001:00008886       _malloc                    10009886 f   MSVCRT:MSVCR100.dll
 0001:0000888c       __errno                    1000988c f   MSVCRT:MSVCR100.dll
 0001:000088a0       __allshl                   100098a0 f   MSVCRT:llshl.obj
 0001:000088c0       _memset                    100098c0 f   MSVCRT:MSVCR100.dll
 0001:000088c6       _abort                     100098c6 f   MSVCRT:MSVCR100.dll
 0001:000088cc       _fflush                    100098cc f   MSVCRT:MSVCR100.dll
 0001:000088d2       _fprintf                   100098d2 f   MSVCRT:MSVCR100.dll
 0001:000088d8       ___iob_func                100098d8 f   MSVCRT:MSVCR100.dll
 0001:000088de       __wcsdup                   100098de f   MSVCRT:MSVCR100.dll
 0001:000088e4       __strdup                   100098e4 f   MSVCRT:MSVCR100.dll
 0001:000088ea       @__security_check_cookie@4 100098ea f   MSVCRT:secchk.obj
 0001:00008900       _getenv                    10009900 f   MSVCRT:MSVCR100.dll
 0001:00008906       __except_handler4          10009906 f   MSVCRT:chandler4gs.obj
 0001:0000892c       ??3@YAXPAX@Z               1000992c f   MSVCRT:MSVCR100.dll
 0001:00008932       _exit                      10009932 f   MSVCRT:MSVCR100.dll
 0001:00008938       _fputs                     10009938 f   MSVCRT:MSVCR100.dll
 0001:0000893e       _memcpy                    1000993e f   MSVCRT:MSVCR100.dll
 0001:00008944       _NtCurrentTeb              10009944 f i MSVCRT:crtdll.obj
 0001:00008999       __CRT_INIT@12              10009999 f   MSVCRT:crtdll.obj
 0001:00008cb9       __DllMainCRTStartup@12     10009cb9 f   MSVCRT:crtdll.obj
 0001:00008cdc       ___report_gsfailure        10009cdc f   MSVCRT:gs_report.obj
 0001:00008de2       __except_handler4_common   10009de2 f   MSVCRT:MSVCR100.dll
 0001:00008de8       ___clean_type_info_names   10009de8 f   MSVCRT:tncleanup.obj
 0001:00008df4       __onexit                   10009df4 f   MSVCRT:atonexit.obj
 0001:00008e95       _atexit                    10009e95 f   MSVCRT:atonexit.obj
 0001:00008eac       __RTC_Initialize           10009eac f   MSVCRT:_initsect_.obj
 0001:00008ed2       __RTC_Terminate            10009ed2 f   MSVCRT:_initsect_.obj
 0001:00008ef8       __malloc_crt               10009ef8 f   MSVCRT:MSVCR100.dll
 0001:00008efe       _free                      10009efe f   MSVCRT:MSVCR100.dll
 0001:00008f04       __encoded_null             10009f04 f   MSVCRT:MSVCR100.dll
 0001:00008f10       __ValidateImageBase        10009f10 f   MSVCRT:pesect.obj
 0001:00008f50       __FindPESection            10009f50 f   MSVCRT:pesect.obj
 0001:00008fa0       __IsNonwritableInCurrentImage 10009fa0 f   MSVCRT:pesect.obj
 0001:0000905c       __initterm                 1000a05c f   MSVCRT:MSVCR100.dll
 0001:00009062       __initterm_e               1000a062 f   MSVCRT:MSVCR100.dll
 0001:00009068       __amsg_exit                1000a068 f   MSVCRT:MSVCR100.dll
 0001:0000906e       ___CppXcptFilter           1000a06e f   MSVCRT:MSVCR100.dll
 0001:00009080       __SEH_prolog4              1000a080 f   MSVCRT:sehprolg4.obj
 0001:000090c5       __SEH_epilog4              1000a0c5 f   MSVCRT:sehprolg4.obj
 0001:000090d9       ___security_init_cookie    1000a0d9 f   MSVCRT:gs_support.obj
 0001:00009174       __crt_debugger_hook        1000a174 f   MSVCRT:MSVCR100.dll
 0001:0000917a       ___clean_type_info_names_internal 1000a17a f   MSVCRT:MSVCR100.dll
 0001:00009180       __unlock                   1000a180 f   MSVCRT:MSVCR100.dll
 0001:00009186       ___dllonexit               1000a186 f   MSVCRT:MSVCR100.dll
 0001:0000918c       __lock                     1000a18c f   MSVCRT:MSVCR100.dll
 0001:00009192       _SwitchToThread@0          1000a192 f   kernel32:KERNEL32.dll
 0001:00009198       _VirtualAlloc@16           1000a198 f   kernel32:KERNEL32.dll
 0001:0000919e       _VirtualFree@12            1000a19e f   kernel32:KERNEL32.dll
 0001:000091a4       _LoadLibraryA@4            1000a1a4 f   kernel32:KERNEL32.dll
 0001:000091aa       _SetErrorMode@4            1000a1aa f   kernel32:KERNEL32.dll
 0001:000091b0       _InterlockedIncrement@4    1000a1b0 f   kernel32:KERNEL32.dll
 0001:000091b6       _LeaveCriticalSection@4    1000a1b6 f   kernel32:KERNEL32.dll
 0001:000091bc       _EnterCriticalSection@4    1000a1bc f   kernel32:KERNEL32.dll
 0001:000091c2       _InitializeCriticalSection@4 1000a1c2 f   kernel32:KERNEL32.dll
 0001:000091c8       _lstrcmpA@8                1000a1c8 f   kernel32:KERNEL32.dll
 0001:000091ce       _GetCurrentThreadId@0      1000a1ce f   kernel32:KERNEL32.dll
 0001:000091d4       _GetLastError@0            1000a1d4 f   kernel32:KERNEL32.dll
 0001:000091da       _GetEnvironmentVariableA@12 1000a1da f   kernel32:KERNEL32.dll
 0001:000091e0       _FreeLibrary@4             1000a1e0 f   kernel32:KERNEL32.dll
 0001:000091e6       _GetProcAddress@8          1000a1e6 f   kernel32:KERNEL32.dll
 0001:000091ec       _lstrcpynA@12              1000a1ec f   kernel32:KERNEL32.dll
 0001:000091f2       _TlsAlloc@0                1000a1f2 f   kernel32:KERNEL32.dll
 0001:000091f8       _TlsSetValue@8             1000a1f8 f   kernel32:KERNEL32.dll
 0001:000091fe       _TlsGetValue@4             1000a1fe f   kernel32:KERNEL32.dll
 0001:00009204       _TlsFree@4                 1000a204 f   kernel32:KERNEL32.dll
 0001:0000920a       _EncodePointer@4           1000a20a f   kernel32:KERNEL32.dll
 0001:00009210       _DecodePointer@4           1000a210 f   kernel32:KERNEL32.dll
 0001:00009216       _InterlockedExchange@8     1000a216 f   kernel32:KERNEL32.dll
 0001:0000921c       _Sleep@4                   1000a21c f   kernel32:KERNEL32.dll
 0001:00009222       _InterlockedCompareExchange@12 1000a222 f   kernel32:KERNEL32.dll
 0001:00009228       _TerminateProcess@8        1000a228 f   kernel32:KERNEL32.dll
 0001:0000922e       _GetCurrentProcess@0       1000a22e f   kernel32:KERNEL32.dll
 0001:00009234       _UnhandledExceptionFilter@4 1000a234 f   kernel32:KERNEL32.dll
 0001:0000923a       _SetUnhandledExceptionFilter@4 1000a23a f   kernel32:KERNEL32.dll
 0001:00009240       _IsDebuggerPresent@0       1000a240 f   kernel32:KERNEL32.dll
 0001:00009246       _QueryPerformanceCounter@4 1000a246 f   kernel32:KERNEL32.dll
 0001:0000924c       _GetTickCount@0            1000a24c f   kernel32:KERNEL32.dll
 0001:00009252       _GetCurrentProcessId@0     1000a252 f   kernel32:KERNEL32.dll
 0001:00009258       _GetSystemTimeAsFileTime@4 1000a258 f   kernel32:KERNEL32.dll
 0002:00000000       __imp__LoadLibraryA@4      1000b000     kernel32:KERNEL32.dll
 0002:00000004       __imp__GetSystemTimeAsFileTime@4 1000b004     kernel32:KERNEL32.dll
 0002:00000008       __imp__GetCurrentProcessId@0 1000b008     kernel32:KERNEL32.dll
 0002:0000000c       __imp__GetTickCount@0      1000b00c     kernel32:KERNEL32.dll
 0002:00000010       __imp__QueryPerformanceCounter@4 1000b010     kernel32:KERNEL32.dll
 0002:00000014       __imp__IsDebuggerPresent@0 1000b014     kernel32:KERNEL32.dll
 0002:00000018       __imp__SetUnhandledExceptionFilter@4 1000b018     kernel32:KERNEL32.dll
 0002:0000001c       __imp__UnhandledExceptionFilter@4 1000b01c     kernel32:KERNEL32.dll
 0002:00000020       __imp__GetCurrentProcess@0 1000b020     kernel32:KERNEL32.dll
 0002:00000024       __imp__TerminateProcess@8  1000b024     kernel32:KERNEL32.dll
 0002:00000028       __imp__InterlockedCompareExchange@12 1000b028     kernel32:KERNEL32.dll
 0002:0000002c       __imp__Sleep@4             1000b02c     kernel32:KERNEL32.dll
 0002:00000030       __imp__InterlockedExchange@8 1000b030     kernel32:KERNEL32.dll
 0002:00000034       __imp__DecodePointer@4     1000b034     kernel32:KERNEL32.dll
 0002:00000038       __imp__EncodePointer@4     1000b038     kernel32:KERNEL32.dll
 0002:0000003c       __imp__TlsFree@4           1000b03c     kernel32:KERNEL32.dll
 0002:00000040       __imp__TlsGetValue@4       1000b040     kernel32:KERNEL32.dll
 0002:00000044       __imp__TlsSetValue@8       1000b044     kernel32:KERNEL32.dll
 0002:00000048       __imp__TlsAlloc@0          1000b048     kernel32:KERNEL32.dll
 0002:0000004c       __imp__lstrcpynA@12        1000b04c     kernel32:KERNEL32.dll
 0002:00000050       __imp__GetProcAddress@8    1000b050     kernel32:KERNEL32.dll
 0002:00000054       __imp__FreeLibrary@4       1000b054     kernel32:KERNEL32.dll
 0002:00000058       __imp__GetEnvironmentVariableA@12 1000b058     kernel32:KERNEL32.dll
 0002:0000005c       __imp__GetLastError@0      1000b05c     kernel32:KERNEL32.dll
 0002:00000060       __imp__GetCurrentThreadId@0 1000b060     kernel32:KERNEL32.dll
 0002:00000064       __imp__lstrcmpA@8          1000b064     kernel32:KERNEL32.dll
 0002:00000068       __imp__InitializeCriticalSection@4 1000b068     kernel32:KERNEL32.dll
 0002:0000006c       __imp__EnterCriticalSection@4 1000b06c     kernel32:KERNEL32.dll
 0002:00000070       __imp__LeaveCriticalSection@4 1000b070     kernel32:KERNEL32.dll
 0002:00000074       __imp__SwitchToThread@0    1000b074     kernel32:KERNEL32.dll
 0002:00000078       __imp__VirtualAlloc@16     1000b078     kernel32:KERNEL32.dll
 0002:0000007c       __imp__VirtualFree@12      1000b07c     kernel32:KERNEL32.dll
 0002:00000080       __imp__SetErrorMode@4      1000b080     kernel32:KERNEL32.dll
 0002:00000084       __imp__InterlockedIncrement@4 1000b084     kernel32:KERNEL32.dll
 0002:00000088       \177KERNEL32_NULL_THUNK_DATA 1000b088     kernel32:KERNEL32.dll
 0002:0000008c       __imp___onexit             1000b08c     MSVCRT:MSVCR100.dll
 0002:00000090       __imp___lock               1000b090     MSVCRT:MSVCR100.dll
 0002:00000094       __imp____dllonexit         1000b094     MSVCRT:MSVCR100.dll
 0002:00000098       __imp___unlock             1000b098     MSVCRT:MSVCR100.dll
 0002:0000009c       __imp____clean_type_info_names_internal 1000b09c     MSVCRT:MSVCR100.dll
 0002:000000a0       __imp___crt_debugger_hook  1000b0a0     MSVCRT:MSVCR100.dll
 0002:000000a4       __imp____CppXcptFilter     1000b0a4     MSVCRT:MSVCR100.dll
 0002:000000a8       __imp___amsg_exit          1000b0a8     MSVCRT:MSVCR100.dll
 0002:000000ac       __imp___initterm_e         1000b0ac     MSVCRT:MSVCR100.dll
 0002:000000b0       __imp___initterm           1000b0b0     MSVCRT:MSVCR100.dll
 0002:000000b4       __imp___encoded_null       1000b0b4     MSVCRT:MSVCR100.dll
 0002:000000b8       __imp__free                1000b0b8     MSVCRT:MSVCR100.dll
 0002:000000bc       __imp___malloc_crt         1000b0bc     MSVCRT:MSVCR100.dll
 0002:000000c0       __imp___except_handler4_common 1000b0c0     MSVCRT:MSVCR100.dll
 0002:000000c4       __imp__memcpy              1000b0c4     MSVCRT:MSVCR100.dll
 0002:000000c8       __imp__fputs               1000b0c8     MSVCRT:MSVCR100.dll
 0002:000000cc       __imp__exit                1000b0cc     MSVCRT:MSVCR100.dll
 0002:000000d0       __imp_??3@YAXPAX@Z         1000b0d0     MSVCRT:MSVCR100.dll
 0002:000000d4       __imp__getenv              1000b0d4     MSVCRT:MSVCR100.dll
 0002:000000d8       __imp___strdup             1000b0d8     MSVCRT:MSVCR100.dll
 0002:000000dc       __imp___wcsdup             1000b0dc     MSVCRT:MSVCR100.dll
 0002:000000e0       __imp____iob_func          1000b0e0     MSVCRT:MSVCR100.dll
 0002:000000e4       __imp__fprintf             1000b0e4     MSVCRT:MSVCR100.dll
 0002:000000e8       __imp__fflush              1000b0e8     MSVCRT:MSVCR100.dll
 0002:000000ec       __imp__abort               1000b0ec     MSVCRT:MSVCR100.dll
 0002:000000f0       __imp__memset              1000b0f0     MSVCRT:MSVCR100.dll
 0002:000000f4       __imp___errno              1000b0f4     MSVCRT:MSVCR100.dll
 0002:000000f8       __imp__malloc              1000b0f8     MSVCRT:MSVCR100.dll
 0002:000000fc       \177MSVCR100_NULL_THUNK_DATA 1000b0fc     MSVCRT:MSVCR100.dll
 0002:00000100       ___xc_a                    1000b100     MSVCRT:cinitexe.obj
 0002:00000104       ___xc_z                    1000b104     MSVCRT:cinitexe.obj
 0002:00000108       ___xi_a                    1000b108     MSVCRT:cinitexe.obj
 0002:00000110       ___xi_z                    1000b110     MSVCRT:cinitexe.obj
 0002:0000013c       ?LOOPS_BEFORE_YIELD@atomic_backoff@internal@tbb@@0HB 1000b13c     backend.obj
 0002:00000158       ?minBlockSize@FreeBlock@internal@rml@@2IB 1000b158     backend.obj
 0002:0000015c       ?numLargeBlockBins@LargeObjectCache@internal@rml@@0IB 1000b15c     backend.obj
 0002:00000160       ?minPower2@Backend@internal@rml@@2IB 1000b160     backend.obj
 0002:00000164       ?maxPower2@Backend@internal@rml@@2IB 1000b164     backend.obj
 0002:00000168       ?minBinedSize@Backend@internal@rml@@2IB 1000b168     backend.obj
 0002:0000016c       ?maxBinedSize@Backend@internal@rml@@2IB 1000b16c     backend.obj
 0002:00000170       ?freeBinsNum@Backend@internal@rml@@2HB 1000b170     backend.obj
 0002:00000174       ?numOfBlocksAllocOnMiss@Backend@internal@rml@@2HB 1000b174     backend.obj
 0002:00000178       ?SZ@?$BitMask@$0CAA@@internal@rml@@0HB 1000b178     backend.obj
 0002:0000017c       ?WORD_LEN@?$BitMask@$0CAA@@internal@rml@@0IB 1000b17c     backend.obj
 0002:000001b0       ?dataSz@BackRefMaster@internal@rml@@2HB 1000b1b0     backref.obj
 0002:000001b4       ?bytes@BackRefBlock@internal@rml@@2HB 1000b1b4     backref.obj
 0002:000001b8       ?bytes@BackRefMaster@internal@rml@@2IB 1000b1b8     backref.obj
 0002:000001bc       ?leaves@BackRefMaster@internal@rml@@2HB 1000b1bc     backref.obj
 0002:000001c0       ?masterSize@BackRefMaster@internal@rml@@2IB 1000b1c0     backref.obj
 0002:000001e0       ??_C@_0BK@GNEKDGNN@Detailed?5description?3?5?$CFs?6?$AA@ 1000b1e0     tbbmalloc.obj
 0002:000001fc       ??_C@_0CL@PHAMFLPE@Assertion?5?$CFs?5failed?5on?5line?5?$CFd?5o@ 1000b1fc     tbbmalloc.obj
 0002:00000228       ??_C@_0O@FOJJPCPH@tbbmalloc?4dll?$AA@ 1000b228     tbbmalloc.obj
 0002:00000238       ??_C@_1BM@LJBJJICB@?$AAT?$AAB?$AAB?$AA?5?$AAS?$AAc?$AAh?$AAe?$AAd?$AAu?$AAl?$AAe?$AAr?$AA?$AA@ 1000b238     itt_notify_malloc.obj
 0002:00000254       ??_C@_1CE@PPIOBPMF@?$AAT?$AAb?$AAb?$AAS?$AAc?$AAh?$AAe?$AAd?$AAu?$AAl?$AAe?$AAr?$AAs?$AAL?$AAi?$AAs?$AAt?$AA?$AA@ 1000b254     itt_notify_malloc.obj
 0002:00000278       ??_C@_1DG@DAINFCM@?$AAT?$AAb?$AAb?$AAS?$AAc?$AAh?$AAe?$AAd?$AAu?$AAl?$AAe?$AAr?$AAI?$AAn?$AAi?$AAt?$AAi?$AAa?$AAl?$AAi?$AAz?$AAa?$AAt?$AAi?$AAo?$AAn?$AA?$AA@ 1000b278     itt_notify_malloc.obj
 0002:000002b0       ??_C@_1BE@HCOPGFC@?$AA?$CF?$AAC?$AAo?$AAn?$AAs?$AAt?$AAa?$AAn?$AAt?$AA?$AA@ 1000b2b0     itt_notify_malloc.obj
 0002:000002c4       ??_C@_1BM@HPHMLNHL@?$AAT?$AAb?$AAb?$AAG?$AAl?$AAo?$AAb?$AAa?$AAl?$AAL?$AAo?$AAc?$AAk?$AA?$AA@ 1000b2c4     itt_notify_malloc.obj
 0002:000002e0       ??_C@_0BC@LLDNPJMG@__itt_api_version?$AA@ 1000b2e0     itt_notify_malloc.obj
 0002:000002f4       ??_C@_0BA@LBIEJOAG@__itt_set_track?$AA@ 1000b2f4     itt_notify_malloc.obj
 0002:00000304       ??_C@_0BD@JAMANPOD@__itt_track_create?$AA@ 1000b304     itt_notify_malloc.obj
 0002:00000318       ??_C@_0BJ@DABHBHOM@__itt_track_group_create?$AA@ 1000b318     itt_notify_malloc.obj
 0002:00000334       ??_C@_0BG@JDIAGKMO@__itt_relation_add_ex?$AA@ 1000b334     itt_notify_malloc.obj
 0002:0000034c       ??_C@_0CB@LKKGPFIK@__itt_relation_add_to_current_ex@ 1000b34c     itt_notify_malloc.obj
 0002:00000370       ??_C@_0CD@BPIEHFJO@__itt_metadata_str_add_with_scop@ 1000b370     itt_notify_malloc.obj
 0002:00000394       ??_C@_0CD@DBMMAEJ@__itt_metadata_str_add_with_scop@ 1000b394     itt_notify_malloc.obj
 0002:000003b8       ??_C@_0BO@IBJHPIEA@__itt_metadata_add_with_scope?$AA@ 1000b3b8     itt_notify_malloc.obj
 0002:000003d8       ??_C@_0BA@PCFAJFBL@__itt_marker_ex?$AA@ 1000b3d8     itt_notify_malloc.obj
 0002:000003e8       ??_C@_0BN@FCHCPDLJ@__itt_task_end_overlapped_ex?$AA@ 1000b3e8     itt_notify_malloc.obj
 0002:00000408       ??_C@_0BK@MBKJKMLA@__itt_task_end_overlapped?$AA@ 1000b408     itt_notify_malloc.obj
 0002:00000424       ??_C@_0BP@OLNBFIEO@__itt_task_begin_overlapped_ex?$AA@ 1000b424     itt_notify_malloc.obj
 0002:00000444       ??_C@_0BM@LOFKKKAI@__itt_task_begin_overlapped?$AA@ 1000b444     itt_notify_malloc.obj
 0002:00000460       ??_C@_0BC@IHANJPKN@__itt_task_end_ex?$AA@ 1000b460     itt_notify_malloc.obj
 0002:00000474       ??_C@_0BH@GFGAIAHE@__itt_task_begin_fn_ex?$AA@ 1000b474     itt_notify_malloc.obj
 0002:0000048c       ??_C@_0BE@ECBGBIGN@__itt_task_begin_ex?$AA@ 1000b48c     itt_notify_malloc.obj
 0002:000004a0       ??_C@_0BE@EFLGOLGG@__itt_id_destroy_ex?$AA@ 1000b4a0     itt_notify_malloc.obj
 0002:000004b4       ??_C@_0BD@FNAGFCCD@__itt_id_create_ex?$AA@ 1000b4b4     itt_notify_malloc.obj
 0002:000004c8       ??_C@_0BJ@NEHPBEIJ@__itt_clock_domain_reset?$AA@ 1000b4c8     itt_notify_malloc.obj
 0002:000004e4       ??_C@_0BK@DDICILFO@__itt_clock_domain_create?$AA@ 1000b4e4     itt_notify_malloc.obj
 0002:00000500       ??_C@_0BJ@CKPCIJLD@__itt_stack_callee_leave?$AA@ 1000b500     itt_notify_malloc.obj
 0002:0000051c       ??_C@_0BJ@GAJNHHI@__itt_stack_callee_enter?$AA@ 1000b51c     itt_notify_malloc.obj
 0002:00000538       ??_C@_0BL@JHNLMFN@__itt_stack_caller_destroy?$AA@ 1000b538     itt_notify_malloc.obj
 0002:00000554       ??_C@_0BK@EPFIOCIO@__itt_stack_caller_create?$AA@ 1000b554     itt_notify_malloc.obj
 0002:00000570       ??_C@_0BG@CDJIJGAC@__itt_mark_global_off?$AA@ 1000b570     itt_notify_malloc.obj
 0002:00000588       ??_C@_0BD@NNIHGMPA@__itt_mark_globalW?$AA@ 1000b588     itt_notify_malloc.obj
 0002:0000059c       ??_C@_0BD@MBBPNJCH@__itt_mark_globalA?$AA@ 1000b59c     itt_notify_malloc.obj
 0002:000005b0       ??_C@_0P@CFDOAOOE@__itt_mark_off?$AA@ 1000b5b0     itt_notify_malloc.obj
 0002:000005c0       ??_C@_0M@DMMPKLGE@__itt_markW?$AA@ 1000b5c0     itt_notify_malloc.obj
 0002:000005cc       ??_C@_0M@CAFHBOLD@__itt_markA?$AA@ 1000b5cc     itt_notify_malloc.obj
 0002:000005d8       ??_C@_0BD@OAABEAAN@__itt_mark_createW?$AA@ 1000b5d8     itt_notify_malloc.obj
 0002:000005ec       ??_C@_0BD@PMJJPFNK@__itt_mark_createA?$AA@ 1000b5ec     itt_notify_malloc.obj
 0002:00000600       ??_C@_0BI@BNDIOJN@__itt_counter_inc_delta?$AA@ 1000b600     itt_notify_malloc.obj
 0002:00000618       ??_C@_0BC@JMKIDDKB@__itt_counter_inc?$AA@ 1000b618     itt_notify_malloc.obj
 0002:0000062c       ??_C@_0BG@KGFLOPCN@__itt_counter_destroy?$AA@ 1000b62c     itt_notify_malloc.obj
 0002:00000644       ??_C@_0BG@FAJDGOCG@__itt_counter_createW?$AA@ 1000b644     itt_notify_malloc.obj
 0002:0000065c       ??_C@_0BG@EMALNLPB@__itt_counter_createA?$AA@ 1000b65c     itt_notify_malloc.obj
 0002:00000674       ??_C@_0BA@ECPMFCGG@__itt_frame_end?$AA@ 1000b674     itt_notify_malloc.obj
 0002:00000684       ??_C@_0BC@HCNKKGME@__itt_frame_begin?$AA@ 1000b684     itt_notify_malloc.obj
 0002:00000698       ??_C@_0BE@HAKFLPK@__itt_frame_createW?$AA@ 1000b698     itt_notify_malloc.obj
 0002:000006ac       ??_C@_0BE@BLJCOOCN@__itt_frame_createA?$AA@ 1000b6ac     itt_notify_malloc.obj
 0002:000006c0       ??_C@_0BD@EBCLOJDM@__itt_thr_mode_set?$AA@ 1000b6c0     itt_notify_malloc.obj
 0002:000006d4       ??_C@_0BD@OMOHDNKK@__itt_obj_mode_set?$AA@ 1000b6d4     itt_notify_malloc.obj
 0002:000006e8       ??_C@_0BA@DBMCENKO@__itt_state_set?$AA@ 1000b6e8     itt_notify_malloc.obj
 0002:000006f8       ??_C@_0BA@OOLJINGG@__itt_state_get?$AA@ 1000b6f8     itt_notify_malloc.obj
 0002:00000708       ??_C@_0BE@PDNEALBC@__itt_memory_update?$AA@ 1000b708     itt_notify_malloc.obj
 0002:0000071c       ??_C@_0BD@NMPEKHPI@__itt_memory_write?$AA@ 1000b71c     itt_notify_malloc.obj
 0002:00000730       ??_C@_0BC@FOINABEG@__itt_memory_read?$AA@ 1000b730     itt_notify_malloc.obj
 0002:00000744       ??_C@_0BM@MDHJMDPI@__itt_notify_sync_releasing?$AA@ 1000b744     itt_notify_malloc.obj
 0002:00000760       ??_C@_0BL@ILFPBIOK@__itt_notify_sync_acquired?$AA@ 1000b760     itt_notify_malloc.obj
 0002:0000077c       ??_C@_0BJ@DIOKJHB@__itt_notify_sync_cancel?$AA@ 1000b77c     itt_notify_malloc.obj
 0002:00000798       ??_C@_0BK@EPNEOEMG@__itt_notify_sync_prepare?$AA@ 1000b798     itt_notify_malloc.obj
 0002:000007b4       ??_C@_0BI@DLJJMEAC@__itt_notify_sync_nameW?$AA@ 1000b7b4     itt_notify_malloc.obj
 0002:000007cc       ??_C@_0BI@CHABHBNF@__itt_notify_sync_nameA?$AA@ 1000b7cc     itt_notify_malloc.obj
 0002:000007e4       ??_C@_0BF@MDMGAPCJ@__itt_sync_set_nameW?$AA@ 1000b7e4     itt_notify_malloc.obj
 0002:000007fc       ??_C@_0BF@NPFOLKPO@__itt_sync_set_nameA?$AA@ 1000b7fc     itt_notify_malloc.obj
 0002:00000814       ??_C@_0BA@IJAPHNDA@__itt_event_end?$AA@ 1000b814     itt_notify_malloc.obj
 0002:00000824       ??_C@_0BC@CFNFCMCG@__itt_event_start?$AA@ 1000b824     itt_notify_malloc.obj
 0002:00000838       ??_C@_0BE@OJFKKDBP@__itt_event_createW?$AA@ 1000b838     itt_notify_malloc.obj
 0002:0000084c       ??_C@_0BE@PFMCBGMI@__itt_event_createA?$AA@ 1000b84c     itt_notify_malloc.obj
 0002:00000860       ??_C@_0BD@OKAHNEKP@__itt_relation_add?$AA@ 1000b860     itt_notify_malloc.obj
 0002:00000874       ??_C@_0BO@OPDDBKND@__itt_relation_add_to_current?$AA@ 1000b874     itt_notify_malloc.obj
 0002:00000894       ??_C@_0BI@MINNPODC@__itt_metadata_str_addW?$AA@ 1000b894     itt_notify_malloc.obj
 0002:000008ac       ??_C@_0BI@NEEFELOF@__itt_metadata_str_addA?$AA@ 1000b8ac     itt_notify_malloc.obj
 0002:000008c4       ??_C@_0BD@IGOPKBOL@__itt_metadata_add?$AA@ 1000b8c4     itt_notify_malloc.obj
 0002:000008d8       ??_C@_0N@HAAFEAGA@__itt_marker?$AA@ 1000b8d8     itt_notify_malloc.obj
 0002:000008e8       ??_C@_0BL@HIGIHDCP@__itt_counter_inc_delta_v3?$AA@ 1000b8e8     itt_notify_malloc.obj
 0002:00000904       ??_C@_0BF@MDKFBHAH@__itt_counter_inc_v3?$AA@ 1000b904     itt_notify_malloc.obj
 0002:0000091c       ??_C@_0P@NALCCCCE@__itt_task_end?$AA@ 1000b91c     itt_notify_malloc.obj
 0002:0000092c       ??_C@_0BE@FMMIBDOD@__itt_task_begin_fn?$AA@ 1000b92c     itt_notify_malloc.obj
 0002:00000940       ??_C@_0BB@OAJAGIDB@__itt_task_begin?$AA@ 1000b940     itt_notify_malloc.obj
 0002:00000954       ??_C@_0BB@GGFEPPDE@__itt_task_group?$AA@ 1000b954     itt_notify_malloc.obj
 0002:00000968       ??_C@_0BD@EHKFFIBH@__itt_frame_end_v3?$AA@ 1000b968     itt_notify_malloc.obj
 0002:0000097c       ??_C@_0BF@DPIEHAGN@__itt_frame_begin_v3?$AA@ 1000b97c     itt_notify_malloc.obj
 0002:00000994       ??_C@_0BB@NDFOOFIC@__itt_region_end?$AA@ 1000b994     itt_notify_malloc.obj
 0002:000009a8       ??_C@_0BD@BNMNCHKB@__itt_region_begin?$AA@ 1000b9a8     itt_notify_malloc.obj
 0002:000009bc       ??_C@_0BB@CBOOIDDL@__itt_id_destroy?$AA@ 1000b9bc     itt_notify_malloc.obj
 0002:000009d0       ??_C@_0BA@NONPBKLG@__itt_id_create?$AA@ 1000b9d0     itt_notify_malloc.obj
 0002:000009e0       ??_C@_0BP@BFPCKPOF@__itt_heap_internal_access_end?$AA@ 1000b9e0     itt_notify_malloc.obj
 0002:00000a00       ??_C@_0CB@KBHILEOD@__itt_heap_internal_access_begin@ 1000ba00     itt_notify_malloc.obj
 0002:00000a24       ??_C@_0BK@FIIKJCHI@__itt_heap_reallocate_end?$AA@ 1000ba24     itt_notify_malloc.obj
 0002:00000a40       ??_C@_0BM@DNPPEBNN@__itt_heap_reallocate_begin?$AA@ 1000ba40     itt_notify_malloc.obj
 0002:00000a5c       ??_C@_0BE@IBCGGMHF@__itt_heap_free_end?$AA@ 1000ba5c     itt_notify_malloc.obj
 0002:00000a70       ??_C@_0BG@NCFEDJCH@__itt_heap_free_begin?$AA@ 1000ba70     itt_notify_malloc.obj
 0002:00000a88       ??_C@_0BI@BKGPODF@__itt_heap_allocate_end?$AA@ 1000ba88     itt_notify_malloc.obj
 0002:00000aa0       ??_C@_0BK@DMCMAEMK@__itt_heap_allocate_begin?$AA@ 1000baa0     itt_notify_malloc.obj
 0002:00000abc       ??_C@_0BM@ICKDPIPF@__itt_heap_function_createW?$AA@ 1000babc     itt_notify_malloc.obj
 0002:00000ad8       ??_C@_0BM@JODLENCC@__itt_heap_function_createA?$AA@ 1000bad8     itt_notify_malloc.obj
 0002:00000af4       ??_C@_0BJ@HLNOFCPO@__itt_model_task_beginAL?$AA@ 1000baf4     itt_notify_malloc.obj
 0002:00000b10       ??_C@_0BJ@DHFDAHGI@__itt_model_site_beginAL?$AA@ 1000bb10     itt_notify_malloc.obj
 0002:00000b2c       ??_C@_0BI@MILOIKG@__itt_model_task_beginW?$AA@ 1000bb2c     itt_notify_malloc.obj
 0002:00000b44       ??_C@_0BI@OIMOCAIH@__itt_model_site_beginW?$AA@ 1000bb44     itt_notify_malloc.obj
 0002:00000b5c       ??_C@_0BI@GMOGAHA@__itt_model_disable_pop?$AA@ 1000bb5c     itt_notify_malloc.obj
 0002:00000b74       ??_C@_0BJ@MAMFFHFB@__itt_model_disable_push?$AA@ 1000bb74     itt_notify_malloc.obj
 0002:00000b90       ??_C@_0BH@KLLGKJEK@__itt_model_clear_uses?$AA@ 1000bb90     itt_notify_malloc.obj
 0002:00000ba8       ??_C@_0BJ@ECNIEHOA@__itt_model_observe_uses?$AA@ 1000bba8     itt_notify_malloc.obj
 0002:00000bc4       ??_C@_0BL@JJCGLNKA@__itt_model_reduction_uses?$AA@ 1000bbc4     itt_notify_malloc.obj
 0002:00000be0       ??_C@_0BL@EMIILPPM@__itt_model_induction_uses?$AA@ 1000bbe0     itt_notify_malloc.obj
 0002:00000bfc       ??_C@_0CA@BLKMEFKM@__itt_model_record_deallocation?$AA@ 1000bbfc     itt_notify_malloc.obj
 0002:00000c1c       ??_C@_0BO@CMNEKAED@__itt_model_record_allocation?$AA@ 1000bc1c     itt_notify_malloc.obj
 0002:00000c3c       ??_C@_0BJ@DKFLKCDG@__itt_model_lock_release?$AA@ 1000bc3c     itt_notify_malloc.obj
 0002:00000c58       ??_C@_0BJ@LAGBGFNL@__itt_model_lock_acquire?$AA@ 1000bc58     itt_notify_malloc.obj
 0002:00000c74       ??_C@_0BF@DBIHPNLD@__itt_model_task_end?$AA@ 1000bc74     itt_notify_malloc.obj
 0002:00000c8c       ??_C@_0BH@MIPMFKJM@__itt_model_task_begin?$AA@ 1000bc8c     itt_notify_malloc.obj
 0002:00000ca4       ??_C@_0BF@HJKONEDB@__itt_model_site_end?$AA@ 1000bca4     itt_notify_malloc.obj
 0002:00000cbc       ??_C@_0BH@IDPLHABA@__itt_model_site_begin?$AA@ 1000bcbc     itt_notify_malloc.obj
 0002:00000cd4       ??_C@_0BF@DIEOIMOH@__itt_sync_releasing?$AA@ 1000bcd4     itt_notify_malloc.obj
 0002:00000cec       ??_C@_0BE@GIFMGCLF@__itt_sync_acquired?$AA@ 1000bcec     itt_notify_malloc.obj
 0002:00000d00       ??_C@_0BC@MCENPEOO@__itt_sync_cancel?$AA@ 1000bd00     itt_notify_malloc.obj
 0002:00000d14       ??_C@_0BD@CPKFKJEO@__itt_sync_prepare?$AA@ 1000bd14     itt_notify_malloc.obj
 0002:00000d28       ??_C@_0BD@OFAHOGJG@__itt_sync_destroy?$AA@ 1000bd28     itt_notify_malloc.obj
 0002:00000d3c       ??_C@_0BD@EGHBBMLO@__itt_sync_renameW?$AA@ 1000bd3c     itt_notify_malloc.obj
 0002:00000d50       ??_C@_0BD@FKOJKJGJ@__itt_sync_renameA?$AA@ 1000bd50     itt_notify_malloc.obj
 0002:00000d64       ??_C@_0BD@BDMPGHJN@__itt_sync_createW?$AA@ 1000bd64     itt_notify_malloc.obj
 0002:00000d78       ??_C@_0BD@PFHNCEK@__itt_sync_createA?$AA@ 1000bd78     itt_notify_malloc.obj
 0002:00000d8c       ??_C@_0BB@NAOEIHEA@__itt_thr_ignore?$AA@ 1000bd8c     itt_notify_malloc.obj
 0002:00000da0       ??_C@_0BE@OGGOOHEH@__itt_thr_name_setW?$AA@ 1000bda0     itt_notify_malloc.obj
 0002:00000db4       ??_C@_0BE@PKPGFCJA@__itt_thr_name_setA?$AA@ 1000bdb4     itt_notify_malloc.obj
 0002:00000dc8       ??_C@_0BE@GBGGMKDN@__itt_thread_ignore?$AA@ 1000bdc8     itt_notify_malloc.obj
 0002:00000ddc       ??_C@_0BH@BBCLLFLL@__itt_thread_set_nameW?$AA@ 1000bddc     itt_notify_malloc.obj
 0002:00000df4       ??_C@_0BH@NLDAAGM@__itt_thread_set_nameA?$AA@ 1000bdf4     itt_notify_malloc.obj
 0002:00000e0c       ??_C@_0N@PMDEDCGD@__itt_resume?$AA@ 1000be0c     itt_notify_malloc.obj
 0002:00000e1c       ??_C@_0M@OBBFCECB@__itt_pause?$AA@ 1000be1c     itt_notify_malloc.obj
 0002:00000e28       ??_C@_0BM@LHMDPMNO@__itt_string_handle_createW?$AA@ 1000be28     itt_notify_malloc.obj
 0002:00000e44       ??_C@_0BM@KLFLEJAJ@__itt_string_handle_createA?$AA@ 1000be44     itt_notify_malloc.obj
 0002:00000e60       ??_C@_0BF@OFHGFDAE@__itt_domain_createW?$AA@ 1000be60     itt_notify_malloc.obj
 0002:00000e78       ??_C@_0BF@PJOOOGND@__itt_domain_createA?$AA@ 1000be78     itt_notify_malloc.obj
 0002:00000e90       ??_C@_0P@PHKFPIJA@KMP_FOR_TCHECK?$AA@ 1000be90     itt_notify_malloc.obj
 0002:00000ea0       ??_C@_0BB@MEEBFJKA@KMP_FOR_TPROFILE?$AA@ 1000bea0     itt_notify_malloc.obj
 0002:00000eb4       ??_C@_09GNENBKCD@structure?$AA@ 1000beb4     itt_notify_malloc.obj
 0002:00000ec0       ??_C@_04PKENOLLO@heap?$AA@ 1000bec0     itt_notify_malloc.obj
 0002:00000ec8       ??_C@_06LIGKBDMB@stitch?$AA@ 1000bec8     itt_notify_malloc.obj
 0002:00000ed0       ??_C@_05MIJNFGED@frame?$AA@ 1000bed0     itt_notify_malloc.obj
 0002:00000ed8       ??_C@_07HDOCMLOI@counter?$AA@ 1000bed8     itt_notify_malloc.obj
 0002:00000ee0       ??_C@_05NCCFOPHA@model?$AA@ 1000bee0     itt_notify_malloc.obj
 0002:00000ee8       ??_C@_03IGHFHLNJ@jit?$AA@  1000bee8     itt_notify_malloc.obj
 0002:00000eec       ??_C@_05DEEMBJFM@fsync?$AA@ 1000beec     itt_notify_malloc.obj
 0002:00000ef4       ??_C@_04JNABKDKF@sync?$AA@ 1000bef4     itt_notify_malloc.obj
 0002:00000efc       ??_C@_04KJJCFCK@mark?$AA@  1000befc     itt_notify_malloc.obj
 0002:00000f04       ??_C@_06FJHNOCKE@thread?$AA@ 1000bf04     itt_notify_malloc.obj
 0002:00000f0c       ??_C@_07MMBOFDEG@control?$AA@ 1000bf0c     itt_notify_malloc.obj
 0002:00000f14       ??_C@_03NFKEKGGK@all?$AA@  1000bf14     itt_notify_malloc.obj
 0002:00000f18       ??_C@_0BB@GHDLJDEE@libittnotify?4dll?$AA@ 1000bf18     itt_notify_malloc.obj
 0002:00001190       ??_C@_07CIFAGBMG@unknown?$AA@ 1000c190     itt_notify_malloc.obj
 0002:00001198       ??_C@_0BF@GACDPIDA@INTEL_LIBITTNOTIFY32?$AA@ 1000c198     itt_notify_malloc.obj
 0002:000011b0       ??_C@_0L@NOEPKBBI@AutoDetect?$AA@ 1000c1b0     itt_notify_malloc.obj
 0002:000011bc       ??_C@_0DF@HCNCILIH@Software?2Intel?5Corporation?2ITT?5E@ 1000c1bc     itt_notify_malloc.obj
 0002:000011f4       ??_C@_0N@DGDLFJKD@RegGetValueA?$AA@ 1000c1f4     itt_notify_malloc.obj
 0002:00001204       ??_C@_0O@DCOGKJGG@RegOpenKeyExA?$AA@ 1000c204     itt_notify_malloc.obj
 0002:00001214       ??_C@_08CEMDMOHB@CloseKey?$AA@ 1000c214     itt_notify_malloc.obj
 0002:00001220       ??_C@_0N@INAGJMNN@advapi32?4dll?$AA@ 1000c220     itt_notify_malloc.obj
 0002:00001230       ??_C@_03IJOFBOLG@?0?$DL?5?$AA@ 1000c230     itt_notify_malloc.obj
 0002:00001234       ??_C@_0BH@BCIELMCH@INTEL_ITTNOTIFY_GROUPS?$AA@ 1000c234     itt_notify_malloc.obj
 0002:0000124c       ??_C@_0P@GMFMFMGH@__itt_api_init?$AA@ 1000c24c     itt_notify_malloc.obj
 0002:0000125c       ??_C@_0P@IJPIIJJG@__itt_api_fini?$AA@ 1000c25c     itt_notify_malloc.obj
 0002:00001288       ?defaultGranularity@MemoryPool@internal@rml@@0IB 1000c288     frontend.obj
 0002:0000128c       ?emptyEnoughRatio@Block@internal@rml@@0MB 1000c28c     frontend.obj
 0002:00001290       ?minLargeObjectSize@internal@rml@@3IB 1000c290     frontend.obj
 0002:00001294       ?POOL_HIGH_MARK@FreeBlockPool@internal@rml@@2HB 1000c294     frontend.obj
 0002:00001298       ?POOL_LOW_MARK@FreeBlockPool@internal@rml@@2HB 1000c298     frontend.obj
 0002:0000129c       __real@463e8000            1000c29c     frontend.obj
 0002:000012a0       __real@4f800000            1000c2a0     frontend.obj
 0002:000012a4       ??_C@_01GBGANLPD@0?$AA@    1000c2a4     frontend.obj
 0002:000012a8       ??_C@_0EM@FEKCKKFG@The?5memory?5manager?5cannot?5access@ 1000c2a8     frontend.obj
 0002:000012f4       ??_C@_0CC@LCFIGBNM@TBBmalloc?3?5scalable?5allocator?7?$CFs@ 1000c2f4     frontend.obj
 0002:00001318       ??_C@_0O@IOPMHFPF@no?5huge?5pages?$AA@ 1000c318     frontend.obj
 0002:00001328       ??_C@_0P@FGFIEBOD@use?5huge?5pages?$AA@ 1000c328     frontend.obj
 0002:00001338       ??_C@_0M@EKHIKCEO@TBB_VERSION?$AA@ 1000c338     frontend.obj
 0002:00001344       __pDefaultRawDllMain       1000c344     MSVCRT:crtdll.obj
 0002:00001344       __pRawDllMain              1000c344     MSVCRT:crtdll.obj
 0002:00001350       ?ProcessDetach@NativeDll@<CrtImplementationDetails>@@0IB 1000c350     MSVCRT:tncleanup.obj
 0002:00001354       ?ProcessAttach@NativeDll@<CrtImplementationDetails>@@0IB 1000c354     MSVCRT:tncleanup.obj
 0002:00001358       ?ThreadAttach@NativeDll@<CrtImplementationDetails>@@0IB 1000c358     MSVCRT:tncleanup.obj
 0002:0000135c       ?ThreadDetach@NativeDll@<CrtImplementationDetails>@@0IB 1000c35c     MSVCRT:tncleanup.obj
 0002:00001360       ?ProcessVerifier@NativeDll@<CrtImplementationDetails>@@0IB 1000c360     MSVCRT:tncleanup.obj
 0002:00001368       __load_config_used         1000c368     MSVCRT:loadcfg.obj
 0002:00001420       ___safe_se_handler_table   1000c420     <linker-defined>
 0002:00001424       ___rtc_iaa                 1000c424     MSVCRT:_initsect_.obj
 0002:00001428       ___rtc_izz                 1000c428     MSVCRT:_initsect_.obj
 0002:0000142c       ___rtc_taa                 1000c42c     MSVCRT:_initsect_.obj
 0002:00001430       ___rtc_tzz                 1000c430     MSVCRT:_initsect_.obj
 0002:000014bc       __IMPORT_DESCRIPTOR_MSVCR100 1000c4bc     MSVCRT:MSVCR100.dll
 0002:000014d0       __IMPORT_DESCRIPTOR_KERNEL32 1000c4d0     kernel32:KERNEL32.dll
 0002:000014e4       __NULL_IMPORT_DESCRIPTOR   1000c4e4     MSVCRT:MSVCR100.dll
 0003:00000008       ___itt_sync_createA_ptr__3_0 1000d008     itt_notify_malloc.obj
 0003:0000000c       ___itt_sync_createW_ptr__3_0 1000d00c     itt_notify_malloc.obj
 0003:00000010       ___itt_sync_renameA_ptr__3_0 1000d010     itt_notify_malloc.obj
 0003:00000014       ___itt_sync_renameW_ptr__3_0 1000d014     itt_notify_malloc.obj
 0003:00000018       ___itt_sync_destroy_ptr__3_0 1000d018     itt_notify_malloc.obj
 0003:0000001c       ___itt_sync_prepare_ptr__3_0 1000d01c     itt_notify_malloc.obj
 0003:00000020       ___itt_sync_cancel_ptr__3_0 1000d020     itt_notify_malloc.obj
 0003:00000024       ___itt_sync_acquired_ptr__3_0 1000d024     itt_notify_malloc.obj
 0003:00000028       ___itt_sync_releasing_ptr__3_0 1000d028     itt_notify_malloc.obj
 0003:0000002c       ___itt_fsync_prepare_ptr__3_0 1000d02c     itt_notify_malloc.obj
 0003:00000030       ___itt_fsync_cancel_ptr__3_0 1000d030     itt_notify_malloc.obj
 0003:00000034       ___itt_fsync_acquired_ptr__3_0 1000d034     itt_notify_malloc.obj
 0003:00000038       ___itt_fsync_releasing_ptr__3_0 1000d038     itt_notify_malloc.obj
 0003:0000003c       ___itt_model_site_begin_ptr__3_0 1000d03c     itt_notify_malloc.obj
 0003:00000040       ___itt_model_site_end_ptr__3_0 1000d040     itt_notify_malloc.obj
 0003:00000044       ___itt_model_task_begin_ptr__3_0 1000d044     itt_notify_malloc.obj
 0003:00000048       ___itt_model_task_end_ptr__3_0 1000d048     itt_notify_malloc.obj
 0003:0000004c       ___itt_model_lock_acquire_ptr__3_0 1000d04c     itt_notify_malloc.obj
 0003:00000050       ___itt_model_lock_release_ptr__3_0 1000d050     itt_notify_malloc.obj
 0003:00000054       ___itt_model_record_allocation_ptr__3_0 1000d054     itt_notify_malloc.obj
 0003:00000058       ___itt_model_record_deallocation_ptr__3_0 1000d058     itt_notify_malloc.obj
 0003:0000005c       ___itt_model_induction_uses_ptr__3_0 1000d05c     itt_notify_malloc.obj
 0003:00000060       ___itt_model_reduction_uses_ptr__3_0 1000d060     itt_notify_malloc.obj
 0003:00000064       ___itt_model_observe_uses_ptr__3_0 1000d064     itt_notify_malloc.obj
 0003:00000068       ___itt_model_clear_uses_ptr__3_0 1000d068     itt_notify_malloc.obj
 0003:0000006c       ___itt_model_disable_push_ptr__3_0 1000d06c     itt_notify_malloc.obj
 0003:00000070       ___itt_model_disable_pop_ptr__3_0 1000d070     itt_notify_malloc.obj
 0003:00000074       ___itt_model_site_beginW_ptr__3_0 1000d074     itt_notify_malloc.obj
 0003:00000078       ___itt_model_task_beginW_ptr__3_0 1000d078     itt_notify_malloc.obj
 0003:0000007c       ___itt_model_site_beginAL_ptr__3_0 1000d07c     itt_notify_malloc.obj
 0003:00000080       ___itt_model_task_beginAL_ptr__3_0 1000d080     itt_notify_malloc.obj
 0003:00000084       ___itt_heap_function_createA_ptr__3_0 1000d084     itt_notify_malloc.obj
 0003:00000088       ___itt_heap_function_createW_ptr__3_0 1000d088     itt_notify_malloc.obj
 0003:0000008c       ___itt_heap_allocate_begin_ptr__3_0 1000d08c     itt_notify_malloc.obj
 0003:00000090       ___itt_heap_allocate_end_ptr__3_0 1000d090     itt_notify_malloc.obj
 0003:00000094       ___itt_heap_free_begin_ptr__3_0 1000d094     itt_notify_malloc.obj
 0003:00000098       ___itt_heap_free_end_ptr__3_0 1000d098     itt_notify_malloc.obj
 0003:0000009c       ___itt_heap_reallocate_begin_ptr__3_0 1000d09c     itt_notify_malloc.obj
 0003:000000a0       ___itt_heap_reallocate_end_ptr__3_0 1000d0a0     itt_notify_malloc.obj
 0003:000000a4       ___itt_heap_internal_access_begin_ptr__3_0 1000d0a4     itt_notify_malloc.obj
 0003:000000a8       ___itt_heap_internal_access_end_ptr__3_0 1000d0a8     itt_notify_malloc.obj
 0003:000000ac       ___itt_id_create_ptr__3_0  1000d0ac     itt_notify_malloc.obj
 0003:000000b0       ___itt_id_destroy_ptr__3_0 1000d0b0     itt_notify_malloc.obj
 0003:000000b4       ___itt_region_begin_ptr__3_0 1000d0b4     itt_notify_malloc.obj
 0003:000000b8       ___itt_region_end_ptr__3_0 1000d0b8     itt_notify_malloc.obj
 0003:000000bc       ___itt_frame_begin_v3_ptr__3_0 1000d0bc     itt_notify_malloc.obj
 0003:000000c0       ___itt_frame_end_v3_ptr__3_0 1000d0c0     itt_notify_malloc.obj
 0003:000000c4       ___itt_task_group_ptr__3_0 1000d0c4     itt_notify_malloc.obj
 0003:000000c8       ___itt_task_begin_ptr__3_0 1000d0c8     itt_notify_malloc.obj
 0003:000000cc       ___itt_task_begin_fn_ptr__3_0 1000d0cc     itt_notify_malloc.obj
 0003:000000d0       ___itt_task_end_ptr__3_0   1000d0d0     itt_notify_malloc.obj
 0003:000000d4       ___itt_counter_inc_v3_ptr__3_0 1000d0d4     itt_notify_malloc.obj
 0003:000000d8       ___itt_counter_inc_delta_v3_ptr__3_0 1000d0d8     itt_notify_malloc.obj
 0003:000000dc       ___itt_marker_ptr__3_0     1000d0dc     itt_notify_malloc.obj
 0003:000000e0       ___itt_metadata_add_ptr__3_0 1000d0e0     itt_notify_malloc.obj
 0003:000000e4       ___itt_metadata_str_addA_ptr__3_0 1000d0e4     itt_notify_malloc.obj
 0003:000000e8       ___itt_metadata_str_addW_ptr__3_0 1000d0e8     itt_notify_malloc.obj
 0003:000000ec       ___itt_relation_add_to_current_ptr__3_0 1000d0ec     itt_notify_malloc.obj
 0003:000000f0       ___itt_relation_add_ptr__3_0 1000d0f0     itt_notify_malloc.obj
 0003:000000f4       ___itt_event_createA_ptr__3_0 1000d0f4     itt_notify_malloc.obj
 0003:000000f8       ___itt_event_createW_ptr__3_0 1000d0f8     itt_notify_malloc.obj
 0003:000000fc       ___itt_event_start_ptr__3_0 1000d0fc     itt_notify_malloc.obj
 0003:00000100       ___itt_event_end_ptr__3_0  1000d100     itt_notify_malloc.obj
 0003:00000104       ___itt_sync_set_nameA_ptr__3_0 1000d104     itt_notify_malloc.obj
 0003:00000108       ___itt_sync_set_nameW_ptr__3_0 1000d108     itt_notify_malloc.obj
 0003:0000010c       ___itt_notify_sync_nameA_ptr__3_0 1000d10c     itt_notify_malloc.obj
 0003:00000110       ___itt_notify_sync_nameW_ptr__3_0 1000d110     itt_notify_malloc.obj
 0003:00000114       ___itt_notify_sync_prepare_ptr__3_0 1000d114     itt_notify_malloc.obj
 0003:00000118       ___itt_notify_sync_cancel_ptr__3_0 1000d118     itt_notify_malloc.obj
 0003:0000011c       ___itt_notify_sync_acquired_ptr__3_0 1000d11c     itt_notify_malloc.obj
 0003:00000120       ___itt_notify_sync_releasing_ptr__3_0 1000d120     itt_notify_malloc.obj
 0003:00000124       ___itt_memory_read_ptr__3_0 1000d124     itt_notify_malloc.obj
 0003:00000128       ___itt_memory_write_ptr__3_0 1000d128     itt_notify_malloc.obj
 0003:0000012c       ___itt_memory_update_ptr__3_0 1000d12c     itt_notify_malloc.obj
 0003:00000130       ___itt_state_get_ptr__3_0  1000d130     itt_notify_malloc.obj
 0003:00000134       ___itt_state_set_ptr__3_0  1000d134     itt_notify_malloc.obj
 0003:00000138       ___itt_obj_mode_set_ptr__3_0 1000d138     itt_notify_malloc.obj
 0003:0000013c       ___itt_thr_mode_set_ptr__3_0 1000d13c     itt_notify_malloc.obj
 0003:00000140       ___itt_frame_createA_ptr__3_0 1000d140     itt_notify_malloc.obj
 0003:00000144       ___itt_frame_createW_ptr__3_0 1000d144     itt_notify_malloc.obj
 0003:00000148       ___itt_frame_begin_ptr__3_0 1000d148     itt_notify_malloc.obj
 0003:0000014c       ___itt_frame_end_ptr__3_0  1000d14c     itt_notify_malloc.obj
 0003:00000150       ___itt_counter_createA_ptr__3_0 1000d150     itt_notify_malloc.obj
 0003:00000154       ___itt_counter_createW_ptr__3_0 1000d154     itt_notify_malloc.obj
 0003:00000158       ___itt_counter_destroy_ptr__3_0 1000d158     itt_notify_malloc.obj
 0003:0000015c       ___itt_counter_inc_ptr__3_0 1000d15c     itt_notify_malloc.obj
 0003:00000160       ___itt_counter_inc_delta_ptr__3_0 1000d160     itt_notify_malloc.obj
 0003:00000164       ___itt_mark_createA_ptr__3_0 1000d164     itt_notify_malloc.obj
 0003:00000168       ___itt_mark_createW_ptr__3_0 1000d168     itt_notify_malloc.obj
 0003:0000016c       ___itt_markA_ptr__3_0      1000d16c     itt_notify_malloc.obj
 0003:00000170       ___itt_markW_ptr__3_0      1000d170     itt_notify_malloc.obj
 0003:00000174       ___itt_mark_off_ptr__3_0   1000d174     itt_notify_malloc.obj
 0003:00000178       ___itt_mark_globalA_ptr__3_0 1000d178     itt_notify_malloc.obj
 0003:0000017c       ___itt_mark_globalW_ptr__3_0 1000d17c     itt_notify_malloc.obj
 0003:00000180       ___itt_mark_global_off_ptr__3_0 1000d180     itt_notify_malloc.obj
 0003:00000184       ___itt_stack_caller_create_ptr__3_0 1000d184     itt_notify_malloc.obj
 0003:00000188       ___itt_stack_caller_destroy_ptr__3_0 1000d188     itt_notify_malloc.obj
 0003:0000018c       ___itt_stack_callee_enter_ptr__3_0 1000d18c     itt_notify_malloc.obj
 0003:00000190       ___itt_stack_callee_leave_ptr__3_0 1000d190     itt_notify_malloc.obj
 0003:00000194       ___itt_clock_domain_create_ptr__3_0 1000d194     itt_notify_malloc.obj
 0003:00000198       ___itt_clock_domain_reset_ptr__3_0 1000d198     itt_notify_malloc.obj
 0003:0000019c       ___itt_id_create_ex_ptr__3_0 1000d19c     itt_notify_malloc.obj
 0003:000001a0       ___itt_id_destroy_ex_ptr__3_0 1000d1a0     itt_notify_malloc.obj
 0003:000001a4       ___itt_task_begin_ex_ptr__3_0 1000d1a4     itt_notify_malloc.obj
 0003:000001a8       ___itt_task_begin_fn_ex_ptr__3_0 1000d1a8     itt_notify_malloc.obj
 0003:000001ac       ___itt_task_end_ex_ptr__3_0 1000d1ac     itt_notify_malloc.obj
 0003:000001b0       ___itt_task_begin_overlapped_ptr__3_0 1000d1b0     itt_notify_malloc.obj
 0003:000001b4       ___itt_task_begin_overlapped_ex_ptr__3_0 1000d1b4     itt_notify_malloc.obj
 0003:000001b8       ___itt_task_end_overlapped_ptr__3_0 1000d1b8     itt_notify_malloc.obj
 0003:000001bc       ___itt_task_end_overlapped_ex_ptr__3_0 1000d1bc     itt_notify_malloc.obj
 0003:000001c0       ___itt_marker_ex_ptr__3_0  1000d1c0     itt_notify_malloc.obj
 0003:000001c4       ___itt_metadata_add_with_scope_ptr__3_0 1000d1c4     itt_notify_malloc.obj
 0003:000001c8       ___itt_metadata_str_add_with_scopeA_ptr__3_0 1000d1c8     itt_notify_malloc.obj
 0003:000001cc       ___itt_metadata_str_add_with_scopeW_ptr__3_0 1000d1cc     itt_notify_malloc.obj
 0003:000001d0       ___itt_relation_add_to_current_ex_ptr__3_0 1000d1d0     itt_notify_malloc.obj
 0003:000001d4       ___itt_relation_add_ex_ptr__3_0 1000d1d4     itt_notify_malloc.obj
 0003:000001d8       ___itt_track_group_create_ptr__3_0 1000d1d8     itt_notify_malloc.obj
 0003:000001dc       ___itt_track_create_ptr__3_0 1000d1dc     itt_notify_malloc.obj
 0003:000001e0       ___itt_set_track_ptr__3_0  1000d1e0     itt_notify_malloc.obj
 0003:000001e4       ___itt_api_version_ptr__3_0 1000d1e4     itt_notify_malloc.obj
 0003:000001e8       ___itt_domain_createA_ptr__3_0 1000d1e8     itt_notify_malloc.obj
 0003:000001ec       ___itt_domain_createW_ptr__3_0 1000d1ec     itt_notify_malloc.obj
 0003:000001f0       ___itt_string_handle_createA_ptr__3_0 1000d1f0     itt_notify_malloc.obj
 0003:000001f4       ___itt_string_handle_createW_ptr__3_0 1000d1f4     itt_notify_malloc.obj
 0003:000001f8       ___itt_pause_ptr__3_0      1000d1f8     itt_notify_malloc.obj
 0003:000001fc       ___itt_resume_ptr__3_0     1000d1fc     itt_notify_malloc.obj
 0003:00000200       ___itt_thread_set_nameA_ptr__3_0 1000d200     itt_notify_malloc.obj
 0003:00000204       ___itt_thread_set_nameW_ptr__3_0 1000d204     itt_notify_malloc.obj
 0003:00000208       ___itt_thread_ignore_ptr__3_0 1000d208     itt_notify_malloc.obj
 0003:0000020c       ___itt_thr_name_setA_ptr__3_0 1000d20c     itt_notify_malloc.obj
 0003:00000210       ___itt_thr_name_setW_ptr__3_0 1000d210     itt_notify_malloc.obj
 0003:00000214       ___itt_thr_ignore_ptr__3_0 1000d214     itt_notify_malloc.obj
 0003:00000d0c       ?SyncType_GlobalLock@tbb@@3PB_WB 1000dd0c     itt_notify_malloc.obj
 0003:00000d10       ?__itt_ittapi_global@@3U___itt_global@@A 1000dd10     itt_notify_malloc.obj
 0003:00000d6c       ?SyncType_Scheduler@tbb@@3PB_WB 1000dd6c     itt_notify_malloc.obj
 0003:00000d70       ?SyncObj_SchedulerInitialization@tbb@@3PB_WB 1000dd70     itt_notify_malloc.obj
 0003:00000d74       ?SyncObj_SchedulersList@tbb@@3PB_WB 1000dd74     itt_notify_malloc.obj
 0003:00000d78       ?SyncObj_WorkerLifeCycleMgmt@tbb@@3PB_WB 1000dd78     itt_notify_malloc.obj
 0003:00000d7c       ?SyncObj_TaskStealingLoop@tbb@@3PB_WB 1000dd7c     itt_notify_malloc.obj
 0003:00000d80       ?SyncObj_WorkerTaskPool@tbb@@3PB_WB 1000dd80     itt_notify_malloc.obj
 0003:00000d84       ?SyncObj_MasterTaskPool@tbb@@3PB_WB 1000dd84     itt_notify_malloc.obj
 0003:00000d88       ?SyncObj_TaskPoolSpinning@tbb@@3PB_WB 1000dd88     itt_notify_malloc.obj
 0003:00000d8c       ?SyncObj_Mailbox@tbb@@3PB_WB 1000dd8c     itt_notify_malloc.obj
 0003:00000d90       ?SyncObj_TaskReturnList@tbb@@3PB_WB 1000dd90     itt_notify_malloc.obj
 0003:00000d94       ?SyncObj_TaskStream@tbb@@3PB_WB 1000dd94     itt_notify_malloc.obj
 0003:00000d98       ?SyncObj_ContextsList@tbb@@3PB_WB 1000dd98     itt_notify_malloc.obj
 0003:00001080       ___security_cookie         1000e080     MSVCRT:gs_cookie.obj
 0003:00001084       ___security_cookie_complement 1000e084     MSVCRT:gs_cookie.obj
 0003:00001090       ___native_dllmain_reason   1000e090     MSVCRT:natstart.obj
 0003:00001094       ___native_vcclrit_reason   1000e094     MSVCRT:natstart.obj
 0003:000030f8       ?ThreadIdCount@ThreadId@internal@rml@@0HA 100100f8     frontend.obj
 0003:000030fc       ?hugePageSize@ExtMemoryPool@internal@rml@@2IA 100100fc     frontend.obj
 0003:00003101       ?useHugePages@ExtMemoryPool@internal@rml@@2_NA 10010101     frontend.obj
 0003:0000c2d8       ?Tid_key@ThreadId@internal@rml@@0KA 100192d8     frontend.obj
 0003:0000c2dc       ?memPoolListLock@MemoryPool@internal@rml@@2VMallocMutex@@A 100192dc     frontend.obj
 0003:0000c60c       ?__type_info_root_node@@3U__type_info_node@@A 1001960c     MSVCRT:tncleanup.obj
 0003:0000c614       ___native_startup_state    10019614     <common>
 0003:0000c618       ___native_startup_lock     10019618     <common>
 0003:0000c61c       ___onexitend               1001961c     <common>
 0003:0000c620       ___onexitbegin             10019620     <common>
 0003:0000c624       ___dyn_tls_init_callback   10019624     <common>

 entry point at        0001:00008cb9

 Static symbols

 0001:00000010       ?__TBB_machine_cmpswp1@@YADPCXDD@Z 10001010 f   backend.obj
 0001:00000040       ?__TBB_machine_cmpswp4@@YAHPCXHH@Z 10001040 f   backend.obj
 0001:00000070       ?__TBB_machine_fetchadd4@@YAHPCXH@Z 10001070 f   backend.obj
 0001:00000090       ?__TBB_machine_lg@@YAHI@Z  10001090 f   backend.obj
 0001:000000a0       ?__TBB_machine_OR@@YAXPCXH@Z 100010a0 f   backend.obj
 0001:000000b0       ?__TBB_machine_AND@@YAXPCXH@Z 100010b0 f   backend.obj
 0001:000000c0       ?__TBB_machine_pause@@YAXH@Z 100010c0 f   backend.obj
 0001:00000830       ??$isAligned@I@@YA_NII@Z   10001830 f   backend.obj
 0001:00000840       ??$alignUpGeneric@I@@YAIII@Z 10001840 f   backend.obj
 0001:00000860       ??$alignUp@PAVFreeBlock@internal@rml@@@@YAPAVFreeBlock@internal@rml@@PAV012@I@Z 10001860 f   backend.obj
 0001:00000870       ??$alignUp@H@@YAHHI@Z      10001870 f   backend.obj
 0001:00000880       ??$alignUp@I@@YAIII@Z      10001880 f   backend.obj
 0001:00000890       ??$alignDown@I@@YAIII@Z    10001890 f   backend.obj
 0001:00002690       ?__TBB_machine_cmpswp1@@YADPCXDD@Z 10003690 f   large_objects.obj
 0001:000026c0       ?__TBB_machine_fetchadd4@@YAHPCXH@Z 100036c0 f   large_objects.obj
 0001:000026e0       ?__TBB_machine_pause@@YAXH@Z 100036e0 f   large_objects.obj
 0001:00002720       ??$alignUp@I@@YAIII@Z      10003720 f   large_objects.obj
 0001:00002d60       ?__TBB_machine_cmpswp1@@YADPCXDD@Z 10003d60 f   backref.obj
 0001:00002d90       ?__TBB_machine_pause@@YAXH@Z 10003d90 f   backref.obj
 0001:00003340       ?__itt_sync_createA_init_3_0@@YAXPAXPBD1H@Z 10004340 f   itt_notify_malloc.obj
 0001:00003360       ?__itt_sync_createW_init_3_0@@YAXPAXPB_W1H@Z 10004360 f   itt_notify_malloc.obj
 0001:00003380       ?__itt_sync_renameA_init_3_0@@YAXPAXPBD@Z 10004380 f   itt_notify_malloc.obj
 0001:000033a0       ?__itt_sync_renameW_init_3_0@@YAXPAXPB_W@Z 100043a0 f   itt_notify_malloc.obj
 0001:000033c0       ?__itt_sync_destroy_init_3_0@@YAXPAX@Z 100043c0 f   itt_notify_malloc.obj
 0001:000033e0       ?__itt_sync_prepare_init_3_0@@YAXPAX@Z 100043e0 f   itt_notify_malloc.obj
 0001:00003400       ?__itt_sync_cancel_init_3_0@@YAXPAX@Z 10004400 f   itt_notify_malloc.obj
 0001:00003420       ?__itt_sync_acquired_init_3_0@@YAXPAX@Z 10004420 f   itt_notify_malloc.obj
 0001:00003440       ?__itt_sync_releasing_init_3_0@@YAXPAX@Z 10004440 f   itt_notify_malloc.obj
 0001:00003460       ?__itt_fsync_prepare_init_3_0@@YAXPAX@Z 10004460 f   itt_notify_malloc.obj
 0001:00003480       ?__itt_fsync_cancel_init_3_0@@YAXPAX@Z 10004480 f   itt_notify_malloc.obj
 0001:000034a0       ?__itt_fsync_acquired_init_3_0@@YAXPAX@Z 100044a0 f   itt_notify_malloc.obj
 0001:000034c0       ?__itt_fsync_releasing_init_3_0@@YAXPAX@Z 100044c0 f   itt_notify_malloc.obj
 0001:000034e0       ?__itt_model_site_begin_init_3_0@@YAXPAPAX0PBD@Z 100044e0 f   itt_notify_malloc.obj
 0001:00003500       ?__itt_model_site_end_init_3_0@@YAXPAPAX0@Z 10004500 f   itt_notify_malloc.obj
 0001:00003520       ?__itt_model_task_begin_init_3_0@@YAXPAPAX0PBD@Z 10004520 f   itt_notify_malloc.obj
 0001:00003540       ?__itt_model_task_end_init_3_0@@YAXPAPAX0@Z 10004540 f   itt_notify_malloc.obj
 0001:00003560       ?__itt_model_lock_acquire_init_3_0@@YAXPAX@Z 10004560 f   itt_notify_malloc.obj
 0001:00003580       ?__itt_model_lock_release_init_3_0@@YAXPAX@Z 10004580 f   itt_notify_malloc.obj
 0001:000035a0       ?__itt_model_record_allocation_init_3_0@@YAXPAXI@Z 100045a0 f   itt_notify_malloc.obj
 0001:000035c0       ?__itt_model_record_deallocation_init_3_0@@YAXPAX@Z 100045c0 f   itt_notify_malloc.obj
 0001:000035e0       ?__itt_model_induction_uses_init_3_0@@YAXPAXI@Z 100045e0 f   itt_notify_malloc.obj
 0001:00003600       ?__itt_model_reduction_uses_init_3_0@@YAXPAXI@Z 10004600 f   itt_notify_malloc.obj
 0001:00003620       ?__itt_model_observe_uses_init_3_0@@YAXPAXI@Z 10004620 f   itt_notify_malloc.obj
 0001:00003640       ?__itt_model_clear_uses_init_3_0@@YAXPAX@Z 10004640 f   itt_notify_malloc.obj
 0001:00003660       ?__itt_model_disable_push_init_3_0@@YAXW4__itt_model_disable@@@Z 10004660 f   itt_notify_malloc.obj
 0001:00003680       ?__itt_model_disable_pop_init_3_0@@YAXXZ 10004680 f   itt_notify_malloc.obj
 0001:000036a0       ?__itt_model_site_beginW_init_3_0@@YAXPB_W@Z 100046a0 f   itt_notify_malloc.obj
 0001:000036c0       ?__itt_model_task_beginW_init_3_0@@YAXPB_W@Z 100046c0 f   itt_notify_malloc.obj
 0001:000036e0       ?__itt_model_site_beginAL_init_3_0@@YAXPBDI@Z 100046e0 f   itt_notify_malloc.obj
 0001:00003700       ?__itt_model_task_beginAL_init_3_0@@YAXPBDI@Z 10004700 f   itt_notify_malloc.obj
 0001:00003720       ?__itt_heap_function_createA_init_3_0@@YAPAXPBD0@Z 10004720 f   itt_notify_malloc.obj
 0001:00003740       ?__itt_heap_function_createW_init_3_0@@YAPAXPB_W0@Z 10004740 f   itt_notify_malloc.obj
 0001:00003760       ?__itt_heap_allocate_begin_init_3_0@@YAXPAXIH@Z 10004760 f   itt_notify_malloc.obj
 0001:00003780       ?__itt_heap_allocate_end_init_3_0@@YAXPAXPAPAXIH@Z 10004780 f   itt_notify_malloc.obj
 0001:000037a0       ?__itt_heap_free_begin_init_3_0@@YAXPAX0@Z 100047a0 f   itt_notify_malloc.obj
 0001:000037c0       ?__itt_heap_free_end_init_3_0@@YAXPAX0@Z 100047c0 f   itt_notify_malloc.obj
 0001:000037e0       ?__itt_heap_reallocate_begin_init_3_0@@YAXPAX0IH@Z 100047e0 f   itt_notify_malloc.obj
 0001:00003800       ?__itt_heap_reallocate_end_init_3_0@@YAXPAX0PAPAXIH@Z 10004800 f   itt_notify_malloc.obj
 0001:00003820       ?__itt_heap_internal_access_begin_init_3_0@@YAXXZ 10004820 f   itt_notify_malloc.obj
 0001:00003840       ?__itt_heap_internal_access_end_init_3_0@@YAXXZ 10004840 f   itt_notify_malloc.obj
 0001:00003860       ?__itt_id_create_init_3_0@@YAXPBU___itt_domain@@U___itt_id@@@Z 10004860 f   itt_notify_malloc.obj
 0001:000038b0       ?__itt_id_destroy_init_3_0@@YAXPBU___itt_domain@@U___itt_id@@@Z 100048b0 f   itt_notify_malloc.obj
 0001:00003900       ?__itt_region_begin_init_3_0@@YAXPBU___itt_domain@@U___itt_id@@1PAU___itt_string_handle@@@Z 10004900 f   itt_notify_malloc.obj
 0001:00003990       ?__itt_region_end_init_3_0@@YAXPBU___itt_domain@@U___itt_id@@@Z 10004990 f   itt_notify_malloc.obj
 0001:000039e0       ?__itt_frame_begin_v3_init_3_0@@YAXPBU___itt_domain@@PAU___itt_id@@@Z 100049e0 f   itt_notify_malloc.obj
 0001:00003a00       ?__itt_frame_end_v3_init_3_0@@YAXPBU___itt_domain@@PAU___itt_id@@@Z 10004a00 f   itt_notify_malloc.obj
 0001:00003a20       ?__itt_task_group_init_3_0@@YAXPBU___itt_domain@@U___itt_id@@1PAU___itt_string_handle@@@Z 10004a20 f   itt_notify_malloc.obj
 0001:00003ab0       ?__itt_task_begin_init_3_0@@YAXPBU___itt_domain@@U___itt_id@@1PAU___itt_string_handle@@@Z 10004ab0 f   itt_notify_malloc.obj
 0001:00003b40       ?__itt_task_begin_fn_init_3_0@@YAXPBU___itt_domain@@U___itt_id@@1PAX@Z 10004b40 f   itt_notify_malloc.obj
 0001:00003bd0       ?__itt_task_end_init_3_0@@YAXPBU___itt_domain@@@Z 10004bd0 f   itt_notify_malloc.obj
 0001:00003bf0       ?__itt_counter_inc_v3_init_3_0@@YAXPBU___itt_domain@@PAU___itt_string_handle@@@Z 10004bf0 f   itt_notify_malloc.obj
 0001:00003c10       ?__itt_counter_inc_delta_v3_init_3_0@@YAXPBU___itt_domain@@PAU___itt_string_handle@@_K@Z 10004c10 f   itt_notify_malloc.obj
 0001:00003c40       ?__itt_marker_init_3_0@@YAXPBU___itt_domain@@U___itt_id@@PAU___itt_string_handle@@W4__itt_scope@@@Z 10004c40 f   itt_notify_malloc.obj
 0001:00003ca0       ?__itt_metadata_add_init_3_0@@YAXPBU___itt_domain@@U___itt_id@@PAU___itt_string_handle@@W4__itt_metadata_type@@IPAX@Z 10004ca0 f   itt_notify_malloc.obj
 0001:00003d10       ?__itt_metadata_str_addA_init_3_0@@YAXPBU___itt_domain@@U___itt_id@@PAU___itt_string_handle@@PBDI@Z 10004d10 f   itt_notify_malloc.obj
 0001:00003d70       ?__itt_metadata_str_addW_init_3_0@@YAXPBU___itt_domain@@U___itt_id@@PAU___itt_string_handle@@PB_WI@Z 10004d70 f   itt_notify_malloc.obj
 0001:00003dd0       ?__itt_relation_add_to_current_init_3_0@@YAXPBU___itt_domain@@W4__itt_relation@@U___itt_id@@@Z 10004dd0 f   itt_notify_malloc.obj
 0001:00003e30       ?__itt_relation_add_init_3_0@@YAXPBU___itt_domain@@U___itt_id@@W4__itt_relation@@1@Z 10004e30 f   itt_notify_malloc.obj
 0001:00003ec0       ?__itt_event_createA_init_3_0@@YAHPBDH@Z 10004ec0 f   itt_notify_malloc.obj
 0001:00003ee0       ?__itt_event_createW_init_3_0@@YAHPB_WH@Z 10004ee0 f   itt_notify_malloc.obj
 0001:00003f00       ?__itt_event_start_init_3_0@@YAHH@Z 10004f00 f   itt_notify_malloc.obj
 0001:00003f20       ?__itt_event_end_init_3_0@@YAHH@Z 10004f20 f   itt_notify_malloc.obj
 0001:00003f40       ?__itt_sync_set_nameA_init_3_0@@YAXPAXPBD1H@Z 10004f40 f   itt_notify_malloc.obj
 0001:00003f60       ?__itt_sync_set_nameW_init_3_0@@YAXPAXPB_W1H@Z 10004f60 f   itt_notify_malloc.obj
 0001:00003f80       ?__itt_notify_sync_nameA_init_3_0@@YAHPAXPBDH1HH@Z 10004f80 f   itt_notify_malloc.obj
 0001:00003fa0       ?__itt_notify_sync_nameW_init_3_0@@YAHPAXPB_WH1HH@Z 10004fa0 f   itt_notify_malloc.obj
 0001:00003fc0       ?__itt_notify_sync_prepare_init_3_0@@YAXPAX@Z 10004fc0 f   itt_notify_malloc.obj
 0001:00003fe0       ?__itt_notify_sync_cancel_init_3_0@@YAXPAX@Z 10004fe0 f   itt_notify_malloc.obj
 0001:00004000       ?__itt_notify_sync_acquired_init_3_0@@YAXPAX@Z 10005000 f   itt_notify_malloc.obj
 0001:00004020       ?__itt_notify_sync_releasing_init_3_0@@YAXPAX@Z 10005020 f   itt_notify_malloc.obj
 0001:00004040       ?__itt_memory_read_init_3_0@@YAXPAXI@Z 10005040 f   itt_notify_malloc.obj
 0001:00004060       ?__itt_memory_write_init_3_0@@YAXPAXI@Z 10005060 f   itt_notify_malloc.obj
 0001:00004080       ?__itt_memory_update_init_3_0@@YAXPAXI@Z 10005080 f   itt_notify_malloc.obj
 0001:000040a0       ?__itt_state_get_init_3_0@@YAHXZ 100050a0 f   itt_notify_malloc.obj
 0001:000040c0       ?__itt_state_set_init_3_0@@YAHH@Z 100050c0 f   itt_notify_malloc.obj
 0001:000040e0       ?__itt_obj_mode_set_init_3_0@@YA?AW4__itt_obj_state@@W4__itt_obj_prop@@W41@@Z 100050e0 f   itt_notify_malloc.obj
 0001:00004100       ?__itt_thr_mode_set_init_3_0@@YA?AW4__itt_thr_state@@W4__itt_thr_prop@@W41@@Z 10005100 f   itt_notify_malloc.obj
 0001:00004120       ?__itt_frame_createA_init_3_0@@YAPAU__itt_frame_t@@PBD@Z 10005120 f   itt_notify_malloc.obj
 0001:00004140       ?__itt_frame_createW_init_3_0@@YAPAU__itt_frame_t@@PB_W@Z 10005140 f   itt_notify_malloc.obj
 0001:00004160       ?__itt_frame_begin_init_3_0@@YAXPAU__itt_frame_t@@@Z 10005160 f   itt_notify_malloc.obj
 0001:00004180       ?__itt_frame_end_init_3_0@@YAXPAU__itt_frame_t@@@Z 10005180 f   itt_notify_malloc.obj
 0001:000041a0       ?__itt_counter_createA_init_3_0@@YAPAU___itt_counter@@PBD0@Z 100051a0 f   itt_notify_malloc.obj
 0001:000041c0       ?__itt_counter_createW_init_3_0@@YAPAU___itt_counter@@PB_W0@Z 100051c0 f   itt_notify_malloc.obj
 0001:000041e0       ?__itt_counter_destroy_init_3_0@@YAXPAU___itt_counter@@@Z 100051e0 f   itt_notify_malloc.obj
 0001:00004200       ?__itt_counter_inc_init_3_0@@YAXPAU___itt_counter@@@Z 10005200 f   itt_notify_malloc.obj
 0001:00004220       ?__itt_counter_inc_delta_init_3_0@@YAXPAU___itt_counter@@_K@Z 10005220 f   itt_notify_malloc.obj
 0001:00004250       ?__itt_mark_createA_init_3_0@@YAHPBD@Z 10005250 f   itt_notify_malloc.obj
 0001:00004270       ?__itt_mark_createW_init_3_0@@YAHPB_W@Z 10005270 f   itt_notify_malloc.obj
 0001:00004290       ?__itt_markA_init_3_0@@YAHHPBD@Z 10005290 f   itt_notify_malloc.obj
 0001:000042b0       ?__itt_markW_init_3_0@@YAHHPB_W@Z 100052b0 f   itt_notify_malloc.obj
 0001:000042d0       ?__itt_mark_off_init_3_0@@YAHH@Z 100052d0 f   itt_notify_malloc.obj
 0001:000042f0       ?__itt_mark_globalA_init_3_0@@YAHHPBD@Z 100052f0 f   itt_notify_malloc.obj
 0001:00004310       ?__itt_mark_globalW_init_3_0@@YAHHPB_W@Z 10005310 f   itt_notify_malloc.obj
 0001:00004330       ?__itt_mark_global_off_init_3_0@@YAHH@Z 10005330 f   itt_notify_malloc.obj
 0001:00004350       ?__itt_stack_caller_create_init_3_0@@YAPAU___itt_caller@@XZ 10005350 f   itt_notify_malloc.obj
 0001:00004370       ?__itt_stack_caller_destroy_init_3_0@@YAXPAU___itt_caller@@@Z 10005370 f   itt_notify_malloc.obj
 0001:00004390       ?__itt_stack_callee_enter_init_3_0@@YAXPAU___itt_caller@@@Z 10005390 f   itt_notify_malloc.obj
 0001:000043b0       ?__itt_stack_callee_leave_init_3_0@@YAXPAU___itt_caller@@@Z 100053b0 f   itt_notify_malloc.obj
 0001:000043d0       ?__itt_clock_domain_create_init_3_0@@YAPAU___itt_clock_domain@@P6AXPAU___itt_clock_info@@PAX@Z1@Z 100053d0 f   itt_notify_malloc.obj
 0001:000043f0       ?__itt_clock_domain_reset_init_3_0@@YAXXZ 100053f0 f   itt_notify_malloc.obj
 0001:00004410       ?__itt_id_create_ex_init_3_0@@YAXPBU___itt_domain@@PAU___itt_clock_domain@@_KU___itt_id@@@Z 10005410 f   itt_notify_malloc.obj
 0001:00004470       ?__itt_id_destroy_ex_init_3_0@@YAXPBU___itt_domain@@PAU___itt_clock_domain@@_KU___itt_id@@@Z 10005470 f   itt_notify_malloc.obj
 0001:000044d0       ?__itt_task_begin_ex_init_3_0@@YAXPBU___itt_domain@@PAU___itt_clock_domain@@_KU___itt_id@@3PAU___itt_string_handle@@@Z 100054d0 f   itt_notify_malloc.obj
 0001:00004570       ?__itt_task_begin_fn_ex_init_3_0@@YAXPBU___itt_domain@@PAU___itt_clock_domain@@_KU___itt_id@@3PAX@Z 10005570 f   itt_notify_malloc.obj
 0001:00004610       ?__itt_task_end_ex_init_3_0@@YAXPBU___itt_domain@@PAU___itt_clock_domain@@_K@Z 10005610 f   itt_notify_malloc.obj
 0001:00004640       ?__itt_task_begin_overlapped_init_3_0@@YAXPBU___itt_domain@@U___itt_id@@1PAU___itt_string_handle@@@Z 10005640 f   itt_notify_malloc.obj
 0001:000046d0       ?__itt_task_begin_overlapped_ex_init_3_0@@YAXPBU___itt_domain@@PAU___itt_clock_domain@@_KU___itt_id@@3PAU___itt_string_handle@@@Z 100056d0 f   itt_notify_malloc.obj
 0001:00004770       ?__itt_task_end_overlapped_init_3_0@@YAXPBU___itt_domain@@U___itt_id@@@Z 10005770 f   itt_notify_malloc.obj
 0001:000047c0       ?__itt_task_end_overlapped_ex_init_3_0@@YAXPBU___itt_domain@@PAU___itt_clock_domain@@_KU___itt_id@@@Z 100057c0 f   itt_notify_malloc.obj
 0001:00004820       ?__itt_marker_ex_init_3_0@@YAXPBU___itt_domain@@PAU___itt_clock_domain@@_KU___itt_id@@PAU___itt_string_handle@@W4__itt_scope@@@Z 10005820 f   itt_notify_malloc.obj
 0001:00004890       ?__itt_metadata_add_with_scope_init_3_0@@YAXPBU___itt_domain@@W4__itt_scope@@PAU___itt_string_handle@@W4__itt_metadata_type@@IPAX@Z 10005890 f   itt_notify_malloc.obj
 0001:000048b0       ?__itt_metadata_str_add_with_scopeA_init_3_0@@YAXPBU___itt_domain@@W4__itt_scope@@PAU___itt_string_handle@@PBDI@Z 100058b0 f   itt_notify_malloc.obj
 0001:000048d0       ?__itt_metadata_str_add_with_scopeW_init_3_0@@YAXPBU___itt_domain@@W4__itt_scope@@PAU___itt_string_handle@@PB_WI@Z 100058d0 f   itt_notify_malloc.obj
 0001:000048f0       ?__itt_relation_add_to_current_ex_init_3_0@@YAXPBU___itt_domain@@PAU___itt_clock_domain@@_KW4__itt_relation@@U___itt_id@@@Z 100058f0 f   itt_notify_malloc.obj
 0001:00004960       ?__itt_relation_add_ex_init_3_0@@YAXPBU___itt_domain@@PAU___itt_clock_domain@@_KU___itt_id@@W4__itt_relation@@3@Z 10005960 f   itt_notify_malloc.obj
 0001:00004a00       ?__itt_track_group_create_init_3_0@@YAPAU___itt_track_group@@PAU___itt_string_handle@@W4___itt_track_group_type@@@Z 10005a00 f   itt_notify_malloc.obj
 0001:00004a20       ?__itt_track_create_init_3_0@@YAPAU___itt_track@@PAU___itt_track_group@@PAU___itt_string_handle@@W4___itt_track_type@@@Z 10005a20 f   itt_notify_malloc.obj
 0001:00004a40       ?__itt_set_track_init_3_0@@YAXPAU___itt_track@@@Z 10005a40 f   itt_notify_malloc.obj
 0001:00004a60       ?__itt_api_version_init_3_0@@YAPBDXZ 10005a60 f   itt_notify_malloc.obj
 0001:00004a80       ?__itt_report_error@@YAXW4__itt_error_code@@ZZ 10005a80 f   itt_notify_malloc.obj
 0001:00004aa0       ?__itt_domain_createW_init_3_0@@YAPAU___itt_domain@@PB_W@Z 10005aa0 f   itt_notify_malloc.obj
 0001:00004bf0       ?__itt_domain_createA_init_3_0@@YAPAU___itt_domain@@PBD@Z 10005bf0 f   itt_notify_malloc.obj
 0001:00004d20       ?__itt_string_handle_createW_init_3_0@@YAPAU___itt_string_handle@@PB_W@Z 10005d20 f   itt_notify_malloc.obj
 0001:00004e70       ?__itt_string_handle_createA_init_3_0@@YAPAU___itt_string_handle@@PBD@Z 10005e70 f   itt_notify_malloc.obj
 0001:00004fa0       ?__itt_pause_init_3_0@@YAXXZ 10005fa0 f   itt_notify_malloc.obj
 0001:00004fe0       ?__itt_resume_init_3_0@@YAXXZ 10005fe0 f   itt_notify_malloc.obj
 0001:00005020       ?__itt_thread_set_nameW_init_3_0@@YAXPB_W@Z 10006020 f   itt_notify_malloc.obj
 0001:00005130       ?__itt_thr_name_setW_init_3_0@@YAHPB_WH@Z 10006130 f   itt_notify_malloc.obj
 0001:00005140       ?__itt_thread_set_nameA_init_3_0@@YAXPBD@Z 10006140 f   itt_notify_malloc.obj
 0001:00005240       ?__itt_thr_name_setA_init_3_0@@YAHPBDH@Z 10006240 f   itt_notify_malloc.obj
 0001:00005250       ?__itt_thread_ignore_init_3_0@@YAXXZ 10006250 f   itt_notify_malloc.obj
 0001:00005340       ?__itt_thr_ignore_init_3_0@@YAXXZ 10006340 f   itt_notify_malloc.obj
 0001:00005350       ?__itt_fsplit@@YAPBDPBD0PAPBDPAH@Z 10006350 f   itt_notify_malloc.obj
 0001:00005450       ?__itt_get_env_var@@YAPBDPBD@Z 10006450 f   itt_notify_malloc.obj
 0001:000054c0       ?__itt_get_lib_name_registry@@YAPBDXZ 100064c0 f   itt_notify_malloc.obj
 0001:000055e0       ?__itt_get_lib_name@@YAPBDXZ 100065e0 f   itt_notify_malloc.obj
 0001:00005600       ?__itt_get_groups@@YA?AW4___itt_group_id@@XZ 10006600 f   itt_notify_malloc.obj
 0001:000057a0       ?__itt_lib_version@@YAHPAUHINSTANCE__@@@Z 100067a0 f   itt_notify_malloc.obj
 0001:000057e0       ?__itt_nullify_all_pointers@@YAXXZ 100067e0 f   itt_notify_malloc.obj
 0001:00005b60       ?__TBB_machine_cmpswp1@@YADPCXDD@Z 10006b60 f   frontend.obj
 0001:00005b90       ?__TBB_machine_cmpswp4@@YAHPCXHH@Z 10006b90 f   frontend.obj
 0001:00005bc0       ?__TBB_machine_fetchadd4@@YAHPCXH@Z 10006bc0 f   frontend.obj
 0001:00005be0       ?__TBB_machine_pause@@YAXH@Z 10006be0 f   frontend.obj
 0001:00005bf0       ?isPowerOfTwo@@YA_NI@Z     10006bf0 f   frontend.obj
 0001:00005c10       ?isPowerOfTwoMultiple@@YA_NII@Z 10006c10 f   frontend.obj
 0001:00006070       ?highestBitPos@internal@rml@@YAII@Z 10007070 f   frontend.obj
 0001:00006640       ?safer_dereference@internal@rml@@YA?AVBackRefIdx@12@PBV312@@Z 10007640 f   frontend.obj
 0001:00006710       ??$isAligned@PAX@@YA_NPAXI@Z 10007710 f   frontend.obj
 0001:00006720       ??$alignUp@I@@YAIII@Z      10007720 f   frontend.obj
 0001:00006730       ??$alignUp@PAX@@YAPAXPAXI@Z 10007730 f   frontend.obj
 0001:00006740       ??$alignDown@PAX@@YAPAXPAXI@Z 10007740 f   frontend.obj
 0001:00006990       ?initMemoryManager@internal@rml@@YAXXZ 10007990 f   frontend.obj
 0001:00006b80       ?isSmallObject@internal@rml@@YA_NPAX@Z 10007b80 f   frontend.obj
 0001:00006bb0       ?isRecognized@internal@rml@@YA_NPAX@Z 10007bb0 f   frontend.obj
 0001:00006c20       ?internalMsize@internal@rml@@YAIPAX@Z 10007c20 f   frontend.obj
 0001:00006ce0       ??$getIndexOrObjectSize@$00@internal@rml@@YAII@Z 10007ce0 f   frontend.obj
 0001:00006d60       ??$getIndexOrObjectSize@$0A@@internal@rml@@YAII@Z 10007d60 f   frontend.obj
 0001:00006f30       ?getIndex@internal@rml@@YAII@Z 10007f30 f   frontend.obj
 0001:00006f40       ?getObjectSize@internal@rml@@YAII@Z 10007f40 f   frontend.obj
 0001:000075e0       ?doInitialization@internal@rml@@YAXXZ 100085e0 f   frontend.obj
 0001:00007ae0       ?freeSmallObject@internal@rml@@YAXPAVMemoryPool@12@PAX@Z 10008ae0 f   frontend.obj
 0001:00007b50       ?internalPoolMalloc@internal@rml@@YAPAXPAVMemoryPool@12@I@Z 10008b50 f   frontend.obj
 0001:00007d90       ?internalPoolFree@internal@rml@@YA_NPAVMemoryPool@12@PAX@Z 10008d90 f   frontend.obj
 0001:00007dd0       ?internalMalloc@internal@rml@@YAPAXI@Z 10008dd0 f   frontend.obj
 0001:00007e00       ?internalFree@internal@rml@@YAXPAX@Z 10008e00 f   frontend.obj
 0001:000081d0       ?allocateAligned@internal@rml@@YAPAXPAVMemoryPool@12@II@Z 100091d0 f   frontend.obj
 0001:00008280       ?reallocAligned@internal@rml@@YAPAXPAVMemoryPool@12@PAXII@Z 10009280 f   frontend.obj
 0001:0000894b       _pre_c_init                1000994b f   MSVCRT:crtdll.obj
 0001:00008ba3       ___DllMainCRTStartup       10009ba3 f   MSVCRT:crtdll.obj
