 tbb_debug

 Timestamp is 5057885f (Tue Sep 18 04:30:23 2012)

 Preferred load address is 10000000

 Start         Length     Name                   Class
 0001:00000000 0002805aH .text                   CODE
 0001:00028060 000012a3H .text$x                 CODE
 0001:00029310 0000028fH .text$yc                CODE
 0001:000295a0 0000001fH .text$yd                CODE
 0002:00000000 000001f8H .idata$5                DATA
 0002:000001f8 00000004H .CRT$XCA                DATA
 0002:000001fc 00000040H .CRT$XCU                DATA
 0002:0000023c 00000004H .CRT$XCZ                DATA
 0002:00000240 00000004H .CRT$XIA                DATA
 0002:00000244 00000004H .CRT$XIAA               DATA
 0002:00000248 00000004H .CRT$XIZ                DATA
 0002:00000250 0000f35cH .rdata                  DATA
 0002:0000f5ac 00000065H .rdata$debug            DATA
 0002:0000f614 00000d68H .rdata$r                DATA
 0002:0001037c 00000004H .rtc$IAA                DATA
 0002:00010380 00000004H .rtc$IZZ                DATA
 0002:00010384 00000004H .rtc$TAA                DATA
 0002:00010388 00000004H .rtc$TZZ                DATA
 0002:00010390 00001a44H .xdata$x                DATA
 0002:00011dd4 0000003cH .idata$2                DATA
 0002:00011e10 00000014H .idata$3                DATA
 0002:00011e24 000001f8H .idata$4                DATA
 0002:0001201c 00000a0eH .idata$6                DATA
 0002:00012a30 000034e3H .edata                  DATA
 0003:00000000 00001408H .data                   DATA
 0003:00001408 00002878H .bss                    DATA
 0004:00000000 00000058H .rsrc$01                DATA
 0004:00000060 000008c0H .rsrc$02                DATA

  Address         Publics by Value              Rva+Base       Lib:Object

 0000:00000000       __except_list              00000000     <absolute>
 0000:00000000       ___safe_se_handler_table   00000000     <absolute>
 0000:00000000       ___safe_se_handler_count   00000000     <absolute>
 0000:00009876       __fltused                  00009876     <absolute>
 0000:00009876       __ldused                   00009876     <absolute>
 0000:00000000       ___ImageBase               10000000     <linker-defined>
 0001:00000000       ?internal_grow_predicate@hash_map_segment_base@internal@tbb@@QBE_NXZ 10001000 f   concurrent_hash_map.obj
 0001:00000040       ??B?$atomic_impl@I@internal@tbb@@QDEIXZ 10001040 f i concurrent_hash_map.obj
 0001:00000060       ??$__TBB_load_with_acquire@H@internal@tbb@@YAHADH@Z 10001060 f i concurrent_hash_map.obj
 0001:00000080       ?load_with_acquire@?$machine_load_store@H$03@internal@tbb@@SAHADH@Z 10001080 f i concurrent_hash_map.obj
 0001:000000a0       ?size_t_select@internal@tbb@@YAII_K@Z 100010a0 f i concurrent_hash_map.obj
 0001:000000d0       ?push@micro_queue@internal@tbb@@QAEXPBXIAAVconcurrent_queue_base_v3@23@@Z 100010d0 f   concurrent_queue.obj
 0001:00000340       ?abort_push@micro_queue@internal@tbb@@QAEXIAAVconcurrent_queue_base_v3@23@@Z 10001340 f   concurrent_queue.obj
 0001:00000360       ?pop@micro_queue@internal@tbb@@QAE_NPAXIAAVconcurrent_queue_base_v3@23@@Z 10001360 f   concurrent_queue.obj
 0001:000004f0       ?assign@micro_queue@internal@tbb@@QAEAAU123@ABU123@AAVconcurrent_queue_base_v3@23@@Z 100014f0 f   concurrent_queue.obj
 0001:00000790       ?make_copy@micro_queue@internal@tbb@@QAEPAUpage@concurrent_queue_base_v3@23@AAV523@PBU4523@IIAAI@Z 10001790 f   concurrent_queue.obj
 0001:00000820       ?make_invalid@micro_queue@internal@tbb@@QAEXI@Z 10001820 f   concurrent_queue.obj
 0001:000008f0       ??0concurrent_queue_base_v3@internal@tbb@@IAE@I@Z 100018f0 f   concurrent_queue.obj
 0001:00000b70       ??1concurrent_queue_base_v3@internal@tbb@@MAE@XZ 10001b70 f   concurrent_queue.obj
 0001:00000c00       ?internal_push@concurrent_queue_base_v3@internal@tbb@@IAEXPBX@Z 10001c00 f   concurrent_queue.obj
 0001:00000e40       ?internal_pop@concurrent_queue_base_v3@internal@tbb@@IAEXPAX@Z 10001e40 f   concurrent_queue.obj
 0001:00001040       ?internal_abort@concurrent_queue_base_v3@internal@tbb@@IAEXXZ 10002040 f   concurrent_queue.obj
 0001:00001070       ?internal_pop_if_present@concurrent_queue_base_v3@internal@tbb@@IAE_NPAX@Z 10002070 f   concurrent_queue.obj
 0001:00001120       ?internal_push_if_not_full@concurrent_queue_base_v3@internal@tbb@@IAE_NPBX@Z 10002120 f   concurrent_queue.obj
 0001:000011d0       ?internal_size@concurrent_queue_base_v3@internal@tbb@@IBEHXZ 100021d0 f   concurrent_queue.obj
 0001:00001240       ?internal_empty@concurrent_queue_base_v3@internal@tbb@@IBE_NXZ 10002240 f   concurrent_queue.obj
 0001:000012c0       ?internal_set_capacity@concurrent_queue_base_v3@internal@tbb@@IAEXHI@Z 100022c0 f   concurrent_queue.obj
 0001:000012f0       ?internal_finish_clear@concurrent_queue_base_v3@internal@tbb@@IAEXXZ 100022f0 f   concurrent_queue.obj
 0001:000013c0       ?internal_throw_exception@concurrent_queue_base_v3@internal@tbb@@IBEXXZ 100023c0 f   concurrent_queue.obj
 0001:000013e0       ?assign@concurrent_queue_base_v3@internal@tbb@@IAEXABV123@@Z 100023e0 f   concurrent_queue.obj
 0001:00001500       ?initialize@concurrent_queue_iterator_base_v3@internal@tbb@@AAEXABVconcurrent_queue_base_v3@23@I@Z 10002500 f   concurrent_queue.obj
 0001:000015d0       ??0concurrent_queue_iterator_base_v3@internal@tbb@@IAE@ABVconcurrent_queue_base_v3@12@@Z 100025d0 f   concurrent_queue.obj
 0001:000015f0       ??0concurrent_queue_iterator_base_v3@internal@tbb@@IAE@ABVconcurrent_queue_base_v3@12@I@Z 100025f0 f   concurrent_queue.obj
 0001:00001610       ?assign@concurrent_queue_iterator_base_v3@internal@tbb@@IAEXABV123@@Z 10002610 f   concurrent_queue.obj
 0001:000016c0       ?advance@concurrent_queue_iterator_base_v3@internal@tbb@@IAEXXZ 100026c0 f   concurrent_queue.obj
 0001:000017c0       ??1concurrent_queue_iterator_base_v3@internal@tbb@@IAE@XZ 100027c0 f   concurrent_queue.obj
 0001:00001840       ??0atomic_backoff@internal@tbb@@QAE@XZ 10002840 f i concurrent_queue.obj
 0001:00001860       ??0no_copy@internal@tbb@@QAE@XZ 10002860 f i concurrent_queue.obj
 0001:00001870       ?pause@atomic_backoff@internal@tbb@@QAEXXZ 10002870 f i concurrent_queue.obj
 0001:000018b0       ?throw_exception@internal@tbb@@YAXW4exception_id@12@@Z 100028b0 f i concurrent_queue.obj
 0001:000018d0       ??0scoped_lock@spin_mutex@tbb@@QAE@AAV12@@Z 100028d0 f i concurrent_queue.obj
 0001:00001900       ??1scoped_lock@spin_mutex@tbb@@QAE@XZ 10002900 f i concurrent_queue.obj
 0001:00001920       ??0micro_queue_pop_finalizer@internal@tbb@@QAE@AAUmicro_queue@12@AAVconcurrent_queue_base_v3@12@IPAUpage@412@@Z 10002920 f i concurrent_queue.obj
 0001:00001960       ??1micro_queue_pop_finalizer@internal@tbb@@QAE@XZ 10002960 f i concurrent_queue.obj
 0001:00001a30       ??4?$atomic@I@tbb@@QAEII@Z 10002a30 f i concurrent_queue.obj
 0001:00001a50       ??4?$atomic@I@tbb@@QAEAAU01@ABU01@@Z 10002a50 f i concurrent_queue.obj
 0001:00001a80       ??2@YAPAXIPAX@Z            10002a80 f i concurrent_queue.obj
 0001:00001a90       ??3@YAXPAX0@Z              10002a90 f i concurrent_queue.obj
 0001:00001aa0       ??0concurrent_monitor@internal@tbb@@QAE@XZ 10002aa0 f i concurrent_queue.obj
 0001:00001b20       ??0spin_mutex@tbb@@QAE@XZ  10002b20 f i concurrent_queue.obj
 0001:00001b40       ??0circular_doubly_linked_list_with_sentinel@internal@tbb@@QAE@XZ 10002b40 f i concurrent_queue.obj
 0001:00001b70       ??0node_t@circular_doubly_linked_list_with_sentinel@internal@tbb@@QAE@XZ 10002b70 f i concurrent_queue.obj
 0001:00001ba0       ??1circular_doubly_linked_list_with_sentinel@internal@tbb@@QAE@XZ 10002ba0 f i concurrent_queue.obj
 0001:00001bf0       ?clear@circular_doubly_linked_list_with_sentinel@internal@tbb@@QAEXXZ 10002bf0 f i concurrent_queue.obj
 0001:00001c30       ??_Econcurrent_queue_base_v3@internal@tbb@@MAEPAXI@Z 10002c30 f i concurrent_queue.obj
 0001:00001c30       ??_Gconcurrent_queue_base_v3@internal@tbb@@MAEPAXI@Z 10002c30 f i concurrent_queue.obj
 0001:00001c60       ??0thread_context@concurrent_monitor@internal@tbb@@QAE@XZ 10002c60 f i concurrent_queue.obj
 0001:00001cc0       ??1thread_context@concurrent_monitor@internal@tbb@@QAE@XZ 10002cc0 f i concurrent_queue.obj
 0001:00001d10       ?semaphore@thread_context@concurrent_monitor@internal@tbb@@QAEAAVbinary_semaphore@34@XZ 10002d10 f i concurrent_queue.obj
 0001:00001d30       ?commit_wait@concurrent_monitor@internal@tbb@@QAE_NAAVthread_context@123@@Z 10002d30 f i concurrent_queue.obj
 0001:00001df0       ??_Gbinary_semaphore@internal@tbb@@QAEPAXI@Z 10002df0 f i concurrent_queue.obj
 0001:00001e20       ??0predicate_leq@internal@tbb@@QAE@I@Z 10002e20 f i concurrent_queue.obj
 0001:00001e40       ?choose@concurrent_queue_rep@internal@tbb@@QAEAAUmicro_queue@23@I@Z 10002e40 f i concurrent_queue.obj
 0001:00001e70       ?index@concurrent_queue_rep@internal@tbb@@SAII@Z 10002e70 f i concurrent_queue.obj
 0001:00001e90       ?abort_all@concurrent_monitor@internal@tbb@@QAEXXZ 10002e90 f i concurrent_queue.obj
 0001:00001eb0       ?atomic_fence@tbb@@YAXXZ   10002eb0 f i concurrent_queue.obj
 0001:00001ec0       ??0concurrent_queue_iterator_rep@internal@tbb@@QAE@ABVconcurrent_queue_base_v3@12@I@Z 10002ec0 f i concurrent_queue.obj
 0001:00001f40       ?get_item@concurrent_queue_iterator_rep@internal@tbb@@QAE_NAAPAXI@Z 10002f40 f i concurrent_queue.obj
 0001:00002000       ??Y?$atomic_impl_with_arithmetic@IID@internal@tbb@@QAEII@Z 10003000 f i concurrent_queue.obj
 0001:00002020       ??E?$atomic_impl_with_arithmetic@IID@internal@tbb@@QAEIXZ 10003020 f i concurrent_queue.obj
 0001:00002040       ??F?$atomic_impl_with_arithmetic@IID@internal@tbb@@QAEIXZ 10003040 f i concurrent_queue.obj
 0001:00002060       ??E?$atomic_impl_with_arithmetic@IID@internal@tbb@@QAEIH@Z 10003060 f i concurrent_queue.obj
 0001:00002080       ??F?$atomic_impl_with_arithmetic@IID@internal@tbb@@QAEIH@Z 10003080 f i concurrent_queue.obj
 0001:000020a0       ?compare_and_swap@?$atomic_impl@I@internal@tbb@@QAEIII@Z 100030a0 f i concurrent_queue.obj
 0001:000020c0       ?store_with_release@?$atomic_impl@I@internal@tbb@@IAEII@Z 100030c0 f i concurrent_queue.obj
 0001:000020f0       ?begin@?$aligned_space@Vbinary_semaphore@internal@tbb@@$00@tbb@@QAEPAVbinary_semaphore@internal@2@XZ 100030f0 f i concurrent_queue.obj
 0001:00002110       ??4?$atomic@_N@tbb@@QAE_N_N@Z 10003110 f i concurrent_queue.obj
 0001:00002130       ??B?$atomic_impl@_N@internal@tbb@@QDE_NXZ 10003130 f i concurrent_queue.obj
 0001:00002150       ??4?$atomic@PAUpage@concurrent_queue_base_v3@internal@tbb@@@tbb@@QAEPAUpage@concurrent_queue_base_v3@internal@1@PAU2341@@Z 10003150 f i concurrent_queue.obj
 0001:00002170       ??B?$atomic_impl@PAUpage@concurrent_queue_base_v3@internal@tbb@@@internal@tbb@@QDEPAUpage@concurrent_queue_base_v3@12@XZ 10003170 f i concurrent_queue.obj
 0001:00002190       ??0?$cache_aligned_allocator@Vconcurrent_queue_rep@internal@tbb@@@tbb@@QAE@XZ 10003190 f i concurrent_queue.obj
 0001:000021a0       ?allocate@?$cache_aligned_allocator@Vconcurrent_queue_rep@internal@tbb@@@tbb@@QAEPAVconcurrent_queue_rep@internal@2@IPBX@Z 100031a0 f i concurrent_queue.obj
 0001:000021d0       ?deallocate@?$cache_aligned_allocator@Vconcurrent_queue_rep@internal@tbb@@@tbb@@QAEXPAVconcurrent_queue_rep@internal@2@I@Z 100031d0 f i concurrent_queue.obj
 0001:000021f0       ??0?$cache_aligned_allocator@Vconcurrent_queue_iterator_rep@internal@tbb@@@tbb@@QAE@XZ 100031f0 f i concurrent_queue.obj
 0001:00002200       ?allocate@?$cache_aligned_allocator@Vconcurrent_queue_iterator_rep@internal@tbb@@@tbb@@QAEPAVconcurrent_queue_iterator_rep@internal@2@IPBX@Z 10003200 f i concurrent_queue.obj
 0001:00002220       ?deallocate@?$cache_aligned_allocator@Vconcurrent_queue_iterator_rep@internal@tbb@@@tbb@@QAEXPAVconcurrent_queue_iterator_rep@internal@2@I@Z 10003220 f i concurrent_queue.obj
 0001:00002240       ?fetch_and_add@?$atomic_impl_with_arithmetic@IID@internal@tbb@@QAEII@Z 10003240 f i concurrent_queue.obj
 0001:00002260       ?store_with_release@?$atomic_impl@_N@internal@tbb@@IAE_N_N@Z 10003260 f i concurrent_queue.obj
 0001:00002290       ?store_with_release@?$atomic_impl@PAUpage@concurrent_queue_base_v3@internal@tbb@@@internal@tbb@@IAEPAUpage@concurrent_queue_base_v3@23@PAU4523@@Z 10003290 f i concurrent_queue.obj
 0001:000022c0       ??$__TBB_load_relaxed@I@internal@tbb@@YAIADI@Z 100032c0 f i concurrent_queue.obj
 0001:000022e0       ??$__TBB_store_relaxed@IH@internal@tbb@@YAXACIH@Z 100032e0 f i concurrent_queue.obj
 0001:00002300       ?store@?$machine_load_store_relaxed@I$03@internal@tbb@@SAXACII@Z 10003300 f i concurrent_queue.obj
 0001:00002310       ??$spin_wait_until_eq@U?$atomic@I@tbb@@I@internal@tbb@@YAXADU?$atomic@I@1@I@Z 10003310 f i concurrent_queue.obj
 0001:00002340       ??$spin_wait_while_eq@U?$atomic@I@tbb@@I@internal@tbb@@YAXADU?$atomic@I@1@I@Z 10003340 f i concurrent_queue.obj
 0001:00002370       ??$notify@Upredicate_leq@internal@tbb@@@concurrent_monitor@internal@tbb@@QAEXABUpredicate_leq@12@@Z 10003370 f i concurrent_queue.obj
 0001:00002390       ??$__TBB_store_with_release@HH@internal@tbb@@YAXACHH@Z 10003390 f i concurrent_queue.obj
 0001:000023b0       ??$compare_and_swap@$0A@@?$atomic_impl@I@internal@tbb@@QAEIII@Z 100033b0 f i concurrent_queue.obj
 0001:000023f0       ??$__TBB_load_with_acquire@C@internal@tbb@@YACADC@Z 100033f0 f i concurrent_queue.obj
 0001:00002410       ??$__TBB_store_with_release@CC@internal@tbb@@YAXACCC@Z 10003410 f i concurrent_queue.obj
 0001:00002430       ??$punned_cast@PAVbinary_semaphore@internal@tbb@@V?$aligned_space@Vbinary_semaphore@internal@tbb@@$00@3@@internal@tbb@@YAPAVbinary_semaphore@01@PAV?$aligned_space@Vbinary_semaphore@internal@tbb@@$00@1@@Z 10003430 f i concurrent_queue.obj
 0001:00002450       ??$fetch_and_add@$0A@@?$atomic_impl_with_arithmetic@IID@internal@tbb@@QAEII@Z 10003450 f i concurrent_queue.obj
 0001:00002470       ?load@?$machine_load_store_relaxed@I$03@internal@tbb@@SAIADI@Z 10003470 f i concurrent_queue.obj
 0001:00002480       ?store_with_release@?$machine_load_store@H$03@internal@tbb@@SAXACHH@Z 10003480 f i concurrent_queue.obj
 0001:00002490       ?compare_and_swap@?$atomic_traits@$03$0A@@internal@tbb@@SAHPCXHH@Z 10003490 f i concurrent_queue.obj
 0001:000024b0       ?fetch_and_add@?$atomic_traits@$03$0A@@internal@tbb@@SAHPCXH@Z 100034b0 f i concurrent_queue.obj
 0001:000024d0       ?load_with_acquire@?$machine_load_store@C$00@internal@tbb@@SACADC@Z 100034d0 f i concurrent_queue.obj
 0001:000024f0       ?store_with_release@?$machine_load_store@C$00@internal@tbb@@SAXACCC@Z 100034f0 f i concurrent_queue.obj
 0001:00002500       ??$notify_relaxed@Upredicate_leq@internal@tbb@@@concurrent_monitor@internal@tbb@@QAEXABUpredicate_leq@12@@Z 10003500 f i concurrent_queue.obj
 0001:00002690       ?__TBB_store_relaxed@internal@tbb@@YAXACII@Z 10003690 f i concurrent_queue.obj
 0001:000026b0       ?empty@circular_doubly_linked_list_with_sentinel@internal@tbb@@QBE_NXZ 100036b0 f i concurrent_queue.obj
 0001:000026d0       ?size@circular_doubly_linked_list_with_sentinel@internal@tbb@@QBEIXZ 100036d0 f i concurrent_queue.obj
 0001:000026e0       ?front@circular_doubly_linked_list_with_sentinel@internal@tbb@@QBEPAUnode_t@123@XZ 100036e0 f i concurrent_queue.obj
 0001:00002700       ?last@circular_doubly_linked_list_with_sentinel@internal@tbb@@QBEPAUnode_t@123@XZ 10003700 f i concurrent_queue.obj
 0001:00002720       ?end@circular_doubly_linked_list_with_sentinel@internal@tbb@@QBEPBUnode_t@123@XZ 10003720 f i concurrent_queue.obj
 0001:00002740       ?add@circular_doubly_linked_list_with_sentinel@internal@tbb@@QAEXPAUnode_t@123@@Z 10003740 f i concurrent_queue.obj
 0001:000027a0       ?remove@circular_doubly_linked_list_with_sentinel@internal@tbb@@QAEXAAUnode_t@123@@Z 100037a0 f i concurrent_queue.obj
 0001:000027f0       ?to_thread_context@concurrent_monitor@internal@tbb@@AAEPAVthread_context@123@PAUnode_t@circular_doubly_linked_list_with_sentinel@23@@Z 100037f0 f i concurrent_queue.obj
 0001:00002800       ??Rpredicate_leq@internal@tbb@@QBE_NI@Z 10003800 f i concurrent_queue.obj
 0001:00002820       ?extend_segment_table@helper@concurrent_vector_base_v3@internal@tbb@@SAXAAV234@I@Z 10003820 f   concurrent_vector.obj
 0001:000029b0       ?enable_segment@helper@concurrent_vector_base_v3@internal@tbb@@SAIAAV234@II@Z 100039b0 f   concurrent_vector.obj
 0001:00002c20       ?cleanup@helper@concurrent_vector_base_v3@internal@tbb@@QAEXXZ 10003c20 f   concurrent_vector.obj
 0001:00002e70       ??1concurrent_vector_base_v3@internal@tbb@@IAE@XZ 10003e70 f   concurrent_vector.obj
 0001:00002f80       ?internal_capacity@concurrent_vector_base_v3@internal@tbb@@IBEIXZ 10003f80 f   concurrent_vector.obj
 0001:00002fa0       ?internal_throw_exception@concurrent_vector_base_v3@internal@tbb@@IBEXI@Z 10003fa0 f   concurrent_vector.obj
 0001:00002ff0       ?internal_reserve@concurrent_vector_base_v3@internal@tbb@@IAEXIII@Z 10003ff0 f   concurrent_vector.obj
 0001:00003130       ?internal_copy@concurrent_vector_base_v3@internal@tbb@@IAEXABV123@IP6AXPAXPBXI@Z@Z 10004130 f   concurrent_vector.obj
 0001:000032a0       ?internal_assign@concurrent_vector_base_v3@internal@tbb@@IAEXABV123@IP6AXPAXI@ZP6AX1PBXI@Z4@Z 100042a0 f   concurrent_vector.obj
 0001:000035b0       ?internal_push_back@concurrent_vector_base_v3@internal@tbb@@IAEPAXIAAI@Z 100045b0 f   concurrent_vector.obj
 0001:00003690       ?internal_grow_to_at_least@concurrent_vector_base_v3@internal@tbb@@IAEXIIP6AXPAXPBXI@Z1@Z 10004690 f   concurrent_vector.obj
 0001:000036c0       ?internal_grow_to_at_least_with_result@concurrent_vector_base_v3@internal@tbb@@IAEIIIP6AXPAXPBXI@Z1@Z 100046c0 f   concurrent_vector.obj
 0001:00003860       ?internal_grow_by@concurrent_vector_base_v3@internal@tbb@@IAEIIIP6AXPAXPBXI@Z1@Z 10004860 f   concurrent_vector.obj
 0001:000038b0       ?internal_grow@concurrent_vector_base_v3@internal@tbb@@IAEXIIIP6AXPAXPBXI@Z1@Z 100048b0 f   concurrent_vector.obj
 0001:00003a30       ?internal_resize@concurrent_vector_base_v3@internal@tbb@@IAEXIIIPBXP6AXPAXI@ZP6AX10I@Z@Z 10004a30 f   concurrent_vector.obj
 0001:00003b90       ?internal_clear@concurrent_vector_base_v3@internal@tbb@@IAEIP6AXPAXI@Z@Z 10004b90 f   concurrent_vector.obj
 0001:00003ca0       ?internal_compact@concurrent_vector_base_v3@internal@tbb@@IAEPAXIPAXP6AX0I@ZP6AX0PBXI@Z@Z 10004ca0 f   concurrent_vector.obj
 0001:000040e0       ?internal_swap@concurrent_vector_base_v3@internal@tbb@@IAEXAAV123@@Z 100050e0 f   concurrent_vector.obj
 0001:00004300       ?segment_base@concurrent_vector_base_v3@internal@tbb@@KAII@Z 10005300 f i concurrent_vector.obj
 0001:00004320       ?segment_size@concurrent_vector_base_v3@internal@tbb@@KAII@Z 10005320 f i concurrent_vector.obj
 0001:00004330       ?assign_first_segment_if_neccessary@helper@concurrent_vector_base_v3@internal@tbb@@SAXAAV234@I@Z 10005330 f i concurrent_vector.obj
 0001:00004360       ?allocate_segment@helper@concurrent_vector_base_v3@internal@tbb@@SAPAXAAV234@I@Z 10005360 f i concurrent_vector.obj
 0001:00004390       ?publish_segment@helper@concurrent_vector_base_v3@internal@tbb@@SAXAAUsegment_t@234@PAX@Z 10005390 f i concurrent_vector.obj
 0001:000043c0       ?segment_index_of@concurrent_vector_base_v3@internal@tbb@@KAII@Z 100053c0 f i concurrent_vector.obj
 0001:000043e0       ?first_segment@helper@concurrent_vector_base_v3@internal@tbb@@QAEXXZ 100053e0 f i concurrent_vector.obj
 0001:000044e0       ?next_segment@helper@concurrent_vector_base_v3@internal@tbb@@QAEXXZ 100054e0 f i concurrent_vector.obj
 0001:00004540       ?get_segment_ptr@helper@concurrent_vector_base_v3@internal@tbb@@QAEPAXI_N@Z 10005540 f i concurrent_vector.obj
 0001:000045c0       ??1segment_t@concurrent_vector_base_v3@internal@tbb@@QAE@XZ 100055c0 f i concurrent_vector.obj
 0001:000045f0       ?find_segment_end@helper@concurrent_vector_base_v3@internal@tbb@@SAIABV234@@Z 100055f0 f i concurrent_vector.obj
 0001:00004650       ?extend_table_if_necessary@helper@concurrent_vector_base_v3@internal@tbb@@SAXAAV234@II@Z 10005650 f i concurrent_vector.obj
 0001:00004680       ?acquire_segment@helper@concurrent_vector_base_v3@internal@tbb@@SAAAUsegment_t@234@AAV234@II_N@Z 10005680 f i concurrent_vector.obj
 0001:00004740       ??0helper@concurrent_vector_base_v3@internal@tbb@@QAE@PAUsegment_t@123@IIIII@Z 10005740 f i concurrent_vector.obj
 0001:00004790       ??1helper@concurrent_vector_base_v3@internal@tbb@@QAE@XZ 10005790 f i concurrent_vector.obj
 0001:000047c0       ??0init_body@helper@concurrent_vector_base_v3@internal@tbb@@QAE@P6AXPAXPBXI@Z1@Z 100057c0 f i concurrent_vector.obj
 0001:000047f0       ??0safe_init_body@helper@concurrent_vector_base_v3@internal@tbb@@QAE@P6AXPAXPBXI@Z1@Z 100057f0 f i concurrent_vector.obj
 0001:00004820       ??0destroy_body@helper@concurrent_vector_base_v3@internal@tbb@@QAE@P6AXPAXI@Z@Z 10005820 f i concurrent_vector.obj
 0001:00004840       ?incompact_predicate@helper@concurrent_vector_base_v3@internal@tbb@@SA_NI@Z 10005840 f i concurrent_vector.obj
 0001:00004890       ??4?$atomic@PAUsegment_t@concurrent_vector_base_v3@internal@tbb@@@tbb@@QAEPAUsegment_t@concurrent_vector_base_v3@internal@1@PAU2341@@Z 10005890 f i concurrent_vector.obj
 0001:000048b0       ??4?$atomic@PAUsegment_t@concurrent_vector_base_v3@internal@tbb@@@tbb@@QAEAAU01@ABU01@@Z 100058b0 f i concurrent_vector.obj
 0001:000048e0       ?compare_and_swap@?$atomic_impl@PAUsegment_t@concurrent_vector_base_v3@internal@tbb@@@internal@tbb@@QAEPAUsegment_t@concurrent_vector_base_v3@23@PAU4523@0@Z 100058e0 f i concurrent_vector.obj
 0001:00004900       ??B?$atomic_impl@PAUsegment_t@concurrent_vector_base_v3@internal@tbb@@@internal@tbb@@QDEPAUsegment_t@concurrent_vector_base_v3@12@XZ 10005900 f i concurrent_vector.obj
 0001:00004920       ?store_with_release@?$atomic_impl@PAUsegment_t@concurrent_vector_base_v3@internal@tbb@@@internal@tbb@@IAEPAUsegment_t@concurrent_vector_base_v3@23@PAU4523@@Z 10005920 f i concurrent_vector.obj
 0001:00004950       ??$__TBB_store_with_release@PAXPAX@internal@tbb@@YAXACRAXPAX@Z 10005950 f i concurrent_vector.obj
 0001:00004970       ??$__TBB_load_with_acquire@PAX@internal@tbb@@YAPAXADSAX@Z 10005970 f i concurrent_vector.obj
 0001:00004990       ??$spin_wait_while_eq@PAXPAX@internal@tbb@@YAXADSAXPAX@Z 10005990 f i concurrent_vector.obj
 0001:000049c0       ??$spin_wait_while_eq@U?$atomic@PAUsegment_t@concurrent_vector_base_v3@internal@tbb@@@tbb@@PAUsegment_t@concurrent_vector_base_v3@internal@2@@internal@tbb@@YAXADU?$atomic@PAUsegment_t@concurrent_vector_base_v3@internal@tbb@@@1@PAUsegment_t@concurrent_vector_base_v3@01@@Z 100059c0 f i concurrent_vector.obj
 0001:000049f0       ??$apply@Uinit_body@helper@concurrent_vector_base_v3@internal@tbb@@@helper@concurrent_vector_base_v3@internal@tbb@@QAEIABUinit_body@0123@@Z 100059f0 f i concurrent_vector.obj
 0001:00004ab0       ??Rinit_body@helper@concurrent_vector_base_v3@internal@tbb@@QBEXAAUsegment_t@234@PAXI@Z 10005ab0 f i concurrent_vector.obj
 0001:00004ae0       ??$apply@Usafe_init_body@helper@concurrent_vector_base_v3@internal@tbb@@@helper@concurrent_vector_base_v3@internal@tbb@@QAEIABUsafe_init_body@0123@@Z 10005ae0 f i concurrent_vector.obj
 0001:00004ba0       ??Rsafe_init_body@helper@concurrent_vector_base_v3@internal@tbb@@QBEXAAUsegment_t@234@PAXI@Z 10005ba0 f i concurrent_vector.obj
 0001:00004be0       ??$apply@Udestroy_body@helper@concurrent_vector_base_v3@internal@tbb@@@helper@concurrent_vector_base_v3@internal@tbb@@QAEIABUdestroy_body@0123@@Z 10005be0 f i concurrent_vector.obj
 0001:00004ca0       ??Rdestroy_body@helper@concurrent_vector_base_v3@internal@tbb@@QBEXAAUsegment_t@234@PAXI@Z 10005ca0 f i concurrent_vector.obj
 0001:00004cd0       ??$compare_and_swap@$0A@@?$atomic_impl@PAUsegment_t@concurrent_vector_base_v3@internal@tbb@@@internal@tbb@@QAEPAUsegment_t@concurrent_vector_base_v3@12@PAU3412@0@Z 10005cd0 f i concurrent_vector.obj
 0001:00004d10       ?load_with_acquire@?$machine_load_store@PAX$03@internal@tbb@@SAPAXADSAX@Z 10005d10 f i concurrent_vector.obj
 0001:00004d30       ?store_with_release@?$machine_load_store@PAX$03@internal@tbb@@SAXACRAXPAX@Z 10005d30 f i concurrent_vector.obj
 0001:00004d40       ?dynamic_link@internal@tbb@@YA_NPAUHINSTANCE__@@QBUdynamic_link_descriptor@12@II@Z 10005d40 f   dynamic_link.obj
 0001:00004ed0       ?dynamic_unlink@internal@tbb@@YAXPAUHINSTANCE__@@@Z 10005ed0 f   dynamic_link.obj
 0001:00004ef0       ?dynamic_link@internal@tbb@@YA_NPBDQBUdynamic_link_descriptor@12@IIPAPAUHINSTANCE__@@@Z 10005ef0 f   dynamic_link.obj
 0001:000052d0       ?dynamic_unlink_all@internal@tbb@@YAXXZ 100062d0 f   dynamic_link.obj
 0001:00005320       ?add_handle@handle_storage@internal@tbb@@QAEXAAPAUHINSTANCE__@@@Z 10006320 f i dynamic_link.obj
 0001:00005370       ?free_handles@handle_storage@internal@tbb@@QAEXXZ 10006370 f i dynamic_link.obj
 0001:000053c0       ?fetch_and_store@?$atomic_impl@I@internal@tbb@@QAEII@Z 100063c0 f i dynamic_link.obj
 0001:000053e0       ??$fetch_and_store@$0A@@?$atomic_impl@I@internal@tbb@@QAEII@Z 100063e0 f i dynamic_link.obj
 0001:00005410       ?fetch_and_store@?$atomic_traits@$03$0A@@internal@tbb@@SAHPCXH@Z 10006410 f i dynamic_link.obj
 0001:00005430       ??0handle_storage@internal@tbb@@QAE@XZ 10006430 f i dynamic_link.obj
 0001:00007fd0       ___itt_fini_ittlib         10008fd0 f   itt_notify.obj
 0001:000080b0       ___itt_init_ittlib         100090b0 f   itt_notify.obj
 0001:00008a60       ___itt_set_error_handler   10009a60 f   itt_notify.obj
 0001:00008a80       ?__TBB_load_ittnotify@internal@tbb@@YAHXZ 10009a80 f   itt_notify.obj
 0001:00008aa0       ?__itt_interlocked_increment@@YAHPCJ@Z 10009aa0 f i itt_notify.obj
 0001:00008ab0       ?initialize_handler_pointers@internal@tbb@@YAXXZ 10009ab0 f   cache_aligned_allocator.obj
 0001:00008b60       ?initialize_cache_aligned_allocator@internal@tbb@@YAXXZ 10009b60 f   cache_aligned_allocator.obj
 0001:00008c90       ?NFS_GetLineSize@internal@tbb@@YAIXZ 10009c90 f   cache_aligned_allocator.obj
 0001:00008ca0       ?NFS_Allocate@internal@tbb@@YAPAXIIPAX@Z 10009ca0 f   cache_aligned_allocator.obj
 0001:00008d90       ?NFS_Free@internal@tbb@@YAXPAX@Z 10009d90 f   cache_aligned_allocator.obj
 0001:00008e80       ?allocate_via_handler_v3@internal@tbb@@YAPAXI@Z 10009e80 f   cache_aligned_allocator.obj
 0001:00008eb0       ?deallocate_via_handler_v3@internal@tbb@@YAXPAX@Z 10009eb0 f   cache_aligned_allocator.obj
 0001:00008ed0       ?is_malloc_used_v3@internal@tbb@@YA_NXZ 10009ed0 f   cache_aligned_allocator.obj
 0001:00008fd0       ??$atomic_do_once@P6AXXZ@internal@tbb@@YAXABQ6AXXZAAU?$atomic@W4do_once_state@internal@tbb@@@1@@Z 10009fd0 f i cache_aligned_allocator.obj
 0001:00009030       ?run_initializer@internal@tbb@@YAXP6AXXZAAU?$atomic@W4do_once_state@internal@tbb@@@2@@Z 1000a030 f i cache_aligned_allocator.obj
 0001:00009050       ??4?$atomic@W4do_once_state@internal@tbb@@@tbb@@QAE?AW4do_once_state@internal@1@W4231@@Z 1000a050 f i cache_aligned_allocator.obj
 0001:00009070       ?store_with_release@?$atomic_impl@W4do_once_state@internal@tbb@@@internal@tbb@@IAE?AW4do_once_state@23@W4423@@Z 1000a070 f i cache_aligned_allocator.obj
 0001:000090a0       ?compare_and_swap@?$atomic_impl@W4do_once_state@internal@tbb@@@internal@tbb@@QAE?AW4do_once_state@23@W4423@0@Z 1000a0a0 f i cache_aligned_allocator.obj
 0001:000090c0       ??B?$atomic_impl@W4do_once_state@internal@tbb@@@internal@tbb@@QDE?AW4do_once_state@12@XZ 1000a0c0 f i cache_aligned_allocator.obj
 0001:000090e0       ??$spin_wait_while_eq@U?$atomic@W4do_once_state@internal@tbb@@@tbb@@W4do_once_state@internal@2@@internal@tbb@@YAXADU?$atomic@W4do_once_state@internal@tbb@@@1@W4do_once_state@01@@Z 1000a0e0 f i cache_aligned_allocator.obj
 0001:00009110       ??$compare_and_swap@$0A@@?$atomic_impl@W4do_once_state@internal@tbb@@@internal@tbb@@QAE?AW4do_once_state@12@W4312@0@Z 1000a110 f i cache_aligned_allocator.obj
 0001:00009150       ?grow@input_buffer@internal@tbb@@AAEXK@Z 1000a150 f   pipeline.obj
 0001:00009270       ?execute@stage_task@internal@tbb@@UAEPAVtask@3@XZ 1000a270 f   pipeline.obj
 0001:00009820       ?inject_token@pipeline@tbb@@AAEXAAVtask@2@@Z 1000a820 f   pipeline.obj
 0001:00009850       ?clear_filters@pipeline@tbb@@AAEXXZ 1000a850 f   pipeline.obj
 0001:000098b0       ??0pipeline@tbb@@QAE@XZ    1000a8b0 f   pipeline.obj
 0001:00009910       ??1pipeline@tbb@@UAE@XZ    1000a910 f   pipeline.obj
 0001:00009930       ?clear@pipeline@tbb@@QAEXXZ 1000a930 f   pipeline.obj
 0001:00009a10       ?add_filter@pipeline@tbb@@QAEXAAVfilter@2@@Z 1000aa10 f   pipeline.obj
 0001:00009d30       ?remove_filter@pipeline@tbb@@AAEXAAVfilter@2@@Z 1000ad30 f   pipeline.obj
 0001:00009ee0       ?run@pipeline@tbb@@QAEXIAAVtask_group_context@2@@Z 1000aee0 f   pipeline.obj
 0001:0000a080       ?run@pipeline@tbb@@QAEXI@Z 1000b080 f   pipeline.obj
 0001:0000a140       ?has_more_work@filter@tbb@@AAE_NXZ 1000b140 f   pipeline.obj
 0001:0000a1c0       ??1filter@tbb@@UAE@XZ      1000b1c0 f   pipeline.obj
 0001:0000a260       ?set_end_of_input@filter@tbb@@IAEXXZ 1000b260 f   pipeline.obj
 0001:0000a310       ?process_item@thread_bound_filter@tbb@@QAE?AW4result_type@12@XZ 1000b310 f   pipeline.obj
 0001:0000a330       ?try_process_item@thread_bound_filter@tbb@@QAE?AW4result_type@12@XZ 1000b330 f   pipeline.obj
 0001:0000a350       ?internal_process_item@thread_bound_filter@tbb@@AAE?AW4result_type@12@_N@Z 1000b350 f   pipeline.obj
 0001:0000a5f0       ?allocate_additional_child_of@task_base@internal@interface5@tbb@@SA?AVallocate_additional_child_of_proxy@24@AAVtask@4@@Z 1000b5f0 f i pipeline.obj
 0001:0000a610       ??0allocate_additional_child_of_proxy@internal@tbb@@QAE@AAVtask@2@@Z 1000b610 f i pipeline.obj
 0001:0000a640       ?recycle_as_continuation@task@tbb@@QAEXXZ 1000b640 f i pipeline.obj
 0001:0000a690       ?add_to_depth@task@tbb@@QAEXH@Z 1000b690 f i pipeline.obj
 0001:0000a6a0       ?parent@task@tbb@@QBEPAV12@XZ 1000b6a0 f i pipeline.obj
 0001:0000a6c0       ?prefix@task@tbb@@ABEAAVtask_prefix@internal@2@PAUversion_tag_v3@42@@Z 1000b6c0 f i pipeline.obj
 0001:0000a6e0       ?spawn@task_base@internal@interface5@tbb@@SAXAAVtask@4@@Z 1000b6e0 f i pipeline.obj
 0001:0000a720       ??2@YAPAXIABVallocate_additional_child_of_proxy@internal@tbb@@@Z 1000b720 f i pipeline.obj
 0001:0000a740       ??3@YAXPAXABVallocate_additional_child_of_proxy@internal@tbb@@@Z 1000b740 f i pipeline.obj
 0001:0000a760       ?is_serial@filter@tbb@@QBE_NXZ 1000b760 f i pipeline.obj
 0001:0000a780       ?is_ordered@filter@tbb@@QBE_NXZ 1000b780 f i pipeline.obj
 0001:0000a7a0       ?is_bound@filter@tbb@@QBE_NXZ 1000b7a0 f i pipeline.obj
 0001:0000a7c0       ?object_may_be_null@filter@tbb@@QAE_NXZ 1000b7c0 f i pipeline.obj
 0001:0000a7e0       ?sema_V@input_buffer@internal@tbb@@AAEXXZ 1000b7e0 f i pipeline.obj
 0001:0000a820       ?V@semaphore@internal@tbb@@QAEXXZ 1000b820 f i pipeline.obj
 0001:0000a840       ?put_token@input_buffer@internal@tbb@@QAE_NAAUtask_info@23@_N@Z 1000b840 f i pipeline.obj
 0001:0000aa10       ?return_item@input_buffer@internal@tbb@@QAE_NAAUtask_info@23@_N@Z 1000ba10 f i pipeline.obj
 0001:0000ab00       ?my_tls_end_of_input@input_buffer@internal@tbb@@QAE_NXZ 1000bb00 f i pipeline.obj
 0001:0000ab20       ??0stage_task@internal@tbb@@QAE@AAVpipeline@2@@Z 1000bb20 f i pipeline.obj
 0001:0000aba0       ??0task@tbb@@IAE@XZ        1000bba0 f i pipeline.obj
 0001:0000abd0       ??1task@tbb@@UAE@XZ        1000bbd0 f i pipeline.obj
 0001:0000abf0       ??_Gtask@tbb@@UAEPAXI@Z    1000bbf0 f i pipeline.obj
 0001:0000abf0       ??_Etask@tbb@@UAEPAXI@Z    1000bbf0 f i pipeline.obj
 0001:0000ac20       ??0task_base@internal@interface5@tbb@@QAE@XZ 1000bc20 f i pipeline.obj
 0001:0000ac40       ?reset@task_info@internal@tbb@@QAEXXZ 1000bc40 f i pipeline.obj
 0001:0000ac70       ?reset@stage_task@internal@tbb@@QAEXXZ 1000bc70 f i pipeline.obj
 0001:0000aca0       ??_Estage_task@internal@tbb@@UAEPAXI@Z 1000bca0 f i pipeline.obj
 0001:0000aca0       ??_Gstage_task@internal@tbb@@UAEPAXI@Z 1000bca0 f i pipeline.obj
 0001:0000acd0       ??1stage_task@internal@tbb@@UAE@XZ 1000bcd0 f i pipeline.obj
 0001:0000ada0       ?is_cancelled@task@tbb@@QBE_NXZ 1000bda0 f i pipeline.obj
 0001:0000adc0       ?clear@input_buffer@internal@tbb@@QAEXPAVfilter@3@@Z 1000bdc0 f i pipeline.obj
 0001:0000ae40       ??4?$atomic@K@tbb@@QAEKK@Z 1000be40 f i pipeline.obj
 0001:0000ae60       ??_Epipeline@tbb@@UAEPAXI@Z 1000be60 f i pipeline.obj
 0001:0000ae60       ??_Gpipeline@tbb@@UAEPAXI@Z 1000be60 f i pipeline.obj
 0001:0000ae90       ?not_in_pipeline@filter@tbb@@CAPAV12@XZ 1000be90 f i pipeline.obj
 0001:0000aea0       ??_Ginput_buffer@internal@tbb@@QAEPAXI@Z 1000bea0 f i pipeline.obj
 0001:0000aed0       ??1input_buffer@internal@tbb@@QAE@XZ 1000bed0 f i pipeline.obj
 0001:0000af50       ?free_sema@input_buffer@internal@tbb@@AAEXXZ 1000bf50 f i pipeline.obj
 0001:0000afb0       ?destroy_my_tls@input_buffer@internal@tbb@@QAEXXZ 1000bfb0 f i pipeline.obj
 0001:0000aff0       ??_Gsemaphore@internal@tbb@@QAEPAXI@Z 1000bff0 f i pipeline.obj
 0001:0000b020       ??1semaphore@internal@tbb@@QAE@XZ 1000c020 f i pipeline.obj
 0001:0000b040       ??0input_buffer@internal@tbb@@QAE@_N0@Z 1000c040 f i pipeline.obj
 0001:0000b0f0       ?create_sema@input_buffer@internal@tbb@@AAEXI@Z 1000c0f0 f i pipeline.obj
 0001:0000b1a0       ??0semaphore@internal@tbb@@QAE@I@Z 1000c1a0 f i pipeline.obj
 0001:0000b1d0       ?init_semaphore@semaphore@internal@tbb@@AAEXI@Z 1000c1d0 f i pipeline.obj
 0001:0000b200       ?create_my_tls@input_buffer@internal@tbb@@QAEXXZ 1000c200 f i pipeline.obj
 0001:0000b240       ?allocate_root@task@tbb@@SA?AVallocate_root_with_context_proxy@internal@2@AAVtask_group_context@2@@Z 1000c240 f i pipeline.obj
 0001:0000b260       ??0allocate_root_with_context_proxy@internal@tbb@@QAE@AAVtask_group_context@2@@Z 1000c260 f i pipeline.obj
 0001:0000b280       ?spawn_root_and_wait@task@tbb@@SAXAAV12@@Z 1000c280 f i pipeline.obj
 0001:0000b2c0       ??2@YAPAXIABVallocate_root_with_context_proxy@internal@tbb@@@Z 1000c2c0 f i pipeline.obj
 0001:0000b2e0       ??3@YAXPAXABVallocate_root_with_context_proxy@internal@tbb@@@Z 1000c2e0 f i pipeline.obj
 0001:0000b300       ??0pipeline_root_task@internal@tbb@@QAE@AAVpipeline@2@@Z 1000c300 f i pipeline.obj
 0001:0000b410       ?execute@pipeline_root_task@internal@tbb@@EAEPAVtask@3@XZ 1000c410 f i pipeline.obj
 0001:0000b6b0       ?allocate_child@task@tbb@@QAEAAVallocate_child_proxy@internal@2@XZ 1000c6b0 f i pipeline.obj
 0001:0000b6c0       ?set_ref_count@task@tbb@@QAEXH@Z 1000c6c0 f i pipeline.obj
 0001:0000b6e0       ??2@YAPAXIABVallocate_child_proxy@internal@tbb@@@Z 1000c6e0 f i pipeline.obj
 0001:0000b700       ??3@YAXPAXABVallocate_child_proxy@internal@tbb@@@Z 1000c700 f i pipeline.obj
 0001:0000b720       ??0stage_task@internal@tbb@@QAE@AAVpipeline@2@PAVfilter@2@ABUtask_info@12@@Z 1000c720 f i pipeline.obj
 0001:0000b780       ??_Epipeline_root_task@internal@tbb@@UAEPAXI@Z 1000c780 f i pipeline.obj
 0001:0000b780       ??_Gpipeline_root_task@internal@tbb@@UAEPAXI@Z 1000c780 f i pipeline.obj
 0001:0000b7b0       ??1pipeline_root_task@internal@tbb@@UAE@XZ 1000c7b0 f i pipeline.obj
 0001:0000b7d0       ??0pipeline_cleaner@internal@tbb@@QAE@AAVpipeline@2@@Z 1000c7d0 f i pipeline.obj
 0001:0000b7f0       ??1pipeline_cleaner@internal@tbb@@QAE@XZ 1000c7f0 f i pipeline.obj
 0001:0000b830       ??0task_group_context@tbb@@QAE@W4kind_type@01@I@Z 1000c830 f i pipeline.obj
 0001:0000b870       ?finalize@filter@tbb@@UAEXPAX@Z 1000c870 f i pipeline.obj
 0001:0000b880       ??_Efilter@tbb@@UAEPAXI@Z  1000c880 f i pipeline.obj
 0001:0000b880       ??_Gfilter@tbb@@UAEPAXI@Z  1000c880 f i pipeline.obj
 0001:0000b8b0       ?set_my_tls_end_of_input@input_buffer@internal@tbb@@QAEXXZ 1000c8b0 f i pipeline.obj
 0001:0000b8d0       ?sema_P@input_buffer@internal@tbb@@AAEXXZ 1000c8d0 f i pipeline.obj
 0001:0000b910       ?P@semaphore@internal@tbb@@QAEXXZ 1000c910 f i pipeline.obj
 0001:0000b930       ?has_item@input_buffer@internal@tbb@@QAE_NXZ 1000c930 f i pipeline.obj
 0001:0000b980       ??E?$atomic_impl_with_arithmetic@KKD@internal@tbb@@QAEKXZ 1000c980 f i pipeline.obj
 0001:0000b9a0       ??F?$atomic_impl_with_arithmetic@KKD@internal@tbb@@QAEKXZ 1000c9a0 f i pipeline.obj
 0001:0000b9c0       ??E?$atomic_impl_with_arithmetic@KKD@internal@tbb@@QAEKH@Z 1000c9c0 f i pipeline.obj
 0001:0000b9e0       ??F?$atomic_impl_with_arithmetic@KKD@internal@tbb@@QAEKH@Z 1000c9e0 f i pipeline.obj
 0001:0000ba00       ??B?$atomic_impl@K@internal@tbb@@QDEKXZ 1000ca00 f i pipeline.obj
 0001:0000ba20       ?store_with_release@?$atomic_impl@K@internal@tbb@@IAEKK@Z 1000ca20 f i pipeline.obj
 0001:0000ba50       ?create@?$basic_tls@H@internal@tbb@@QAEHXZ 1000ca50 f i pipeline.obj
 0001:0000ba80       ?destroy@?$basic_tls@H@internal@tbb@@QAEHXZ 1000ca80 f i pipeline.obj
 0001:0000bab0       ?set@?$basic_tls@H@internal@tbb@@QAEXH@Z 1000cab0 f i pipeline.obj
 0001:0000bad0       ?get@?$basic_tls@H@internal@tbb@@QAEHXZ 1000cad0 f i pipeline.obj
 0001:0000baf0       ??0?$cache_aligned_allocator@Utask_info@internal@tbb@@@tbb@@QAE@XZ 1000caf0 f i pipeline.obj
 0001:0000bb00       ?allocate@?$cache_aligned_allocator@Utask_info@internal@tbb@@@tbb@@QAEPAUtask_info@internal@2@IPBX@Z 1000cb00 f i pipeline.obj
 0001:0000bb20       ?deallocate@?$cache_aligned_allocator@Utask_info@internal@tbb@@@tbb@@QAEXPAUtask_info@internal@2@I@Z 1000cb20 f i pipeline.obj
 0001:0000bb40       ?fetch_and_add@?$atomic_impl_with_arithmetic@KKD@internal@tbb@@QAEKK@Z 1000cb40 f i pipeline.obj
 0001:0000bb60       ??$poison_pointer@Utask_info@internal@tbb@@@internal@tbb@@YAXAAPAUtask_info@01@@Z 1000cb60 f i pipeline.obj
 0001:0000bb70       ??$note_done@Vstage_task@internal@tbb@@@input_buffer@internal@tbb@@QAEXKAAVstage_task@12@@Z 1000cb70 f i pipeline.obj
 0001:0000bc60       ?spawn_stage_task@stage_task@internal@tbb@@QAEXABUtask_info@23@@Z 1000cc60 f i pipeline.obj
 0001:0000bd20       ??$fetch_and_add@$0A@@?$atomic_impl_with_arithmetic@KKD@internal@tbb@@QAEKK@Z 1000cd20 f i pipeline.obj
 0001:0000bd40       ?acquire@scoped_lock@queuing_mutex@tbb@@QAEXAAV23@@Z 1000cd40 f   queuing_mutex.obj
 0001:0000be30       ?try_acquire@scoped_lock@queuing_mutex@tbb@@QAE_NAAV23@@Z 1000ce30 f   queuing_mutex.obj
 0001:0000bec0       ?release@scoped_lock@queuing_mutex@tbb@@QAEXXZ 1000cec0 f   queuing_mutex.obj
 0001:0000bf80       ?internal_construct@queuing_mutex@tbb@@QAEXXZ 1000cf80 f   queuing_mutex.obj
 0001:0000c010       ?initialize@scoped_lock@queuing_mutex@tbb@@AAEXXZ 1000d010 f i queuing_mutex.obj
 0001:0000c040       ??$poison_pointer@Vscoped_lock@queuing_mutex@tbb@@@internal@tbb@@YAXAAPAVscoped_lock@queuing_mutex@1@@Z 1000d040 f i queuing_mutex.obj
 0001:0000c050       ??$fetch_and_store@$01@?$atomic_impl@PAVscoped_lock@queuing_mutex@tbb@@@internal@tbb@@QAEPAVscoped_lock@queuing_mutex@2@PAV342@@Z 1000d050 f i queuing_mutex.obj
 0001:0000c080       ??$spin_wait_while_eq@IK@internal@tbb@@YAXADIK@Z 1000d080 f i queuing_mutex.obj
 0001:0000c0b0       ??$__TBB_load_with_acquire@I@internal@tbb@@YAIADI@Z 1000d0b0 f i queuing_mutex.obj
 0001:0000c0d0       ??$compare_and_swap@$01@?$atomic_impl@PAVscoped_lock@queuing_mutex@tbb@@@internal@tbb@@QAEPAVscoped_lock@queuing_mutex@2@PAV342@0@Z 1000d0d0 f i queuing_mutex.obj
 0001:0000c110       ??$spin_wait_while_eq@PAVscoped_lock@queuing_mutex@tbb@@PAV123@@internal@tbb@@YAXADSAVscoped_lock@queuing_mutex@1@PAV231@@Z 1000d110 f i queuing_mutex.obj
 0001:0000c140       ??$__TBB_store_with_release@IH@internal@tbb@@YAXACIH@Z 1000d140 f i queuing_mutex.obj
 0001:0000c160       ?store_with_release@?$machine_load_store@I$03@internal@tbb@@SAXACII@Z 1000d160 f i queuing_mutex.obj
 0001:0000c170       ?load_with_acquire@?$machine_load_store@I$03@internal@tbb@@SAIADI@Z 1000d170 f i queuing_mutex.obj
 0001:0000c190       ?compare_and_swap@?$atomic_traits@$03$01@internal@tbb@@SAHPCXHH@Z 1000d190 f i queuing_mutex.obj
 0001:0000c1b0       ?fetch_and_store@?$atomic_traits@$03$01@internal@tbb@@SAHPCXH@Z 1000d1b0 f i queuing_mutex.obj
 0001:0000c1d0       ?acquire@scoped_lock@queuing_rw_mutex@tbb@@QAEXAAV23@_N@Z 1000d1d0 f   queuing_rw_mutex.obj
 0001:0000c540       ?try_acquire@scoped_lock@queuing_rw_mutex@tbb@@QAE_NAAV23@_N@Z 1000d540 f   queuing_rw_mutex.obj
 0001:0000c630       ?release@scoped_lock@queuing_rw_mutex@tbb@@QAEXXZ 1000d630 f   queuing_rw_mutex.obj
 0001:0000cac0       ?downgrade_to_reader@scoped_lock@queuing_rw_mutex@tbb@@QAE_NXZ 1000dac0 f   queuing_rw_mutex.obj
 0001:0000cc10       ?upgrade_to_writer@scoped_lock@queuing_rw_mutex@tbb@@QAE_NXZ 1000dc10 f   queuing_rw_mutex.obj
 0001:0000d170       ?internal_construct@queuing_rw_mutex@tbb@@QAEXXZ 1000e170 f   queuing_rw_mutex.obj
 0001:0000d240       ??4?$atomic@E@tbb@@QAEEE@Z 1000e240 f i queuing_rw_mutex.obj
 0001:0000d260       ?initialize@scoped_lock@queuing_rw_mutex@tbb@@AAEXXZ 1000e260 f i queuing_rw_mutex.obj
 0001:0000d2b0       ?try_acquire_internal_lock@scoped_lock@queuing_rw_mutex@tbb@@AAE_NXZ 1000e2b0 f i queuing_rw_mutex.obj
 0001:0000d2e0       ?acquire_internal_lock@scoped_lock@queuing_rw_mutex@tbb@@AAEXXZ 1000e2e0 f i queuing_rw_mutex.obj
 0001:0000d310       ?release_internal_lock@scoped_lock@queuing_rw_mutex@tbb@@AAEXXZ 1000e310 f i queuing_rw_mutex.obj
 0001:0000d330       ?unblock_or_wait_on_internal_lock@scoped_lock@queuing_rw_mutex@tbb@@AAEXI@Z 1000e330 f i queuing_rw_mutex.obj
 0001:0000d360       ?wait_for_release_of_internal_lock@scoped_lock@queuing_rw_mutex@tbb@@AAEXXZ 1000e360 f i queuing_rw_mutex.obj
 0001:0000d380       ?get_flag@tbb@@YAIPAVscoped_lock@queuing_rw_mutex@1@@Z 1000e380 f i queuing_rw_mutex.obj
 0001:0000d390       ??B?$atomic_impl@E@internal@tbb@@QDEEXZ 1000e390 f i queuing_rw_mutex.obj
 0001:0000d3b0       ?store_with_release@?$atomic_impl@E@internal@tbb@@IAEEE@Z 1000e3b0 f i queuing_rw_mutex.obj
 0001:0000d3e0       ??B?$atomic_impl@PAVscoped_lock@queuing_rw_mutex@tbb@@@internal@tbb@@QDEPAVscoped_lock@queuing_rw_mutex@2@XZ 1000e3e0 f i queuing_rw_mutex.obj
 0001:0000d400       ??0?$tricky_atomic_pointer@Vscoped_lock@queuing_rw_mutex@tbb@@@tbb@@QAE@AAPAVscoped_lock@queuing_rw_mutex@1@@Z 1000e400 f i queuing_rw_mutex.obj
 0001:0000d420       ??I?$tricky_atomic_pointer@Vscoped_lock@queuing_rw_mutex@tbb@@@tbb@@QBEPAVscoped_lock@queuing_rw_mutex@1@H@Z 1000e420 f i queuing_rw_mutex.obj
 0001:0000d440       ??U?$tricky_atomic_pointer@Vscoped_lock@queuing_rw_mutex@tbb@@@tbb@@QBEPAVscoped_lock@queuing_rw_mutex@1@H@Z 1000e440 f i queuing_rw_mutex.obj
 0001:0000d460       ??$poison_pointer@Vscoped_lock@queuing_rw_mutex@tbb@@@internal@tbb@@YAXAAPAVscoped_lock@queuing_rw_mutex@1@@Z 1000e460 f i queuing_rw_mutex.obj
 0001:0000d470       ??$as_atomic@E@internal@tbb@@YAAAU?$atomic@E@1@AAE@Z 1000e470 f i queuing_rw_mutex.obj
 0001:0000d480       ??$compare_and_swap@$00@?$atomic_impl@E@internal@tbb@@QAEEEE@Z 1000e480 f i queuing_rw_mutex.obj
 0001:0000d4c0       ??$__TBB_store_with_release@EE@internal@tbb@@YAXACEE@Z 1000e4c0 f i queuing_rw_mutex.obj
 0001:0000d4e0       ??$spin_wait_until_eq@EE@internal@tbb@@YAXADEE@Z 1000e4e0 f i queuing_rw_mutex.obj
 0001:0000d510       ??$__TBB_store_relaxed@PAVscoped_lock@queuing_rw_mutex@tbb@@PAV123@@internal@tbb@@YAXACRAVscoped_lock@queuing_rw_mutex@1@PAV231@@Z 1000e510 f i queuing_rw_mutex.obj
 0001:0000d530       ??$__TBB_store_relaxed@EH@internal@tbb@@YAXACEH@Z 1000e530 f i queuing_rw_mutex.obj
 0001:0000d550       ??$fetch_and_store@$01@?$atomic_impl@PAVscoped_lock@queuing_rw_mutex@tbb@@@internal@tbb@@QAEPAVscoped_lock@queuing_rw_mutex@2@PAV342@@Z 1000e550 f i queuing_rw_mutex.obj
 0001:0000d580       ??$__TBB_load_relaxed@PAVscoped_lock@queuing_rw_mutex@tbb@@@internal@tbb@@YAPAVscoped_lock@queuing_rw_mutex@1@ADSAV231@@Z 1000e580 f i queuing_rw_mutex.obj
 0001:0000d5a0       ??$__TBB_store_with_release@PAVscoped_lock@queuing_rw_mutex@tbb@@PAV123@@internal@tbb@@YAXACRAVscoped_lock@queuing_rw_mutex@1@PAV231@@Z 1000e5a0 f i queuing_rw_mutex.obj
 0001:0000d5c0       ??$spin_wait_until_eq@EH@internal@tbb@@YAXADEH@Z 1000e5c0 f i queuing_rw_mutex.obj
 0001:0000d5f0       ??$spin_wait_while_eq@PAVscoped_lock@queuing_rw_mutex@tbb@@PAV123@@internal@tbb@@YAXADSAVscoped_lock@queuing_rw_mutex@1@PAV231@@Z 1000e5f0 f i queuing_rw_mutex.obj
 0001:0000d620       ??$__TBB_store_with_release@EH@internal@tbb@@YAXACEH@Z 1000e620 f i queuing_rw_mutex.obj
 0001:0000d640       ??$__TBB_load_with_acquire@E@internal@tbb@@YAEADE@Z 1000e640 f i queuing_rw_mutex.obj
 0001:0000d660       ??$load@$02PAVscoped_lock@queuing_rw_mutex@tbb@@@tbb@@YAPAVscoped_lock@queuing_rw_mutex@0@ABU?$atomic@PAVscoped_lock@queuing_rw_mutex@tbb@@@0@@Z 1000e660 f i queuing_rw_mutex.obj
 0001:0000d670       ??$compare_and_swap@$01@?$atomic_impl@PAVscoped_lock@queuing_rw_mutex@tbb@@@internal@tbb@@QAEPAVscoped_lock@queuing_rw_mutex@2@PAV342@0@Z 1000e670 f i queuing_rw_mutex.obj
 0001:0000d6b0       ??$__TBB_load_with_acquire@PAVscoped_lock@queuing_rw_mutex@tbb@@@internal@tbb@@YAPAVscoped_lock@queuing_rw_mutex@1@ADSAV231@@Z 1000e6b0 f i queuing_rw_mutex.obj
 0001:0000d6d0       ??$fetch_and_store@$01@?$tricky_atomic_pointer@Vscoped_lock@queuing_rw_mutex@tbb@@@tbb@@SAPAVscoped_lock@queuing_rw_mutex@1@PCRAV231@PAV231@@Z 1000e6d0 f i queuing_rw_mutex.obj
 0001:0000d6f0       ??$fetch_and_add@$00@?$tricky_atomic_pointer@Vscoped_lock@queuing_rw_mutex@tbb@@@tbb@@SAPAVscoped_lock@queuing_rw_mutex@1@PCRAV231@H@Z 1000e6f0 f i queuing_rw_mutex.obj
 0001:0000d710       ??$compare_and_swap@$01@?$tricky_atomic_pointer@Vscoped_lock@queuing_rw_mutex@tbb@@@tbb@@SAPAVscoped_lock@queuing_rw_mutex@1@PCRAV231@PAV231@1@Z 1000e710 f i queuing_rw_mutex.obj
 0001:0000d730       ??$spin_wait_while_eq@PAVscoped_lock@queuing_rw_mutex@tbb@@PAX@internal@tbb@@YAXADSAVscoped_lock@queuing_rw_mutex@1@PAX@Z 1000e730 f i queuing_rw_mutex.obj
 0001:0000d760       ??$spin_wait_while_eq@EH@internal@tbb@@YAXADEH@Z 1000e760 f i queuing_rw_mutex.obj
 0001:0000d790       ??$compare_and_swap@$01@?$atomic_impl@E@internal@tbb@@QAEEEE@Z 1000e790 f i queuing_rw_mutex.obj
 0001:0000d7d0       ?compare_and_swap@?$atomic_traits@$00$00@internal@tbb@@SACPCXCC@Z 1000e7d0 f i queuing_rw_mutex.obj
 0001:0000d7f0       ?load_with_acquire@?$machine_load_store@E$00@internal@tbb@@SAEADE@Z 1000e7f0 f i queuing_rw_mutex.obj
 0001:0000d810       ?store_with_release@?$machine_load_store@E$00@internal@tbb@@SAXACEE@Z 1000e810 f i queuing_rw_mutex.obj
 0001:0000d820       ?load@?$machine_load_store_relaxed@PAVscoped_lock@queuing_rw_mutex@tbb@@$03@internal@tbb@@SAPAVscoped_lock@queuing_rw_mutex@3@ADSAV453@@Z 1000e820 f i queuing_rw_mutex.obj
 0001:0000d830       ?store@?$machine_load_store_relaxed@PAVscoped_lock@queuing_rw_mutex@tbb@@$03@internal@tbb@@SAXACRAVscoped_lock@queuing_rw_mutex@3@PAV453@@Z 1000e830 f i queuing_rw_mutex.obj
 0001:0000d840       ?store@?$machine_load_store_relaxed@E$00@internal@tbb@@SAXACEE@Z 1000e840 f i queuing_rw_mutex.obj
 0001:0000d850       ?load_with_acquire@?$machine_load_store@PAVscoped_lock@queuing_rw_mutex@tbb@@$03@internal@tbb@@SAPAVscoped_lock@queuing_rw_mutex@3@ADSAV453@@Z 1000e850 f i queuing_rw_mutex.obj
 0001:0000d870       ?store_with_release@?$machine_load_store@PAVscoped_lock@queuing_rw_mutex@tbb@@$03@internal@tbb@@SAXACRAVscoped_lock@queuing_rw_mutex@3@PAV453@@Z 1000e870 f i queuing_rw_mutex.obj
 0001:0000d880       ?fetch_and_add@?$atomic_traits@$03$00@internal@tbb@@SAHPCXH@Z 1000e880 f i queuing_rw_mutex.obj
 0001:0000d8a0       ?compare_and_swap@?$atomic_traits@$00$01@internal@tbb@@SACPCXCC@Z 1000e8a0 f i queuing_rw_mutex.obj
 0001:0000d8c0       ??$load@$02@?$atomic_impl@PAVscoped_lock@queuing_rw_mutex@tbb@@@internal@tbb@@QBEPAVscoped_lock@queuing_rw_mutex@2@XZ 1000e8c0 f i queuing_rw_mutex.obj
 0001:0000d8e0       ??$load@H@?$atomic_load_store_traits@$02@internal@tbb@@SAHADH@Z 1000e8e0 f i queuing_rw_mutex.obj
 0001:0000d900       ??$__TBB_load_relaxed@H@internal@tbb@@YAHADH@Z 1000e900 f i queuing_rw_mutex.obj
 0001:0000d920       ?load@?$machine_load_store_relaxed@H$03@internal@tbb@@SAHADH@Z 1000e920 f i queuing_rw_mutex.obj
 0001:0000d930       ?internal_construct@reader_writer_lock@interface5@tbb@@AAEXXZ 1000e930 f   reader_writer_lock.obj
 0001:0000d9b0       ?internal_destroy@reader_writer_lock@interface5@tbb@@AAEXXZ 1000e9b0 f   reader_writer_lock.obj
 0001:0000da60       ?lock@reader_writer_lock@interface5@tbb@@QAEXXZ 1000ea60 f   reader_writer_lock.obj
 0001:0000db00       ?try_lock@reader_writer_lock@interface5@tbb@@QAE_NXZ 1000eb00 f   reader_writer_lock.obj
 0001:0000dbb0       ?start_write@reader_writer_lock@interface5@tbb@@AAE_NPAVscoped_lock@123@@Z 1000ebb0 f   reader_writer_lock.obj
 0001:0000dd70       ?set_next_writer@reader_writer_lock@interface5@tbb@@AAEXPAVscoped_lock@123@@Z 1000ed70 f   reader_writer_lock.obj
 0001:0000de40       ?lock_read@reader_writer_lock@interface5@tbb@@QAEXXZ 1000ee40 f   reader_writer_lock.obj
 0001:0000dec0       ?try_lock_read@reader_writer_lock@interface5@tbb@@QAE_NXZ 1000eec0 f   reader_writer_lock.obj
 0001:0000df20       ?start_read@reader_writer_lock@interface5@tbb@@AAEXPAVscoped_lock_read@123@@Z 1000ef20 f   reader_writer_lock.obj
 0001:0000e040       ?unblock_readers@reader_writer_lock@interface5@tbb@@AAEXXZ 1000f040 f   reader_writer_lock.obj
 0001:0000e150       ?unlock@reader_writer_lock@interface5@tbb@@QAEXXZ 1000f150 f   reader_writer_lock.obj
 0001:0000e290       ?end_write@reader_writer_lock@interface5@tbb@@AAEXPAVscoped_lock@123@@Z 1000f290 f   reader_writer_lock.obj
 0001:0000e3e0       ?end_read@reader_writer_lock@interface5@tbb@@AAEXXZ 1000f3e0 f   reader_writer_lock.obj
 0001:0000e440       ?internal_construct@scoped_lock@reader_writer_lock@interface5@tbb@@AAEXAAV234@@Z 1000f440 f   reader_writer_lock.obj
 0001:0000e4a0       ?internal_construct@scoped_lock_read@reader_writer_lock@interface5@tbb@@AAEXAAV234@@Z 1000f4a0 f   reader_writer_lock.obj
 0001:0000e500       ?internal_destroy@scoped_lock@reader_writer_lock@interface5@tbb@@AAEXXZ 1000f500 f   reader_writer_lock.obj
 0001:0000e560       ?internal_destroy@scoped_lock_read@reader_writer_lock@interface5@tbb@@AAEXXZ 1000f560 f   reader_writer_lock.obj
 0001:0000e600       ??0id@tbb_thread_v3@internal@tbb@@QAE@XZ 1000f600 f i reader_writer_lock.obj
 0001:0000e620       ??2scoped_lock@reader_writer_lock@interface5@tbb@@SAPAXI@Z 1000f620 f i reader_writer_lock.obj
 0001:0000e640       ??3scoped_lock@reader_writer_lock@interface5@tbb@@SAXPAX@Z 1000f640 f i reader_writer_lock.obj
 0001:0000e660       ?get_id@this_tbb_thread@tbb@@YA?AVid@tbb_thread_v3@internal@2@XZ 1000f660 f i reader_writer_lock.obj
 0001:0000e680       ??_Gscoped_lock@reader_writer_lock@interface5@tbb@@QAEPAXI@Z 1000f680 f i reader_writer_lock.obj
 0001:0000e6b0       ??1scoped_lock@reader_writer_lock@interface5@tbb@@QAE@XZ 1000f6b0 f i reader_writer_lock.obj
 0001:0000e6d0       ?fetch_and_or@interface5@tbb@@YAIAAU?$atomic@I@2@I@Z 1000f6d0 f i reader_writer_lock.obj
 0001:0000e720       ??1scoped_lock_read@reader_writer_lock@interface5@tbb@@QAE@XZ 1000f720 f i reader_writer_lock.obj
 0001:0000e740       ??9internal@tbb@@YA_NVid@tbb_thread_v3@01@0@Z 1000f740 f i reader_writer_lock.obj
 0001:0000e760       ?fetch_and_and@interface5@tbb@@YAIAAU?$atomic@I@2@I@Z 1000f760 f i reader_writer_lock.obj
 0001:0000e7b0       ?is_current_writer@reader_writer_lock@interface5@tbb@@AAE_NXZ 1000f7b0 f i reader_writer_lock.obj
 0001:0000e7e0       ??8internal@tbb@@YA_NVid@tbb_thread_v3@01@0@Z 1000f7e0 f i reader_writer_lock.obj
 0001:0000e800       ??0scoped_lock@reader_writer_lock@interface5@tbb@@AAE@XZ 1000f800 f i reader_writer_lock.obj
 0001:0000e840       ??0scoped_lock_read@reader_writer_lock@interface5@tbb@@AAE@XZ 1000f840 f i reader_writer_lock.obj
 0001:0000e880       ??Z?$atomic_impl_with_arithmetic@IID@internal@tbb@@QAEII@Z 1000f880 f i reader_writer_lock.obj
 0001:0000e8a0       ??4?$atomic@W4status_t@reader_writer_lock@interface5@tbb@@@tbb@@QAE?AW4status_t@reader_writer_lock@interface5@1@W42341@@Z 1000f8a0 f i reader_writer_lock.obj
 0001:0000e8c0       ??B?$atomic_impl@W4status_t@reader_writer_lock@interface5@tbb@@@internal@tbb@@QDE?AW4status_t@reader_writer_lock@interface5@2@XZ 1000f8c0 f i reader_writer_lock.obj
 0001:0000e8e0       ??4?$atomic@PAVscoped_lock_read@reader_writer_lock@interface5@tbb@@@tbb@@QAEPAVscoped_lock_read@reader_writer_lock@interface5@1@PAV2341@@Z 1000f8e0 f i reader_writer_lock.obj
 0001:0000e900       ?fetch_and_store@?$atomic_impl@PAVscoped_lock_read@reader_writer_lock@interface5@tbb@@@internal@tbb@@QAEPAVscoped_lock_read@reader_writer_lock@interface5@3@PAV4563@@Z 1000f900 f i reader_writer_lock.obj
 0001:0000e920       ??B?$atomic_impl@PAVscoped_lock_read@reader_writer_lock@interface5@tbb@@@internal@tbb@@QDEPAVscoped_lock_read@reader_writer_lock@interface5@2@XZ 1000f920 f i reader_writer_lock.obj
 0001:0000e940       ??4?$atomic@PAVscoped_lock@reader_writer_lock@interface5@tbb@@@tbb@@QAEPAVscoped_lock@reader_writer_lock@interface5@1@PAV2341@@Z 1000f940 f i reader_writer_lock.obj
 0001:0000e960       ??C?$atomic@PAVscoped_lock@reader_writer_lock@interface5@tbb@@@tbb@@QBEPAVscoped_lock@reader_writer_lock@interface5@1@XZ 1000f960 f i reader_writer_lock.obj
 0001:0000e980       ?fetch_and_store@?$atomic_impl@PAVscoped_lock@reader_writer_lock@interface5@tbb@@@internal@tbb@@QAEPAVscoped_lock@reader_writer_lock@interface5@3@PAV4563@@Z 1000f980 f i reader_writer_lock.obj
 0001:0000e9a0       ?compare_and_swap@?$atomic_impl@PAVscoped_lock@reader_writer_lock@interface5@tbb@@@internal@tbb@@QAEPAVscoped_lock@reader_writer_lock@interface5@3@PAV4563@0@Z 1000f9a0 f i reader_writer_lock.obj
 0001:0000e9c0       ??B?$atomic_impl@PAVscoped_lock@reader_writer_lock@interface5@tbb@@@internal@tbb@@QDEPAVscoped_lock@reader_writer_lock@interface5@2@XZ 1000f9c0 f i reader_writer_lock.obj
 0001:0000e9e0       ?store_with_release@?$atomic_impl@W4status_t@reader_writer_lock@interface5@tbb@@@internal@tbb@@IAE?AW4status_t@reader_writer_lock@interface5@3@W44563@@Z 1000f9e0 f i reader_writer_lock.obj
 0001:0000ea10       ?store_with_release@?$atomic_impl@PAVscoped_lock_read@reader_writer_lock@interface5@tbb@@@internal@tbb@@IAEPAVscoped_lock_read@reader_writer_lock@interface5@3@PAV4563@@Z 1000fa10 f i reader_writer_lock.obj
 0001:0000ea40       ?store_with_release@?$atomic_impl@PAVscoped_lock@reader_writer_lock@interface5@tbb@@@internal@tbb@@IAEPAVscoped_lock@reader_writer_lock@interface5@3@PAV4563@@Z 1000fa40 f i reader_writer_lock.obj
 0001:0000ea70       ??$spin_wait_while_eq@PAVscoped_lock@reader_writer_lock@interface5@tbb@@PAV1234@@internal@tbb@@YAXADSAVscoped_lock@reader_writer_lock@interface5@1@PAV2341@@Z 1000fa70 f i reader_writer_lock.obj
 0001:0000eaa0       ??$spin_wait_while_eq@U?$atomic@W4status_t@reader_writer_lock@interface5@tbb@@@tbb@@W4status_t@reader_writer_lock@interface5@2@@internal@tbb@@YAXADU?$atomic@W4status_t@reader_writer_lock@interface5@tbb@@@1@W4status_t@reader_writer_lock@interface5@1@@Z 1000faa0 f i reader_writer_lock.obj
 0001:0000ead0       ??$spin_wait_until_and@U?$atomic@I@tbb@@I@interface5@tbb@@YAXADU?$atomic@I@1@I@Z 1000fad0 f i reader_writer_lock.obj
 0001:0000eb00       ??$spin_wait_while_geq@U?$atomic@I@tbb@@I@interface5@tbb@@YAXADU?$atomic@I@1@I@Z 1000fb00 f i reader_writer_lock.obj
 0001:0000eb30       ??$fetch_and_store@$0A@@?$atomic_impl@PAVscoped_lock_read@reader_writer_lock@interface5@tbb@@@internal@tbb@@QAEPAVscoped_lock_read@reader_writer_lock@interface5@2@PAV3452@@Z 1000fb30 f i reader_writer_lock.obj
 0001:0000eb60       ??$fetch_and_store@$0A@@?$atomic_impl@PAVscoped_lock@reader_writer_lock@interface5@tbb@@@internal@tbb@@QAEPAVscoped_lock@reader_writer_lock@interface5@2@PAV3452@@Z 1000fb60 f i reader_writer_lock.obj
 0001:0000eb90       ??$compare_and_swap@$0A@@?$atomic_impl@PAVscoped_lock@reader_writer_lock@interface5@tbb@@@internal@tbb@@QAEPAVscoped_lock@reader_writer_lock@interface5@2@PAV3452@0@Z 1000fb90 f i reader_writer_lock.obj
 0001:0000ebd0       ?internal_acquire_writer@spin_rw_mutex_v3@tbb@@AAE_NXZ 1000fbd0 f   spin_rw_mutex.obj
 0001:0000ec90       ?internal_release_writer@spin_rw_mutex_v3@tbb@@AAEXXZ 1000fc90 f   spin_rw_mutex.obj
 0001:0000ece0       ?internal_acquire_reader@spin_rw_mutex_v3@tbb@@AAEXXZ 1000fce0 f   spin_rw_mutex.obj
 0001:0000edb0       ?internal_upgrade@spin_rw_mutex_v3@tbb@@AAE_NXZ 1000fdb0 f   spin_rw_mutex.obj
 0001:0000eed0       ?internal_downgrade@spin_rw_mutex_v3@tbb@@AAEXXZ 1000fed0 f   spin_rw_mutex.obj
 0001:0000ef30       ?internal_release_reader@spin_rw_mutex_v3@tbb@@AAEXXZ 1000ff30 f   spin_rw_mutex.obj
 0001:0000ef90       ?internal_try_acquire_writer@spin_rw_mutex_v3@tbb@@AAE_NXZ 1000ff90 f   spin_rw_mutex.obj
 0001:0000eff0       ?internal_try_acquire_reader@spin_rw_mutex_v3@tbb@@AAE_NXZ 1000fff0 f   spin_rw_mutex.obj
 0001:0000f060       ?internal_construct@spin_rw_mutex_v3@tbb@@AAEXXZ 10010060 f   spin_rw_mutex.obj
 0001:0000f0e0       ?reset@atomic_backoff@internal@tbb@@QAEXXZ 100100e0 f i spin_rw_mutex.obj
 0001:0000f100       ?internal_acquire@scoped_lock@spin_mutex@tbb@@AAEXAAV23@@Z 10010100 f   spin_mutex.obj
 0001:0000f1c0       ?internal_release@scoped_lock@spin_mutex@tbb@@AAEXXZ 100101c0 f   spin_mutex.obj
 0001:0000f250       ?internal_try_acquire@scoped_lock@spin_mutex@tbb@@AAE_NAAV23@@Z 10010250 f   spin_mutex.obj
 0001:0000f2d0       ?internal_construct@spin_mutex@tbb@@QAEXXZ 100102d0 f   spin_mutex.obj
 0001:0000f300       ?__TBB_LockByte@@YAEAAE@Z  10010300 f i spin_mutex.obj
 0001:0000f340       ?__TBB_TryLockByte@@YA_NAAE@Z 10010340 f i spin_mutex.obj
 0001:0000f360       ?internal_construct@critical_section_v4@internal@tbb@@QAEXXZ 10010360 f   critical_section.obj
 0001:0000f390       ??_E?$padded@U?$queue_and_mutex@PAVtask@tbb@@Vspin_mutex@2@@internal@tbb@@@internal@tbb@@QAEPAXI@Z 10010390 f i task.obj
 0001:0000f400       ??1?$padded@U?$queue_and_mutex@PAVtask@tbb@@Vspin_mutex@2@@internal@tbb@@@internal@tbb@@QAE@XZ 10010400 f i task.obj
 0001:0000f420       ??1?$padded_base@U?$queue_and_mutex@PAVtask@tbb@@Vspin_mutex@2@@internal@tbb@@$0BM@@internal@tbb@@QAE@XZ 10010420 f i task.obj
 0001:0000f440       ?allocate@allocate_root_proxy@internal@tbb@@SAAAVtask@3@I@Z 10010440 f   task.obj
 0001:0000f4c0       ?free@allocate_root_proxy@internal@tbb@@SAXAAVtask@3@@Z 100104c0 f   task.obj
 0001:0000f500       ?allocate@allocate_root_with_context_proxy@internal@tbb@@QBEAAVtask@3@I@Z 10010500 f   task.obj
 0001:0000f5b0       ?free@allocate_root_with_context_proxy@internal@tbb@@QBEXAAVtask@3@@Z 100105b0 f   task.obj
 0001:0000f600       ?allocate@allocate_continuation_proxy@internal@tbb@@QBEAAVtask@3@I@Z 10010600 f   task.obj
 0001:0000f670       ?free@allocate_continuation_proxy@internal@tbb@@QBEXAAVtask@3@@Z 10010670 f   task.obj
 0001:0000f6b0       ?allocate@allocate_child_proxy@internal@tbb@@QBEAAVtask@3@I@Z 100106b0 f   task.obj
 0001:0000f700       ?free@allocate_child_proxy@internal@tbb@@QBEXAAVtask@3@@Z 10010700 f   task.obj
 0001:0000f720       ?allocate@allocate_additional_child_of_proxy@internal@tbb@@QBEAAVtask@3@I@Z 10010720 f   task.obj
 0001:0000f790       ?free@allocate_additional_child_of_proxy@internal@tbb@@QBEXAAVtask@3@@Z 10010790 f   task.obj
 0001:0000f7c0       ?get_initial_auto_partitioner_divisor@internal@tbb@@YAIXZ 100107c0 f   task.obj
 0001:0000f7e0       ?resize@affinity_partitioner_base_v3@internal@tbb@@AAEXI@Z 100107e0 f   task.obj
 0001:0000f890       ?internal_set_ref_count@task@tbb@@AAEXH@Z 10010890 f   task.obj
 0001:0000f950       ?internal_decrement_ref_count@task@tbb@@AAEHXZ 10010950 f   task.obj
 0001:0000f9f0       ?self@task@tbb@@SAAAV12@XZ 100109f0 f   task.obj
 0001:0000fa40       ?is_owned_by_current_thread@task@tbb@@QBE_NXZ 10010a40 f   task.obj
 0001:0000fa50       ?destroy@task_base@internal@interface5@tbb@@SAXAAVtask@4@@Z 10010a50 f   task.obj
 0001:0000fb20       ?spawn_and_wait_for_all@task@tbb@@QAEXAAVtask_list@2@@Z 10010b20 f   task.obj
 0001:0000fba0       ?note_affinity@task@tbb@@UAEXG@Z 10010ba0 f   task.obj
 0001:0000fbb0       ?change_group@task@tbb@@QAEXAAVtask_group_context@2@@Z 10010bb0 f   task.obj
 0001:0000fc30       ?prefix@task@tbb@@QBEAAVtask_prefix@internal@2@PAUversion_tag_v3@42@@Z 10010c30 f i task.obj
 0001:0000fc50       ?local_scheduler@governor@internal@tbb@@SAPAVgeneric_scheduler@23@XZ 10010c50 f i task.obj
 0001:0000fc90       ?assert_task_valid@internal@tbb@@YAXABVtask@2@@Z 10010c90 f i task.obj
 0001:0000fd40       ?state@task@tbb@@QBE?AW4state_type@12@XZ 10010d40 f i task.obj
 0001:0000fd60       ?increment_ref_count@task@tbb@@QAEXXZ 10010d60 f i task.obj
 0001:0000fd90       ?max_number_of_workers@governor@internal@tbb@@SAIXZ 10010d90 f i task.obj
 0001:0000fdb0       ?number_of_workers_in_my_arena@generic_scheduler@internal@tbb@@QAEIXZ 10010db0 f i task.obj
 0001:0000fdd0       ?assert_task_pool_valid@generic_scheduler@internal@tbb@@IBEXXZ 10010dd0 f i task.obj
 0001:0000fde0       ?clear@task_list@tbb@@QAEXXZ 10010de0 f i task.obj
 0001:0000fe00       ?get@?$basic_tls@PAVgeneric_scheduler@internal@tbb@@@internal@tbb@@QAEPAVgeneric_scheduler@23@XZ 10010e00 f i task.obj
 0001:0000fe20       ??1?$queue_and_mutex@PAVtask@tbb@@Vspin_mutex@2@@internal@tbb@@QAE@XZ 10010e20 f i task.obj
 0001:0000fe40       ??1?$deque@PAVtask@tbb@@V?$tbb_allocator@PAVtask@tbb@@@2@@std@@QAE@XZ 10010e40 f i task.obj
 0001:0000fea0       ?_Tidy@?$deque@PAVtask@tbb@@V?$tbb_allocator@PAVtask@tbb@@@2@@std@@IAEXXZ 10010ea0 f i task.obj
 0001:0000ff60       ?empty@?$deque@PAVtask@tbb@@V?$tbb_allocator@PAVtask@tbb@@@2@@std@@QBE_NXZ 10010f60 f i task.obj
 0001:0000ff80       ?pop_back@?$deque@PAVtask@tbb@@V?$tbb_allocator@PAVtask@tbb@@@2@@std@@QAEXXZ 10010f80 f i task.obj
 0001:00010060       ?_Orphan_off@?$deque@PAVtask@tbb@@V?$tbb_allocator@PAVtask@tbb@@@2@@std@@IBEXI@Z 10011060 f i task.obj
 0001:00010160       ?_Clrcont@_Iterator_base12@std@@QAEXXZ 10011160 f i task.obj
 0001:00010180       ?_Getpnext@_Iterator_base12@std@@QAEPAPAU12@XZ 10011180 f i task.obj
 0001:000101a0       ??1?$_Deque_val@PAVtask@tbb@@V?$tbb_allocator@PAVtask@tbb@@@2@@std@@QAE@XZ 100111a0 f i task.obj
 0001:00010240       ?deallocate@?$tbb_allocator@PAVtask@tbb@@@tbb@@QAEXPAPAVtask@2@I@Z 10011240 f i task.obj
 0001:00010260       ?deallocate@?$tbb_allocator@PAPAVtask@tbb@@@tbb@@QAEXPAPAPAVtask@2@I@Z 10011260 f i task.obj
 0001:00010280       ?deallocate@?$tbb_allocator@U_Container_proxy@std@@@tbb@@QAEXPAU_Container_proxy@std@@I@Z 10011280 f i task.obj
 0001:000102a0       ??$is_poisoned@$$CBVtask@tbb@@@internal@tbb@@YA_NPBVtask@1@@Z 100112a0 f i task.obj
 0001:000102b0       ??$free_task@$00@generic_scheduler@internal@tbb@@QAEXAAVtask@2@@Z 100112b0 f i task.obj
 0001:000103c0       ?deallocate_task@generic_scheduler@internal@tbb@@QAEXAAVtask@3@@Z 100113c0 f i task.obj
 0001:00010420       ??$poison_pointer@Vscheduler@internal@tbb@@@internal@tbb@@YAXAAPAVscheduler@01@@Z 10011420 f i task.obj
 0001:00010430       ??$poison_pointer@Vtask@tbb@@@internal@tbb@@YAXAAPAVtask@1@@Z 10011430 f i task.obj
 0001:00010440       ??$free_task@$0A@@generic_scheduler@internal@tbb@@QAEXAAVtask@2@@Z 10011440 f i task.obj
 0001:00010560       ??$_Dest_val@V?$tbb_allocator@PAVtask@tbb@@@tbb@@PAVtask@2@@std@@YAXAAV?$tbb_allocator@PAVtask@tbb@@@tbb@@PAPAVtask@2@@Z 10011560 f i task.obj
 0001:00010580       ??$_Dest_val@V?$tbb_allocator@PAPAVtask@tbb@@@tbb@@PAPAVtask@2@@std@@YAXAAV?$tbb_allocator@PAPAVtask@tbb@@@tbb@@PAPAPAVtask@2@@Z 10011580 f i task.obj
 0001:000105a0       ??$?0PAVtask@tbb@@@?$tbb_allocator@U_Container_proxy@std@@@tbb@@QAE@ABV?$tbb_allocator@PAVtask@tbb@@@1@@Z 100115a0 f i task.obj
 0001:000105b0       ??$_Dest_val@V?$tbb_allocator@U_Container_proxy@std@@@tbb@@U_Container_proxy@std@@@std@@YAXAAV?$tbb_allocator@U_Container_proxy@std@@@tbb@@PAU_Container_proxy@0@@Z 100115b0 f i task.obj
 0001:000105d0       ?destroy@?$tbb_allocator@PAVtask@tbb@@@tbb@@QAEXPAPAVtask@2@@Z 100115d0 f i task.obj
 0001:000105e0       ?destroy@?$tbb_allocator@PAPAVtask@tbb@@@tbb@@QAEXPAPAPAVtask@2@@Z 100115e0 f i task.obj
 0001:000105f0       ?destroy@?$tbb_allocator@U_Container_proxy@std@@@tbb@@QAEXPAU_Container_proxy@std@@@Z 100115f0 f i task.obj
 0001:00010600       ??$poison_value@H@internal@tbb@@YAXAAH@Z 10011600 f i task.obj
 0001:00010620       ??$punned_cast@PAH$$CBI@internal@tbb@@YAPAHPBI@Z 10011620 f i task.obj
 0001:00010640       ?set_assertion_handler@tbb@@YAP6AXPBDH00@ZP6AX0H00@Z@Z 10011640 f   tbb_misc.obj
 0001:00010660       ?assertion_failure@tbb@@YAXPBDH00@Z 10011660 f   tbb_misc.obj
 0001:00010730       ?runtime_warning@internal@tbb@@YAXPBDZZ 10011730 f   tbb_misc.obj
 0001:000107b0       ?what@bad_last_alloc@tbb@@UBEPBDXZ 100117b0 f   tbb_misc.obj
 0001:000107c0       ?what@improper_lock@tbb@@UBEPBDXZ 100117c0 f   tbb_misc.obj
 0001:000107d0       ?what@user_abort@tbb@@UBEPBDXZ 100117d0 f   tbb_misc.obj
 0001:000107e0       ?what@invalid_multiple_scheduling@tbb@@UBEPBDXZ 100117e0 f   tbb_misc.obj
 0001:000107f0       ?what@missing_wait@tbb@@UBEPBDXZ 100117f0 f   tbb_misc.obj
 0001:00010800       ?handle_perror@internal@tbb@@YAXHPBD@Z 10011800 f   tbb_misc.obj
 0001:000108d0       ?handle_win_error@internal@tbb@@YAXH@Z 100118d0 f   tbb_misc.obj
 0001:00010940       ?throw_bad_last_alloc_exception_v4@internal@tbb@@YAXXZ 10011940 f   tbb_misc.obj
 0001:00010950       ?throw_exception_v4@internal@tbb@@YAXW4exception_id@12@@Z 10011950 f   tbb_misc.obj
 0001:00010c00       ?GetBoolEnvironmentVariable@internal@tbb@@YA_NPBD@Z 10011c00 f   tbb_misc.obj
 0001:00010c40       ?PrintVersion@internal@tbb@@YAXXZ 10011c40 f   tbb_misc.obj
 0001:00010c70       ?PrintExtraVersionInfo@internal@tbb@@YAXPBD0ZZ 10011c70 f   tbb_misc.obj
 0001:00010d00       ?PrintRMLVersionInfo@internal@tbb@@YAXPAXPBD@Z 10011d00 f   tbb_misc.obj
 0001:00010d20       _TBB_runtime_interface_version 10011d20 f   tbb_misc.obj
 0001:00010d30       ___TBB_machine_store8_slow_perf_warning 10011d30 f   tbb_misc.obj
 0001:00010db0       ___TBB_machine_store8_slow 10011db0 f   tbb_misc.obj
 0001:00010e40       ?strchr@@YAPADPADH@Z       10011e40 f i tbb_misc.obj
 0001:00010e60       ??0runtime_error@std@@QAE@PBD@Z 10011e60 f i tbb_misc.obj
 0001:00010e90       ??_Eruntime_error@std@@UAEPAXI@Z 10011e90 f i tbb_misc.obj
 0001:00010e90       ??_Gruntime_error@std@@UAEPAXI@Z 10011e90 f i tbb_misc.obj
 0001:00010ec0       ??1runtime_error@std@@UAE@XZ 10011ec0 f i tbb_misc.obj
 0001:00010ee0       ??0runtime_error@std@@QAE@ABV01@@Z 10011ee0 f i tbb_misc.obj
 0001:00010f10       ??0bad_alloc@std@@QAE@XZ   10011f10 f i tbb_misc.obj
 0001:00010f40       ??1bad_alloc@std@@UAE@XZ   10011f40 f i tbb_misc.obj
 0001:00010f60       ??_Ebad_alloc@std@@UAEPAXI@Z 10011f60 f i tbb_misc.obj
 0001:00010f60       ??_Gbad_alloc@std@@UAEPAXI@Z 10011f60 f i tbb_misc.obj
 0001:00010f90       ??0invalid_argument@std@@QAE@PBD@Z 10011f90 f i tbb_misc.obj
 0001:00010fc0       ??0logic_error@std@@QAE@PBD@Z 10011fc0 f i tbb_misc.obj
 0001:00010ff0       ??_Elogic_error@std@@UAEPAXI@Z 10011ff0 f i tbb_misc.obj
 0001:00010ff0       ??_Glogic_error@std@@UAEPAXI@Z 10011ff0 f i tbb_misc.obj
 0001:00011020       ??1logic_error@std@@UAE@XZ 10012020 f i tbb_misc.obj
 0001:00011040       ??_Ginvalid_argument@std@@UAEPAXI@Z 10012040 f i tbb_misc.obj
 0001:00011040       ??_Einvalid_argument@std@@UAEPAXI@Z 10012040 f i tbb_misc.obj
 0001:00011070       ??1invalid_argument@std@@UAE@XZ 10012070 f i tbb_misc.obj
 0001:00011090       ??0length_error@std@@QAE@PBD@Z 10012090 f i tbb_misc.obj
 0001:000110c0       ??_Elength_error@std@@UAEPAXI@Z 100120c0 f i tbb_misc.obj
 0001:000110c0       ??_Glength_error@std@@UAEPAXI@Z 100120c0 f i tbb_misc.obj
 0001:000110f0       ??1length_error@std@@UAE@XZ 100120f0 f i tbb_misc.obj
 0001:00011110       ??0out_of_range@std@@QAE@PBD@Z 10012110 f i tbb_misc.obj
 0001:00011140       ??_Eout_of_range@std@@UAEPAXI@Z 10012140 f i tbb_misc.obj
 0001:00011140       ??_Gout_of_range@std@@UAEPAXI@Z 10012140 f i tbb_misc.obj
 0001:00011170       ??1out_of_range@std@@UAE@XZ 10012170 f i tbb_misc.obj
 0001:00011190       ??0range_error@std@@QAE@PBD@Z 10012190 f i tbb_misc.obj
 0001:000111c0       ??_Erange_error@std@@UAEPAXI@Z 100121c0 f i tbb_misc.obj
 0001:000111c0       ??_Grange_error@std@@UAEPAXI@Z 100121c0 f i tbb_misc.obj
 0001:000111f0       ??1range_error@std@@UAE@XZ 100121f0 f i tbb_misc.obj
 0001:00011210       ??0bad_last_alloc@tbb@@QAE@XZ 10012210 f i tbb_misc.obj
 0001:00011230       ??1bad_last_alloc@tbb@@UAE@XZ 10012230 f i tbb_misc.obj
 0001:00011250       ??0missing_wait@tbb@@QAE@XZ 10012250 f i tbb_misc.obj
 0001:00011270       ??1missing_wait@tbb@@UAE@XZ 10012270 f i tbb_misc.obj
 0001:00011290       ??0invalid_multiple_scheduling@tbb@@QAE@XZ 10012290 f i tbb_misc.obj
 0001:000112b0       ??1invalid_multiple_scheduling@tbb@@UAE@XZ 100122b0 f i tbb_misc.obj
 0001:000112d0       ??0improper_lock@tbb@@QAE@XZ 100122d0 f i tbb_misc.obj
 0001:000112f0       ??1improper_lock@tbb@@UAE@XZ 100122f0 f i tbb_misc.obj
 0001:00011310       ??0user_abort@tbb@@QAE@XZ  10012310 f i tbb_misc.obj
 0001:00011330       ??1user_abort@tbb@@UAE@XZ  10012330 f i tbb_misc.obj
 0001:00011350       ??0bad_alloc@std@@QAE@ABV01@@Z 10012350 f i tbb_misc.obj
 0001:00011380       ??0bad_last_alloc@tbb@@QAE@ABV01@@Z 10012380 f i tbb_misc.obj
 0001:000113b0       ??0invalid_argument@std@@QAE@ABV01@@Z 100123b0 f i tbb_misc.obj
 0001:000113e0       ??0logic_error@std@@QAE@ABV01@@Z 100123e0 f i tbb_misc.obj
 0001:00011410       ??0out_of_range@std@@QAE@ABV01@@Z 10012410 f i tbb_misc.obj
 0001:00011440       ??0range_error@std@@QAE@ABV01@@Z 10012440 f i tbb_misc.obj
 0001:00011470       ??0missing_wait@tbb@@QAE@ABV01@@Z 10012470 f i tbb_misc.obj
 0001:000114a0       ??0invalid_multiple_scheduling@tbb@@QAE@ABV01@@Z 100124a0 f i tbb_misc.obj
 0001:000114d0       ??0improper_lock@tbb@@QAE@ABV01@@Z 100124d0 f i tbb_misc.obj
 0001:00011500       ??0length_error@std@@QAE@ABV01@@Z 10012500 f i tbb_misc.obj
 0001:00011530       ??0user_abort@tbb@@QAE@ABV01@@Z 10012530 f i tbb_misc.obj
 0001:00011560       ??_Ebad_last_alloc@tbb@@UAEPAXI@Z 10012560 f i tbb_misc.obj
 0001:00011560       ??_Gbad_last_alloc@tbb@@UAEPAXI@Z 10012560 f i tbb_misc.obj
 0001:00011590       ??_Emissing_wait@tbb@@UAEPAXI@Z 10012590 f i tbb_misc.obj
 0001:00011590       ??_Gmissing_wait@tbb@@UAEPAXI@Z 10012590 f i tbb_misc.obj
 0001:000115c0       ??_Einvalid_multiple_scheduling@tbb@@UAEPAXI@Z 100125c0 f i tbb_misc.obj
 0001:000115c0       ??_Ginvalid_multiple_scheduling@tbb@@UAEPAXI@Z 100125c0 f i tbb_misc.obj
 0001:000115f0       ??_Gimproper_lock@tbb@@UAEPAXI@Z 100125f0 f i tbb_misc.obj
 0001:000115f0       ??_Eimproper_lock@tbb@@UAEPAXI@Z 100125f0 f i tbb_misc.obj
 0001:00011620       ??_Euser_abort@tbb@@UAEPAXI@Z 10012620 f i tbb_misc.obj
 0001:00011620       ??_Guser_abort@tbb@@UAEPAXI@Z 10012620 f i tbb_misc.obj
 0001:00011650       ??4?$atomic@PAX@tbb@@QAEPAXPAX@Z 10012650 f i tbb_misc.obj
 0001:00011670       ??B?$atomic_impl@PAX@internal@tbb@@QDEPAXXZ 10012670 f i tbb_misc.obj
 0001:00011690       ?store_with_release@?$atomic_impl@PAX@internal@tbb@@IAEPAXPAX@Z 10012690 f i tbb_misc.obj
 0001:000116c0       ?AvailableHwConcurrency@internal@tbb@@YAHXZ 100126c0 f   tbb_misc_ex.obj
 0001:000119b0       ?NumberOfProcessorGroups@internal@tbb@@YAHXZ 100129b0 f   tbb_misc_ex.obj
 0001:000119f0       ?FindProcessorGroupIndex@internal@tbb@@YAHH@Z 100129f0 f   tbb_misc_ex.obj
 0001:00011b50       ?MoveThreadIntoProcessorGroup@internal@tbb@@YAXPAXH@Z 10012b50 f   tbb_misc_ex.obj
 0001:00011c20       ?internal_acquire@scoped_lock@mutex@tbb@@AAEXAAV23@@Z 10012c20 f   mutex.obj
 0001:00011ce0       ?internal_release@scoped_lock@mutex@tbb@@AAEXXZ 10012ce0 f   mutex.obj
 0001:00011dc0       ?internal_try_acquire@scoped_lock@mutex@tbb@@AAE_NAAV23@@Z 10012dc0 f   mutex.obj
 0001:00011ea0       ?internal_construct@mutex@tbb@@AAEXXZ 10012ea0 f   mutex.obj
 0001:00011ef0       ?internal_destroy@mutex@tbb@@AAEXXZ 10012ef0 f   mutex.obj
 0001:00011f80       ?internal_acquire@scoped_lock@recursive_mutex@tbb@@AAEXAAV23@@Z 10012f80 f   recursive_mutex.obj
 0001:00012000       ?internal_release@scoped_lock@recursive_mutex@tbb@@AAEXXZ 10013000 f   recursive_mutex.obj
 0001:000120b0       ?internal_try_acquire@scoped_lock@recursive_mutex@tbb@@AAE_NAAV23@@Z 100130b0 f   recursive_mutex.obj
 0001:00012150       ?internal_construct@recursive_mutex@tbb@@AAEXXZ 10013150 f   recursive_mutex.obj
 0001:000121a0       ?internal_destroy@recursive_mutex@tbb@@AAEXXZ 100131a0 f   recursive_mutex.obj
 0001:00012230       ?init_condvar_using_event@internal@tbb@@YGXPAUcondition_variable_using_event@1interface5@2@@Z 10013230 f   condition_variable.obj
 0001:00012280       ?sleep_condition_variable_cs_using_event@internal@tbb@@YGHPAUcondition_variable_using_event@1interface5@2@PAU_RTL_CRITICAL_SECTION@@K@Z 10013280 f   condition_variable.obj
 0001:000123f0       ?wake_condition_variable_using_event@internal@tbb@@YGXPAUcondition_variable_using_event@1interface5@2@@Z 100133f0 f   condition_variable.obj
 0001:00012450       ?wake_all_condition_variable_using_event@internal@tbb@@YGXPAUcondition_variable_using_event@1interface5@2@@Z 10013450 f   condition_variable.obj
 0001:000124b0       ?destroy_condvar_using_event@internal@tbb@@YGXPAUcondition_variable_using_event@1interface5@2@@Z 100134b0 f   condition_variable.obj
 0001:00012530       ?destroy_condvar_noop@internal@tbb@@YGXPAU_RTL_CONDITION_VARIABLE@@@Z 10013530 f   condition_variable.obj
 0001:00012540       ?init_condvar_module@internal@tbb@@YAXXZ 10013540 f   condition_variable.obj
 0001:000125a0       ?internal_initialize_condition_variable@internal@interface5@tbb@@YAXAATcondvar_impl_t@123@@Z 100135a0 f   condition_variable.obj
 0001:000125d0       ?internal_destroy_condition_variable@internal@interface5@tbb@@YAXAATcondvar_impl_t@123@@Z 100135d0 f   condition_variable.obj
 0001:000125e0       ?internal_condition_variable_notify_one@internal@interface5@tbb@@YAXAATcondvar_impl_t@123@@Z 100135e0 f   condition_variable.obj
 0001:000125f0       ?internal_condition_variable_notify_all@internal@interface5@tbb@@YAXAATcondvar_impl_t@123@@Z 100135f0 f   condition_variable.obj
 0001:00012600       ?internal_condition_variable_wait@internal@interface5@tbb@@YA_NAATcondvar_impl_t@123@PAVmutex@3@PBVinterval_t@tick_count@3@@Z 10013600 f   condition_variable.obj
 0001:000126d0       ?native_handle@mutex@tbb@@QAEPAU_RTL_CRITICAL_SECTION@@XZ 100136d0 f i condition_variable.obj
 0001:000126e0       ?set_state@mutex@tbb@@QAEXW4state_t@12@@Z 100136e0 f i condition_variable.obj
 0001:00012700       ?seconds@interval_t@tick_count@tbb@@QBENXZ 10013700 f i condition_variable.obj
 0001:00012730       ??$spin_wait_until_eq@HH@internal@tbb@@YAXADHH@Z 10013730 f i condition_variable.obj
 0001:00012760       ?allocate_closure_v3@internal@tbb@@YAPAXI@Z 10013760 f   tbb_thread.obj
 0001:00012780       ?free_closure_v3@internal@tbb@@YAXPAX@Z 10013780 f   tbb_thread.obj
 0001:000127a0       ?join@tbb_thread_v3@internal@tbb@@QAEXXZ 100137a0 f   tbb_thread.obj
 0001:00012840       ?detach@tbb_thread_v3@internal@tbb@@QAEXXZ 10013840 f   tbb_thread.obj
 0001:000128b0       ?internal_start@tbb_thread_v3@internal@tbb@@AAEXP6GIPAX@Z0@Z 100138b0 f   tbb_thread.obj
 0001:00012910       ?hardware_concurrency@tbb_thread_v3@internal@tbb@@SAIXZ 10013910 f   tbb_thread.obj
 0001:00012920       ?thread_get_id_v3@internal@tbb@@YA?AVid@tbb_thread_v3@12@XZ 10013920 f   tbb_thread.obj
 0001:00012940       ?move_v3@internal@tbb@@YAXAAVtbb_thread_v3@12@0@Z 10013940 f   tbb_thread.obj
 0001:00012990       ?thread_yield_v3@internal@tbb@@YAXXZ 10013990 f   tbb_thread.obj
 0001:000129a0       ?thread_sleep_v3@internal@tbb@@YAXABVinterval_t@tick_count@2@@Z 100139a0 f   tbb_thread.obj
 0001:00012a70       ?joinable@tbb_thread_v3@internal@tbb@@QBE_NXZ 10013a70 f i tbb_thread.obj
 0001:00012a90       ?default_num_threads@governor@internal@tbb@@SAIXZ 10013a90 f i tbb_thread.obj
 0001:00012ad0       ??0id@tbb_thread_v3@internal@tbb@@AAE@K@Z 10013ad0 f i tbb_thread.obj
 0001:00012af0       ??Gtbb@@YA?AVinterval_t@tick_count@0@ABV120@0@Z 10013af0 f i tbb_thread.obj
 0001:00012b20       ??0interval_t@tick_count@tbb@@AAE@_J@Z 10013b20 f i tbb_thread.obj
 0001:00012b40       ?now@tick_count@tbb@@SA?AV12@XZ 10013b40 f i tbb_thread.obj
 0001:00012b80       ??0tick_count@tbb@@QAE@XZ  10013b80 f i tbb_thread.obj
 0001:00012ba0       ??Gtbb@@YA?AVinterval_t@tick_count@0@ABV20@0@Z 10013ba0 f i tbb_thread.obj
 0001:00012bd0       ?init@thread_context@concurrent_monitor@internal@tbb@@AAEXXZ 10013bd0 f   concurrent_monitor.obj
 0001:00012c60       ??1concurrent_monitor@internal@tbb@@QAE@XZ 10013c60 f   concurrent_monitor.obj
 0001:00012cf0       ?prepare_wait@concurrent_monitor@internal@tbb@@QAEXAAVthread_context@123@I@Z 10013cf0 f   concurrent_monitor.obj
 0001:00012dd0       ?cancel_wait@concurrent_monitor@internal@tbb@@QAEXAAVthread_context@123@@Z 10013dd0 f   concurrent_monitor.obj
 0001:00012e80       ?notify_one_relaxed@concurrent_monitor@internal@tbb@@QAEXXZ 10013e80 f   concurrent_monitor.obj
 0001:00012f80       ?notify_all_relaxed@concurrent_monitor@internal@tbb@@QAEXXZ 10013f80 f   concurrent_monitor.obj
 0001:000130d0       ?abort_all_relaxed@concurrent_monitor@internal@tbb@@QAEXXZ 100140d0 f   concurrent_monitor.obj
 0001:00013230       ?flush_to@circular_doubly_linked_list_with_sentinel@internal@tbb@@QAEXAAV123@@Z 10014230 f i concurrent_monitor.obj
 0001:000132b0       ?init_binsem_using_event@internal@tbb@@YGXPAU_RTL_SRWLOCK@@@Z 100142b0 f   semaphore.obj
 0001:000132e0       ?acquire_binsem_using_event@internal@tbb@@YGXPAU_RTL_SRWLOCK@@@Z 100142e0 f   semaphore.obj
 0001:00013300       ?release_binsem_using_event@internal@tbb@@YGXPAU_RTL_SRWLOCK@@@Z 10014300 f   semaphore.obj
 0001:00013320       ??0binary_semaphore@internal@tbb@@QAE@XZ 10014320 f   semaphore.obj
 0001:00013370       ??1binary_semaphore@internal@tbb@@QAE@XZ 10014370 f   semaphore.obj
 0001:000133a0       ?P@binary_semaphore@internal@tbb@@QAEXXZ 100143a0 f   semaphore.obj
 0001:000133c0       ?V@binary_semaphore@internal@tbb@@QAEXXZ 100143c0 f   semaphore.obj
 0001:00013420       ?init_concmon_module@internal@tbb@@YAXXZ 10014420 f i semaphore.obj
 0001:00013470       ?thread_routine@private_worker@rml@internal@tbb@@CGIPAX@Z 10014470 f   private_server.obj
 0001:00013500       ?start_shutdown@private_worker@rml@internal@tbb@@AAEXXZ 10014500 f   private_server.obj
 0001:00013590       ?run@private_worker@rml@internal@tbb@@AAEXXZ 10014590 f   private_server.obj
 0001:000136d0       ??0private_server@rml@internal@tbb@@QAE@AAVtbb_client@123@@Z 100146d0 f   private_server.obj
 0001:00013890       ??1private_server@rml@internal@tbb@@EAE@XZ 10014890 f   private_server.obj
 0001:00013930       ?wake_some@private_server@rml@internal@tbb@@AAEXH@Z 10014930 f   private_server.obj
 0001:00013ab0       ?adjust_job_count_estimate@private_server@rml@internal@tbb@@UAEXH@Z 10014ab0 f   private_server.obj
 0001:00013b00       ?make_private_server@rml@internal@tbb@@YAPAVtbb_server@123@AAVtbb_client@123@@Z 10014b00 f   private_server.obj
 0001:00013c00       ?notify@thread_monitor@internal@rml@@QAEXXZ 10014c00 f i private_server.obj
 0001:00013c50       ?remove_server_ref@private_server@rml@internal@tbb@@AAEXXZ 10014c50 f i private_server.obj
 0001:00013cb0       ?prepare_wait@thread_monitor@internal@rml@@QAEXAAVcookie@123@@Z 10014cb0 f i private_server.obj
 0001:00013d00       ??4cookie@thread_monitor@internal@rml@@QAEAAV0123@ABV0123@@Z 10014d00 f i private_server.obj
 0001:00013d20       ?commit_wait@thread_monitor@internal@rml@@QAEXAAVcookie@123@@Z 10014d20 f i private_server.obj
 0001:00013d70       ?cancel_wait@thread_monitor@internal@rml@@QAEXXZ 10014d70 f i private_server.obj
 0001:00013da0       ?propagate_chain_reaction@private_server@rml@internal@tbb@@AAEXXZ 10014da0 f i private_server.obj
[...]
 0001:000287ee       __unwindfunclet$?abort_all_relaxed@concurrent_monitor@internal@tbb@@QAEXXZ$1 100297ee f   concurrent_monitor.obj
 0001:000287f6       __ehhandler$?abort_all_relaxed@concurrent_monitor@internal@tbb@@QAEXXZ 100297f6 f   concurrent_monitor.obj
 0001:00028820       __unwindfunclet$??0private_server@rml@internal@tbb@@QAE@AAVtbb_client@123@@Z$0 10029820 f   private_server.obj
 0001:0002883a       __ehhandler$??0private_server@rml@internal@tbb@@QAE@AAVtbb_client@123@@Z 1002983a f   private_server.obj
 0001:00028855       __unwindfunclet$?wake_some@private_server@rml@internal@tbb@@AAEXH@Z$1 10029855 f   private_server.obj
 0001:0002885d       __ehhandler$?wake_some@private_server@rml@internal@tbb@@AAEXH@Z 1002985d f   private_server.obj
 0001:00028878       __unwindfunclet$?make_private_server@rml@internal@tbb@@YAPAVtbb_server@123@AAVtbb_client@123@@Z$0 10029878 f   private_server.obj
 0001:00028889       __ehhandler$?make_private_server@rml@internal@tbb@@YAPAVtbb_server@123@AAVtbb_client@123@@Z 10029889 f   private_server.obj
 0001:000288b0       __unwindfunclet$??0private_worker@rml@internal@tbb@@IAE@AAVprivate_server@123@AAVtbb_client@123@I@Z$0 100298b0 f   private_server.obj
 0001:000288bb       __ehhandler$??0private_worker@rml@internal@tbb@@IAE@AAVprivate_server@123@AAVtbb_client@123@I@Z 100298bb f   private_server.obj
 0001:000288e0       __unwindfunclet$??0thread_monitor@internal@rml@@QAE@XZ$0 100298e0 f   private_server.obj
 0001:000288eb       __ehhandler$??0thread_monitor@internal@rml@@QAE@XZ 100298eb f   private_server.obj
 0001:00028910       __unwindfunclet$?try_insert_in_asleep_list@private_server@rml@internal@tbb@@AAE_NAAVprivate_worker@234@@Z$0 10029910 f   private_server.obj
 0001:00028918       __ehhandler$?try_insert_in_asleep_list@private_server@rml@internal@tbb@@AAE_NAAVprivate_worker@234@@Z 10029918 f   private_server.obj
 0001:00028940       __unwindfunclet$?allocate@captured_exception@tbb@@SAPAV12@PBD0@Z$0 10029940 f   task_group_context.obj
 0001:00028951       __ehhandler$?allocate@captured_exception@tbb@@SAPAV12@PBD0@Z 10029951 f   task_group_context.obj
 0001:0002896c       __unwindfunclet$?allocate@tbb_exception_ptr@internal@tbb@@SAPAV123@XZ$0 1002996c f   task_group_context.obj
 0001:00028974       __ehhandler$?allocate@tbb_exception_ptr@internal@tbb@@SAPAV123@XZ 10029974 f   task_group_context.obj
 0001:0002898f       __unwindfunclet$?allocate@tbb_exception_ptr@internal@tbb@@SAPAV123@ABVtbb_exception@3@@Z$0 1002998f f   task_group_context.obj
 0001:00028997       __ehhandler$?allocate@tbb_exception_ptr@internal@tbb@@SAPAV123@ABVtbb_exception@3@@Z 10029997 f   task_group_context.obj
 0001:000289b2       __unwindfunclet$??1task_group_context@tbb@@QAE@XZ$0 100299b2 f   task_group_context.obj
 0001:000289ba       __ehhandler$??1task_group_context@tbb@@QAE@XZ 100299ba f   task_group_context.obj
 0001:000289d5       __unwindfunclet$?register_with@task_group_context@tbb@@QAEXPAVgeneric_scheduler@internal@2@@Z$0 100299d5 f   task_group_context.obj
 0001:000289dd       __ehhandler$?register_with@task_group_context@tbb@@QAEXPAVgeneric_scheduler@internal@2@@Z 100299dd f   task_group_context.obj
 0001:000289f8       __ehhandler$?register_pending_exception@task_group_context@tbb@@QAEXXZ 100299f8 f   task_group_context.obj
 0001:00028a20       __unwindfunclet$?_Current_exception@_Exception_ptr@std@@SA?AV12@XZ$0 10029a20 f   task_group_context.obj
 0001:00028a28       __unwindfunclet$?_Current_exception@_Exception_ptr@std@@SA?AV12@XZ$1 10029a28 f   task_group_context.obj
 0001:00028a41       __ehhandler$?_Current_exception@_Exception_ptr@std@@SA?AV12@XZ 10029a41 f   task_group_context.obj
 0001:00028a60       __unwindfunclet$?lock@spin_mutex@tbb@@QAEXXZ$0 10029a60 f   task_group_context.obj
 0001:00028a71       __ehhandler$?lock@spin_mutex@tbb@@QAEXXZ 10029a71 f   task_group_context.obj
 0001:00028aa0       __unwindfunclet$??$AllocateExceptionContainer@V_Exception_ptr@std@@@internal@tbb@@YAPAVtbb_exception_ptr@01@ABV_Exception_ptr@std@@@Z$0 10029aa0 f   task_group_context.obj
 0001:00028ab1       __ehhandler$??$AllocateExceptionContainer@V_Exception_ptr@std@@@internal@tbb@@YAPAVtbb_exception_ptr@01@ABV_Exception_ptr@std@@@Z 10029ab1 f   task_group_context.obj
 0001:00028ad0       __unwindfunclet$??$AllocateExceptionContainer@Vcaptured_exception@tbb@@@internal@tbb@@YAPAVtbb_exception_ptr@01@ABVcaptured_exception@1@@Z$0 10029ad0 f   task_group_context.obj
 0001:00028ae1       __ehhandler$??$AllocateExceptionContainer@Vcaptured_exception@tbb@@@internal@tbb@@YAPAVtbb_exception_ptr@01@ABVcaptured_exception@1@@Z 10029ae1 f   task_group_context.obj
 0001:00028b00       __unwindfunclet$??$copy_exception@Vcaptured_exception@tbb@@@std@@YA?AV_Exception_ptr@0@Vcaptured_exception@tbb@@@Z$0 10029b00 f   task_group_context.obj
 0001:00028b08       __ehhandler$??$copy_exception@Vcaptured_exception@tbb@@@std@@YA?AV_Exception_ptr@0@Vcaptured_exception@tbb@@@Z 10029b08 f   task_group_context.obj
 0001:00028b30       __unwindfunclet$?_Copy_exception@_Exception_ptr@std@@SA?AV12@PAXPBX@Z$0 10029b30 f   task_group_context.obj
 0001:00028b38       __unwindfunclet$?_Copy_exception@_Exception_ptr@std@@SA?AV12@PAXPBX@Z$1 10029b38 f   task_group_context.obj
 0001:00028b51       __ehhandler$?_Copy_exception@_Exception_ptr@std@@SA?AV12@PAXPBX@Z 10029b51 f   task_group_context.obj
 0001:00028b70       __unwindfunclet$??$propagate_task_group_state@I@market@internal@tbb@@QAE_NPQtask_group_context@2@IAAV32@I@Z$0 10029b70 f   task_group_context.obj
 0001:00028b78       __unwindfunclet$??$propagate_task_group_state@I@market@internal@tbb@@QAE_NPQtask_group_context@2@IAAV32@I@Z$1 10029b78 f   task_group_context.obj
 0001:00028b80       __ehhandler$??$propagate_task_group_state@I@market@internal@tbb@@QAE_NPQtask_group_context@2@IAAV32@I@Z 10029b80 f   task_group_context.obj
 0001:00028ba0       __unwindfunclet$??$propagate_task_group_state@H@market@internal@tbb@@QAE_NPQtask_group_context@2@HAAV32@H@Z$0 10029ba0 f   task_group_context.obj
 0001:00028ba8       __unwindfunclet$??$propagate_task_group_state@H@market@internal@tbb@@QAE_NPQtask_group_context@2@HAAV32@H@Z$1 10029ba8 f   task_group_context.obj
 0001:00028bb0       __ehhandler$??$propagate_task_group_state@H@market@internal@tbb@@QAE_NPQtask_group_context@2@HAAV32@H@Z 10029bb0 f   task_group_context.obj
 0001:00028bd0       __unwindfunclet$??$propagate_task_group_state@I@generic_scheduler@internal@tbb@@QAEXPQtask_group_context@2@II@Z$0 10029bd0 f   task_group_context.obj
 0001:00028bd8       __ehhandler$??$propagate_task_group_state@I@generic_scheduler@internal@tbb@@QAEXPQtask_group_context@2@II@Z 10029bd8 f   task_group_context.obj
 0001:00028c00       __unwindfunclet$??$propagate_task_group_state@H@generic_scheduler@internal@tbb@@QAEXPQtask_group_context@2@HH@Z$0 10029c00 f   task_group_context.obj
 0001:00028c08       __ehhandler$??$propagate_task_group_state@H@generic_scheduler@internal@tbb@@QAEXPQtask_group_context@2@HH@Z 10029c08 f   task_group_context.obj
 0001:00028c30       __unwindfunclet$?global_market@market@internal@tbb@@CAAAV123@II@Z$0 10029c30 f   market.obj
 0001:00028c38       __unwindfunclet$?global_market@market@internal@tbb@@CAAAV123@II@Z$1 10029c38 f   market.obj
 0001:00028c49       __ehhandler$?global_market@market@internal@tbb@@CAAAV123@II@Z 10029c49 f   market.obj
 0001:00028c64       __unwindfunclet$?create_arena@market@internal@tbb@@SAAAVarena@23@II@Z$0 10029c64 f   market.obj
 0001:00028c6c       __ehhandler$?create_arena@market@internal@tbb@@SAAAVarena@23@II@Z 10029c6c f   market.obj
 0001:00028c87       __unwindfunclet$?try_destroy_arena@market@internal@tbb@@AAEXPAVarena@23@I@Z$0 10029c87 f   market.obj
 0001:00028c8f       __ehhandler$?try_destroy_arena@market@internal@tbb@@AAEXPAVarena@23@I@Z 10029c8f f   market.obj
 0001:00028caa       __unwindfunclet$?try_destroy_arena@market@internal@tbb@@SAXPAV123@PAVarena@23@I_N@Z$0 10029caa f   market.obj
 0001:00028cb2       __ehhandler$?try_destroy_arena@market@internal@tbb@@SAXPAV123@PAVarena@23@I_N@Z 10029cb2 f   market.obj
 0001:00028ccd       __unwindfunclet$?arena_in_need@market@internal@tbb@@AAEPAVarena@23@XZ$0 10029ccd f   market.obj
 0001:00028cd5       __ehhandler$?arena_in_need@market@internal@tbb@@AAEPAVarena@23@XZ 10029cd5 f   market.obj
 0001:00028cf0       __unwindfunclet$?lower_arena_priority@market@internal@tbb@@QAE_NAAVarena@23@HH@Z$0 10029cf0 f   market.obj
 0001:00028cf8       __ehhandler$?lower_arena_priority@market@internal@tbb@@QAE_NAAVarena@23@HH@Z 10029cf8 f   market.obj
 0001:00028d13       __unwindfunclet$?update_arena_priority@market@internal@tbb@@QAE_NAAVarena@23@H@Z$0 10029d13 f   market.obj
 0001:00028d1b       __ehhandler$?update_arena_priority@market@internal@tbb@@QAE_NAAVarena@23@H@Z 10029d1b f   market.obj
 0001:00028d36       __unwindfunclet$?workers_task_node_count@market@internal@tbb@@QAEHXZ$0 10029d36 f   market.obj
 0001:00028d3e       __ehhandler$?workers_task_node_count@market@internal@tbb@@QAEHXZ 10029d3e f   market.obj
 0001:00028d60       __unwindfunclet$??0arena@internal@tbb@@AAE@AAVmarket@12@I@Z$0 10029d60 f   arena.obj
 0001:00028d68       __ehhandler$??0arena@internal@tbb@@AAE@AAVmarket@12@I@Z 10029d68 f   arena.obj
 0001:00028d83       __unwindfunclet$?allocate_arena@arena@internal@tbb@@CAAAV123@AAVmarket@23@I@Z$0 10029d83 f   arena.obj
 0001:00028d94       __ehhandler$?allocate_arena@arena@internal@tbb@@CAAAV123@AAVmarket@23@I@Z 10029d94 f   arena.obj
 0001:00028db0       __unwindfunclet$?initialize@task_stream@internal@tbb@@QAEXI@Z$0 10029db0 f   arena.obj
 0001:00028dbb       __ehhandler$?initialize@task_stream@internal@tbb@@QAEXI@Z 10029dbb f   arena.obj
 0001:00028de0       __unwindfunclet$?drain@task_stream@internal@tbb@@QAEHXZ$0 10029de0 f   arena.obj
 0001:00028de8       __unwindfunclet$?drain@task_stream@internal@tbb@@QAEHXZ$1 10029de8 f   arena.obj
 0001:00028df0       __unwindfunclet$?drain@task_stream@internal@tbb@@QAEHXZ$2 10029df0 f   arena.obj
 0001:00028df8       __ehhandler$?drain@task_stream@internal@tbb@@QAEHXZ 10029df8 f   arena.obj
 0001:00028e20       __unwindfunclet$??1_Iterator_base12@std@@QAE@XZ$0 10029e20 f   arena.obj
 0001:00028e29       __ehhandler$??1_Iterator_base12@std@@QAE@XZ 10029e29 f   arena.obj
 0001:00028e50       __unwindfunclet$??0?$queue_and_mutex@PAVtask@tbb@@Vspin_mutex@2@@internal@tbb@@QAE@XZ$0 10029e50 f   arena.obj
 0001:00028e58       __ehhandler$??0?$queue_and_mutex@PAVtask@tbb@@Vspin_mutex@2@@internal@tbb@@QAE@XZ 10029e58 f   arena.obj
 0001:00028e80       __unwindfunclet$??0?$_Deque_val@PAVtask@tbb@@V?$tbb_allocator@PAVtask@tbb@@@2@@std@@QAE@V?$tbb_allocator@PAVtask@tbb@@@tbb@@@Z$0 10029e80 f   arena.obj
 0001:00028e89       __ehhandler$??0?$_Deque_val@PAVtask@tbb@@V?$tbb_allocator@PAVtask@tbb@@@2@@std@@QAE@V?$tbb_allocator@PAVtask@tbb@@@tbb@@@Z 10029e89 f   arena.obj
 0001:00028eb0       __unwindfunclet$??0?$_Deque_const_iterator@PAVtask@tbb@@V?$tbb_allocator@PAVtask@tbb@@@2@@std@@QAE@IPBU_Container_base12@1@@Z$0 10029eb0 f   arena.obj
 0001:00028eb8       __ehhandler$??0?$_Deque_const_iterator@PAVtask@tbb@@V?$tbb_allocator@PAVtask@tbb@@@2@@std@@QAE@IPBU_Container_base12@1@@Z 10029eb8 f   arena.obj
 0001:00028ee0       __unwindfunclet$?_Adopt@_Iterator_base12@std@@QAEXPBU_Container_base12@2@@Z$0 10029ee0 f   arena.obj
 0001:00028ee9       __ehhandler$?_Adopt@_Iterator_base12@std@@QAEXPBU_Container_base12@2@@Z 10029ee9 f   arena.obj
 0001:00028f10       __unwindfunclet$??0generic_scheduler@internal@tbb@@IAE@PAVarena@12@I@Z$0 10029f10 f   scheduler.obj
 0001:00028f18       __ehhandler$??0generic_scheduler@internal@tbb@@IAE@PAVarena@12@I@Z 10029f18 f   scheduler.obj
 0001:00028f33       __unwindfunclet$?cleanup_local_context_list@generic_scheduler@internal@tbb@@QAEXXZ$0 10029f33 f   scheduler.obj
 0001:00028f3b       __ehhandler$?cleanup_local_context_list@generic_scheduler@internal@tbb@@QAEXXZ 10029f3b f   scheduler.obj
 0001:00028f56       __unwindfunclet$?local_spawn@generic_scheduler@internal@tbb@@QAEXAAVtask@3@AAPAV43@@Z$0 10029f56 f   scheduler.obj
 0001:00028f61       __ehhandler$?local_spawn@generic_scheduler@internal@tbb@@QAEXAAVtask@3@AAPAV43@@Z 10029f61 f   scheduler.obj
 0001:00028f7f       __unwindfunclet$?local_spawn_root_and_wait@generic_scheduler@internal@tbb@@QAEXAAVtask@3@AAPAV43@@Z$0 10029f7f f   scheduler.obj
 0001:00028f87       __ehhandler$?local_spawn_root_and_wait@generic_scheduler@internal@tbb@@QAEXAAVtask@3@AAPAV43@@Z 10029f87 f   scheduler.obj
 0001:00028fa2       __unwindfunclet$?winnow_task_pool@generic_scheduler@internal@tbb@@QAEPAVtask@3@XZ$0 10029fa2 f   scheduler.obj
 0001:00028faa       __ehhandler$?winnow_task_pool@generic_scheduler@internal@tbb@@QAEPAVtask@3@XZ 10029faa f   scheduler.obj
 0001:00028fc5       __unwindfunclet$?reload_tasks@generic_scheduler@internal@tbb@@QAEPAVtask@3@AAPAV43@AAPAPAV43@H@Z$0 10029fc5 f   scheduler.obj
 0001:00028fd0       __ehhandler$?reload_tasks@generic_scheduler@internal@tbb@@QAEPAVtask@3@AAPAV43@AAPAPAV43@H@Z 10029fd0 f   scheduler.obj
 0001:00028fee       __unwindfunclet$?create_master@generic_scheduler@internal@tbb@@CAPAV123@AAVarena@23@@Z$0 10029fee f   scheduler.obj
 0001:00028fff       __ehhandler$?create_master@generic_scheduler@internal@tbb@@CAPAV123@AAVarena@23@@Z 10029fff f   scheduler.obj
 0001:00029020       __unwindfunclet$??0auto_empty_task@internal@tbb@@QAE@PAVgeneric_scheduler@12@PAVtask_group_context@2@@Z$0 1002a020 f   scheduler.obj
 0001:00029031       __ehhandler$??0auto_empty_task@internal@tbb@@QAE@PAVgeneric_scheduler@12@PAVtask_group_context@2@@Z 1002a031 f   scheduler.obj
 0001:00029050       __unwindfunclet$?push@task_stream@internal@tbb@@QAEXPAVtask@3@AAI@Z$0 1002a050 f   scheduler.obj
 0001:00029058       __ehhandler$?push@task_stream@internal@tbb@@QAEXPAVtask@3@AAI@Z 1002a058 f   scheduler.obj
 0001:00029080       __unwindfunclet$?allocate_scheduler@?$custom_scheduler@UDefaultSchedulerTraits@internal@tbb@@@internal@tbb@@SAPAVgeneric_scheduler@23@PAVarena@23@I@Z$0 1002a080 f   scheduler.obj
 0001:00029091       __ehhandler$?allocate_scheduler@?$custom_scheduler@UDefaultSchedulerTraits@internal@tbb@@@internal@tbb@@SAPAVgeneric_scheduler@23@PAVarena@23@I@Z 1002a091 f   scheduler.obj
 0001:000290b0       __unwindfunclet$?allocate_scheduler@?$custom_scheduler@UIntelSchedulerTraits@internal@tbb@@@internal@tbb@@SAPAVgeneric_scheduler@23@PAVarena@23@I@Z$0 1002a0b0 f   scheduler.obj
 0001:000290c1       __ehhandler$?allocate_scheduler@?$custom_scheduler@UIntelSchedulerTraits@internal@tbb@@@internal@tbb@@SAPAVgeneric_scheduler@23@PAVarena@23@I@Z 1002a0c1 f   scheduler.obj
 0001:000290e0       __ehhandler$?local_wait_for_all@?$custom_scheduler@UDefaultSchedulerTraits@internal@tbb@@@internal@tbb@@EAEXAAVtask@3@PAV43@@Z 1002a0e0 f   scheduler.obj
 0001:00029100       __unwindfunclet$?rethrow_exception@std@@YAXV_Exception_ptr@1@@Z$0 1002a100 f   scheduler.obj
 0001:00029108       __ehhandler$?rethrow_exception@std@@YAXV_Exception_ptr@1@@Z 1002a108 f   scheduler.obj
 0001:00029130       __unwindfunclet$?pop@task_stream@internal@tbb@@QAEXAAPAVtask@3@AAI@Z$0 1002a130 f   scheduler.obj
 0001:00029138       __ehhandler$?pop@task_stream@internal@tbb@@QAEXAAPAVtask@3@AAI@Z 1002a138 f   scheduler.obj
 0001:00029160       __unwindfunclet$?front@?$deque@PAVtask@tbb@@V?$tbb_allocator@PAVtask@tbb@@@2@@std@@QAEAAPAVtask@tbb@@XZ$0 1002a160 f   scheduler.obj
 0001:00029168       __ehhandler$?front@?$deque@PAVtask@tbb@@V?$tbb_allocator@PAVtask@tbb@@@2@@std@@QAEAAPAVtask@tbb@@XZ 1002a168 f   scheduler.obj
 0001:00029190       __ehhandler$?local_wait_for_all@?$custom_scheduler@UIntelSchedulerTraits@internal@tbb@@@internal@tbb@@EAEXAAVtask@3@PAV43@@Z 1002a190 f   scheduler.obj
 0001:000291b0       __ehhandler$??$_Uninit_copy@PAPAPAVtask@tbb@@PAPAPAV12@V?$tbb_allocator@PAPAVtask@tbb@@@2@@std@@YAPAPAPAVtask@tbb@@PAPAPAV12@00AAV?$tbb_allocator@PAPAVtask@tbb@@@2@U_Nonscalar_ptr_iterator_tag@0@@Z 1002a1b0 f   scheduler.obj
 0001:000291d0       __ehhandler$??$_Uninit_def_fill_n@PAPAPAVtask@tbb@@IPAPAV12@V?$tbb_allocator@PAPAVtask@tbb@@@2@PAPAV12@@std@@YAXPAPAPAVtask@tbb@@IPBQAPAV12@AAV?$tbb_allocator@PAPAVtask@tbb@@@2@0U_Nonscalar_ptr_iterator_tag@0@@Z 1002a1d0 f   scheduler.obj
 0001:000291f0       __unwindfunclet$?remove_ref_slow@observer_proxy@internal@tbb@@AAEXXZ$0 1002a1f0 f   observer_proxy.obj
 0001:000291f8       __ehhandler$?remove_ref_slow@observer_proxy@internal@tbb@@AAEXXZ 1002a1f8 f   observer_proxy.obj
 0001:00029213       __unwindfunclet$?process_list@observer_proxy@internal@tbb@@SAPAV123@PAV123@_N1@Z$4 1002a213 f   observer_proxy.obj
 0001:0002921b       __ehhandler$?process_list@observer_proxy@internal@tbb@@SAPAV123@PAV123@_N1@Z 1002a21b f   observer_proxy.obj
 0001:00029236       __unwindfunclet$?observe@task_scheduler_observer_v3@internal@tbb@@QAEX_N@Z$0 1002a236 f   observer_proxy.obj
 0001:00029241       __ehhandler$?observe@task_scheduler_observer_v3@internal@tbb@@QAEX_N@Z 1002a241 f   observer_proxy.obj
 0001:00029260       __unwindfunclet$?push@micro_queue@internal@tbb@@QAEXPBXIAAVconcurrent_queue_base@23@@Z$0 1002a260 f   concurrent_queue_v2.obj
 0001:00029268       __unwindfunclet$?push@micro_queue@internal@tbb@@QAEXPBXIAAVconcurrent_queue_base@23@@Z$1 1002a268 f   concurrent_queue_v2.obj
 0001:00029270       __ehhandler$?push@micro_queue@internal@tbb@@QAEXPBXIAAVconcurrent_queue_base@23@@Z 1002a270 f   concurrent_queue_v2.obj
 0001:0002928b       __unwindfunclet$?pop@micro_queue@internal@tbb@@QAE_NPAXIAAVconcurrent_queue_base@23@@Z$0 1002a28b f   concurrent_queue_v2.obj
 0001:00029293       __ehhandler$?pop@micro_queue@internal@tbb@@QAE_NPAXIAAVconcurrent_queue_base@23@@Z 1002a293 f   concurrent_queue_v2.obj
 0001:000292ae       __unwindfunclet$??0concurrent_queue_iterator_base@internal@tbb@@IAE@ABVconcurrent_queue_base@12@@Z$0 1002a2ae f   concurrent_queue_v2.obj
 0001:000292b9       __ehhandler$??0concurrent_queue_iterator_base@internal@tbb@@IAE@ABVconcurrent_queue_base@12@@Z 1002a2b9 f   concurrent_queue_v2.obj
 0001:000292e0       __unwindfunclet$??1pop_finalizer@micro_queue@internal@tbb@@QAE@XZ$0 1002a2e0 f   concurrent_queue_v2.obj
 0001:000292e8       __ehhandler$??1pop_finalizer@micro_queue@internal@tbb@@QAE@XZ 1002a2e8 f   concurrent_queue_v2.obj
 0001:00029310       ??__Ehash_multiplier@internal@interface5@tbb@@YAXXZ 1002a310 f   concurrent_hash_map.obj
 0001:00029340       ??__Ehandles@internal@tbb@@YAXXZ 1002a340 f   dynamic_link.obj
 0001:00029350       ??__Evenom@internal@tbb@@YAXXZ 1002a350 f   task.obj
 0001:00029380       ??__Evenom@internal@tbb@@YAXXZ 1002a380 f   tbb_thread.obj
 0001:000293b0       ??__Evenom@internal@tbb@@YAXXZ 1002a3b0 f   private_server.obj
 0001:000293e0       ??__Evenom@internal@tbb@@YAXXZ 1002a3e0 f   task_group_context.obj
 0001:00029410       ??__Evenom@internal@tbb@@YAXXZ 1002a410 f   governor.obj
 0001:00029440       ??__Evenom@internal@tbb@@YAXXZ 1002a440 f   market.obj
 0001:00029470       ??__Evenom@internal@tbb@@YAXXZ 1002a470 f   arena.obj
 0001:000294a0       ??__Evenom@internal@tbb@@YAXXZ 1002a4a0 f   scheduler.obj
 0001:000294d0       ??__Ethe_context_state_propagation_mutex@internal@tbb@@YAXXZ 1002a4d0 f   scheduler.obj
 0001:000294e0       ??__Ethe_dummy_context@internal@tbb@@YAXXZ 1002a4e0 f   scheduler.obj
 0001:00029510       ??__Evenom@internal@tbb@@YAXXZ 1002a510 f   observer_proxy.obj
 0001:00029540       ??__Ethe_check_observer_proxy_count@internal@tbb@@YAXXZ 1002a540 f   observer_proxy.obj
 0001:00029560       ??__Evenom@internal@tbb@@YAXXZ 1002a560 f   tbb_main.obj
 0001:00029590       ??__E?theMarketMutex@market@internal@tbb@@0Vspin_mutex@3@A@@YAXXZ 1002a590 f   tbb_main.obj
 0001:000295a0       ??__Fthe_dummy_context@internal@tbb@@YAXXZ 1002a5a0 f   scheduler.obj
 0001:000295b0       ??__Fthe_check_observer_proxy_count@internal@tbb@@YAXXZ 1002a5b0 f   observer_proxy.obj
