 tbbmalloc_debug

 Timestamp is 50578894 (Tue Sep 18 04:31:16 2012)

 Preferred load address is 10000000

 Start         Length     Name                   Class
 0001:00000000 0000c8c0H .text                   CODE
 0001:0000c8c0 0000002fH .text$yc                CODE
 0002:00000000 00000108H .idata$5                DATA
 0002:00000108 00000004H .CRT$XCA                DATA
 0002:0000010c 0000000cH .CRT$XCU                DATA
 0002:00000118 00000004H .CRT$XCZ                DATA
 0002:0000011c 00000004H .CRT$XIA                DATA
 0002:00000120 00000004H .CRT$XIAA               DATA
 0002:00000124 00000004H .CRT$XIZ                DATA
 0002:00000130 00003450H .rdata                  DATA
 0002:00003580 0000006bH .rdata$debug            DATA
 0002:000035f0 00000004H .rdata$sxdata           DATA
 0002:000035f4 00000004H .rtc$IAA                DATA
 0002:000035f8 00000004H .rtc$IZZ                DATA
 0002:000035fc 00000004H .rtc$TAA                DATA
 0002:00003600 00000004H .rtc$TZZ                DATA
 0002:00003608 00000084H .xdata$x                DATA
 0002:0000368c 00000028H .idata$2                DATA
 0002:000036b4 00000014H .idata$3                DATA
 0002:000036c8 00000108H .idata$4                DATA
 0002:000037d0 0000043eH .idata$6                DATA
 0002:00003c10 000003f4H .edata                  DATA
 0003:00000000 000010b8H .data                   DATA
 0003:000010b8 0000b588H .bss                    DATA
 0004:00000000 00000058H .rsrc$01                DATA
 0004:00000060 000008c0H .rsrc$02                DATA

  Address         Publics by Value              Rva+Base       Lib:Object

 0000:00000000       __except_list              00000000     <absolute>
 0000:00000001       ___safe_se_handler_count   00000001     <absolute>
 0000:00009876       __ldused                   00009876     <absolute>
 0000:00009876       __fltused                  00009876     <absolute>
 0000:00000000       ___ImageBase               10000000     <linker-defined>
 0001:00000000       ?ErrnoPreservingMalloc@internal@rml@@YAPAXI@Z 10001000 f   backend.obj
 0001:00000040       ?MapMemory@internal@rml@@YAPAXI_N@Z 10001040 f   backend.obj
 0001:00000060       ?UnmapMemory@internal@rml@@YAHPAXI@Z 10001060 f   backend.obj
 0001:00000090       ?getRawMemory@internal@rml@@YAPAXI_N@Z 10001090 f   backend.obj
 0001:000000b0       ?freeRawMemory@internal@rml@@YA_NPAXI@Z 100010b0 f   backend.obj
 0001:000000d0       ?getRawMem@Backend@internal@rml@@ABEPAXAAI@Z 100010d0 f   backend.obj
 0001:000001d0       ?freeRawMem@Backend@internal@rml@@ABEXPAXI@Z 100011d0 f   backend.obj
 0001:00000250       ?putBlock@CoalRequestQ@internal@rml@@QAEXPAVFreeBlock@23@@Z 10001250 f   backend.obj
 0001:000002f0       ?getAll@CoalRequestQ@internal@rml@@QAEPAVFreeBlock@23@XZ 100012f0 f   backend.obj
 0001:00000340       ?getBlock@IndexedBins@Backend@internal@rml@@QAEPAVFreeBlock@34@HPAVBackendSync@34@I_N11PAH@Z 10001340 f   backend.obj
 0001:00000620       ?removeBlock@Bin@Backend@internal@rml@@QAEXPAVFreeBlock@34@@Z 10001620 f   backend.obj
 0001:00000690       ?addBlock@IndexedBins@Backend@internal@rml@@QAEXHPAVFreeBlock@34@I@Z 10001690 f   backend.obj
 0001:00000740       ?tryAddBlock@IndexedBins@Backend@internal@rml@@QAE_NHPAVFreeBlock@34@_N@Z 10001740 f   backend.obj
 0001:000008a0       ?reset@IndexedBins@Backend@internal@rml@@QAEXXZ 100018a0 f   backend.obj
 0001:000008f0       ?lockRemoveBlock@IndexedBins@Backend@internal@rml@@QAEXHPAVFreeBlock@34@@Z 100018f0 f   backend.obj
 0001:00000960       ?getFromBin@Backend@internal@rml@@AAEPAVFreeBlock@23@HHI_NPAH@Z 10001960 f   backend.obj
 0001:00000ad0       ?getFromAlignedSpace@Backend@internal@rml@@AAEPAVFreeBlock@23@HHI_N0PAH@Z 10001ad0 f   backend.obj
 0001:00000c40       ?correctMaxRequestSize@Backend@internal@rml@@AAEXI@Z 10001c40 f   backend.obj
 0001:00000ca0       ?genericGetBlock@Backend@internal@rml@@AAEPAVFreeBlock@23@HI_N@Z 10001ca0 f   backend.obj
 0001:000010c0       ?getLargeBlock@Backend@internal@rml@@QAEPAULargeMemoryBlock@23@I@Z 100020c0 f   backend.obj
 0001:00001120       ?getBackRefSpace@Backend@internal@rml@@QAEPAXIPA_N@Z 10002120 f   backend.obj
 0001:00001180       ?putBackRefSpace@Backend@internal@rml@@QAEXPAXI_N@Z 10002180 f   backend.obj
 0001:000011b0       ?removeBlockFromBin@Backend@internal@rml@@AAEXPAVFreeBlock@23@@Z 100021b0 f   backend.obj
 0001:00001210       ?genericPutBlock@Backend@internal@rml@@AAEXPAVFreeBlock@23@I@Z 10002210 f   backend.obj
 0001:00001250       ?add@AllLargeBlocksList@internal@rml@@QAEXPAULargeMemoryBlock@23@@Z 10002250 f   backend.obj
 0001:000012b0       ?remove@AllLargeBlocksList@internal@rml@@QAEXPAULargeMemoryBlock@23@@Z 100022b0 f   backend.obj
 0001:00001320       ?removeAll@AllLargeBlocksList@internal@rml@@QAEXPAVBackend@23@@Z 10002320 f   backend.obj
 0001:00001390       ?putLargeBlock@Backend@internal@rml@@QAEXPAULargeMemoryBlock@23@@Z 10002390 f   backend.obj
 0001:000013e0       ?releaseRegion@Backend@internal@rml@@AAEXPAUMemRegion@23@@Z 100023e0 f   backend.obj
 0001:00001460       ?doCoalesc@Backend@internal@rml@@AAEPAVFreeBlock@23@PAV423@PAPAUMemRegion@23@@Z 10002460 f   backend.obj
 0001:00001730       ?coalescAndPutList@Backend@internal@rml@@AAEXPAVFreeBlock@23@_N1@Z 10002730 f   backend.obj
 0001:00001930       ?coalescAndPut@Backend@internal@rml@@AAEXPAVFreeBlock@23@I@Z 10002930 f   backend.obj
 0001:00001960       ?scanCoalescQ@Backend@internal@rml@@AAE_N_N@Z 10002960 f   backend.obj
 0001:000019a0       ?findBlockInRegion@Backend@internal@rml@@AAEPAVFreeBlock@23@PAUMemRegion@23@@Z 100029a0 f   backend.obj
 0001:00001a40       ?startUseBlock@Backend@internal@rml@@AAEXPAUMemRegion@23@PAVFreeBlock@23@@Z 10002a40 f   backend.obj
 0001:00001b10       ?addNewRegion@Backend@internal@rml@@AAEII_N@Z 10002b10 f   backend.obj
 0001:00001c90       ?reset@Backend@internal@rml@@QAEXXZ 10002c90 f   backend.obj
 0001:00001d50       ?destroy@Backend@internal@rml@@QAE_NXZ 10002d50 f   backend.obj
 0001:00001de0       ?verify@IndexedBins@Backend@internal@rml@@QAEXXZ 10002de0 f   backend.obj
 0001:00001ee0       ?verify@Backend@internal@rml@@QAEXXZ 10002ee0 f   backend.obj
 0001:00002030       ?userPool@ExtMemoryPool@internal@rml@@QBE_NXZ 10003030 f i backend.obj
 0001:00002050       ?AtomicCompareExchange@@YAHACHHH@Z 10003050 f i backend.obj
 0001:00002070       ?FencedLoad@@YAHADH@Z      10003070 f i backend.obj
 0001:00002090       ?markUsed@FreeBlock@internal@rml@@QAEXXZ 10003090 f i backend.obj
 0001:000020d0       ?initLocked@GuardedSize@internal@rml@@QAEXXZ 100030d0 f i backend.obj
 0001:000020f0       ?rightNeig@FreeBlock@internal@rml@@QBEPAV123@I@Z 100030f0 f i backend.obj
 0001:00002130       ??0scoped_lock@MallocMutex@@QAE@AAV1@_NPA_N@Z 10003130 f i backend.obj
 0001:000021c0       ??0no_copy@internal@tbb@@QAE@XZ 100031c0 f i backend.obj
 0001:000021d0       ?__TBB_TryLockByte@@YA_NAAE@Z 100031d0 f i backend.obj
 0001:000021f0       ?__TBB_LockByte@@YAEAAE@Z  100031f0 f i backend.obj
 0001:00002230       ??0atomic_backoff@internal@tbb@@QAE@XZ 10003230 f i backend.obj
 0001:00002250       ?pause@atomic_backoff@internal@tbb@@QAEXXZ 10003250 f i backend.obj
 0001:00002290       ??1scoped_lock@MallocMutex@@QAE@XZ 10003290 f i backend.obj
 0001:000022c0       ?consume@BackendSync@internal@rml@@QAEXXZ 100032c0 f i backend.obj
 0001:000022e0       ?AtomicIncrement@@YAHACH@Z 100032e0 f i backend.obj
 0001:00002300       ?empty@Bin@Backend@internal@rml@@QBE_NXZ 10003300 f i backend.obj
 0001:00002320       ?sizeToBin@Backend@internal@rml@@CAHI@Z 10003320 f i backend.obj
 0001:00002380       ?initHeader@FreeBlock@internal@rml@@QAEXXZ 10003380 f i backend.obj
 0001:000023a0       ?setMeFree@FreeBlock@internal@rml@@QAEXI@Z 100033a0 f i backend.obj
 0001:000023c0       ?unlock@GuardedSize@internal@rml@@QAEXI@Z 100033c0 f i backend.obj
 0001:00002430       ?FencedStore@@YAXACHH@Z    10003430 f i backend.obj
 0001:00002450       ?setLeftFree@FreeBlock@internal@rml@@QAEXI@Z 10003450 f i backend.obj
 0001:00002470       ?tryLockBlock@FreeBlock@internal@rml@@QAEIXZ 10003470 f i backend.obj
 0001:000024f0       ?trySetMeUsed@FreeBlock@internal@rml@@QAEIW4State@GuardedSize@23@@Z 100034f0 f i backend.obj
 0001:00002510       ?tryLock@GuardedSize@internal@rml@@QAEIW4State@123@@Z 10003510 f i backend.obj
 0001:00002580       ?trySetLeftUsed@FreeBlock@internal@rml@@QAEIW4State@GuardedSize@23@@Z 10003580 f i backend.obj
 0001:000025a0       ??0scoped_lock@MallocMutex@@QAE@AAV1@@Z 100035a0 f i backend.obj
 0001:000025e0       ?toAlignedBin@Backend@internal@rml@@CA_NPAVFreeBlock@23@I@Z 100035e0 f i backend.obj
 0001:00002620       ?reset@Bin@Backend@internal@rml@@QAEXXZ 10003620 f i backend.obj
 0001:00002640       ?signal@BackendSync@internal@rml@@QAEXXZ 10003640 f i backend.obj
 0001:000026c0       ?AtomicAdd@@YAIACHH@Z      100036c0 f i backend.obj
 0001:000026e0       ?markBlocks@FreeBlock@internal@rml@@SAXPAV123@HI@Z 100036e0 f i backend.obj
 0001:00002720       ?getNumOfMods@BackendSync@internal@rml@@QBEHXZ 10003720 f i backend.obj
 0001:00002740       ?waitTillSignalled@BackendSync@internal@rml@@QAE_NH@Z 10003740 f i backend.obj
 0001:000027e0       ?SpinWaitWhileEq@@YAXADHH@Z 100037e0 f i backend.obj
 0001:00002800       ?wait@MemExtendingSema@internal@rml@@QAE_NXZ 10003800 f i backend.obj
 0001:00002870       ?signal@MemExtendingSema@internal@rml@@QAEXXZ 10003870 f i backend.obj
 0001:00002890       ?getMinNonemptyBin@IndexedBins@Backend@internal@rml@@QBEHI@Z 10003890 f i backend.obj
 0001:000028d0       ?hardCachesCleanup@ExtMemoryPool@internal@rml@@QAE_NXZ 100038d0 f i backend.obj
 0001:00002910       ?cleanAll@LargeObjectCache@internal@rml@@QAE_NPAUExtMemoryPool@23@@Z 10003910 f i backend.obj
 0001:00002960       ?mustBeAddedToGlobalLargeBlockList@ExtMemoryPool@internal@rml@@QBE_NXZ 10003960 f i backend.obj
 0001:00002980       ?leftNeig@FreeBlock@internal@rml@@QBEPAV123@I@Z 10003980 f i backend.obj
 0001:000029c0       ?markCoalescing@FreeBlock@internal@rml@@QAEXI@Z 100039c0 f i backend.obj
 0001:00002a00       ?makeCoalscing@GuardedSize@internal@rml@@QAEXXZ 10003a00 f i backend.obj
 0001:00002a40       ?regionsAreReleaseable@ExtMemoryPool@internal@rml@@QBE_NXZ 10003a40 f i backend.obj
 0001:00002a80       ?pureSignal@BackendSync@internal@rml@@QAEXXZ 10003a80 f i backend.obj
 0001:00002aa0       ?inUserPool@Backend@internal@rml@@QBE_NXZ 10003aa0 f i backend.obj
 0001:00002ac0       ?set@?$BitMask@$0CAA@@internal@rml@@QAEXI_N@Z 10003ac0 f i backend.obj
 0001:00002b70       ?AtomicOr@@YAXPCXI@Z       10003b70 f i backend.obj
 0001:00002b90       ?AtomicAnd@@YAXPCXI@Z      10003b90 f i backend.obj
 0001:00002bb0       ?getMinTrue@?$BitMask@$0CAA@@internal@rml@@QBEHI@Z 10003bb0 f i backend.obj
 0001:00002c80       ?BitScanRev@@YAHI@Z        10003c80 f i backend.obj
 0001:00002cb0       ?reset@?$BitMask@$0CAA@@internal@rml@@QAEXXZ 10003cb0 f i backend.obj
 0001:00002cf0       ??$__TBB_store_with_release@EE@internal@tbb@@YAXACEE@Z 10003cf0 f i backend.obj
 0001:00002d10       ??$__TBB_load_with_acquire@H@internal@tbb@@YAHADH@Z 10003d10 f i backend.obj
 0001:00002d30       ??$__TBB_store_with_release@HH@internal@tbb@@YAXACHH@Z 10003d30 f i backend.obj
 0001:00002d50       ??$spin_wait_while_eq@HH@internal@tbb@@YAXADHH@Z 10003d50 f i backend.obj
 0001:00002d80       ??$suppress_unused_warning@H@internal@rml@@YAXABH@Z 10003d80 f i backend.obj
 0001:00002d90       ?store_with_release@?$machine_load_store@E$00@internal@tbb@@SAXACEE@Z 10003d90 f i backend.obj
 0001:00002da0       ?load_with_acquire@?$machine_load_store@H$03@internal@tbb@@SAHADH@Z 10003da0 f i backend.obj
 0001:00002dc0       ?store_with_release@?$machine_load_store@H$03@internal@tbb@@SAXACHH@Z 10003dc0 f i backend.obj
 0001:00002dd0       ?cleanToThreshold@CacheBin@LargeObjectCache@internal@rml@@QAE_NPAUExtMemoryPool@34@I@Z 10003dd0 f   large_objects.obj
 0001:00002f80       ?cleanAll@CacheBin@LargeObjectCache@internal@rml@@QAE_NPAUExtMemoryPool@34@@Z 10003f80 f   large_objects.obj
 0001:00003040       ?regularCleanup@LargeObjectCache@internal@rml@@QAE_NPAUExtMemoryPool@23@I@Z 10004040 f   large_objects.obj
 0001:000030a0       ?softCachesCleanup@ExtMemoryPool@internal@rml@@QAE_NXZ 100040a0 f   large_objects.obj
 0001:000030d0       ?cleanupCacheIfNeed@LargeObjectCache@internal@rml@@QAEIPAUExtMemoryPool@23@@Z 100040d0 f   large_objects.obj
 0001:00003140       ?get@LargeObjectCache@internal@rml@@QAEPAULargeMemoryBlock@23@PAUExtMemoryPool@23@I@Z 10004140 f   large_objects.obj
 0001:000031e0       ?mallocLargeObject@ExtMemoryPool@internal@rml@@QAEPAXII@Z 100041e0 f   large_objects.obj
 0001:00003320       ?put@LargeObjectCache@internal@rml@@QAE_NPAUExtMemoryPool@23@PAULargeMemoryBlock@23@@Z 10004320 f   large_objects.obj
 0001:000033a0       ?freeLargeObject@ExtMemoryPool@internal@rml@@QAEXPAX@Z 100043a0 f   large_objects.obj
 0001:00003430       ?sizeToIdx@LargeObjectCache@internal@rml@@CAHI@Z 10004430 f i large_objects.obj
 0001:00003450       ?get@CacheBin@LargeObjectCache@internal@rml@@QAEPAULargeMemoryBlock@34@PAUExtMemoryPool@34@I@Z 10004450 f i large_objects.obj
 0001:000034f0       ?isInvalid@BackRefIdx@internal@rml@@QBE_NXZ 100044f0 f i large_objects.obj
 0001:00003510       ?put@CacheBin@LargeObjectCache@internal@rml@@QAE_NPAUExtMemoryPool@34@PAULargeMemoryBlock@34@@Z 10004510 f i large_objects.obj
 0001:000035f0       ??0BackRefIdx@internal@rml@@QAE@XZ 100045f0 f i large_objects.obj
 0001:00003610       ?initBackRefMaster@internal@rml@@YA_NPAVBackend@12@@Z 10004610 f   backref.obj
 0001:000036e0       ?destroyBackRefMaster@internal@rml@@YAXPAVBackend@12@@Z 100046e0 f   backref.obj
 0001:00003750       ?addBackRefBlockToList@BackRefMaster@internal@rml@@QAEXPAUBackRefBlock@23@@Z 10004750 f   backref.obj
 0001:00003780       ?addEmptyBackRefBlock@BackRefMaster@internal@rml@@QAEXPAUBackRefBlock@23@@Z 10004780 f   backref.obj
 0001:00003810       ?findFreeBlock@BackRefMaster@internal@rml@@QAEPAUBackRefBlock@23@XZ 10004810 f   backref.obj
 0001:00003920       ?getBackRef@internal@rml@@YAPAXVBackRefIdx@12@@Z 10004920 f   backref.obj
 0001:000039a0       ?setBackRef@internal@rml@@YAXVBackRefIdx@12@PAX@Z 100049a0 f   backref.obj
 0001:00003a20       ?newBackRef@BackRefIdx@internal@rml@@SA?AV123@_N@Z 10004a20 f   backref.obj
 0001:00003c60       ?removeBackRef@internal@rml@@YAXVBackRefIdx@12@@Z 10004c60 f   backref.obj
 0001:00003e00       ??2@YAPAXIPAX@Z            10004e00 f i backref.obj
 0001:00003e10       ??0BackRefBlock@internal@rml@@QAE@PAU012@H@Z 10004e10 f i backref.obj
 0001:00003eb0       ??0MallocMutex@@QAE@XZ     10004eb0 f i backref.obj
 0001:00003ed0       ?getMaster@BackRefIdx@internal@rml@@QBEGXZ 10004ed0 f i backref.obj
 0001:00003ef0       ?getOffset@BackRefIdx@internal@rml@@QBEGXZ 10004ef0 f i backref.obj
 0001:00003f10       ?set_assertion_handler@internal@rml@@YAP6AXPBDH00@ZP6AX0H00@Z@Z 10004f10 f   tbbmalloc.obj
 0001:00003f30       ?assertion_failure@internal@rml@@YAXPBDH00@Z 10004f30 f   tbbmalloc.obj
 0001:00004000       _MallocInitializeITT       10005000 f   tbbmalloc.obj
 0001:00004010       ?init_tbbmalloc@internal@rml@@YAXXZ 10005010 f   tbbmalloc.obj
 0001:00004070       _DllMain@12                10005070 f   tbbmalloc.obj
 0001:00006c20       ___itt_fini_ittlib         10007c20 f   itt_notify_malloc.obj
 0001:00006d00       ___itt_init_ittlib         10007d00 f   itt_notify_malloc.obj
 0001:000076b0       ___itt_set_error_handler   100086b0 f   itt_notify_malloc.obj
 0001:000076d0       ?__TBB_load_ittnotify@internal@tbb@@YAHXZ 100086d0 f   itt_notify_malloc.obj
 0001:000076f0       ?__itt_interlocked_increment@@YAHPCJ@Z 100086f0 f i itt_notify_malloc.obj
 0001:00007700       ??8internal@rml@@YA_NABVThreadId@01@0@Z 10008700 f   frontend.obj
 0001:00007720       ?getThreadId@internal@rml@@YAIXZ 10008720 f   frontend.obj
 0001:00007760       ??0TLSKey@internal@rml@@QAE@XZ 10008760 f   frontend.obj
 0001:00007780       ??1TLSKey@internal@rml@@QAE@XZ 10008780 f   frontend.obj
 0001:000077a0       ?createTLS@TLSKey@internal@rml@@QAEPAVTLSData@23@PAVMemoryPool@23@PAVBackend@23@@Z 100087a0 f   frontend.obj
 0001:00007870       ?release16KBCaches@ExtMemoryPool@internal@rml@@QAE_NXZ 10008870 f   frontend.obj
 0001:00007940       ?allocate@BootStrapBlocks@internal@rml@@QAEPAXPAVMemoryPool@23@I@Z 10008940 f   frontend.obj
 0001:00007ab0       ?free@BootStrapBlocks@internal@rml@@QAEXPAX@Z 10008ab0 f   frontend.obj
 0001:00007b10       ?reset@BootStrapBlocks@internal@rml@@QAEXXZ 10008b10 f   frontend.obj
 0001:00007b40       ?getAllocationBin@MemoryPool@internal@rml@@QAEPAVBin@23@I@Z 10008b40 f   frontend.obj
 0001:00007be0       ?getEmptyBlock@MemoryPool@internal@rml@@QAEPAVBlock@23@I@Z 10008be0 f   frontend.obj
 0001:00007e50       ?returnEmptyBlock@MemoryPool@internal@rml@@QAEXPAVBlock@23@_N@Z 10008e50 f   frontend.obj
 0001:00007ed0       ?init@ExtMemoryPool@internal@rml@@QAE_NHP6APAXHAAI@ZP6AHHPAXI@ZI_N4@Z 10008ed0 f   frontend.obj
 0001:00007f50       ?initTLS@ExtMemoryPool@internal@rml@@QAEXXZ 10008f50 f   frontend.obj
 0001:00007f90       ?clearTLS@ExtMemoryPool@internal@rml@@QAEXXZ 10008f90 f   frontend.obj
 0001:00007fb0       ?init@MemoryPool@internal@rml@@QAE_NHPBUMemPoolPolicy@3@@Z 10008fb0 f   frontend.obj
 0001:00008070       ?reset@MemoryPool@internal@rml@@QAEXXZ 10009070 f   frontend.obj
 0001:000080d0       ?destroy@MemoryPool@internal@rml@@QAEXXZ 100090d0 f   frontend.obj
 0001:000081a0       ?verifyTLSBin@Bin@internal@rml@@QBEXI@Z 100091a0 f   frontend.obj
 0001:00008250       ?pushTLSBin@Bin@internal@rml@@QAEXPAVBlock@23@@Z 10009250 f   frontend.obj
 0001:000083a0       ?outofTLSBin@Bin@internal@rml@@QAEXPAVBlock@23@@Z 100093a0 f   frontend.obj
 0001:00008520       ?getPublicFreeListBlock@Bin@internal@rml@@QAEPAVBlock@23@XZ 10009520 f   frontend.obj
 0001:00008670       ?restoreBumpPtr@Block@internal@rml@@QAEXXZ 10009670 f   frontend.obj
 0001:000086f0       ?freePublicObject@Block@internal@rml@@QAEXPAUFreeObject@23@@Z 100096f0 f   frontend.obj
 0001:00008860       ?privatizePublicFreeList@Block@internal@rml@@QAEXXZ 10009860 f   frontend.obj
 0001:000089e0       ?privatizeOrphaned@Block@internal@rml@@QAEXPAVBin@23@@Z 100099e0 f   frontend.obj
 0001:00008b30       ?shareOrphaned@Block@internal@rml@@QAEXPBVBin@23@@Z 10009b30 f   frontend.obj
 0001:00008c60       ?cleanBlockHeader@Block@internal@rml@@IAEXXZ 10009c60 f   frontend.obj
 0001:00008cb0       ?initEmptyBlock@Block@internal@rml@@QAEXPAVBin@23@I@Z 10009cb0 f   frontend.obj
 0001:00008d40       ?get@OrphanedBlocks@internal@rml@@QAEPAVBlock@23@PAVBin@23@I@Z 10009d40 f   frontend.obj
 0001:00008dd0       ?put@OrphanedBlocks@internal@rml@@QAEXPAVBin@23@PAVBlock@23@@Z 10009dd0 f   frontend.obj
 0001:00008e30       ?reset@OrphanedBlocks@internal@rml@@QAEXXZ 10009e30 f   frontend.obj
 0001:00008e90       ?insertBlock@FreeBlockPool@internal@rml@@AAEXPAVBlock@23@@Z 10009e90 f   frontend.obj
 0001:00008ee0       ?getBlock@FreeBlockPool@internal@rml@@QAE?AVResOfGet@123@XZ 10009ee0 f   frontend.obj
 0001:00008f60       ?returnBlock@FreeBlockPool@internal@rml@@QAEXPAVBlock@23@@Z 10009f60 f   frontend.obj
 0001:00009050       ?releaseAllBlocks@FreeBlockPool@internal@rml@@QAE_NXZ 1000a050 f   frontend.obj
 0001:000090e0       ?makeEmpty@Block@internal@rml@@QAEXXZ 1000a0e0 f   frontend.obj
 0001:00009170       ?release@TLSData@internal@rml@@QAEXPAVMemoryPool@23@@Z 1000a170 f   frontend.obj
 0001:00009290       ?GetBoolEnvironmentVariable@internal@rml@@YA_NPBD@Z 1000a290 f   frontend.obj
 0001:000092d0       ?initDefaultPool@MemoryPool@internal@rml@@SAXXZ 1000a2d0 f   frontend.obj
 0001:000092e0       ?isMallocInitializedExt@internal@rml@@YA_NXZ 1000a2e0 f   frontend.obj
 0001:000092f0       ?moveBlockToBinFront@Bin@internal@rml@@QAEXPAVBlock@23@@Z 1000a2f0 f   frontend.obj
 0001:00009330       ?processLessUsedBlock@Bin@internal@rml@@QAEXPAVMemoryPool@23@PAVBlock@23@@Z 1000a330 f   frontend.obj
 0001:00009370       ?isLargeObject@internal@rml@@YA_NPAX@Z 1000a370 f   frontend.obj
 0001:00009490       ?pool_create@rml@@YAPAVMemoryPool@1@HPBUMemPoolPolicy@1@@Z 1000a490 f   frontend.obj
 0001:000094e0       ?pool_create_v1@rml@@YA?AW4MemPoolError@1@HPBUMemPoolPolicy@1@PAPAVMemoryPool@1@@Z 1000a4e0 f   frontend.obj
 0001:00009c00       ?pool_destroy@rml@@YA_NPAVMemoryPool@1@@Z 1000ac00 f   frontend.obj
 0001:00009c30       ?pool_reset@rml@@YA_NPAVMemoryPool@1@@Z 1000ac30 f   frontend.obj
 0001:00009c50       ?pool_malloc@rml@@YAPAXPAVMemoryPool@1@I@Z 1000ac50 f   frontend.obj
 0001:00009c70       ?pool_realloc@rml@@YAPAXPAVMemoryPool@1@PAXI@Z 1000ac70 f   frontend.obj
 0001:00009ff0       ?pool_aligned_malloc@rml@@YAPAXPAVMemoryPool@1@II@Z 1000aff0 f   frontend.obj
 0001:0000a030       ?pool_aligned_realloc@rml@@YAPAXPAVMemoryPool@1@PAXII@Z 1000b030 f   frontend.obj
 0001:0000a0b0       ?pool_free@rml@@YA_NPAVMemoryPool@1@PAX@Z 1000b0b0 f   frontend.obj
 0001:0000a0d0       ?mallocThreadShutdownNotification@@YAXPAX@Z 1000b0d0 f   frontend.obj
 0001:0000a160       ___TBB_mallocThreadShutdownNotification 1000b160 f   frontend.obj
 0001:0000a170       ___TBB_mallocProcessShutdownNotification 1000b170 f   frontend.obj
 0001:0000a190       _scalable_malloc           1000b190 f   frontend.obj
 0001:0000a1c0       _scalable_free             1000b1c0 f   frontend.obj
 0001:0000a1e0       _safer_scalable_free       1000b1e0 f   frontend.obj
 0001:0000a250       _scalable_realloc          1000b250 f   frontend.obj
 0001:0000a2c0       _safer_scalable_realloc    1000b2c0 f   frontend.obj
 0001:0000a3f0       _scalable_calloc           1000b3f0 f   frontend.obj
 0001:0000a440       _scalable_posix_memalign   1000b440 f   frontend.obj
 0001:0000a500       _scalable_aligned_malloc   1000b500 f   frontend.obj
 0001:0000a560       _scalable_aligned_realloc  1000b560 f   frontend.obj
 0001:0000a600       _safer_scalable_aligned_realloc 1000b600 f   frontend.obj
 0001:0000a780       _scalable_aligned_free     1000b780 f   frontend.obj
 0001:0000a7a0       _scalable_msize            1000b7a0 f   frontend.obj
 0001:0000a890       _safer_scalable_msize      1000b890 f   frontend.obj
 0001:0000ace0       ?get@ThreadId@internal@rml@@SA?AV123@XZ 1000bce0 f i frontend.obj
 0001:0000ad40       ??0RecursiveMallocCallProtector@internal@rml@@QAE@XZ 1000bd40 f i frontend.obj
 0001:0000ad50       ??1RecursiveMallocCallProtector@internal@rml@@QAE@XZ 1000bd50 f i frontend.obj
 0001:0000ad60       ?setThreadMallocTLS@TLSKey@internal@rml@@QAEXPAVTLSData@23@@Z 1000bd60 f i frontend.obj
 0001:0000ad90       ?verifyInitState@Bin@internal@rml@@QBEXXZ 1000bd90 f i frontend.obj
 0001:0000adf0       ??0TLSData@internal@rml@@QAE@PAVMemoryPool@12@PAVBackend@12@@Z 1000bdf0 f i frontend.obj
 0001:0000ae30       ??0FreeBlockPool@internal@rml@@QAE@PAVBackend@12@@Z 1000be30 f i frontend.obj
 0001:0000ae50       ??0Bin@internal@rml@@QAE@XZ 1000be50 f i frontend.obj
 0001:0000ae70       ?put16KBlock@Backend@internal@rml@@QAEXPAVBlockI@23@@Z 1000be70 f i frontend.obj
 0001:0000ae90       ?getThreadMallocTLS@TLSKey@internal@rml@@QBEPAVTLSData@23@XZ 1000be90 f i frontend.obj
 0001:0000aeb0       ?getBackRefIdx@Block@internal@rml@@QBEPBVBackRefIdx@23@XZ 1000beb0 f i frontend.obj
 0001:0000aed0       ?getActiveBlock@Bin@internal@rml@@QBEPAVBlock@23@XZ 1000bed0 f i frontend.obj
 0001:0000aee0       ?activeBlockUnused@Bin@internal@rml@@QBE_NXZ 1000bee0 f i frontend.obj
 0001:0000af20       ?get16KBlock@Backend@internal@rml@@QAEPAVBlockI@23@H@Z 1000bf20 f i frontend.obj
 0001:0000af80       ??0ResOfGet@FreeBlockPool@internal@rml@@QAE@PAVBlock@23@_N@Z 1000bf80 f i frontend.obj
 0001:0000afb0       ?bootstrap@Backend@internal@rml@@QAE_NPAUExtMemoryPool@23@@Z 1000bfb0 f i frontend.obj
 0001:0000afe0       ?reset@ExtMemoryPool@internal@rml@@QAEXXZ 1000bfe0 f i frontend.obj
 0001:0000b030       ?reset@LargeObjectCache@internal@rml@@QAEXXZ 1000c030 f i frontend.obj
 0001:0000b070       ?init@CacheBin@LargeObjectCache@internal@rml@@QAEXXZ 1000c070 f i frontend.obj
 0001:0000b090       ?delayRegionsReleasing@ExtMemoryPool@internal@rml@@QAEX_N@Z 1000c090 f i frontend.obj
 0001:0000b0b0       ??_GTLSKey@internal@rml@@QAEPAXI@Z 1000c0b0 f i frontend.obj
 0001:0000b0e0       ?getHead@AllLargeBlocksList@internal@rml@@QAEPAULargeMemoryBlock@23@XZ 1000c0e0 f i frontend.obj
 0001:0000b100       ?tooLargeToBeBined@ExtMemoryPool@internal@rml@@SA_NI@Z 1000c100 f i frontend.obj
 0001:0000b120       ?destroy@ExtMemoryPool@internal@rml@@QAEXXZ 1000c120 f i frontend.obj
 0001:0000b160       ?own@ThreadId@internal@rml@@QBE_NXZ 1000c160 f i frontend.obj
 0001:0000b190       ?ownBlock@Block@internal@rml@@QBE_NXZ 1000c190 f i frontend.obj
 0001:0000b1d0       ?isSolidPtr@internal@rml@@YA_NPAX@Z 1000c1d0 f i frontend.obj
 0001:0000b1f0       ?isNotForUse@internal@rml@@YA_NPAX@Z 1000c1f0 f i frontend.obj
 0001:0000b200       ?defined@ThreadId@internal@rml@@QBE_NXZ 1000c200 f i frontend.obj
 0001:0000b220       ?emptyEnoughToUse@Block@internal@rml@@QAE_NXZ 1000c220 f i frontend.obj
 0001:0000b2a0       ?do_yield@@YAXXZ           1000c2a0 f i frontend.obj
 0001:0000b2b0       ?undef@ThreadId@internal@rml@@QAEXXZ 1000c2b0 f i frontend.obj
 0001:0000b2d0       ?pop@LifoList@internal@rml@@QAEPAVBlock@23@XZ 1000c2d0 f i frontend.obj
 0001:0000b330       ?getSize@Block@internal@rml@@QBEIXZ 1000c330 f i frontend.obj
 0001:0000b380       ?isStartupAllocObject@Block@internal@rml@@QBE_NXZ 1000c380 f i frontend.obj
 0001:0000b3a0       ?push@LifoList@internal@rml@@QAEXPAVBlock@23@@Z 1000c3a0 f i frontend.obj
 0001:0000b3e0       ??0LifoList@internal@rml@@QAE@XZ 1000c3e0 f i frontend.obj
 0001:0000b420       ?invalid@ThreadId@internal@rml@@QAEXXZ 1000c420 f i frontend.obj
 0001:0000b440       ?empty@Block@internal@rml@@QBE_NXZ 1000c440 f i frontend.obj
 0001:0000b480       ?resetActiveBlock@Bin@internal@rml@@QAEXXZ 1000c480 f i frontend.obj
 0001:0000b4a0       ?isMallocInitialized@internal@rml@@YA_NXZ 1000c4a0 f i frontend.obj
 0001:0000b4c0       ?isLargeObject@BackRefIdx@internal@rml@@QBE_NXZ 1000c4c0 f i frontend.obj
 0001:0000b4e0       ??0MemPoolPolicy@rml@@QAE@P6APAXHAAI@ZP6AHHPAXI@ZI_N4@Z 1000c4e0 f i frontend.obj
 0001:0000b560       ?init@ThreadId@internal@rml@@SAXXZ 1000c560 f i frontend.obj
 0001:0000b570       ?freeListNonNull@Block@internal@rml@@QAE_NXZ 1000c570 f i frontend.obj
 0001:0000b590       ?setActiveBlock@Bin@internal@rml@@QAEXPAVBlock@23@@Z 1000c590 f i frontend.obj
 0001:0000b5e0       ?setPreviousBlockActive@Bin@internal@rml@@QAEPAVBlock@23@XZ 1000c5e0 f i frontend.obj
 0001:0000b660       ?allocateFromFreeList@Block@internal@rml@@QAEPAUFreeObject@23@XZ 1000c660 f i frontend.obj
 0001:0000b700       ?allocate@Block@internal@rml@@QAEPAUFreeObject@23@XZ 1000c700 f i frontend.obj
 0001:0000b7c0       ?allocateFromBumpPtr@Block@internal@rml@@AAEPAUFreeObject@23@XZ 1000c7c0 f i frontend.obj
 0001:0000b860       ?getBackRef@Block@internal@rml@@QBEPBVBackRefIdx@23@XZ 1000c860 f i frontend.obj
 0001:0000b880       ?checkFreePrecond@Block@internal@rml@@QBE_NPAX@Z 1000c880 f i frontend.obj
 0001:0000b900       ?freeOwnObject@Block@internal@rml@@QAEXPAVMemoryPool@23@PAUFreeObject@23@@Z 1000c900 f i frontend.obj
 0001:0000b9d0       ?findObjectToFree@Block@internal@rml@@QBEPAUFreeObject@23@PAX@Z 1000c9d0 f i frontend.obj
 0001:0000ba90       ?isProperlyPlaced@Block@internal@rml@@ABE_NPBX@Z 1000ca90 f i frontend.obj
 0001:0000bac0       ?findAllocatedObject@Block@internal@rml@@ABEPAUFreeObject@23@PBX@Z 1000cac0 f i frontend.obj
 0001:0000bb40       ??_H@YGXPAXIHP6EPAX0@Z@Z   1000cb40 f i frontend.obj
 0001:0000bb70       ?getTLS@ExtMemoryPool@internal@rml@@QAEPAVTLSData@23@XZ 1000cb70 f i frontend.obj
 0001:0000bb90       ?processExit@ShutdownSync@internal@rml@@QAEXXZ 1000cb90 f i frontend.obj
 0001:0000bba0       ??$suppress_unused_warning@I@internal@rml@@YAXABI@Z 1000cba0 f i frontend.obj
 0001:0000bbb0       ??$suppress_unused_warning@PAX@internal@rml@@YAXABQAX@Z 1000cbb0 f i frontend.obj
 0001:0000bbb6       _malloc                    1000cbb6 f   MSVCRTD:MSVCR100D.dll
 0001:0000bbbc       __errno                    1000cbbc f   MSVCRTD:MSVCR100D.dll
 0001:0000bbd0       __allshl                   1000cbd0 f   MSVCRTD:llshl.obj
 0001:0000bbf0       _memset                    1000cbf0 f   MSVCRTD:MSVCR100D.dll
 0001:0000bbf6       __CrtDbgReport             1000cbf6 f   MSVCRTD:MSVCR100D.dll
 0001:0000bbfc       _fprintf                   1000cbfc f   MSVCRTD:MSVCR100D.dll
 0001:0000bc02       ___iob_func                1000cc02 f   MSVCRTD:MSVCR100D.dll
 0001:0000bc08       __wcsdup                   1000cc08 f   MSVCRTD:MSVCR100D.dll
 0001:0000bc0e       _wcscmp                    1000cc0e f   MSVCRTD:MSVCR100D.dll
 0001:0000bc14       __strdup                   1000cc14 f   MSVCRTD:MSVCR100D.dll
 0001:0000bc20       @__security_check_cookie@4 1000cc20 f   MSVCRTD:secchk.obj
 0001:0000bc30       ??3@YAXPAX@Z               1000cc30 f   MSVCRTD:MSVCR100D.dll
 0001:0000bc40       _strcmp                    1000cc40 f   MSVCRTD:MSVCR100D.dll
 0001:0000bc46       _getenv                    1000cc46 f   MSVCRTD:MSVCR100D.dll
 0001:0000bc50       __except_handler4          1000cc50 f   MSVCRTD:chandler4gs.obj
 0001:0000bc7a       _fputs                     1000cc7a f   MSVCRTD:MSVCR100D.dll
 0001:0000bc80       _exit                      1000cc80 f   MSVCRTD:MSVCR100D.dll
 0001:0000bc86       _memcpy                    1000cc86 f   MSVCRTD:MSVCR100D.dll
 0001:0000bd10       __CRT_INIT@12              1000cd10 f   MSVCRTD:crtdll.obj
 0001:0000c000       _NtCurrentTeb              1000d000 f i MSVCRTD:crtdll.obj
 0001:0000c010       __DllMainCRTStartup@12     1000d010 f   MSVCRTD:crtdll.obj
 0001:0000c210       ___report_gsfailure        1000d210 f   MSVCRTD:gs_report.obj
 0001:0000c31e       __except_handler4_common   1000d31e f   MSVCRTD:MSVCR100D.dll
 0001:0000c330       ___clean_type_info_names   1000d330 f   MSVCRTD:tncleanup.obj
 0001:0000c350       __onexit                   1000d350 f   MSVCRTD:atonexit.obj
 0001:0000c450       _atexit                    1000d450 f   MSVCRTD:atonexit.obj
 0001:0000c470       __RTC_Initialize           1000d470 f   MSVCRTD:_initsect_.obj
 0001:0000c4a0       __RTC_Terminate            1000d4a0 f   MSVCRTD:_initsect_.obj
 0001:0000c4c6       __malloc_dbg               1000d4c6 f   MSVCRTD:MSVCR100D.dll
 0001:0000c4cc       __free_dbg                 1000d4cc f   MSVCRTD:MSVCR100D.dll
 0001:0000c4d2       __encoded_null             1000d4d2 f   MSVCRTD:MSVCR100D.dll
 0001:0000c4d8       __CrtSetCheckCount         1000d4d8 f   MSVCRTD:MSVCR100D.dll
 0001:0000c4e0       __ValidateImageBase        1000d4e0 f   MSVCRTD:pesect.obj
 0001:0000c540       __FindPESection            1000d540 f   MSVCRTD:pesect.obj
 0001:0000c5c0       __IsNonwritableInCurrentImage 1000d5c0 f   MSVCRTD:pesect.obj
 0001:0000c6d2       __initterm                 1000d6d2 f   MSVCRTD:MSVCR100D.dll
 0001:0000c6d8       __initterm_e               1000d6d8 f   MSVCRTD:MSVCR100D.dll
 0001:0000c6de       __amsg_exit                1000d6de f   MSVCRTD:MSVCR100D.dll
 0001:0000c6f0       ___security_init_cookie    1000d6f0 f   MSVCRTD:gs_support.obj
 0001:0000c7d0       ___CppXcptFilter           1000d7d0 f   MSVCRTD:MSVCR100D.dll
 0001:0000c7d6       __crt_debugger_hook        1000d7d6 f   MSVCRTD:MSVCR100D.dll
 0001:0000c7dc       ___clean_type_info_names_internal 1000d7dc f   MSVCRTD:MSVCR100D.dll
 0001:0000c7e2       __unlock                   1000d7e2 f   MSVCRTD:MSVCR100D.dll
 0001:0000c7e8       ___dllonexit               1000d7e8 f   MSVCRTD:MSVCR100D.dll
 0001:0000c7ee       __lock                     1000d7ee f   MSVCRTD:MSVCR100D.dll
 0001:0000c7f4       _VirtualAlloc@16           1000d7f4 f   kernel32:KERNEL32.dll
 0001:0000c7fa       _VirtualFree@12            1000d7fa f   kernel32:KERNEL32.dll
 0001:0000c800       _SwitchToThread@0          1000d800 f   kernel32:KERNEL32.dll
 0001:0000c806       _LoadLibraryA@4            1000d806 f   kernel32:KERNEL32.dll
 0001:0000c80c       _SetErrorMode@4            1000d80c f   kernel32:KERNEL32.dll
 0001:0000c812       _LeaveCriticalSection@4    1000d812 f   kernel32:KERNEL32.dll
 0001:0000c818       _EnterCriticalSection@4    1000d818 f   kernel32:KERNEL32.dll
 0001:0000c81e       _InitializeCriticalSection@4 1000d81e f   kernel32:KERNEL32.dll
 0001:0000c824       _InterlockedIncrement@4    1000d824 f   kernel32:KERNEL32.dll
 0001:0000c82a       _lstrcmpA@8                1000d82a f   kernel32:KERNEL32.dll
 0001:0000c830       _GetCurrentThreadId@0      1000d830 f   kernel32:KERNEL32.dll
 0001:0000c836       _GetProcAddress@8          1000d836 f   kernel32:KERNEL32.dll
 0001:0000c83c       _GetLastError@0            1000d83c f   kernel32:KERNEL32.dll
 0001:0000c842       _GetEnvironmentVariableA@12 1000d842 f   kernel32:KERNEL32.dll
 0001:0000c848       _FreeLibrary@4             1000d848 f   kernel32:KERNEL32.dll
 0001:0000c84e       _lstrcpynA@12              1000d84e f   kernel32:KERNEL32.dll
 0001:0000c854       _TlsSetValue@8             1000d854 f   kernel32:KERNEL32.dll
 0001:0000c85a       _TlsGetValue@4             1000d85a f   kernel32:KERNEL32.dll
 0001:0000c860       _TlsAlloc@0                1000d860 f   kernel32:KERNEL32.dll
 0001:0000c866       _TlsFree@4                 1000d866 f   kernel32:KERNEL32.dll
 0001:0000c86c       _EncodePointer@4           1000d86c f   kernel32:KERNEL32.dll
 0001:0000c872       _DecodePointer@4           1000d872 f   kernel32:KERNEL32.dll
 0001:0000c878       _InterlockedExchange@8     1000d878 f   kernel32:KERNEL32.dll
 0001:0000c87e       _Sleep@4                   1000d87e f   kernel32:KERNEL32.dll
 0001:0000c884       _InterlockedCompareExchange@12 1000d884 f   kernel32:KERNEL32.dll
 0001:0000c88a       _TerminateProcess@8        1000d88a f   kernel32:KERNEL32.dll
 0001:0000c890       _GetCurrentProcess@0       1000d890 f   kernel32:KERNEL32.dll
 0001:0000c896       _UnhandledExceptionFilter@4 1000d896 f   kernel32:KERNEL32.dll
 0001:0000c89c       _SetUnhandledExceptionFilter@4 1000d89c f   kernel32:KERNEL32.dll
 0001:0000c8a2       _IsDebuggerPresent@0       1000d8a2 f   kernel32:KERNEL32.dll
 0001:0000c8a8       _QueryPerformanceCounter@4 1000d8a8 f   kernel32:KERNEL32.dll
 0001:0000c8ae       _GetTickCount@0            1000d8ae f   kernel32:KERNEL32.dll
 0001:0000c8b4       _GetCurrentProcessId@0     1000d8b4 f   kernel32:KERNEL32.dll
 0001:0000c8ba       _GetSystemTimeAsFileTime@4 1000d8ba f   kernel32:KERNEL32.dll
 0002:00000000       __imp__SwitchToThread@0    1000e000     kernel32:KERNEL32.dll
 0002:00000004       __imp__GetSystemTimeAsFileTime@4 1000e004     kernel32:KERNEL32.dll
 0002:00000008       __imp__GetCurrentProcessId@0 1000e008     kernel32:KERNEL32.dll
 0002:0000000c       __imp__GetTickCount@0      1000e00c     kernel32:KERNEL32.dll
 0002:00000010       __imp__QueryPerformanceCounter@4 1000e010     kernel32:KERNEL32.dll
 0002:00000014       __imp__IsDebuggerPresent@0 1000e014     kernel32:KERNEL32.dll
 0002:00000018       __imp__SetUnhandledExceptionFilter@4 1000e018     kernel32:KERNEL32.dll
 0002:0000001c       __imp__UnhandledExceptionFilter@4 1000e01c     kernel32:KERNEL32.dll
 0002:00000020       __imp__GetCurrentProcess@0 1000e020     kernel32:KERNEL32.dll
 0002:00000024       __imp__TerminateProcess@8  1000e024     kernel32:KERNEL32.dll
 0002:00000028       __imp__InterlockedCompareExchange@12 1000e028     kernel32:KERNEL32.dll
 0002:0000002c       __imp__Sleep@4             1000e02c     kernel32:KERNEL32.dll
 0002:00000030       __imp__InterlockedExchange@8 1000e030     kernel32:KERNEL32.dll
 0002:00000034       __imp__DecodePointer@4     1000e034     kernel32:KERNEL32.dll
 0002:00000038       __imp__EncodePointer@4     1000e038     kernel32:KERNEL32.dll
 0002:0000003c       __imp__TlsFree@4           1000e03c     kernel32:KERNEL32.dll
 0002:00000040       __imp__TlsAlloc@0          1000e040     kernel32:KERNEL32.dll
 0002:00000044       __imp__TlsGetValue@4       1000e044     kernel32:KERNEL32.dll
 0002:00000048       __imp__TlsSetValue@8       1000e048     kernel32:KERNEL32.dll
 0002:0000004c       __imp__lstrcpynA@12        1000e04c     kernel32:KERNEL32.dll
 0002:00000050       __imp__FreeLibrary@4       1000e050     kernel32:KERNEL32.dll
 0002:00000054       __imp__GetEnvironmentVariableA@12 1000e054     kernel32:KERNEL32.dll
 0002:00000058       __imp__GetLastError@0      1000e058     kernel32:KERNEL32.dll
 0002:0000005c       __imp__GetProcAddress@8    1000e05c     kernel32:KERNEL32.dll
 0002:00000060       __imp__GetCurrentThreadId@0 1000e060     kernel32:KERNEL32.dll
 0002:00000064       __imp__lstrcmpA@8          1000e064     kernel32:KERNEL32.dll
 0002:00000068       __imp__InterlockedIncrement@4 1000e068     kernel32:KERNEL32.dll
 0002:0000006c       __imp__InitializeCriticalSection@4 1000e06c     kernel32:KERNEL32.dll
 0002:00000070       __imp__EnterCriticalSection@4 1000e070     kernel32:KERNEL32.dll
 0002:00000074       __imp__LeaveCriticalSection@4 1000e074     kernel32:KERNEL32.dll
 0002:00000078       __imp__SetErrorMode@4      1000e078     kernel32:KERNEL32.dll
 0002:0000007c       __imp__VirtualAlloc@16     1000e07c     kernel32:KERNEL32.dll
 0002:00000080       __imp__VirtualFree@12      1000e080     kernel32:KERNEL32.dll
 0002:00000084       __imp__LoadLibraryA@4      1000e084     kernel32:KERNEL32.dll
 0002:00000088       \177KERNEL32_NULL_THUNK_DATA 1000e088     kernel32:KERNEL32.dll
 0002:0000008c       __imp___onexit             1000e08c     MSVCRTD:MSVCR100D.dll
 0002:00000090       __imp___lock               1000e090     MSVCRTD:MSVCR100D.dll
 0002:00000094       __imp____dllonexit         1000e094     MSVCRTD:MSVCR100D.dll
 0002:00000098       __imp___unlock             1000e098     MSVCRTD:MSVCR100D.dll
 0002:0000009c       __imp____clean_type_info_names_internal 1000e09c     MSVCRTD:MSVCR100D.dll
 0002:000000a0       __imp___crt_debugger_hook  1000e0a0     MSVCRTD:MSVCR100D.dll
 0002:000000a4       __imp____CppXcptFilter     1000e0a4     MSVCRTD:MSVCR100D.dll
 0002:000000a8       __imp___amsg_exit          1000e0a8     MSVCRTD:MSVCR100D.dll
 0002:000000ac       __imp___initterm_e         1000e0ac     MSVCRTD:MSVCR100D.dll
 0002:000000b0       __imp___initterm           1000e0b0     MSVCRTD:MSVCR100D.dll
 0002:000000b4       __imp___CrtSetCheckCount   1000e0b4     MSVCRTD:MSVCR100D.dll
 0002:000000b8       __imp___encoded_null       1000e0b8     MSVCRTD:MSVCR100D.dll
 0002:000000bc       __imp___free_dbg           1000e0bc     MSVCRTD:MSVCR100D.dll
 0002:000000c0       __imp___malloc_dbg         1000e0c0     MSVCRTD:MSVCR100D.dll
 0002:000000c4       __imp___except_handler4_common 1000e0c4     MSVCRTD:MSVCR100D.dll
 0002:000000c8       __imp__memcpy              1000e0c8     MSVCRTD:MSVCR100D.dll
 0002:000000cc       __imp__exit                1000e0cc     MSVCRTD:MSVCR100D.dll
 0002:000000d0       __imp__fputs               1000e0d0     MSVCRTD:MSVCR100D.dll
 0002:000000d4       __imp__getenv              1000e0d4     MSVCRTD:MSVCR100D.dll
 0002:000000d8       __imp__strcmp              1000e0d8     MSVCRTD:MSVCR100D.dll
 0002:000000dc       __imp_??3@YAXPAX@Z         1000e0dc     MSVCRTD:MSVCR100D.dll
 0002:000000e0       __imp___strdup             1000e0e0     MSVCRTD:MSVCR100D.dll
 0002:000000e4       __imp__wcscmp              1000e0e4     MSVCRTD:MSVCR100D.dll
 0002:000000e8       __imp___wcsdup             1000e0e8     MSVCRTD:MSVCR100D.dll
 0002:000000ec       __imp____iob_func          1000e0ec     MSVCRTD:MSVCR100D.dll
 0002:000000f0       __imp__fprintf             1000e0f0     MSVCRTD:MSVCR100D.dll
 0002:000000f4       __imp___CrtDbgReport       1000e0f4     MSVCRTD:MSVCR100D.dll
 0002:000000f8       __imp__memset              1000e0f8     MSVCRTD:MSVCR100D.dll
 0002:000000fc       __imp___errno              1000e0fc     MSVCRTD:MSVCR100D.dll
 0002:00000100       __imp__malloc              1000e100     MSVCRTD:MSVCR100D.dll
 0002:00000104       \177MSVCR100D_NULL_THUNK_DATA 1000e104     MSVCRTD:MSVCR100D.dll
 0002:00000108       ___xc_a                    1000e108     MSVCRTD:cinitexe.obj
 0002:00000118       ___xc_z                    1000e118     MSVCRTD:cinitexe.obj
 0002:0000011c       ___xi_a                    1000e11c     MSVCRTD:cinitexe.obj
 0002:00000124       ___xi_z                    1000e124     MSVCRTD:cinitexe.obj
 0002:0000014c       ?LOOPS_BEFORE_YIELD@atomic_backoff@internal@tbb@@0HB 1000e14c     backend.obj
 0002:000001e4       ?minBlockSize@FreeBlock@internal@rml@@2IB 1000e1e4     backend.obj
 0002:0000070c       ?numLargeBlockBins@LargeObjectCache@internal@rml@@0IB 1000e70c     backend.obj
 0002:00000710       ?minPower2@Backend@internal@rml@@2IB 1000e710     backend.obj
 0002:00000714       ?maxPower2@Backend@internal@rml@@2IB 1000e714     backend.obj
 0002:00000718       ?minBinedSize@Backend@internal@rml@@2IB 1000e718     backend.obj
 0002:0000071c       ?maxBinedSize@Backend@internal@rml@@2IB 1000e71c     backend.obj
 0002:00000720       ?freeBinsNum@Backend@internal@rml@@2HB 1000e720     backend.obj
 0002:00000724       ?numOfBlocksAllocOnMiss@Backend@internal@rml@@2HB 1000e724     backend.obj
 0002:00000728       ?SZ@?$BitMask@$0CAA@@internal@rml@@0HB 1000e728     backend.obj
 0002:0000072c       ?WORD_LEN@?$BitMask@$0CAA@@internal@rml@@0IB 1000e72c     backend.obj
 0002:00000730       ??_C@_0CA@NFCPMBPE@?4?4?1?4?4?1src?1tbbmalloc?1backend?4cpp?$AA@ 1000e730     backend.obj
 0002:00000750       ??_C@_02IDNJGBJI@sz?$AA@   1000e750     backend.obj
 0002:00000758       ??_C@_0EB@OAMOHAGK@d?3?2work?2project?2orca?2deps?2tbb?2sr@ 1000e758     backend.obj
 0002:0000079c       ??_C@_0P@FNEMDPOD@bin?5?$DM?5HUGE_BIN?$AA@ 1000e79c     backend.obj
 0002:000007ac       ??_C@_0O@JHJJFLBL@Invalid?5size?4?$AA@ 1000e7ac     backend.obj
 0002:000007bc       ??_C@_0BG@IPJCHDNC@size?5?$DO?5MAX_LOCKED_VAL?$AA@ 1000e7bc     backend.obj
 0002:000007d4       ??_C@_0BI@IIODFHOM@value?5?$DM?$DN?5MAX_LOCKED_VAL?$AA@ 1000e7d4     backend.obj
 0002:000007ec       ??_C@_0BH@FEHBFHGE@The?5lock?5is?5not?5locked?$AA@ 1000e7ec     backend.obj
 0002:00000804       ??_C@_09JFDLILFE@rSz?5?$DN?$DN?5sz?$AA@ 1000e804     backend.obj
 0002:00000810       ??_C@_0BI@JHINDDMB@state?5?$DM?$DN?5MAX_LOCKED_VAL?$AA@ 1000e810     backend.obj
 0002:00000828       ??_C@_08DFOLODHC@prev?5?$DO?50?$AA@ 1000e828     backend.obj
 0002:00000834       ??_C@_0BA@CEEKGGGA@value?5?$DN?$DN?5LOCKED?$AA@ 1000e834     backend.obj
 0002:00000844       ??_C@_07PNELNLMG@idx?$DMNUM?$AA@ 1000e844     backend.obj
 0002:000009a0       ??_C@_0CG@BLJGJEHM@?4?4?1?4?4?1src?1tbbmalloc?1large_object@ 1000e9a0     large_objects.obj
 0002:000009c8       ??_C@_0M@NCPMIDHC@0?5?$DN?$DN?5oldest?$AA@ 1000e9c8     large_objects.obj
 0002:00000a6c       ?dataSz@BackRefMaster@internal@rml@@2HB 1000ea6c     backref.obj
 0002:00000e8c       ?bytes@BackRefBlock@internal@rml@@2HB 1000ee8c     backref.obj
 0002:00000e90       ?bytes@BackRefMaster@internal@rml@@2IB 1000ee90     backref.obj
 0002:00000e94       ?leaves@BackRefMaster@internal@rml@@2HB 1000ee94     backref.obj
 0002:00000e98       ?masterSize@BackRefMaster@internal@rml@@2IB 1000ee98     backref.obj
 0002:00000e9c       ??_C@_0CA@OMJOAMDH@?4?4?1?4?4?1src?1tbbmalloc?1backref?4cpp?$AA@ 1000ee9c     backref.obj
 0002:00000ebc       ??_C@_0P@PMMNAIIO@?$CB?$CImyNum?5?$DO?$DO?516?$CJ?$AA@ 1000eebc     backref.obj
 0002:00002254       ?defaultGranularity@MemoryPool@internal@rml@@0IB 10010254     frontend.obj
 0002:00002258       ?emptyEnoughRatio@Block@internal@rml@@0MB 10010258     frontend.obj
 0002:0000225c       ?minLargeObjectSize@internal@rml@@3IB 1001025c     frontend.obj
 0002:00003324       ?POOL_HIGH_MARK@FreeBlockPool@internal@rml@@2HB 10011324     frontend.obj
 0002:00003328       ?POOL_LOW_MARK@FreeBlockPool@internal@rml@@2HB 10011328     frontend.obj
 0002:0000332c       ??_C@_0N@PFGPMDGO@mailbox?5?$DN?$DN?50?$AA@ 1001132c     frontend.obj
 0002:0000333c       ??_C@_0CB@MMJLDEIC@?4?4?1?4?4?1src?1tbbmalloc?1frontend?4cpp@ 1001133c     frontend.obj
 0002:00003360       ??_C@_0P@IIHMHAOK@activeBlk?5?$DN?$DN?50?$AA@ 10011360     frontend.obj
 0002:00003370       ??_C@_0BI@NALBFPJF@isAligned?$CIb?0?5blockSize?$CJ?$AA@ 10011370     frontend.obj
 0002:00003388       __real@40cfc00000000000    10011388     frontend.obj
 0002:00003390       __real@3ff0000000000000    10011390     frontend.obj
 0002:00003398       ??_C@_0DI@MEAHKCFO@isStartupAllocObject?$CI?$CJ?5?$HM?$HM?5object@ 10011398     frontend.obj
 0002:000033d0       ??_C@_0BE@HPINMMI@Invalid?5object?5size?$AA@ 100113d0     frontend.obj
 0002:000033e4       ??_C@_0BD@EBJLFFHG@block?9?$DOowner?4own?$CI?$CJ?$AA@ 100113e4     frontend.obj
 0002:000033f8       ??_C@_0BC@OHJHBNAN@temp?9?$DOisFull?5?$DN?$DN?50?$AA@ 100113f8     frontend.obj
 0002:0000340c       ??_C@_09LPKNFIF@activeBlk?$AA@ 1001140c     frontend.obj
 0002:00003418       ??_C@_0DG@EDFDFMD@allocatedCount?5?$DM?5?$CIblockSize?9size@ 10011418     frontend.obj
 0002:00003450       ??_C@_06KJFADLGN@result?$AA@ 10011450     frontend.obj
 0002:00003458       ??_C@_08GIKGANOK@?$CBbumpPtr?$AA@ 10011458     frontend.obj
 0002:00003464       ??_C@_09DKJIALDF@?$CBfreeList?$AA@ 10011464     frontend.obj
 0002:00003470       ??_C@_0M@LKGJCAEO@owner?4own?$CI?$CJ?$AA@ 10011470     frontend.obj
 0002:0000347c       ??_C@_0BP@PABEPNHM@isProperlyPlaced?$CIobjectToFree?$CJ?$AA@ 1001147c     frontend.obj
 0002:0000349c       ??_C@_0CJ@FLAGMCDL@isAligned?$CIobjectToFree?0fittingAl@ 1001149c     frontend.obj
 0002:000034c8       ??_C@_0CA@MHCHOEKB@offset?$DM?$DNblockSize?9sizeof?$CIBlock?$CJ?$AA@ 100114c8     frontend.obj
 0002:000034e8       __pRawDllMain              100114e8     MSVCRTD:crtdll.obj
 0002:000034e8       __pDefaultRawDllMain       100114e8     MSVCRTD:crtdll.obj
 0002:000034ec       ??_C@_0DA@FJPPCPEH@f?3?2dd?2vctools?2crt_bld?2self_x86?2c@ 100114ec     MSVCRTD:crtdll.obj
 0002:00003524       ?ProcessDetach@NativeDll@<CrtImplementationDetails>@@0IB 10011524     MSVCRTD:tncleanup.obj
 0002:00003528       ?ProcessAttach@NativeDll@<CrtImplementationDetails>@@0IB 10011528     MSVCRTD:tncleanup.obj
 0002:0000352c       ?ThreadAttach@NativeDll@<CrtImplementationDetails>@@0IB 1001152c     MSVCRTD:tncleanup.obj
 0002:00003530       ?ThreadDetach@NativeDll@<CrtImplementationDetails>@@0IB 10011530     MSVCRTD:tncleanup.obj
 0002:00003534       ?ProcessVerifier@NativeDll@<CrtImplementationDetails>@@0IB 10011534     MSVCRTD:tncleanup.obj
 0002:00003538       __load_config_used         10011538     MSVCRTD:loadcfg.obj
 0002:000035f0       ___safe_se_handler_table   100115f0     <linker-defined>
 0002:000035f4       ___rtc_iaa                 100115f4     MSVCRTD:_initsect_.obj
 0002:000035f8       ___rtc_izz                 100115f8     MSVCRTD:_initsect_.obj
 0002:000035fc       ___rtc_taa                 100115fc     MSVCRTD:_initsect_.obj
 0002:00003600       ___rtc_tzz                 10011600     MSVCRTD:_initsect_.obj
 0002:0000368c       __IMPORT_DESCRIPTOR_MSVCR100D 1001168c     MSVCRTD:MSVCR100D.dll
 0002:000036a0       __IMPORT_DESCRIPTOR_KERNEL32 100116a0     kernel32:KERNEL32.dll
 0002:000036b4       __NULL_IMPORT_DESCRIPTOR   100116b4     MSVCRTD:MSVCR100D.dll
 0003:00000008       ___itt_sync_createA_ptr__3_0 10013008     itt_notify_malloc.obj
 0003:0000000c       ___itt_sync_createW_ptr__3_0 1001300c     itt_notify_malloc.obj
 0003:00000010       ___itt_sync_renameA_ptr__3_0 10013010     itt_notify_malloc.obj
 0003:00000014       ___itt_sync_renameW_ptr__3_0 10013014     itt_notify_malloc.obj
 0003:00000018       ___itt_sync_destroy_ptr__3_0 10013018     itt_notify_malloc.obj
 0003:0000001c       ___itt_sync_prepare_ptr__3_0 1001301c     itt_notify_malloc.obj
 0003:00000020       ___itt_sync_cancel_ptr__3_0 10013020     itt_notify_malloc.obj
 0003:00000024       ___itt_sync_acquired_ptr__3_0 10013024     itt_notify_malloc.obj
 0003:00000028       ___itt_sync_releasing_ptr__3_0 10013028     itt_notify_malloc.obj
 0003:0000002c       ___itt_fsync_prepare_ptr__3_0 1001302c     itt_notify_malloc.obj
 0003:00000030       ___itt_fsync_cancel_ptr__3_0 10013030     itt_notify_malloc.obj
 0003:00000034       ___itt_fsync_acquired_ptr__3_0 10013034     itt_notify_malloc.obj
 0003:00000038       ___itt_fsync_releasing_ptr__3_0 10013038     itt_notify_malloc.obj
 0003:0000003c       ___itt_model_site_begin_ptr__3_0 1001303c     itt_notify_malloc.obj
 0003:00000040       ___itt_model_site_end_ptr__3_0 10013040     itt_notify_malloc.obj
 0003:00000044       ___itt_model_task_begin_ptr__3_0 10013044     itt_notify_malloc.obj
 0003:00000048       ___itt_model_task_end_ptr__3_0 10013048     itt_notify_malloc.obj
 0003:0000004c       ___itt_model_lock_acquire_ptr__3_0 1001304c     itt_notify_malloc.obj
 0003:00000050       ___itt_model_lock_release_ptr__3_0 10013050     itt_notify_malloc.obj
 0003:00000054       ___itt_model_record_allocation_ptr__3_0 10013054     itt_notify_malloc.obj
 0003:00000058       ___itt_model_record_deallocation_ptr__3_0 10013058     itt_notify_malloc.obj
 0003:0000005c       ___itt_model_induction_uses_ptr__3_0 1001305c     itt_notify_malloc.obj
 0003:00000060       ___itt_model_reduction_uses_ptr__3_0 10013060     itt_notify_malloc.obj
 0003:00000064       ___itt_model_observe_uses_ptr__3_0 10013064     itt_notify_malloc.obj
 0003:00000068       ___itt_model_clear_uses_ptr__3_0 10013068     itt_notify_malloc.obj
 0003:0000006c       ___itt_model_disable_push_ptr__3_0 1001306c     itt_notify_malloc.obj
 0003:00000070       ___itt_model_disable_pop_ptr__3_0 10013070     itt_notify_malloc.obj
 0003:00000074       ___itt_model_site_beginW_ptr__3_0 10013074     itt_notify_malloc.obj
 0003:00000078       ___itt_model_task_beginW_ptr__3_0 10013078     itt_notify_malloc.obj
 0003:0000007c       ___itt_model_site_beginAL_ptr__3_0 1001307c     itt_notify_malloc.obj
 0003:00000080       ___itt_model_task_beginAL_ptr__3_0 10013080     itt_notify_malloc.obj
 0003:00000084       ___itt_heap_function_createA_ptr__3_0 10013084     itt_notify_malloc.obj
 0003:00000088       ___itt_heap_function_createW_ptr__3_0 10013088     itt_notify_malloc.obj
 0003:0000008c       ___itt_heap_allocate_begin_ptr__3_0 1001308c     itt_notify_malloc.obj
 0003:00000090       ___itt_heap_allocate_end_ptr__3_0 10013090     itt_notify_malloc.obj
 0003:00000094       ___itt_heap_free_begin_ptr__3_0 10013094     itt_notify_malloc.obj
 0003:00000098       ___itt_heap_free_end_ptr__3_0 10013098     itt_notify_malloc.obj
 0003:0000009c       ___itt_heap_reallocate_begin_ptr__3_0 1001309c     itt_notify_malloc.obj
 0003:000000a0       ___itt_heap_reallocate_end_ptr__3_0 100130a0     itt_notify_malloc.obj
 0003:000000a4       ___itt_heap_internal_access_begin_ptr__3_0 100130a4     itt_notify_malloc.obj
 0003:000000a8       ___itt_heap_internal_access_end_ptr__3_0 100130a8     itt_notify_malloc.obj
 0003:000000ac       ___itt_id_create_ptr__3_0  100130ac     itt_notify_malloc.obj
 0003:000000b0       ___itt_id_destroy_ptr__3_0 100130b0     itt_notify_malloc.obj
 0003:000000b4       ___itt_region_begin_ptr__3_0 100130b4     itt_notify_malloc.obj
 0003:000000b8       ___itt_region_end_ptr__3_0 100130b8     itt_notify_malloc.obj
 0003:000000bc       ___itt_frame_begin_v3_ptr__3_0 100130bc     itt_notify_malloc.obj
 0003:000000c0       ___itt_frame_end_v3_ptr__3_0 100130c0     itt_notify_malloc.obj
 0003:000000c4       ___itt_task_group_ptr__3_0 100130c4     itt_notify_malloc.obj
 0003:000000c8       ___itt_task_begin_ptr__3_0 100130c8     itt_notify_malloc.obj
 0003:000000cc       ___itt_task_begin_fn_ptr__3_0 100130cc     itt_notify_malloc.obj
 0003:000000d0       ___itt_task_end_ptr__3_0   100130d0     itt_notify_malloc.obj
 0003:000000d4       ___itt_counter_inc_v3_ptr__3_0 100130d4     itt_notify_malloc.obj
 0003:000000d8       ___itt_counter_inc_delta_v3_ptr__3_0 100130d8     itt_notify_malloc.obj
 0003:000000dc       ___itt_marker_ptr__3_0     100130dc     itt_notify_malloc.obj
 0003:000000e0       ___itt_metadata_add_ptr__3_0 100130e0     itt_notify_malloc.obj
 0003:000000e4       ___itt_metadata_str_addA_ptr__3_0 100130e4     itt_notify_malloc.obj
 0003:000000e8       ___itt_metadata_str_addW_ptr__3_0 100130e8     itt_notify_malloc.obj
 0003:000000ec       ___itt_relation_add_to_current_ptr__3_0 100130ec     itt_notify_malloc.obj
 0003:000000f0       ___itt_relation_add_ptr__3_0 100130f0     itt_notify_malloc.obj
 0003:000000f4       ___itt_event_createA_ptr__3_0 100130f4     itt_notify_malloc.obj
 0003:000000f8       ___itt_event_createW_ptr__3_0 100130f8     itt_notify_malloc.obj
 0003:000000fc       ___itt_event_start_ptr__3_0 100130fc     itt_notify_malloc.obj
 0003:00000100       ___itt_event_end_ptr__3_0  10013100     itt_notify_malloc.obj
 0003:00000104       ___itt_sync_set_nameA_ptr__3_0 10013104     itt_notify_malloc.obj
 0003:00000108       ___itt_sync_set_nameW_ptr__3_0 10013108     itt_notify_malloc.obj
 0003:0000010c       ___itt_notify_sync_nameA_ptr__3_0 1001310c     itt_notify_malloc.obj
 0003:00000110       ___itt_notify_sync_nameW_ptr__3_0 10013110     itt_notify_malloc.obj
 0003:00000114       ___itt_notify_sync_prepare_ptr__3_0 10013114     itt_notify_malloc.obj
 0003:00000118       ___itt_notify_sync_cancel_ptr__3_0 10013118     itt_notify_malloc.obj
 0003:0000011c       ___itt_notify_sync_acquired_ptr__3_0 1001311c     itt_notify_malloc.obj
 0003:00000120       ___itt_notify_sync_releasing_ptr__3_0 10013120     itt_notify_malloc.obj
 0003:00000124       ___itt_memory_read_ptr__3_0 10013124     itt_notify_malloc.obj
 0003:00000128       ___itt_memory_write_ptr__3_0 10013128     itt_notify_malloc.obj
 0003:0000012c       ___itt_memory_update_ptr__3_0 1001312c     itt_notify_malloc.obj
 0003:00000130       ___itt_state_get_ptr__3_0  10013130     itt_notify_malloc.obj
 0003:00000134       ___itt_state_set_ptr__3_0  10013134     itt_notify_malloc.obj
 0003:00000138       ___itt_obj_mode_set_ptr__3_0 10013138     itt_notify_malloc.obj
 0003:0000013c       ___itt_thr_mode_set_ptr__3_0 1001313c     itt_notify_malloc.obj
 0003:00000140       ___itt_frame_createA_ptr__3_0 10013140     itt_notify_malloc.obj
 0003:00000144       ___itt_frame_createW_ptr__3_0 10013144     itt_notify_malloc.obj
 0003:00000148       ___itt_frame_begin_ptr__3_0 10013148     itt_notify_malloc.obj
 0003:0000014c       ___itt_frame_end_ptr__3_0  1001314c     itt_notify_malloc.obj
 0003:00000150       ___itt_counter_createA_ptr__3_0 10013150     itt_notify_malloc.obj
 0003:00000154       ___itt_counter_createW_ptr__3_0 10013154     itt_notify_malloc.obj
 0003:00000158       ___itt_counter_destroy_ptr__3_0 10013158     itt_notify_malloc.obj
 0003:0000015c       ___itt_counter_inc_ptr__3_0 1001315c     itt_notify_malloc.obj
 0003:00000160       ___itt_counter_inc_delta_ptr__3_0 10013160     itt_notify_malloc.obj
 0003:00000164       ___itt_mark_createA_ptr__3_0 10013164     itt_notify_malloc.obj
 0003:00000168       ___itt_mark_createW_ptr__3_0 10013168     itt_notify_malloc.obj
 0003:0000016c       ___itt_markA_ptr__3_0      1001316c     itt_notify_malloc.obj
 0003:00000170       ___itt_markW_ptr__3_0      10013170     itt_notify_malloc.obj
 0003:00000174       ___itt_mark_off_ptr__3_0   10013174     itt_notify_malloc.obj
 0003:00000178       ___itt_mark_globalA_ptr__3_0 10013178     itt_notify_malloc.obj
 0003:0000017c       ___itt_mark_globalW_ptr__3_0 1001317c     itt_notify_malloc.obj
 0003:00000180       ___itt_mark_global_off_ptr__3_0 10013180     itt_notify_malloc.obj
 0003:00000184       ___itt_stack_caller_create_ptr__3_0 10013184     itt_notify_malloc.obj
 0003:00000188       ___itt_stack_caller_destroy_ptr__3_0 10013188     itt_notify_malloc.obj
 0003:0000018c       ___itt_stack_callee_enter_ptr__3_0 1001318c     itt_notify_malloc.obj
 0003:00000190       ___itt_stack_callee_leave_ptr__3_0 10013190     itt_notify_malloc.obj
 0003:00000194       ___itt_clock_domain_create_ptr__3_0 10013194     itt_notify_malloc.obj
 0003:00000198       ___itt_clock_domain_reset_ptr__3_0 10013198     itt_notify_malloc.obj
 0003:0000019c       ___itt_id_create_ex_ptr__3_0 1001319c     itt_notify_malloc.obj
 0003:000001a0       ___itt_id_destroy_ex_ptr__3_0 100131a0     itt_notify_malloc.obj
 0003:000001a4       ___itt_task_begin_ex_ptr__3_0 100131a4     itt_notify_malloc.obj
 0003:000001a8       ___itt_task_begin_fn_ex_ptr__3_0 100131a8     itt_notify_malloc.obj
 0003:000001ac       ___itt_task_end_ex_ptr__3_0 100131ac     itt_notify_malloc.obj
 0003:000001b0       ___itt_task_begin_overlapped_ptr__3_0 100131b0     itt_notify_malloc.obj
 0003:000001b4       ___itt_task_begin_overlapped_ex_ptr__3_0 100131b4     itt_notify_malloc.obj
 0003:000001b8       ___itt_task_end_overlapped_ptr__3_0 100131b8     itt_notify_malloc.obj
 0003:000001bc       ___itt_task_end_overlapped_ex_ptr__3_0 100131bc     itt_notify_malloc.obj
 0003:000001c0       ___itt_marker_ex_ptr__3_0  100131c0     itt_notify_malloc.obj
 0003:000001c4       ___itt_metadata_add_with_scope_ptr__3_0 100131c4     itt_notify_malloc.obj
 0003:000001c8       ___itt_metadata_str_add_with_scopeA_ptr__3_0 100131c8     itt_notify_malloc.obj
 0003:000001cc       ___itt_metadata_str_add_with_scopeW_ptr__3_0 100131cc     itt_notify_malloc.obj
 0003:000001d0       ___itt_relation_add_to_current_ex_ptr__3_0 100131d0     itt_notify_malloc.obj
 0003:000001d4       ___itt_relation_add_ex_ptr__3_0 100131d4     itt_notify_malloc.obj
 0003:000001d8       ___itt_track_group_create_ptr__3_0 100131d8     itt_notify_malloc.obj
 0003:000001dc       ___itt_track_create_ptr__3_0 100131dc     itt_notify_malloc.obj
 0003:000001e0       ___itt_set_track_ptr__3_0  100131e0     itt_notify_malloc.obj
 0003:000001e4       ___itt_api_version_ptr__3_0 100131e4     itt_notify_malloc.obj
 0003:000001e8       ___itt_domain_createA_ptr__3_0 100131e8     itt_notify_malloc.obj
 0003:000001ec       ___itt_domain_createW_ptr__3_0 100131ec     itt_notify_malloc.obj
 0003:000001f0       ___itt_string_handle_createA_ptr__3_0 100131f0     itt_notify_malloc.obj
 0003:000001f4       ___itt_string_handle_createW_ptr__3_0 100131f4     itt_notify_malloc.obj
 0003:000001f8       ___itt_pause_ptr__3_0      100131f8     itt_notify_malloc.obj
 0003:000001fc       ___itt_resume_ptr__3_0     100131fc     itt_notify_malloc.obj
 0003:00000200       ___itt_thread_set_nameA_ptr__3_0 10013200     itt_notify_malloc.obj
 0003:00000204       ___itt_thread_set_nameW_ptr__3_0 10013204     itt_notify_malloc.obj
 0003:00000208       ___itt_thread_ignore_ptr__3_0 10013208     itt_notify_malloc.obj
 0003:0000020c       ___itt_thr_name_setA_ptr__3_0 1001320c     itt_notify_malloc.obj
 0003:00000210       ___itt_thr_name_setW_ptr__3_0 10013210     itt_notify_malloc.obj
 0003:00000214       ___itt_thr_ignore_ptr__3_0 10013214     itt_notify_malloc.obj
 0003:00000d0c       ?SyncType_GlobalLock@tbb@@3PB_WB 10013d0c     itt_notify_malloc.obj
 0003:00000d10       ?__itt_ittapi_global@@3U___itt_global@@A 10013d10     itt_notify_malloc.obj
 0003:00000d6c       ?SyncType_Scheduler@tbb@@3PB_WB 10013d6c     itt_notify_malloc.obj
 0003:00000d70       ?SyncObj_SchedulerInitialization@tbb@@3PB_WB 10013d70     itt_notify_malloc.obj
 0003:00000d74       ?SyncObj_SchedulersList@tbb@@3PB_WB 10013d74     itt_notify_malloc.obj
 0003:00000d78       ?SyncObj_WorkerLifeCycleMgmt@tbb@@3PB_WB 10013d78     itt_notify_malloc.obj
 0003:00000d7c       ?SyncObj_TaskStealingLoop@tbb@@3PB_WB 10013d7c     itt_notify_malloc.obj
 0003:00000d80       ?SyncObj_WorkerTaskPool@tbb@@3PB_WB 10013d80     itt_notify_malloc.obj
 0003:00000d84       ?SyncObj_MasterTaskPool@tbb@@3PB_WB 10013d84     itt_notify_malloc.obj
 0003:00000d88       ?SyncObj_TaskPoolSpinning@tbb@@3PB_WB 10013d88     itt_notify_malloc.obj
 0003:00000d8c       ?SyncObj_Mailbox@tbb@@3PB_WB 10013d8c     itt_notify_malloc.obj
 0003:00000d90       ?SyncObj_TaskReturnList@tbb@@3PB_WB 10013d90     itt_notify_malloc.obj
 0003:00000d94       ?SyncObj_TaskStream@tbb@@3PB_WB 10013d94     itt_notify_malloc.obj
 0003:00000d98       ?SyncObj_ContextsList@tbb@@3PB_WB 10013d98     itt_notify_malloc.obj
 0003:000010a0       ___security_cookie         100140a0     MSVCRTD:gs_cookie.obj
 0003:000010a4       ___security_cookie_complement 100140a4     MSVCRTD:gs_cookie.obj
 0003:000010b0       ___native_dllmain_reason   100140b0     MSVCRTD:natstart.obj
 0003:000010b4       ___native_vcclrit_reason   100140b4     MSVCRTD:natstart.obj
 0003:00003110       ?ThreadIdCount@ThreadId@internal@rml@@0HA 10016110     frontend.obj
 0003:00003114       ?hugePageSize@ExtMemoryPool@internal@rml@@2IA 10016114     frontend.obj
 0003:00003119       ?useHugePages@ExtMemoryPool@internal@rml@@2_NA 10016119     frontend.obj
 0003:0000c2f0       ?Tid_key@ThreadId@internal@rml@@0KA 1001f2f0     frontend.obj
 0003:0000c2f4       ?memPoolListLock@MemoryPool@internal@rml@@2VMallocMutex@@A 1001f2f4     frontend.obj
 0003:0000c624       ?__type_info_root_node@@3U__type_info_node@@A 1001f624     MSVCRTD:tncleanup.obj
 0003:0000c62c       ___native_startup_state    1001f62c     <common>
 0003:0000c630       ___native_startup_lock     1001f630     <common>
 0003:0000c634       ___onexitend               1001f634     <common>
 0003:0000c638       ___onexitbegin             1001f638     <common>
 0003:0000c63c       ___dyn_tls_init_callback   1001f63c     <common>

 entry point at        0001:0000c010

 Static symbols

 0001:000002c0       ?__TBB_machine_cmpswp4@@YAHPCXHH@Z 100012c0 f   backend.obj
 0001:000005c0       ?__TBB_machine_cmpswp1@@YADPCXDD@Z 100015c0 f   backend.obj
 0001:000005f0       ?__TBB_machine_pause@@YAXH@Z 100015f0 f   backend.obj
 0001:00000600       ?__TBB_machine_fetchadd4@@YAHPCXH@Z 10001600 f   backend.obj
 0001:00001f10       ?__TBB_machine_OR@@YAXPCXH@Z 10002f10 f   backend.obj
 0001:00001f20       ?__TBB_machine_AND@@YAXPCXH@Z 10002f20 f   backend.obj
 0001:00001f30       ?__TBB_machine_lg@@YAHI@Z  10002f30 f   backend.obj
 0001:00001f50       ??$isAligned@I@@YA_NII@Z   10002f50 f   backend.obj
 0001:00001f70       ??$alignUpGeneric@I@@YAIII@Z 10002f70 f   backend.obj
 0001:00001fa0       ??$alignUp@PAVFreeBlock@internal@rml@@@@YAPAVFreeBlock@internal@rml@@PAV012@I@Z 10002fa0 f   backend.obj
 0001:00001fc0       ??$isAligned@PAVFreeBlock@internal@rml@@@@YA_NPAVFreeBlock@internal@rml@@I@Z 10002fc0 f   backend.obj
 0001:00001fe0       ??$alignUp@H@@YAHHI@Z      10002fe0 f   backend.obj
 0001:00002000       ??$alignUp@I@@YAIII@Z      10003000 f   backend.obj
 0001:00002020       ??$alignDown@I@@YAIII@Z    10003020 f   backend.obj
 0001:00002f40       ?__TBB_machine_pause@@YAXH@Z 10003f40 f   large_objects.obj
 0001:00002f50       ?__TBB_machine_cmpswp1@@YADPCXDD@Z 10003f50 f   large_objects.obj
 0001:00003120       ?__TBB_machine_fetchadd4@@YAHPCXH@Z 10004120 f   large_objects.obj
 0001:00003410       ??$alignUp@I@@YAIII@Z      10004410 f   large_objects.obj
 0001:00003c20       ?__TBB_machine_pause@@YAXH@Z 10004c20 f   backref.obj
 0001:00003c30       ?__TBB_machine_cmpswp1@@YADPCXDD@Z 10004c30 f   backref.obj
 0001:000040a0       ?__itt_sync_createA_init_3_0@@YAXPAXPBD1H@Z 100050a0 f   itt_notify_malloc.obj
 0001:000040e0       ?__itt_sync_createW_init_3_0@@YAXPAXPB_W1H@Z 100050e0 f   itt_notify_malloc.obj
 0001:00004120       ?__itt_sync_renameA_init_3_0@@YAXPAXPBD@Z 10005120 f   itt_notify_malloc.obj
 0001:00004150       ?__itt_sync_renameW_init_3_0@@YAXPAXPB_W@Z 10005150 f   itt_notify_malloc.obj
 0001:00004180       ?__itt_sync_destroy_init_3_0@@YAXPAX@Z 10005180 f   itt_notify_malloc.obj
 0001:000041b0       ?__itt_sync_prepare_init_3_0@@YAXPAX@Z 100051b0 f   itt_notify_malloc.obj
 0001:000041e0       ?__itt_sync_cancel_init_3_0@@YAXPAX@Z 100051e0 f   itt_notify_malloc.obj
 0001:00004210       ?__itt_sync_acquired_init_3_0@@YAXPAX@Z 10005210 f   itt_notify_malloc.obj
 0001:00004240       ?__itt_sync_releasing_init_3_0@@YAXPAX@Z 10005240 f   itt_notify_malloc.obj
 0001:00004270       ?__itt_fsync_prepare_init_3_0@@YAXPAX@Z 10005270 f   itt_notify_malloc.obj
 0001:000042a0       ?__itt_fsync_cancel_init_3_0@@YAXPAX@Z 100052a0 f   itt_notify_malloc.obj
 0001:000042d0       ?__itt_fsync_acquired_init_3_0@@YAXPAX@Z 100052d0 f   itt_notify_malloc.obj
 0001:00004300       ?__itt_fsync_releasing_init_3_0@@YAXPAX@Z 10005300 f   itt_notify_malloc.obj
 0001:00004330       ?__itt_model_site_begin_init_3_0@@YAXPAPAX0PBD@Z 10005330 f   itt_notify_malloc.obj
 0001:00004370       ?__itt_model_site_end_init_3_0@@YAXPAPAX0@Z 10005370 f   itt_notify_malloc.obj
 0001:000043a0       ?__itt_model_task_begin_init_3_0@@YAXPAPAX0PBD@Z 100053a0 f   itt_notify_malloc.obj
 0001:000043e0       ?__itt_model_task_end_init_3_0@@YAXPAPAX0@Z 100053e0 f   itt_notify_malloc.obj
 0001:00004410       ?__itt_model_lock_acquire_init_3_0@@YAXPAX@Z 10005410 f   itt_notify_malloc.obj
 0001:00004440       ?__itt_model_lock_release_init_3_0@@YAXPAX@Z 10005440 f   itt_notify_malloc.obj
 0001:00004470       ?__itt_model_record_allocation_init_3_0@@YAXPAXI@Z 10005470 f   itt_notify_malloc.obj
 0001:000044a0       ?__itt_model_record_deallocation_init_3_0@@YAXPAX@Z 100054a0 f   itt_notify_malloc.obj
 0001:000044d0       ?__itt_model_induction_uses_init_3_0@@YAXPAXI@Z 100054d0 f   itt_notify_malloc.obj
 0001:00004500       ?__itt_model_reduction_uses_init_3_0@@YAXPAXI@Z 10005500 f   itt_notify_malloc.obj
 0001:00004530       ?__itt_model_observe_uses_init_3_0@@YAXPAXI@Z 10005530 f   itt_notify_malloc.obj
 0001:00004560       ?__itt_model_clear_uses_init_3_0@@YAXPAX@Z 10005560 f   itt_notify_malloc.obj
 0001:00004590       ?__itt_model_disable_push_init_3_0@@YAXW4__itt_model_disable@@@Z 10005590 f   itt_notify_malloc.obj
 0001:000045c0       ?__itt_model_disable_pop_init_3_0@@YAXXZ 100055c0 f   itt_notify_malloc.obj
 0001:000045f0       ?__itt_model_site_beginW_init_3_0@@YAXPB_W@Z 100055f0 f   itt_notify_malloc.obj
 0001:00004620       ?__itt_model_task_beginW_init_3_0@@YAXPB_W@Z 10005620 f   itt_notify_malloc.obj
 0001:00004650       ?__itt_model_site_beginAL_init_3_0@@YAXPBDI@Z 10005650 f   itt_notify_malloc.obj
 0001:00004680       ?__itt_model_task_beginAL_init_3_0@@YAXPBDI@Z 10005680 f   itt_notify_malloc.obj
 0001:000046b0       ?__itt_heap_function_createA_init_3_0@@YAPAXPBD0@Z 100056b0 f   itt_notify_malloc.obj
 0001:000046f0       ?__itt_heap_function_createW_init_3_0@@YAPAXPB_W0@Z 100056f0 f   itt_notify_malloc.obj
 0001:00004730       ?__itt_heap_allocate_begin_init_3_0@@YAXPAXIH@Z 10005730 f   itt_notify_malloc.obj
 0001:00004770       ?__itt_heap_allocate_end_init_3_0@@YAXPAXPAPAXIH@Z 10005770 f   itt_notify_malloc.obj
 0001:000047b0       ?__itt_heap_free_begin_init_3_0@@YAXPAX0@Z 100057b0 f   itt_notify_malloc.obj
 0001:000047e0       ?__itt_heap_free_end_init_3_0@@YAXPAX0@Z 100057e0 f   itt_notify_malloc.obj
 0001:00004810       ?__itt_heap_reallocate_begin_init_3_0@@YAXPAX0IH@Z 10005810 f   itt_notify_malloc.obj
 0001:00004850       ?__itt_heap_reallocate_end_init_3_0@@YAXPAX0PAPAXIH@Z 10005850 f   itt_notify_malloc.obj
 0001:00004890       ?__itt_heap_internal_access_begin_init_3_0@@YAXXZ 10005890 f   itt_notify_malloc.obj
 0001:000048c0       ?__itt_heap_internal_access_end_init_3_0@@YAXXZ 100058c0 f   itt_notify_malloc.obj
 0001:000048f0       ?__itt_id_create_init_3_0@@YAXPBU___itt_domain@@U___itt_id@@@Z 100058f0 f   itt_notify_malloc.obj
 0001:00004950       ?__itt_id_destroy_init_3_0@@YAXPBU___itt_domain@@U___itt_id@@@Z 10005950 f   itt_notify_malloc.obj
 0001:000049b0       ?__itt_region_begin_init_3_0@@YAXPBU___itt_domain@@U___itt_id@@1PAU___itt_string_handle@@@Z 100059b0 f   itt_notify_malloc.obj
 0001:00004a40       ?__itt_region_end_init_3_0@@YAXPBU___itt_domain@@U___itt_id@@@Z 10005a40 f   itt_notify_malloc.obj
 0001:00004aa0       ?__itt_frame_begin_v3_init_3_0@@YAXPBU___itt_domain@@PAU___itt_id@@@Z 10005aa0 f   itt_notify_malloc.obj
 0001:00004ad0       ?__itt_frame_end_v3_init_3_0@@YAXPBU___itt_domain@@PAU___itt_id@@@Z 10005ad0 f   itt_notify_malloc.obj
 0001:00004b00       ?__itt_task_group_init_3_0@@YAXPBU___itt_domain@@U___itt_id@@1PAU___itt_string_handle@@@Z 10005b00 f   itt_notify_malloc.obj
 0001:00004b90       ?__itt_task_begin_init_3_0@@YAXPBU___itt_domain@@U___itt_id@@1PAU___itt_string_handle@@@Z 10005b90 f   itt_notify_malloc.obj
 0001:00004c20       ?__itt_task_begin_fn_init_3_0@@YAXPBU___itt_domain@@U___itt_id@@1PAX@Z 10005c20 f   itt_notify_malloc.obj
 0001:00004cb0       ?__itt_task_end_init_3_0@@YAXPBU___itt_domain@@@Z 10005cb0 f   itt_notify_malloc.obj
 0001:00004ce0       ?__itt_counter_inc_v3_init_3_0@@YAXPBU___itt_domain@@PAU___itt_string_handle@@@Z 10005ce0 f   itt_notify_malloc.obj
 0001:00004d10       ?__itt_counter_inc_delta_v3_init_3_0@@YAXPBU___itt_domain@@PAU___itt_string_handle@@_K@Z 10005d10 f   itt_notify_malloc.obj
 0001:00004d50       ?__itt_marker_init_3_0@@YAXPBU___itt_domain@@U___itt_id@@PAU___itt_string_handle@@W4__itt_scope@@@Z 10005d50 f   itt_notify_malloc.obj
 0001:00004db0       ?__itt_metadata_add_init_3_0@@YAXPBU___itt_domain@@U___itt_id@@PAU___itt_string_handle@@W4__itt_metadata_type@@IPAX@Z 10005db0 f   itt_notify_malloc.obj
 0001:00004e20       ?__itt_metadata_str_addA_init_3_0@@YAXPBU___itt_domain@@U___itt_id@@PAU___itt_string_handle@@PBDI@Z 10005e20 f   itt_notify_malloc.obj
 0001:00004e90       ?__itt_metadata_str_addW_init_3_0@@YAXPBU___itt_domain@@U___itt_id@@PAU___itt_string_handle@@PB_WI@Z 10005e90 f   itt_notify_malloc.obj
 0001:00004f00       ?__itt_relation_add_to_current_init_3_0@@YAXPBU___itt_domain@@W4__itt_relation@@U___itt_id@@@Z 10005f00 f   itt_notify_malloc.obj
 0001:00004f60       ?__itt_relation_add_init_3_0@@YAXPBU___itt_domain@@U___itt_id@@W4__itt_relation@@1@Z 10005f60 f   itt_notify_malloc.obj
 0001:00004ff0       ?__itt_event_createA_init_3_0@@YAHPBDH@Z 10005ff0 f   itt_notify_malloc.obj
 0001:00005030       ?__itt_event_createW_init_3_0@@YAHPB_WH@Z 10006030 f   itt_notify_malloc.obj
 0001:00005070       ?__itt_event_start_init_3_0@@YAHH@Z 10006070 f   itt_notify_malloc.obj
 0001:000050b0       ?__itt_event_end_init_3_0@@YAHH@Z 100060b0 f   itt_notify_malloc.obj
 0001:000050f0       ?__itt_sync_set_nameA_init_3_0@@YAXPAXPBD1H@Z 100060f0 f   itt_notify_malloc.obj
 0001:00005130       ?__itt_sync_set_nameW_init_3_0@@YAXPAXPB_W1H@Z 10006130 f   itt_notify_malloc.obj
 0001:00005170       ?__itt_notify_sync_nameA_init_3_0@@YAHPAXPBDH1HH@Z 10006170 f   itt_notify_malloc.obj
 0001:000051c0       ?__itt_notify_sync_nameW_init_3_0@@YAHPAXPB_WH1HH@Z 100061c0 f   itt_notify_malloc.obj
 0001:00005210       ?__itt_notify_sync_prepare_init_3_0@@YAXPAX@Z 10006210 f   itt_notify_malloc.obj
 0001:00005240       ?__itt_notify_sync_cancel_init_3_0@@YAXPAX@Z 10006240 f   itt_notify_malloc.obj
 0001:00005270       ?__itt_notify_sync_acquired_init_3_0@@YAXPAX@Z 10006270 f   itt_notify_malloc.obj
 0001:000052a0       ?__itt_notify_sync_releasing_init_3_0@@YAXPAX@Z 100062a0 f   itt_notify_malloc.obj
 0001:000052d0       ?__itt_memory_read_init_3_0@@YAXPAXI@Z 100062d0 f   itt_notify_malloc.obj
 0001:00005300       ?__itt_memory_write_init_3_0@@YAXPAXI@Z 10006300 f   itt_notify_malloc.obj
 0001:00005330       ?__itt_memory_update_init_3_0@@YAXPAXI@Z 10006330 f   itt_notify_malloc.obj
 0001:00005360       ?__itt_state_get_init_3_0@@YAHXZ 10006360 f   itt_notify_malloc.obj
 0001:00005390       ?__itt_state_set_init_3_0@@YAHH@Z 10006390 f   itt_notify_malloc.obj
 0001:000053d0       ?__itt_obj_mode_set_init_3_0@@YA?AW4__itt_obj_state@@W4__itt_obj_prop@@W41@@Z 100063d0 f   itt_notify_malloc.obj
 0001:00005410       ?__itt_thr_mode_set_init_3_0@@YA?AW4__itt_thr_state@@W4__itt_thr_prop@@W41@@Z 10006410 f   itt_notify_malloc.obj
 0001:00005450       ?__itt_frame_createA_init_3_0@@YAPAU__itt_frame_t@@PBD@Z 10006450 f   itt_notify_malloc.obj
 0001:00005490       ?__itt_frame_createW_init_3_0@@YAPAU__itt_frame_t@@PB_W@Z 10006490 f   itt_notify_malloc.obj
 0001:000054d0       ?__itt_frame_begin_init_3_0@@YAXPAU__itt_frame_t@@@Z 100064d0 f   itt_notify_malloc.obj
 0001:00005500       ?__itt_frame_end_init_3_0@@YAXPAU__itt_frame_t@@@Z 10006500 f   itt_notify_malloc.obj
 0001:00005530       ?__itt_counter_createA_init_3_0@@YAPAU___itt_counter@@PBD0@Z 10006530 f   itt_notify_malloc.obj
 0001:00005570       ?__itt_counter_createW_init_3_0@@YAPAU___itt_counter@@PB_W0@Z 10006570 f   itt_notify_malloc.obj
 0001:000055b0       ?__itt_counter_destroy_init_3_0@@YAXPAU___itt_counter@@@Z 100065b0 f   itt_notify_malloc.obj
 0001:000055e0       ?__itt_counter_inc_init_3_0@@YAXPAU___itt_counter@@@Z 100065e0 f   itt_notify_malloc.obj
 0001:00005610       ?__itt_counter_inc_delta_init_3_0@@YAXPAU___itt_counter@@_K@Z 10006610 f   itt_notify_malloc.obj
 0001:00005650       ?__itt_mark_createA_init_3_0@@YAHPBD@Z 10006650 f   itt_notify_malloc.obj
 0001:00005690       ?__itt_mark_createW_init_3_0@@YAHPB_W@Z 10006690 f   itt_notify_malloc.obj
 0001:000056d0       ?__itt_markA_init_3_0@@YAHHPBD@Z 100066d0 f   itt_notify_malloc.obj
 0001:00005710       ?__itt_markW_init_3_0@@YAHHPB_W@Z 10006710 f   itt_notify_malloc.obj
 0001:00005750       ?__itt_mark_off_init_3_0@@YAHH@Z 10006750 f   itt_notify_malloc.obj
 0001:00005790       ?__itt_mark_globalA_init_3_0@@YAHHPBD@Z 10006790 f   itt_notify_malloc.obj
 0001:000057d0       ?__itt_mark_globalW_init_3_0@@YAHHPB_W@Z 100067d0 f   itt_notify_malloc.obj
 0001:00005810       ?__itt_mark_global_off_init_3_0@@YAHH@Z 10006810 f   itt_notify_malloc.obj
 0001:00005850       ?__itt_stack_caller_create_init_3_0@@YAPAU___itt_caller@@XZ 10006850 f   itt_notify_malloc.obj
 0001:00005880       ?__itt_stack_caller_destroy_init_3_0@@YAXPAU___itt_caller@@@Z 10006880 f   itt_notify_malloc.obj
 0001:000058b0       ?__itt_stack_callee_enter_init_3_0@@YAXPAU___itt_caller@@@Z 100068b0 f   itt_notify_malloc.obj
 0001:000058e0       ?__itt_stack_callee_leave_init_3_0@@YAXPAU___itt_caller@@@Z 100068e0 f   itt_notify_malloc.obj
 0001:00005910       ?__itt_clock_domain_create_init_3_0@@YAPAU___itt_clock_domain@@P6AXPAU___itt_clock_info@@PAX@Z1@Z 10006910 f   itt_notify_malloc.obj
 0001:00005950       ?__itt_clock_domain_reset_init_3_0@@YAXXZ 10006950 f   itt_notify_malloc.obj
 0001:00005980       ?__itt_id_create_ex_init_3_0@@YAXPBU___itt_domain@@PAU___itt_clock_domain@@_KU___itt_id@@@Z 10006980 f   itt_notify_malloc.obj
 0001:000059f0       ?__itt_id_destroy_ex_init_3_0@@YAXPBU___itt_domain@@PAU___itt_clock_domain@@_KU___itt_id@@@Z 100069f0 f   itt_notify_malloc.obj
 0001:00005a60       ?__itt_task_begin_ex_init_3_0@@YAXPBU___itt_domain@@PAU___itt_clock_domain@@_KU___itt_id@@3PAU___itt_string_handle@@@Z 10006a60 f   itt_notify_malloc.obj
 0001:00005af0       ?__itt_task_begin_fn_ex_init_3_0@@YAXPBU___itt_domain@@PAU___itt_clock_domain@@_KU___itt_id@@3PAX@Z 10006af0 f   itt_notify_malloc.obj
 0001:00005b80       ?__itt_task_end_ex_init_3_0@@YAXPBU___itt_domain@@PAU___itt_clock_domain@@_K@Z 10006b80 f   itt_notify_malloc.obj
 0001:00005bc0       ?__itt_task_begin_overlapped_init_3_0@@YAXPBU___itt_domain@@U___itt_id@@1PAU___itt_string_handle@@@Z 10006bc0 f   itt_notify_malloc.obj
 0001:00005c50       ?__itt_task_begin_overlapped_ex_init_3_0@@YAXPBU___itt_domain@@PAU___itt_clock_domain@@_KU___itt_id@@3PAU___itt_string_handle@@@Z 10006c50 f   itt_notify_malloc.obj
 0001:00005ce0       ?__itt_task_end_overlapped_init_3_0@@YAXPBU___itt_domain@@U___itt_id@@@Z 10006ce0 f   itt_notify_malloc.obj
 0001:00005d40       ?__itt_task_end_overlapped_ex_init_3_0@@YAXPBU___itt_domain@@PAU___itt_clock_domain@@_KU___itt_id@@@Z 10006d40 f   itt_notify_malloc.obj
 0001:00005db0       ?__itt_marker_ex_init_3_0@@YAXPBU___itt_domain@@PAU___itt_clock_domain@@_KU___itt_id@@PAU___itt_string_handle@@W4__itt_scope@@@Z 10006db0 f   itt_notify_malloc.obj
 0001:00005e20       ?__itt_metadata_add_with_scope_init_3_0@@YAXPBU___itt_domain@@W4__itt_scope@@PAU___itt_string_handle@@W4__itt_metadata_type@@IPAX@Z 10006e20 f   itt_notify_malloc.obj
 0001:00005e60       ?__itt_metadata_str_add_with_scopeA_init_3_0@@YAXPBU___itt_domain@@W4__itt_scope@@PAU___itt_string_handle@@PBDI@Z 10006e60 f   itt_notify_malloc.obj
 0001:00005ea0       ?__itt_metadata_str_add_with_scopeW_init_3_0@@YAXPBU___itt_domain@@W4__itt_scope@@PAU___itt_string_handle@@PB_WI@Z 10006ea0 f   itt_notify_malloc.obj
 0001:00005ee0       ?__itt_relation_add_to_current_ex_init_3_0@@YAXPBU___itt_domain@@PAU___itt_clock_domain@@_KW4__itt_relation@@U___itt_id@@@Z 10006ee0 f   itt_notify_malloc.obj
 0001:00005f50       ?__itt_relation_add_ex_init_3_0@@YAXPBU___itt_domain@@PAU___itt_clock_domain@@_KU___itt_id@@W4__itt_relation@@3@Z 10006f50 f   itt_notify_malloc.obj
 0001:00005fe0       ?__itt_track_group_create_init_3_0@@YAPAU___itt_track_group@@PAU___itt_string_handle@@W4___itt_track_group_type@@@Z 10006fe0 f   itt_notify_malloc.obj
 0001:00006020       ?__itt_track_create_init_3_0@@YAPAU___itt_track@@PAU___itt_track_group@@PAU___itt_string_handle@@W4___itt_track_type@@@Z 10007020 f   itt_notify_malloc.obj
 0001:00006060       ?__itt_set_track_init_3_0@@YAXPAU___itt_track@@@Z 10007060 f   itt_notify_malloc.obj
 0001:00006090       ?__itt_api_version_init_3_0@@YAPBDXZ 10007090 f   itt_notify_malloc.obj
 0001:000060c0       ?__itt_domain_createW_init_3_0@@YAPAU___itt_domain@@PB_W@Z 100070c0 f   itt_notify_malloc.obj
 0001:00006260       ?__itt_domain_createA_init_3_0@@YAPAU___itt_domain@@PBD@Z 10007260 f   itt_notify_malloc.obj
 0001:000063f0       ?__itt_string_handle_createW_init_3_0@@YAPAU___itt_string_handle@@PB_W@Z 100073f0 f   itt_notify_malloc.obj
 0001:00006580       ?__itt_string_handle_createA_init_3_0@@YAPAU___itt_string_handle@@PBD@Z 10007580 f   itt_notify_malloc.obj
 0001:00006700       ?__itt_pause_init_3_0@@YAXXZ 10007700 f   itt_notify_malloc.obj
 0001:00006750       ?__itt_resume_init_3_0@@YAXXZ 10007750 f   itt_notify_malloc.obj
 0001:000067a0       ?__itt_thread_set_nameW_init_3_0@@YAXPB_W@Z 100077a0 f   itt_notify_malloc.obj
 0001:00006910       ?__itt_thr_name_setW_init_3_0@@YAHPB_WH@Z 10007910 f   itt_notify_malloc.obj
 0001:00006930       ?__itt_thread_set_nameA_init_3_0@@YAXPBD@Z 10007930 f   itt_notify_malloc.obj
 0001:00006aa0       ?__itt_thr_name_setA_init_3_0@@YAHPBDH@Z 10007aa0 f   itt_notify_malloc.obj
 0001:00006ac0       ?__itt_thread_ignore_init_3_0@@YAXXZ 10007ac0 f   itt_notify_malloc.obj
 0001:00006c10       ?__itt_thr_ignore_init_3_0@@YAXXZ 10007c10 f   itt_notify_malloc.obj
 0001:00006cb0       ?__itt_nullify_all_pointers@@YAXXZ 10007cb0 f   itt_notify_malloc.obj
 0001:00007060       ?__itt_report_error@@YAXW4__itt_error_code@@ZZ 10008060 f   itt_notify_malloc.obj
 0001:000070a0       ?__itt_get_lib_name@@YAPBDXZ 100080a0 f   itt_notify_malloc.obj
 0001:000070d0       ?__itt_get_env_var@@YAPBDPBD@Z 100080d0 f   itt_notify_malloc.obj
 0001:00007190       ?__itt_get_lib_name_registry@@YAPBDXZ 10008190 f   itt_notify_malloc.obj
 0001:000072f0       ?__itt_get_groups@@YA?AW4___itt_group_id@@XZ 100082f0 f   itt_notify_malloc.obj
 0001:000074b0       ?__itt_fsplit@@YAPBDPBD0PAPBDPAH@Z 100084b0 f   itt_notify_malloc.obj
 0001:00007660       ?__itt_lib_version@@YAHPAUHINSTANCE__@@@Z 10008660 f   itt_notify_malloc.obj
 0001:00007740       ?__TBB_machine_fetchadd4@@YAHPCXH@Z 10008740 f   frontend.obj
 0001:00007a70       ?__TBB_machine_pause@@YAXH@Z 10008a70 f   frontend.obj
 0001:00007a80       ?__TBB_machine_cmpswp1@@YADPCXDD@Z 10008a80 f   frontend.obj
 0001:00007bc0       ?getIndex@internal@rml@@YAII@Z 10008bc0 f   frontend.obj
 0001:00008230       ?getObjectSize@internal@rml@@YAII@Z 10009230 f   frontend.obj
 0001:00008830       ?__TBB_machine_cmpswp4@@YAHPCXHH@Z 10009830 f   frontend.obj
 0001:000093f0       ?safer_dereference@internal@rml@@YA?AVBackRefIdx@12@PBV312@@Z 1000a3f0 f   frontend.obj
 0001:000095e0       ?doInitialization@internal@rml@@YAXXZ 1000a5e0 f   frontend.obj
 0001:00009710       ?initMemoryManager@internal@rml@@YAXXZ 1000a710 f   frontend.obj
 0001:000097d0       ?internalMalloc@internal@rml@@YAPAXI@Z 1000a7d0 f   frontend.obj
 0001:00009810       ?internalPoolMalloc@internal@rml@@YAPAXPAVMemoryPool@12@I@Z 1000a810 f   frontend.obj
 0001:000099f0       ?internalFree@internal@rml@@YAXPAX@Z 1000a9f0 f   frontend.obj
 0001:00009a10       ?internalPoolFree@internal@rml@@YA_NPAVMemoryPool@12@PAX@Z 1000aa10 f   frontend.obj
 0001:00009ad0       ?isRecognized@internal@rml@@YA_NPAX@Z 1000aad0 f   frontend.obj
 0001:00009b20       ?isSmallObject@internal@rml@@YA_NPAX@Z 1000ab20 f   frontend.obj
 0001:00009b70       ?freeSmallObject@internal@rml@@YAXPAVMemoryPool@12@PAX@Z 1000ab70 f   frontend.obj
 0001:00009cc0       ?reallocAligned@internal@rml@@YAPAXPAVMemoryPool@12@PAXII@Z 1000acc0 f   frontend.obj
 0001:00009e40       ?allocateAligned@internal@rml@@YAPAXPAVMemoryPool@12@II@Z 1000ae40 f   frontend.obj
 0001:00009fc0       ?isPowerOfTwo@@YA_NI@Z     1000afc0 f   frontend.obj
 0001:0000a4a0       ?isPowerOfTwoMultiple@@YA_NII@Z 1000b4a0 f   frontend.obj
 0001:0000a7c0       ?internalMsize@internal@rml@@YAIPAX@Z 1000b7c0 f   frontend.obj
 0001:0000a8e0       ??$isAligned@PAVBlockI@internal@rml@@@@YA_NPAVBlockI@internal@rml@@I@Z 1000b8e0 f   frontend.obj
 0001:0000a900       ??$getIndexOrObjectSize@$00@internal@rml@@YAII@Z 1000b900 f   frontend.obj
 0001:0000aa90       ?highestBitPos@internal@rml@@YAII@Z 1000ba90 f   frontend.obj
 0001:0000aad0       ??$getIndexOrObjectSize@$0A@@internal@rml@@YAII@Z 1000bad0 f   frontend.obj
 0001:0000ac50       ??$isAligned@PAX@@YA_NPAXI@Z 1000bc50 f   frontend.obj
 0001:0000ac70       ??$isAligned@PAUFreeObject@internal@rml@@@@YA_NPAUFreeObject@internal@rml@@I@Z 1000bc70 f   frontend.obj
 0001:0000ac90       ??$alignUp@I@@YAIII@Z      1000bc90 f   frontend.obj
 0001:0000acb0       ??$alignUp@PAX@@YAPAXPAXI@Z 1000bcb0 f   frontend.obj
 0001:0000acd0       ??$alignDown@PAX@@YAPAXPAXI@Z 1000bcd0 f   frontend.obj
 0001:0000bc90       _pre_c_init                1000cc90 f   MSVCRTD:crtdll.obj
 0001:0000c040       ___DllMainCRTStartup       1000d040 f   MSVCRTD:crtdll.obj
 0001:0000c8c0       ??__EbackRefMutex@internal@rml@@YAXXZ 1000d8c0 f   backref.obj
 0001:0000c8d0       ??__E?memPoolListLock@MemoryPool@internal@rml@@2VMallocMutex@@A@@YAXXZ 1000d8d0 f   frontend.obj
 0001:0000c8e0       ??__EinitMutex@internal@rml@@YAXXZ 1000d8e0 f   frontend.obj
