 tbbmalloc_proxy_debug

 Timestamp is 50578896 (Tue Sep 18 04:31:18 2012)

 Preferred load address is 10000000

 Start         Length     Name                   Class
 0001:00000000 00002edeH .text                   CODE
 0001:00002ee0 00000032H .text$x                 CODE
 0001:00002f20 0000001cH .text$yc                CODE
 0001:00002f40 0000000fH .text$yd                CODE
 0002:00000000 00000114H .idata$5                DATA
 0002:00000114 00000004H .CRT$XCA                DATA
 0002:00000118 00000004H .CRT$XCU                DATA
 0002:0000011c 00000004H .CRT$XCZ                DATA
 0002:00000120 00000004H .CRT$XIA                DATA
 0002:00000124 00000004H .CRT$XIAA               DATA
 0002:00000128 00000004H .CRT$XIZ                DATA
 0002:00000130 00000a70H .rdata                  DATA
 0002:00000ba0 00000071H .rdata$debug            DATA
 0002:00000c14 000000c8H .rdata$r                DATA
 0002:00000ce0 00000008H .rdata$sxdata           DATA
 0002:00000ce8 00000004H .rtc$IAA                DATA
 0002:00000cec 00000004H .rtc$IZZ                DATA
 0002:00000cf0 00000004H .rtc$TAA                DATA
 0002:00000cf4 00000004H .rtc$TZZ                DATA
 0002:00000cf8 00000124H .xdata$x                DATA
 0002:00000e1c 0000003cH .idata$2                DATA
 0002:00000e58 00000014H .idata$3                DATA
 0002:00000e6c 00000114H .idata$4                DATA
 0002:00000f80 0000052aH .idata$6                DATA
 0002:000014b0 0000005fH .edata                  DATA
 0003:00000000 00000120H .data                   DATA
 0003:00000120 000012f0H .bss                    DATA
 0004:00000000 00000058H .rsrc$01                DATA
 0004:00000060 000008c0H .rsrc$02                DATA

  Address         Publics by Value              Rva+Base       Lib:Object

 0000:00000002       ___safe_se_handler_count   00000002     <absolute>
 0000:00000000       ___ImageBase               10000000     <linker-defined>
 0001:00000000       ?safer_scalable_free2@@YAXPAX@Z 10001000 f   proxy.obj
 0001:00000020       ?safer_expand@@YAPAXPAXI@Z 10001020 f   proxy.obj
 0001:00000030       ?safer_scalable_free_msvcr70d@@YAXPAX@Z 10001030 f   proxy.obj
 0001:00000050       ?safer_scalable_msize_msvcr70d@@YAIPAX@Z 10001050 f   proxy.obj
 0001:00000070       ?safer_scalable_realloc_msvcr70d@@YAPAXPAXI@Z 10001070 f   proxy.obj
 0001:000000a0       ?safer_scalable_aligned_realloc_msvcr70d@@YAPAXPAXII@Z 100010a0 f   proxy.obj
 0001:000000e0       ?safer_scalable_free_msvcr70@@YAXPAX@Z 100010e0 f   proxy.obj
 0001:00000100       ?safer_scalable_msize_msvcr70@@YAIPAX@Z 10001100 f   proxy.obj
 0001:00000120       ?safer_scalable_realloc_msvcr70@@YAPAXPAXI@Z 10001120 f   proxy.obj
 0001:00000150       ?safer_scalable_aligned_realloc_msvcr70@@YAPAXPAXII@Z 10001150 f   proxy.obj
 0001:00000190       ?safer_scalable_free_msvcr71d@@YAXPAX@Z 10001190 f   proxy.obj
 0001:000001b0       ?safer_scalable_msize_msvcr71d@@YAIPAX@Z 100011b0 f   proxy.obj
 0001:000001d0       ?safer_scalable_realloc_msvcr71d@@YAPAXPAXI@Z 100011d0 f   proxy.obj
 0001:00000200       ?safer_scalable_aligned_realloc_msvcr71d@@YAPAXPAXII@Z 10001200 f   proxy.obj
 0001:00000240       ?safer_scalable_free_msvcr71@@YAXPAX@Z 10001240 f   proxy.obj
 0001:00000260       ?safer_scalable_msize_msvcr71@@YAIPAX@Z 10001260 f   proxy.obj
 0001:00000280       ?safer_scalable_realloc_msvcr71@@YAPAXPAXI@Z 10001280 f   proxy.obj
 0001:000002b0       ?safer_scalable_aligned_realloc_msvcr71@@YAPAXPAXII@Z 100012b0 f   proxy.obj
 0001:000002f0       ?safer_scalable_free_msvcr80d@@YAXPAX@Z 100012f0 f   proxy.obj
 0001:00000310       ?safer_scalable_msize_msvcr80d@@YAIPAX@Z 10001310 f   proxy.obj
 0001:00000330       ?safer_scalable_realloc_msvcr80d@@YAPAXPAXI@Z 10001330 f   proxy.obj
 0001:00000360       ?safer_scalable_aligned_realloc_msvcr80d@@YAPAXPAXII@Z 10001360 f   proxy.obj
 0001:000003a0       ?safer_scalable_free_msvcr80@@YAXPAX@Z 100013a0 f   proxy.obj
 0001:000003c0       ?safer_scalable_msize_msvcr80@@YAIPAX@Z 100013c0 f   proxy.obj
 0001:000003e0       ?safer_scalable_realloc_msvcr80@@YAPAXPAXI@Z 100013e0 f   proxy.obj
 0001:00000410       ?safer_scalable_aligned_realloc_msvcr80@@YAPAXPAXII@Z 10001410 f   proxy.obj
 0001:00000450       ?safer_scalable_free_msvcr90d@@YAXPAX@Z 10001450 f   proxy.obj
 0001:00000470       ?safer_scalable_msize_msvcr90d@@YAIPAX@Z 10001470 f   proxy.obj
 0001:00000490       ?safer_scalable_realloc_msvcr90d@@YAPAXPAXI@Z 10001490 f   proxy.obj
 0001:000004c0       ?safer_scalable_aligned_realloc_msvcr90d@@YAPAXPAXII@Z 100014c0 f   proxy.obj
 0001:00000500       ?safer_scalable_free_msvcr90@@YAXPAX@Z 10001500 f   proxy.obj
 0001:00000520       ?safer_scalable_msize_msvcr90@@YAIPAX@Z 10001520 f   proxy.obj
 0001:00000540       ?safer_scalable_realloc_msvcr90@@YAPAXPAXI@Z 10001540 f   proxy.obj
 0001:00000570       ?safer_scalable_aligned_realloc_msvcr90@@YAPAXPAXII@Z 10001570 f   proxy.obj
 0001:000005b0       ?safer_scalable_free_msvcr100d@@YAXPAX@Z 100015b0 f   proxy.obj
 0001:000005d0       ?safer_scalable_msize_msvcr100d@@YAIPAX@Z 100015d0 f   proxy.obj
 0001:000005f0       ?safer_scalable_realloc_msvcr100d@@YAPAXPAXI@Z 100015f0 f   proxy.obj
 0001:00000620       ?safer_scalable_aligned_realloc_msvcr100d@@YAPAXPAXII@Z 10001620 f   proxy.obj
 0001:00000660       ?safer_scalable_free_msvcr100@@YAXPAX@Z 10001660 f   proxy.obj
 0001:00000680       ?safer_scalable_msize_msvcr100@@YAIPAX@Z 10001680 f   proxy.obj
 0001:000006a0       ?safer_scalable_realloc_msvcr100@@YAPAXPAXI@Z 100016a0 f   proxy.obj
 0001:000006d0       ?safer_scalable_aligned_realloc_msvcr100@@YAPAXPAXII@Z 100016d0 f   proxy.obj
 0001:00000710       ?safer_scalable_free_msvcr110d@@YAXPAX@Z 10001710 f   proxy.obj
 0001:00000730       ?safer_scalable_msize_msvcr110d@@YAIPAX@Z 10001730 f   proxy.obj
 0001:00000750       ?safer_scalable_realloc_msvcr110d@@YAPAXPAXI@Z 10001750 f   proxy.obj
 0001:00000780       ?safer_scalable_aligned_realloc_msvcr110d@@YAPAXPAXII@Z 10001780 f   proxy.obj
 0001:000007c0       ?safer_scalable_free_msvcr110@@YAXPAX@Z 100017c0 f   proxy.obj
 0001:000007e0       ?safer_scalable_msize_msvcr110@@YAIPAX@Z 100017e0 f   proxy.obj
 0001:00000800       ?safer_scalable_realloc_msvcr110@@YAPAXPAXI@Z 10001800 f   proxy.obj
 0001:00000830       ?safer_scalable_aligned_realloc_msvcr110@@YAPAXPAXII@Z 10001830 f   proxy.obj
 0001:00000870       ?operator_new@@YAPAXI@Z    10001870 f   proxy.obj
 0001:000008b0       ?operator_new_arr@@YAPAXI@Z 100018b0 f   proxy.obj
 0001:000008f0       ?operator_delete@@YAXPAX@Z 100018f0 f   proxy.obj
 0001:00000910       ?operator_delete_arr@@YAXPAX@Z 10001910 f   proxy.obj
 0001:00000930       ?operator_new_t@@YAPAXIABUnothrow_t@std@@@Z 10001930 f   proxy.obj
 0001:00000950       ?operator_new_arr_t@@YAPAXIABUnothrow_t@std@@@Z 10001950 f   proxy.obj
 0001:00000970       ?operator_delete_t@@YAXPAXABUnothrow_t@std@@@Z 10001970 f   proxy.obj
 0001:00000990       ?operator_delete_arr_t@@YAXPAXABUnothrow_t@std@@@Z 10001990 f   proxy.obj
 0001:000009b0       ?ReplaceFunctionWithStore@@YAXPBD0P6AXXZPAPBDPAP6AXXZ@Z 100019b0 f   proxy.obj
 0001:00000a10       ?doMallocReplacement@@YAXXZ 10001a10 f   proxy.obj
 0001:00001220       _DllMain@12                10002220 f   proxy.obj
 0001:00001250       ___TBB_malloc_proxy        10002250 f   proxy.obj
 0001:00001260       ??0bad_alloc@std@@QAE@XZ   10002260 f i proxy.obj
 0001:00001290       ??1bad_alloc@std@@UAE@XZ   10002290 f i proxy.obj
 0001:000012b0       ??_Ebad_alloc@std@@UAEPAXI@Z 100022b0 f i proxy.obj
 0001:000012b0       ??_Gbad_alloc@std@@UAEPAXI@Z 100022b0 f i proxy.obj
 0001:000012e0       ??0bad_alloc@std@@QAE@ABV01@@Z 100022e0 f i proxy.obj
 0001:00001310       ?set_assertion_handler@internal@rml@@YAP6AXPBDH00@ZP6AX0H00@Z@Z 10002310 f   tbb_function_replacement.obj
 0001:00001330       ?assertion_failure@internal@rml@@YAXPBDH00@Z 10002330 f   tbb_function_replacement.obj
 0001:00001400       ?compareStrings@@YAIPBD0@Z 10002400 f   tbb_function_replacement.obj
 0001:00001460       ?CheckOpcodes@@YAIPAPBDPAX@Z 10002460 f   tbb_function_replacement.obj
 0001:000015f0       ?ReplaceFunctionA@@YA?AW4FRR_TYPE@@PBD0P6AXXZPAPBDPAP6AXXZ@Z 100025f0 f   tbb_function_replacement.obj
 0001:00001ac0       ?ReplaceFunctionW@@YA?AW4FRR_TYPE@@PB_WPBDP6AXXZPAPBDPAP6AXXZ@Z 10002ac0 f   tbb_function_replacement.obj
 0001:00001ba0       ??_H@YGXPAXIHP6EPAX0@Z@Z   10002ba0 f i tbb_function_replacement.obj
 0001:00001bd0       ?Ptr2Addrint@@YAIPAX@Z     10002bd0 f i tbb_function_replacement.obj
 0001:00001bf0       ?Addrint2Ptr@@YAPAXI@Z     10002bf0 f i tbb_function_replacement.obj
 0001:00001c10       ?IsInDistance@@YA_NII_J@Z  10002c10 f i tbb_function_replacement.obj
 0001:00001c70       ?GetLocation@MemoryProvider@@QAEII@Z 10002c70 f i tbb_function_replacement.obj
 0001:00001d30       ?CreateBuffer@MemoryProvider@@AAEPAUMemoryBuffer@1@I@Z 10002d30 f i tbb_function_replacement.obj
 0001:00001ef0       ??2@YAPAXIPAX@Z            10002ef0 f i tbb_function_replacement.obj
 0001:00001f00       ??3@YAXPAX0@Z              10002f00 f i tbb_function_replacement.obj
 0001:00001f10       ??0MemoryBuffer@MemoryProvider@@QAE@PAXK@Z 10002f10 f i tbb_function_replacement.obj
 0001:00001f50       ??0MemoryProvider@@QAE@XZ  10002f50 f i tbb_function_replacement.obj
 0001:00001fa0       ??0MemoryBuffer@MemoryProvider@@QAE@XZ 10002fa0 f i tbb_function_replacement.obj
 0001:00001fd0       ??1MemoryProvider@@QAE@XZ  10002fd0 f i tbb_function_replacement.obj
 0001:00001fdc       _scalable_aligned_malloc   10002fdc f   tbbmalloc_debug:tbbmalloc_debug.dll
 0001:00001fe2       _scalable_calloc           10002fe2 f   tbbmalloc_debug:tbbmalloc_debug.dll
 0001:00001fe8       _scalable_malloc           10002fe8 f   tbbmalloc_debug:tbbmalloc_debug.dll
 0001:00001fee       _safer_scalable_free       10002fee f   tbbmalloc_debug:tbbmalloc_debug.dll
 0001:00001ff4       _safer_scalable_msize      10002ff4 f   tbbmalloc_debug:tbbmalloc_debug.dll
 0001:00001ffa       _safer_scalable_realloc    10002ffa f   tbbmalloc_debug:tbbmalloc_debug.dll
 0001:00002000       _safer_scalable_aligned_realloc 10003000 f   tbbmalloc_debug:tbbmalloc_debug.dll
 0001:00002006       __CxxThrowException@8      10003006 f   MSVCRTD:MSVCR100D.dll
 0001:00002010       ??0type_info@@AAE@ABV0@@Z  10003010 f   MSVCRTD:ti_inst.obj
 0001:00002030       ??_Etype_info@@UAEPAXI@Z   10003030 f i MSVCRTD:ti_inst.obj
 0001:000020a0       ??4type_info@@AAEAAV0@ABV0@@Z 100030a0 f   MSVCRTD:ti_inst.obj
 0001:000020b2       ??0exception@std@@QAE@ABV01@@Z 100030b2 f   MSVCRTD:MSVCR100D.dll
 0001:000020b8       ??0exception@std@@QAE@ABQBDH@Z 100030b8 f   MSVCRTD:MSVCR100D.dll
 0001:000020be       ?what@exception@std@@UBEPBDXZ 100030be f   MSVCRTD:MSVCR100D.dll
 0001:000020c4       ??1exception@std@@UAE@XZ   100030c4 f   MSVCRTD:MSVCR100D.dll
 0001:000020ca       ??3@YAXPAX@Z               100030ca f   MSVCRTD:MSVCR100D.dll
 0001:000020d0       _exit                      100030d0 f   MSVCRTD:MSVCR100D.dll
 0001:000020d6       _fprintf                   100030d6 f   MSVCRTD:MSVCR100D.dll
 0001:000020dc       ___iob_func                100030dc f   MSVCRTD:MSVCR100D.dll
 0001:000020e2       _strcmp                    100030e2 f   MSVCRTD:MSVCR100D.dll
 0001:000020e8       __CrtDbgReport             100030e8 f   MSVCRTD:MSVCR100D.dll
 0001:000020ee       _strlen                    100030ee f   MSVCRTD:MSVCR100D.dll
 0001:000020f4       _sprintf                   100030f4 f   MSVCRTD:MSVCR100D.dll
 0001:00002100       @__security_check_cookie@4 10003100 f   MSVCRTD:secchk.obj
 0001:00002110       _strncpy                   10003110 f   MSVCRTD:MSVCR100D.dll
 0001:00002116       _strncmp                   10003116 f   MSVCRTD:MSVCR100D.dll
 0001:0000211c       _memcpy                    1000311c f   MSVCRTD:MSVCR100D.dll
 0001:00002122       ___CxxFrameHandler3        10003122 f   MSVCRTD:MSVCR100D.dll
 0001:00002128       _wcsncpy                   10003128 f   MSVCRTD:MSVCR100D.dll
 0001:0000212e       _wcsncmp                   1000312e f   MSVCRTD:MSVCR100D.dll
 0001:00002140       __onexit                   10003140 f   MSVCRTD:atonexit.obj
 0001:00002240       _atexit                    10003240 f   MSVCRTD:atonexit.obj
 0001:000022e0       __CRT_INIT@12              100032e0 f   MSVCRTD:crtdll.obj
 0001:000025d0       _NtCurrentTeb              100035d0 f i MSVCRTD:crtdll.obj
 0001:000025e0       __DllMainCRTStartup@12     100035e0 f   MSVCRTD:crtdll.obj
 0001:000027e0       ??_M@YGXPAXIHP6EX0@Z@Z     100037e0 f   MSVCRTD:ehvecdtr.obj
 0001:000028a0       ?__ArrayUnwind@@YGXPAXIHP6EX0@Z@Z 100038a0 f   MSVCRTD:ehvecdtr.obj
 0001:00002960       ___report_gsfailure        10003960 f   MSVCRTD:gs_report.obj
 0001:00002a6e       __unlock                   10003a6e f   MSVCRTD:MSVCR100D.dll
 0001:00002a74       ___dllonexit               10003a74 f   MSVCRTD:MSVCR100D.dll
 0001:00002a7a       __lock                     10003a7a f   MSVCRTD:MSVCR100D.dll
 0001:00002a80       __except_handler4          10003a80 f   MSVCRTD:chandler4gs.obj
 0001:00002ab0       ___clean_type_info_names   10003ab0 f   MSVCRTD:tncleanup.obj
 0001:00002ad0       __RTC_Initialize           10003ad0 f   MSVCRTD:_initsect_.obj
 0001:00002b00       __RTC_Terminate            10003b00 f   MSVCRTD:_initsect_.obj
 0001:00002b26       __malloc_dbg               10003b26 f   MSVCRTD:MSVCR100D.dll
 0001:00002b2c       __free_dbg                 10003b2c f   MSVCRTD:MSVCR100D.dll
 0001:00002b32       __encoded_null             10003b32 f   MSVCRTD:MSVCR100D.dll
 0001:00002b38       __CrtSetCheckCount         10003b38 f   MSVCRTD:MSVCR100D.dll
 0001:00002b40       __ValidateImageBase        10003b40 f   MSVCRTD:pesect.obj
 0001:00002ba0       __FindPESection            10003ba0 f   MSVCRTD:pesect.obj
 0001:00002c20       __IsNonwritableInCurrentImage 10003c20 f   MSVCRTD:pesect.obj
 0001:00002d32       __initterm                 10003d32 f   MSVCRTD:MSVCR100D.dll
 0001:00002d38       __initterm_e               10003d38 f   MSVCRTD:MSVCR100D.dll
 0001:00002d3e       __amsg_exit                10003d3e f   MSVCRTD:MSVCR100D.dll
 0001:00002d50       ___security_init_cookie    10003d50 f   MSVCRTD:gs_support.obj
 0001:00002e30       ___CppXcptFilter           10003e30 f   MSVCRTD:MSVCR100D.dll
 0001:00002e36       ?terminate@@YAXXZ          10003e36 f   MSVCRTD:MSVCR100D.dll
 0001:00002e3c       ??1type_info@@UAE@XZ       10003e3c f   MSVCRTD:MSVCR100D.dll
 0001:00002e3c       ?_type_info_dtor_internal_method@type_info@@QAEXXZ 10003e3c f   MSVCRTD:MSVCR100D.dll
 0001:00002e42       __crt_debugger_hook        10003e42 f   MSVCRTD:MSVCR100D.dll
 0001:00002e48       __except_handler4_common   10003e48 f   MSVCRTD:MSVCR100D.dll
 0001:00002e4e       ___clean_type_info_names_internal 10003e4e f   MSVCRTD:MSVCR100D.dll
 0001:00002e54       _GetProcAddress@8          10003e54 f   kernel32:KERNEL32.dll
 0001:00002e5a       _GetModuleHandleA@4        10003e5a f   kernel32:KERNEL32.dll
 0001:00002e60       _FlushInstructionCache@12  10003e60 f   kernel32:KERNEL32.dll
 0001:00002e66       _GetCurrentProcess@0       10003e66 f   kernel32:KERNEL32.dll
 0001:00002e6c       _VirtualProtect@16         10003e6c f   kernel32:KERNEL32.dll
 0001:00002e72       _VirtualAlloc@16           10003e72 f   kernel32:KERNEL32.dll
 0001:00002e78       _VirtualQuery@12           10003e78 f   kernel32:KERNEL32.dll
 0001:00002e7e       _GetModuleHandleW@4        10003e7e f   kernel32:KERNEL32.dll
 0001:00002e84       _GetSystemInfo@4           10003e84 f   kernel32:KERNEL32.dll
 0001:00002e8a       _EncodePointer@4           10003e8a f   kernel32:KERNEL32.dll
 0001:00002e90       _DecodePointer@4           10003e90 f   kernel32:KERNEL32.dll
 0001:00002e96       _InterlockedExchange@8     10003e96 f   kernel32:KERNEL32.dll
 0001:00002e9c       _Sleep@4                   10003e9c f   kernel32:KERNEL32.dll
 0001:00002ea2       _InterlockedCompareExchange@12 10003ea2 f   kernel32:KERNEL32.dll
 0001:00002ea8       _TerminateProcess@8        10003ea8 f   kernel32:KERNEL32.dll
 0001:00002eae       _UnhandledExceptionFilter@4 10003eae f   kernel32:KERNEL32.dll
 0001:00002eb4       _SetUnhandledExceptionFilter@4 10003eb4 f   kernel32:KERNEL32.dll
 0001:00002eba       _IsDebuggerPresent@0       10003eba f   kernel32:KERNEL32.dll
 0001:00002ec0       _QueryPerformanceCounter@4 10003ec0 f   kernel32:KERNEL32.dll
 0001:00002ec6       _GetTickCount@0            10003ec6 f   kernel32:KERNEL32.dll
 0001:00002ecc       _GetCurrentThreadId@0      10003ecc f   kernel32:KERNEL32.dll
 0001:00002ed2       _GetCurrentProcessId@0     10003ed2 f   kernel32:KERNEL32.dll
 0001:00002ed8       _GetSystemTimeAsFileTime@4 10003ed8 f   kernel32:KERNEL32.dll
 0002:00000000       __imp__GetSystemTimeAsFileTime@4 10004000     kernel32:KERNEL32.dll
 0002:00000004       __imp__GetCurrentProcessId@0 10004004     kernel32:KERNEL32.dll
 0002:00000008       __imp__GetCurrentThreadId@0 10004008     kernel32:KERNEL32.dll
 0002:0000000c       __imp__GetTickCount@0      1000400c     kernel32:KERNEL32.dll
 0002:00000010       __imp__QueryPerformanceCounter@4 10004010     kernel32:KERNEL32.dll
 0002:00000014       __imp__IsDebuggerPresent@0 10004014     kernel32:KERNEL32.dll
 0002:00000018       __imp__SetUnhandledExceptionFilter@4 10004018     kernel32:KERNEL32.dll
 0002:0000001c       __imp__TerminateProcess@8  1000401c     kernel32:KERNEL32.dll
 0002:00000020       __imp__InterlockedCompareExchange@12 10004020     kernel32:KERNEL32.dll
 0002:00000024       __imp__Sleep@4             10004024     kernel32:KERNEL32.dll
 0002:00000028       __imp__InterlockedExchange@8 10004028     kernel32:KERNEL32.dll
 0002:0000002c       __imp__DecodePointer@4     1000402c     kernel32:KERNEL32.dll
 0002:00000030       __imp__EncodePointer@4     10004030     kernel32:KERNEL32.dll
 0002:00000034       __imp__GetSystemInfo@4     10004034     kernel32:KERNEL32.dll
 0002:00000038       __imp__GetModuleHandleW@4  10004038     kernel32:KERNEL32.dll
 0002:0000003c       __imp__VirtualQuery@12     1000403c     kernel32:KERNEL32.dll
 0002:00000040       __imp__VirtualAlloc@16     10004040     kernel32:KERNEL32.dll
 0002:00000044       __imp__VirtualProtect@16   10004044     kernel32:KERNEL32.dll
 0002:00000048       __imp__GetCurrentProcess@0 10004048     kernel32:KERNEL32.dll
 0002:0000004c       __imp__FlushInstructionCache@12 1000404c     kernel32:KERNEL32.dll
 0002:00000050       __imp__GetModuleHandleA@4  10004050     kernel32:KERNEL32.dll
 0002:00000054       __imp__GetProcAddress@8    10004054     kernel32:KERNEL32.dll
 0002:00000058       __imp__UnhandledExceptionFilter@4 10004058     kernel32:KERNEL32.dll
 0002:0000005c       \177KERNEL32_NULL_THUNK_DATA 1000405c     kernel32:KERNEL32.dll
 0002:00000060       __imp____CxxFrameHandler3  10004060     MSVCRTD:MSVCR100D.dll
 0002:00000064       __imp__wcsncpy             10004064     MSVCRTD:MSVCR100D.dll
 0002:00000068       __imp__wcsncmp             10004068     MSVCRTD:MSVCR100D.dll
 0002:0000006c       __imp___unlock             1000406c     MSVCRTD:MSVCR100D.dll
 0002:00000070       __imp____dllonexit         10004070     MSVCRTD:MSVCR100D.dll
 0002:00000074       __imp___lock               10004074     MSVCRTD:MSVCR100D.dll
 0002:00000078       __imp__memcpy              10004078     MSVCRTD:MSVCR100D.dll
 0002:0000007c       __imp___malloc_dbg         1000407c     MSVCRTD:MSVCR100D.dll
 0002:00000080       __imp___free_dbg           10004080     MSVCRTD:MSVCR100D.dll
 0002:00000084       __imp___encoded_null       10004084     MSVCRTD:MSVCR100D.dll
 0002:00000088       __imp___CrtSetCheckCount   10004088     MSVCRTD:MSVCR100D.dll
 0002:0000008c       __imp___initterm           1000408c     MSVCRTD:MSVCR100D.dll
 0002:00000090       __imp___initterm_e         10004090     MSVCRTD:MSVCR100D.dll
 0002:00000094       __imp___amsg_exit          10004094     MSVCRTD:MSVCR100D.dll
 0002:00000098       __imp____CppXcptFilter     10004098     MSVCRTD:MSVCR100D.dll
 0002:0000009c       __imp_?terminate@@YAXXZ    1000409c     MSVCRTD:MSVCR100D.dll
 0002:000000a0       __imp_?_type_info_dtor_internal_method@type_info@@QAEXXZ 100040a0     MSVCRTD:MSVCR100D.dll
 0002:000000a4       __imp___crt_debugger_hook  100040a4     MSVCRTD:MSVCR100D.dll
 0002:000000a8       __imp___except_handler4_common 100040a8     MSVCRTD:MSVCR100D.dll
 0002:000000ac       __imp____clean_type_info_names_internal 100040ac     MSVCRTD:MSVCR100D.dll
 0002:000000b0       __imp__strncmp             100040b0     MSVCRTD:MSVCR100D.dll
 0002:000000b4       __imp__strncpy             100040b4     MSVCRTD:MSVCR100D.dll
 0002:000000b8       __imp__sprintf             100040b8     MSVCRTD:MSVCR100D.dll
 0002:000000bc       __imp__strlen              100040bc     MSVCRTD:MSVCR100D.dll
 0002:000000c0       __imp___CrtDbgReport       100040c0     MSVCRTD:MSVCR100D.dll
 0002:000000c4       __imp__strcmp              100040c4     MSVCRTD:MSVCR100D.dll
 0002:000000c8       __imp____iob_func          100040c8     MSVCRTD:MSVCR100D.dll
 0002:000000cc       __imp__fprintf             100040cc     MSVCRTD:MSVCR100D.dll
 0002:000000d0       __imp__exit                100040d0     MSVCRTD:MSVCR100D.dll
 0002:000000d4       __imp_??3@YAXPAX@Z         100040d4     MSVCRTD:MSVCR100D.dll
 0002:000000d8       __imp_??1exception@std@@UAE@XZ 100040d8     MSVCRTD:MSVCR100D.dll
 0002:000000dc       __imp_?what@exception@std@@UBEPBDXZ 100040dc     MSVCRTD:MSVCR100D.dll
 0002:000000e0       __imp_??0exception@std@@QAE@ABQBDH@Z 100040e0     MSVCRTD:MSVCR100D.dll
 0002:000000e4       __imp_??0exception@std@@QAE@ABV01@@Z 100040e4     MSVCRTD:MSVCR100D.dll
 0002:000000e8       __imp___CxxThrowException@8 100040e8     MSVCRTD:MSVCR100D.dll
 0002:000000ec       __imp___onexit             100040ec     MSVCRTD:MSVCR100D.dll
 0002:000000f0       \177MSVCR100D_NULL_THUNK_DATA 100040f0     MSVCRTD:MSVCR100D.dll
 0002:000000f4       __imp__safer_scalable_aligned_realloc 100040f4     tbbmalloc_debug:tbbmalloc_debug.dll
 0002:000000f8       __imp__safer_scalable_realloc 100040f8     tbbmalloc_debug:tbbmalloc_debug.dll
 0002:000000fc       __imp__safer_scalable_msize 100040fc     tbbmalloc_debug:tbbmalloc_debug.dll
 0002:00000100       __imp__safer_scalable_free 10004100     tbbmalloc_debug:tbbmalloc_debug.dll
 0002:00000104       __imp__scalable_malloc     10004104     tbbmalloc_debug:tbbmalloc_debug.dll
 0002:00000108       __imp__scalable_calloc     10004108     tbbmalloc_debug:tbbmalloc_debug.dll
 0002:0000010c       __imp__scalable_aligned_malloc 1000410c     tbbmalloc_debug:tbbmalloc_debug.dll
 0002:00000110       \177tbbmalloc_debug_NULL_THUNK_DATA 10004110     tbbmalloc_debug:tbbmalloc_debug.dll
 0002:00000114       ___xc_a                    10004114     MSVCRTD:cinitexe.obj
 0002:0000011c       ___xc_z                    1000411c     MSVCRTD:cinitexe.obj
 0002:00000120       ___xi_a                    10004120     MSVCRTD:cinitexe.obj
 0002:00000128       ___xi_z                    10004128     MSVCRTD:cinitexe.obj
 0002:000009b8       ??_7bad_alloc@std@@6B@     100049b8     proxy.obj
 0002:000009c0       ??_C@_0P@GHFPNOJB@bad?5allocation?$AA@ 100049c0     proxy.obj
 0002:00000b04       ??_7type_info@@6B@         10004b04     MSVCRTD:ti_inst.obj
 0002:00000b08       __pRawDllMain              10004b08     MSVCRTD:crtdll.obj
 0002:00000b08       __pDefaultRawDllMain       10004b08     MSVCRTD:crtdll.obj
 0002:00000b0c       ??_C@_0DA@FJPPCPEH@f?3?2dd?2vctools?2crt_bld?2self_x86?2c@ 10004b0c     MSVCRTD:crtdll.obj
 0002:00000b44       ?ProcessDetach@NativeDll@<CrtImplementationDetails>@@0IB 10004b44     MSVCRTD:tncleanup.obj
 0002:00000b48       ?ProcessAttach@NativeDll@<CrtImplementationDetails>@@0IB 10004b48     MSVCRTD:tncleanup.obj
 0002:00000b4c       ?ThreadAttach@NativeDll@<CrtImplementationDetails>@@0IB 10004b4c     MSVCRTD:tncleanup.obj
 0002:00000b50       ?ThreadDetach@NativeDll@<CrtImplementationDetails>@@0IB 10004b50     MSVCRTD:tncleanup.obj
 0002:00000b54       ?ProcessVerifier@NativeDll@<CrtImplementationDetails>@@0IB 10004b54     MSVCRTD:tncleanup.obj
 0002:00000b58       __load_config_used         10004b58     MSVCRTD:loadcfg.obj
 0002:00000c14       ??_R4bad_alloc@std@@6B@    10004c14     proxy.obj
 0002:00000c28       ??_R3bad_alloc@std@@8      10004c28     proxy.obj
 0002:00000c38       ??_R2bad_alloc@std@@8      10004c38     proxy.obj
 0002:00000c44       ??_R1A@?0A@EA@bad_alloc@std@@8 10004c44     proxy.obj
 0002:00000c60       ??_R1A@?0A@EA@exception@std@@8 10004c60     proxy.obj
 0002:00000c7c       ??_R3exception@std@@8      10004c7c     proxy.obj
 0002:00000c8c       ??_R2exception@std@@8      10004c8c     proxy.obj
 0002:00000c94       ??_R4type_info@@6B@        10004c94     MSVCRTD:ti_inst.obj
 0002:00000ca8       ??_R3type_info@@8          10004ca8     MSVCRTD:ti_inst.obj
 0002:00000cb8       ??_R2type_info@@8          10004cb8     MSVCRTD:ti_inst.obj
 0002:00000cc0       ??_R1A@?0A@EA@type_info@@8 10004cc0     MSVCRTD:ti_inst.obj
 0002:00000ce0       ___safe_se_handler_table   10004ce0     <linker-defined>
 0002:00000ce8       ___rtc_iaa                 10004ce8     MSVCRTD:_initsect_.obj
 0002:00000cec       ___rtc_izz                 10004cec     MSVCRTD:_initsect_.obj
 0002:00000cf0       ___rtc_taa                 10004cf0     MSVCRTD:_initsect_.obj
 0002:00000cf4       ___rtc_tzz                 10004cf4     MSVCRTD:_initsect_.obj
 0002:00000cf8       __TI2?AVbad_alloc@std@@    10004cf8     proxy.obj
 0002:00000d08       __CTA2?AVbad_alloc@std@@   10004d08     proxy.obj
 0002:00000d14       __CT??_R0?AVbad_alloc@std@@@8??0bad_alloc@std@@QAE@ABV01@@Z12 10004d14     proxy.obj
 0002:00000d30       __CT??_R0?AVexception@std@@@8??0exception@std@@QAE@ABV01@@Z12 10004d30     proxy.obj
 0002:00000e1c       __IMPORT_DESCRIPTOR_tbbmalloc_debug 10004e1c     tbbmalloc_debug:tbbmalloc_debug.dll
 0002:00000e30       __IMPORT_DESCRIPTOR_MSVCR100D 10004e30     MSVCRTD:MSVCR100D.dll
 0002:00000e44       __IMPORT_DESCRIPTOR_KERNEL32 10004e44     kernel32:KERNEL32.dll
 0002:00000e58       __NULL_IMPORT_DESCRIPTOR   10004e58     tbbmalloc_debug:tbbmalloc_debug.dll
 0003:00000000       ?known_bytecodes@@3PAPBDA  10006000     proxy.obj
 0003:00000018       ?modules_to_replace@@3PAPBDA 10006018     proxy.obj
 0003:00000048       ?routines_to_replace@@3PAUFRData_t@@A 10006048     proxy.obj
 0003:000000c0       ??_R0?AVbad_alloc@std@@@8  100060c0     proxy.obj
 0003:000000dc       ??_R0?AVexception@std@@@8  100060dc     proxy.obj
 0003:000000f8       ??_R0?AVtype_info@@@8      100060f8     MSVCRTD:ti_inst.obj
 0003:00000110       ___security_cookie         10006110     MSVCRTD:gs_cookie.obj
 0003:00000114       ___security_cookie_complement 10006114     MSVCRTD:gs_cookie.obj
 0003:00000118       ___native_dllmain_reason   10006118     MSVCRTD:natstart.obj
 0003:0000011c       ___native_vcclrit_reason   1000611c     MSVCRTD:natstart.obj
 0003:00000120       ?orig_msize_msvcr70d@@3P6AIPAX@ZA 10006120     proxy.obj
 0003:00000124       ?orig_msize_msvcr70@@3P6AIPAX@ZA 10006124     proxy.obj
 0003:00000128       ?orig_free_msvcr110d@@3P6AXPAX@ZA 10006128     proxy.obj
 0003:0000012c       ?orig_msize_msvcr100d@@3P6AIPAX@ZA 1000612c     proxy.obj
 0003:00000130       ?orig_free_msvcr71d@@3P6AXPAX@ZA 10006130     proxy.obj
 0003:00000134       ?orig_free_msvcr90@@3P6AXPAX@ZA 10006134     proxy.obj
 0003:00000138       ?orig_msize_msvcr80d@@3P6AIPAX@ZA 10006138     proxy.obj
 0003:0000013c       ?orig_free_msvcr70@@3P6AXPAX@ZA 1000613c     proxy.obj
 0003:00000140       ?orig_free_msvcr100d@@3P6AXPAX@ZA 10006140     proxy.obj
 0003:00000144       ?orig_msize_msvcr71d@@3P6AIPAX@ZA 10006144     proxy.obj
 0003:00000148       ?orig_free_msvcr70d@@3P6AXPAX@ZA 10006148     proxy.obj
 0003:0000014c       ?orig_free_msvcr110@@3P6AXPAX@ZA 1000614c     proxy.obj
 0003:00000150       ?orig_msize_msvcr90@@3P6AIPAX@ZA 10006150     proxy.obj
 0003:00000154       ?orig_msize_msvcr90d@@3P6AIPAX@ZA 10006154     proxy.obj
 0003:00000158       ?orig_free_msvcr71@@3P6AXPAX@ZA 10006158     proxy.obj
 0003:0000015c       ?orig_msize_msvcr110@@3P6AIPAX@ZA 1000615c     proxy.obj
 0003:00000160       ?orig_msize_msvcr110d@@3P6AIPAX@ZA 10006160     proxy.obj
 0003:00000164       ?orig_msize_msvcr80@@3P6AIPAX@ZA 10006164     proxy.obj
 0003:00000168       ?orig_free_msvcr80@@3P6AXPAX@ZA 10006168     proxy.obj
 0003:0000016c       ?orig_free_msvcr100@@3P6AXPAX@ZA 1000616c     proxy.obj
 0003:00000170       ?orig_msize_msvcr71@@3P6AIPAX@ZA 10006170     proxy.obj
 0003:00000174       ?orig_free_msvcr80d@@3P6AXPAX@ZA 10006174     proxy.obj
 0003:00000178       ?orig_free_msvcr90d@@3P6AXPAX@ZA 10006178     proxy.obj
 0003:0000017c       ?orig_msize_msvcr100@@3P6AIPAX@ZA 1000617c     proxy.obj
 0003:000013f4       ?__type_info_root_node@@3U__type_info_node@@A 100073f4     MSVCRTD:tncleanup.obj
 0003:000013fc       ___native_startup_state    100073fc     <common>
 0003:00001400       ___native_startup_lock     10007400     <common>
 0003:00001404       ___dyn_tls_init_callback   10007404     <common>
 0003:00001408       ___onexitend               10007408     <common>
 0003:0000140c       ___onexitbegin             1000740c     <common>

 entry point at        0001:000025e0

 Static symbols

 0001:000016d0       ?InsertTrampoline@@YA_NPAX0PAPBDPAPAX@Z 100026d0 f   tbb_function_replacement.obj
 0001:00001790       ?InsertTrampoline32@@YAKPAX0PAPBDPAPAX@Z 10002790 f   tbb_function_replacement.obj
 0001:00001920       ?InsertTrampoline64@@YAKPAX0PAPBDPAPAX@Z 10002920 f   tbb_function_replacement.obj
 0001:00002260       _pre_c_init                10003260 f   MSVCRTD:crtdll.obj
 0001:00002610       ___DllMainCRTStartup       10003610 f   MSVCRTD:crtdll.obj
 0001:00002930       ?ArrayUnwindFilter@@YAHPAU_EXCEPTION_POINTERS@@@Z 10003930 f   MSVCRTD:ehvecdtr.obj
 0001:00002ee0       __unwindfunclet$?CreateBuffer@MemoryProvider@@AAEPAUMemoryBuffer@1@I@Z$0 10003ee0 f   tbb_function_replacement.obj
 0001:00002ef7       __ehhandler$?CreateBuffer@MemoryProvider@@AAEPAUMemoryBuffer@1@I@Z 10003ef7 f   tbb_function_replacement.obj
 0001:00002f20       ??__EmemProvider@@YAXXZ    10003f20 f   tbb_function_replacement.obj
 0001:00002f40       ??__FmemProvider@@YAXXZ    10003f40 f   tbb_function_replacement.obj
